
 Start         Length     Name                   Class
 0001:00401000 000A1FCCH .text                   CODE
 0002:004A3000 00000444H .itext                  ICODE
 0003:004A4000 00000EFCH .data                   DATA
 0004:004A5000 000000C0H .bss                    BSS
 0005:00000000 00000000H .tls                    TLS
 0006:00400000 00000000H .pdata                  PDATA


Detailed map of segments

 0001:00000000 000004A0 C=CODE     S=.text    G=(none)   M=System   ACBP=A9
 0001:000004A0 0000080C C=CODE     S=.text    G=(none)   M=SysInit  ACBP=A9
 0001:00000CAC 00000260 C=CODE     S=.text    G=(none)   M=Winapi.Windows ACBP=A9
 0001:00000F0C 00000008 C=CODE     S=.text    G=(none)   M=System.Internal.ExcUtils ACBP=A9
 0001:00000F14 000001E0 C=CODE     S=.text    G=(none)   M=System.SysUtils ACBP=A9
 0001:000010F4 00000008 C=CODE     S=.text    G=(none)   M=System.VarUtils ACBP=A9
 0001:000010FC 00000010 C=CODE     S=.text    G=(none)   M=System.Variants ACBP=A9
 0001:0000110C 00000008 C=CODE     S=.text    G=(none)   M=System.TypInfo ACBP=A9
 0001:00001114 000000A8 C=CODE     S=.text    G=(none)   M=System.Classes ACBP=A9
 0001:000011BC 00000030 C=CODE     S=.text    G=(none)   M=Data.DBXClassRegistry ACBP=A9
 0001:000011EC 00000008 C=CODE     S=.text    G=(none)   M=System.Math ACBP=A9
 0001:000011F4 00000008 C=CODE     S=.text    G=(none)   M=System.TimeSpan ACBP=A9
 0001:000011FC 00000010 C=CODE     S=.text    G=(none)   M=System.SyncObjs ACBP=A9
 0001:0000120C 00000008 C=CODE     S=.text    G=(none)   M=System.StrUtils ACBP=A9
 0001:00001214 00000070 C=CODE     S=.text    G=(none)   M=System.AnsiStrings ACBP=A9
 0001:00001284 00000010 C=CODE     S=.text    G=(none)   M=System.DateUtils ACBP=A9
 0001:00001294 00000008 C=CODE     S=.text    G=(none)   M=Data.SqlTimSt ACBP=A9
 0001:0000129C 00000008 C=CODE     S=.text    G=(none)   M=Data.FmtBcd ACBP=A9
 0001:000012A4 00000008 C=CODE     S=.text    G=(none)   M=Data.DB  ACBP=A9
 0001:000012AC 00000030 C=CODE     S=.text    G=(none)   M=Data.DBXPlatform ACBP=A9
 0001:000012DC 00000010 C=CODE     S=.text    G=(none)   M=System.IOUtils ACBP=A9
 0001:000012EC 00000008 C=CODE     S=.text    G=(none)   M=System.IniFiles ACBP=A9
 0001:000012F4 00000010 C=CODE     S=.text    G=(none)   M=System.Win.ComObj ACBP=A9
 0001:00001304 00000008 C=CODE     S=.text    G=(none)   M=Datasnap.DSIntf ACBP=A9
 0001:0000130C 00000008 C=CODE     S=.text    G=(none)   M=Datasnap.DBClient ACBP=A9
 0001:00001314 00000008 C=CODE     S=.text    G=(none)   M=Datasnap.Provider ACBP=A9
 0001:0000131C 00000048 C=CODE     S=.text    G=(none)   M=System.Win.Registry ACBP=A9
 0001:00001364 000002A8 C=CODE     S=.text    G=(none)   M=Data.DBXCommon ACBP=A9
 0001:0000160C 00000018 C=CODE     S=.text    G=(none)   M=Data.DBXDynalinkNative ACBP=A9
 0001:00001624 00000080 C=CODE     S=.text    G=(none)   M=Data.DBXDynalink ACBP=A9
 0001:000016A4 00000318 C=CODE     S=.text    G=(none)   M=Data.DBXMetaDataReader ACBP=A9
 0001:000019BC 00000058 C=CODE     S=.text    G=(none)   M=Data.DBXMetaDataCommand ACBP=A9
 0001:00001A14 00000068 C=CODE     S=.text    G=(none)   M=Data.DBXMetaDataCommandFactory ACBP=A9
 0001:00001A7C 0003776C C=CODE     S=.text    G=(none)   M=Dbx34DrvDbms ACBP=A9
 0001:000391E8 00005670 C=CODE     S=.text    G=(none)   M=Dbx34Drv ACBP=A9
 0001:0003E858 0000000C C=CODE     S=.text    G=(none)   M=DbxXXDrv ACBP=A9
 0001:0003E864 000017A8 C=CODE     S=.text    G=(none)   M=DbxOpenOdbcApiHook ACBP=A9
 0001:0004000C 00000008 C=CODE     S=.text    G=(none)   M=DbxDBFix ACBP=A9
 0001:00040014 00000008 C=CODE     S=.text    G=(none)   M=DbxOpenOdbcTypes ACBP=A9
 0001:0004001C 00000018 C=CODE     S=.text    G=(none)   M=Winapi.ShlObj ACBP=A9
 0001:00040034 0000376C C=CODE     S=.text    G=(none)   M=DbxOpenOdbcFuncs ACBP=A9
 0001:000437A0 0000EA44 C=CODE     S=.text    G=(none)   M=OdbcApi  ACBP=A9
 0001:000521E4 000012C8 C=CODE     S=.text    G=(none)   M=DbxOpenOdbcDbx3Types ACBP=A9
 0001:000534AC 00001EA8 C=CODE     S=.text    G=(none)   M=DbxOpenOdbcInterface ACBP=A9
 0001:00055354 000035CC C=CODE     S=.text    G=(none)   M=DbxOpenOdbcTrace ACBP=A9
 0001:00058920 0000190C C=CODE     S=.text    G=(none)   M=DbxOpenOdbcUtils ACBP=A9
 0001:0005A22C 00005D98 C=CODE     S=.text    G=(none)   M=RegExpr  ACBP=A9
 0001:0005FFC4 0000198C C=CODE     S=.text    G=(none)   M=DbxObjectParser ACBP=A9
 0001:00061950 00000440 C=CODE     S=.text    G=(none)   M=DbxOpenOdbcCallback ACBP=A9
 0001:00061D90 000000E4 C=CODE     S=.text    G=(none)   M=DbxOpenOdbcASA ACBP=A9
 0001:00061E74 00006F9C C=CODE     S=.text    G=(none)   M=DbxOpenOdbc3 ACBP=A9
 0001:00068E10 00037EC8 C=CODE     S=.text    G=(none)   M=DbxOpenOdbc ACBP=A9
 0001:000A0CD8 000007B8 C=CODE     S=.text    G=(none)   M=DbxOpenOdbcStatic ACBP=A9
 0001:000A1490 00000B3C C=CODE     S=.text    G=(none)   M=.dbxoodbc_emb ACBP=A9
 0002:00000000 00000008 C=ICODE    S=.itext   G=(none)   M=System   ACBP=A9
 0002:00000008 00000008 C=ICODE    S=.itext   G=(none)   M=SysInit  ACBP=A9
 0002:00000010 00000018 C=ICODE    S=.itext   G=(none)   M=Winapi.Windows ACBP=A9
 0002:00000028 00000008 C=ICODE    S=.itext   G=(none)   M=System.Internal.ExcUtils ACBP=A9
 0002:00000030 00000028 C=ICODE    S=.itext   G=(none)   M=System.SysUtils ACBP=A9
 0002:00000058 00000008 C=ICODE    S=.itext   G=(none)   M=System.VarUtils ACBP=A9
 0002:00000060 00000008 C=ICODE    S=.itext   G=(none)   M=System.Variants ACBP=A9
 0002:00000068 00000008 C=ICODE    S=.itext   G=(none)   M=System.TypInfo ACBP=A9
 0002:00000070 00000028 C=ICODE    S=.itext   G=(none)   M=System.Classes ACBP=A9
 0002:00000098 00000008 C=ICODE    S=.itext   G=(none)   M=Data.DBXClassRegistry ACBP=A9
 0002:000000A0 00000008 C=ICODE    S=.itext   G=(none)   M=System.Math ACBP=A9
 0002:000000A8 00000008 C=ICODE    S=.itext   G=(none)   M=System.TimeSpan ACBP=A9
 0002:000000B0 00000008 C=ICODE    S=.itext   G=(none)   M=System.SyncObjs ACBP=A9
 0002:000000B8 00000008 C=ICODE    S=.itext   G=(none)   M=System.DateUtils ACBP=A9
 0002:000000C0 00000008 C=ICODE    S=.itext   G=(none)   M=Data.SqlTimSt ACBP=A9
 0002:000000C8 00000008 C=ICODE    S=.itext   G=(none)   M=Data.FmtBcd ACBP=A9
 0002:000000D0 00000008 C=ICODE    S=.itext   G=(none)   M=Data.DB  ACBP=A9
 0002:000000D8 00000010 C=ICODE    S=.itext   G=(none)   M=System.IOUtils ACBP=A9
 0002:000000E8 00000008 C=ICODE    S=.itext   G=(none)   M=System.IniFiles ACBP=A9
 0002:000000F0 00000010 C=ICODE    S=.itext   G=(none)   M=System.Win.ComObj ACBP=A9
 0002:00000100 00000008 C=ICODE    S=.itext   G=(none)   M=Datasnap.DSIntf ACBP=A9
 0002:00000108 00000008 C=ICODE    S=.itext   G=(none)   M=Datasnap.DBClient ACBP=A9
 0002:00000110 00000008 C=ICODE    S=.itext   G=(none)   M=Datasnap.Provider ACBP=A9
 0002:00000118 00000010 C=ICODE    S=.itext   G=(none)   M=System.Win.Registry ACBP=A9
 0002:00000128 00000008 C=ICODE    S=.itext   G=(none)   M=Data.DBXCommon ACBP=A9
 0002:00000130 00000008 C=ICODE    S=.itext   G=(none)   M=Data.DBXDynalink ACBP=A9
 0002:00000138 00000084 C=ICODE    S=.itext   G=(none)   M=Dbx34DrvDbms ACBP=A9
 0002:000001BC 000000A8 C=ICODE    S=.itext   G=(none)   M=Dbx34Drv ACBP=A9
 0002:00000264 00000008 C=ICODE    S=.itext   G=(none)   M=DbxXXDrv ACBP=A9
 0002:0000026C 00000008 C=ICODE    S=.itext   G=(none)   M=DbxOpenOdbcApiHook ACBP=A9
 0002:00000274 00000008 C=ICODE    S=.itext   G=(none)   M=DbxDBFix ACBP=A9
 0002:0000027C 00000008 C=ICODE    S=.itext   G=(none)   M=DbxOpenOdbcTypes ACBP=A9
 0002:00000284 00000008 C=ICODE    S=.itext   G=(none)   M=DbxOpenOdbcFuncs ACBP=A9
 0002:0000028C 00000020 C=ICODE    S=.itext   G=(none)   M=OdbcApi  ACBP=A9
 0002:000002AC 00000008 C=ICODE    S=.itext   G=(none)   M=DbxOpenOdbcDbx3Types ACBP=A9
 0002:000002B4 00000008 C=ICODE    S=.itext   G=(none)   M=DbxOpenOdbcInterface ACBP=A9
 0002:000002BC 00000008 C=ICODE    S=.itext   G=(none)   M=DbxOpenOdbcTrace ACBP=A9
 0002:000002C4 00000008 C=ICODE    S=.itext   G=(none)   M=DbxOpenOdbcUtils ACBP=A9
 0002:000002CC 00000008 C=ICODE    S=.itext   G=(none)   M=RegExpr  ACBP=A9
 0002:000002D4 00000008 C=ICODE    S=.itext   G=(none)   M=DbxObjectParser ACBP=A9
 0002:000002DC 00000008 C=ICODE    S=.itext   G=(none)   M=DbxOpenOdbcCallback ACBP=A9
 0002:000002E4 00000020 C=ICODE    S=.itext   G=(none)   M=DbxOpenOdbcASA ACBP=A9
 0002:00000304 00000044 C=ICODE    S=.itext   G=(none)   M=DbxOpenOdbc3 ACBP=A9
 0002:00000348 00000010 C=ICODE    S=.itext   G=(none)   M=DbxOpenOdbc ACBP=A9
 0002:00000358 000000E4 C=ICODE    S=.itext   G=(none)   M=DbxOpenOdbcStatic ACBP=A9
 0002:0000043C 00000008 C=ICODE    S=.itext   G=(none)   M=.dbxoodbc_emb ACBP=A9
 0003:00000000 00000088 C=DATA     S=.data    G=DGROUP   M=SysInit  ACBP=A9
 0003:00000088 0000000C C=DATA     S=.data    G=DGROUP   M=Winapi.Windows ACBP=A9
 0003:00000094 00000004 C=DATA     S=.data    G=DGROUP   M=Dbx34Drv ACBP=A9
 0003:00000098 00000540 C=DATA     S=.data    G=DGROUP   M=DbxOpenOdbcApiHook ACBP=A9
 0003:000005D8 00000004 C=DATA     S=.data    G=DGROUP   M=DbxOpenOdbcFuncs ACBP=A9
 0003:000005DC 00000008 C=DATA     S=.data    G=DGROUP   M=OdbcApi  ACBP=A9
 0003:000005E4 000000C8 C=DATA     S=.data    G=DGROUP   M=DbxOpenOdbcDbx3Types ACBP=A9
 0003:000006AC 00000174 C=DATA     S=.data    G=DGROUP   M=DbxOpenOdbcInterface ACBP=A9
 0003:00000820 00000274 C=DATA     S=.data    G=DGROUP   M=DbxOpenOdbcTrace ACBP=A9
 0003:00000A94 00000040 C=DATA     S=.data    G=DGROUP   M=RegExpr  ACBP=A9
 0003:00000AD4 0000022C C=DATA     S=.data    G=DGROUP   M=DbxObjectParser ACBP=A9
 0003:00000D00 00000008 C=DATA     S=.data    G=DGROUP   M=DbxOpenOdbcASA ACBP=A9
 0003:00000D08 00000004 C=DATA     S=.data    G=DGROUP   M=DbxOpenOdbc3 ACBP=A9
 0003:00000D0C 00000194 C=DATA     S=.data    G=DGROUP   M=DbxOpenOdbc ACBP=A9
 0003:00000EA0 00000008 C=DATA     S=.data    G=DGROUP   M=DbxOpenOdbcStatic ACBP=A9
 0004:00000000 0000001C C=BSS      S=.bss     G=DGROUP   M=SysInit  ACBP=A9
 0004:0000001C 00000008 C=BSS      S=.bss     G=DGROUP   M=Winapi.Windows ACBP=A9
 0004:00000024 00000004 C=BSS      S=.bss     G=DGROUP   M=Dbx34DrvDbms ACBP=A9
 0004:00000028 00000004 C=BSS      S=.bss     G=DGROUP   M=Dbx34Drv ACBP=A9
 0004:0000002C 00000004 C=BSS      S=.bss     G=DGROUP   M=DbxXXDrv ACBP=A9
 0004:00000030 00000004 C=BSS      S=.bss     G=DGROUP   M=DbxOpenOdbcApiHook ACBP=A9
 0004:00000034 00000004 C=BSS      S=.bss     G=DGROUP   M=DbxDBFix ACBP=A9
 0004:00000038 00000004 C=BSS      S=.bss     G=DGROUP   M=DbxOpenOdbcTypes ACBP=A9
 0004:0000003C 00000004 C=BSS      S=.bss     G=DGROUP   M=DbxOpenOdbcFuncs ACBP=A9
 0004:00000040 00000008 C=BSS      S=.bss     G=DGROUP   M=OdbcApi  ACBP=A9
 0004:00000048 00000004 C=BSS      S=.bss     G=DGROUP   M=DbxOpenOdbcDbx3Types ACBP=A9
 0004:0000004C 00000014 C=BSS      S=.bss     G=DGROUP   M=DbxOpenOdbcInterface ACBP=A9
 0004:00000060 00000004 C=BSS      S=.bss     G=DGROUP   M=DbxOpenOdbcTrace ACBP=A9
 0004:00000064 00000004 C=BSS      S=.bss     G=DGROUP   M=DbxOpenOdbcUtils ACBP=A9
 0004:00000068 00000004 C=BSS      S=.bss     G=DGROUP   M=RegExpr  ACBP=A9
 0004:0000006C 00000004 C=BSS      S=.bss     G=DGROUP   M=DbxObjectParser ACBP=A9
 0004:00000070 00000004 C=BSS      S=.bss     G=DGROUP   M=DbxOpenOdbcCallback ACBP=A9
 0004:00000074 00000008 C=BSS      S=.bss     G=DGROUP   M=DbxOpenOdbcASA ACBP=A9
 0004:0000007C 0000002C C=BSS      S=.bss     G=DGROUP   M=DbxOpenOdbc3 ACBP=A9
 0004:000000A8 00000004 C=BSS      S=.bss     G=DGROUP   M=DbxOpenOdbc ACBP=A9
 0004:000000AC 00000014 C=BSS      S=.bss     G=DGROUP   M=DbxOpenOdbcStatic ACBP=A9
 0005:00000000 00000004 C=TLS      S=.tls     G=(none)   M=DbxOpenOdbcTrace ACBP=A9


  Address             Publics by Name

 0002:0000043C       .dbxoodbc_emb..dbxoodbc_emb
 0001:000A1FAC       .dbxoodbc_emb.@GetPackageInfoTable
 0001:000A1FB4       .dbxoodbc_emb.@PackageLoad
 0001:000A1FC0       .dbxoodbc_emb.@PackageUnload
 0002:000000D0       Data.DB.Data.DB
 0001:000012A4       Data.DB.Finalization
 0002:00000098       Data.DBXClassRegistry.Data.DBXClassRegistry
 0001:000011E4       Data.DBXClassRegistry.Finalization
 0001:000011BC       Data.DBXClassRegistry.TClassRegistry.CreateInstance
 0001:000011C4       Data.DBXClassRegistry.TClassRegistry.GetClassRegistry
 0001:000011CC       Data.DBXClassRegistry.TClassRegistry.HasClass
 0001:000011D4       Data.DBXClassRegistry.TClassRegistry.RegisterRegistryClass
 0001:000011DC       Data.DBXClassRegistry.TClassRegistry.UnregisterClass
 0002:00000128       Data.DBXCommon.Data.DBXCommon
 0001:00001604       Data.DBXCommon.Finalization
 0001:0000151C       Data.DBXCommon.TDBXCommand.Close
 0001:000014CC       Data.DBXCommon.TDBXCommand.CloseReader
 0001:00001494       Data.DBXCommon.TDBXCommand.CreateParameter
 0001:0000149C       Data.DBXCommon.TDBXCommand.CreateParameterRow
 0001:000014A4       Data.DBXCommon.TDBXCommand.CreateParameters
 0001:00001514       Data.DBXCommon.TDBXCommand.DerivedClearParameters
 0001:000014B4       Data.DBXCommon.TDBXCommand.ExecuteQuery
 0001:000014BC       Data.DBXCommon.TDBXCommand.ExecuteUpdate
 0001:000014C4       Data.DBXCommon.TDBXCommand.FreeOnExecute
 0001:000015F4       Data.DBXCommon.TDBXCommand.GetCommandTimeout
 0001:000014D4       Data.DBXCommon.TDBXCommand.GetCommandType
 0001:000014DC       Data.DBXCommon.TDBXCommand.GetErrorEvent
 0001:000014E4       Data.DBXCommon.TDBXCommand.GetNextReader
 0001:000014EC       Data.DBXCommon.TDBXCommand.GetParameters
 0001:000014F4       Data.DBXCommon.TDBXCommand.GetText
 0001:0000150C       Data.DBXCommon.TDBXCommand.Open
 0001:000014FC       Data.DBXCommon.TDBXCommand.Prepare
 0001:000015FC       Data.DBXCommon.TDBXCommand.SetCommandTimeout
 0001:000014AC       Data.DBXCommon.TDBXCommand.SetCommandType
 0001:00001504       Data.DBXCommon.TDBXCommand.SetText
 0001:00001424       Data.DBXCommon.TDBXConnection.BeginTransaction
 0001:0000142C       Data.DBXCommon.TDBXConnection.BeginTransaction
 0001:00001434       Data.DBXCommon.TDBXConnection.CommitFreeAndNil
 0001:000013FC       Data.DBXCommon.TDBXConnection.CreateCommand
 0001:000013F4       Data.DBXCommon.TDBXConnection.CreateMorphCommand
 0001:000013EC       Data.DBXCommon.TDBXConnection.Destroy
 0001:0000144C       Data.DBXCommon.TDBXConnection.GetConnectionProperties
 0001:00001464       Data.DBXCommon.TDBXConnection.GetConnectionProperty
 0001:0000140C       Data.DBXCommon.TDBXConnection.GetDatabaseMetaData
 0001:0000147C       Data.DBXCommon.TDBXConnection.GetDBXFormatter
 0001:00001454       Data.DBXCommon.TDBXConnection.GetErrorEvent
 0001:0000145C       Data.DBXCommon.TDBXConnection.GetIsOpen
 0001:00001414       Data.DBXCommon.TDBXConnection.GetTraceFlags
 0001:0000141C       Data.DBXCommon.TDBXConnection.GetTraceInfoEvent
 0001:00001404       Data.DBXCommon.TDBXConnection.Open
 0001:0000143C       Data.DBXCommon.TDBXConnection.RollbackFreeAndNil
 0001:00001444       Data.DBXCommon.TDBXConnection.RollbackIncompleteFreeAndNil
 0001:00001474       Data.DBXCommon.TDBXConnection.SetConnectionProperties
 0001:00001484       Data.DBXCommon.TDBXConnection.SetDBXFormatter
 0001:0000146C       Data.DBXCommon.TDBXConnection.SetErrorEvent
 0001:0000148C       Data.DBXCommon.TDBXConnection.SetTraceFlags
 0001:000015DC       Data.DBXCommon.TDBXConnectionBuilder.GetConnectionProperties
 0001:000015D4       Data.DBXCommon.TDBXContext.Error
 0001:0000139C       Data.DBXCommon.TDBXDriver.AddCommandFactory
 0001:000013A4       Data.DBXCommon.TDBXDriver.CreateMorphCommand
 0001:000013AC       Data.DBXCommon.TDBXDriver.GetDriverClass
 0001:000013B4       Data.DBXCommon.TDBXDriver.GetDriverName
 0001:000013BC       Data.DBXCommon.TDBXDriver.GetDriverProperties
 0001:000013C4       Data.DBXCommon.TDBXDriver.GetDriverPropertyNames
 0001:000013D4       Data.DBXCommon.TDBXDriver.InitDriverProperties
 0001:000013CC       Data.DBXCommon.TDBXDriver.SetDriverName
 0001:000015E4       Data.DBXCommon.TDBXDriverHelp.GetMetaDataReader
 0001:000015EC       Data.DBXCommon.TDBXDriverHelp.SetMetaDataReader
 0001:000013DC       Data.DBXCommon.TDBXDriverRegistry.RegisterDriverClass
 0001:000013E4       Data.DBXCommon.TDBXDriverRegistry.UnregisterDriverClass
 0001:000015CC       Data.DBXCommon.TDBXMorphicCommand.CloseReader
 0001:00001524       Data.DBXCommon.TDBXMorphicCommand.Create
 0001:00001554       Data.DBXCommon.TDBXMorphicCommand.CreateParameterRow
 0001:0000152C       Data.DBXCommon.TDBXMorphicCommand.CreateParameters
 0001:0000157C       Data.DBXCommon.TDBXMorphicCommand.DerivedClose
 0001:00001584       Data.DBXCommon.TDBXMorphicCommand.DerivedExecuteQuery
 0001:0000158C       Data.DBXCommon.TDBXMorphicCommand.DerivedExecuteUpdate
 0001:00001594       Data.DBXCommon.TDBXMorphicCommand.DerivedGetNextReader
 0001:0000159C       Data.DBXCommon.TDBXMorphicCommand.DerivedOpen
 0001:000015A4       Data.DBXCommon.TDBXMorphicCommand.DerivedPrepare
 0001:00001534       Data.DBXCommon.TDBXMorphicCommand.Destroy
 0001:0000153C       Data.DBXCommon.TDBXMorphicCommand.ExecuteQuery
 0001:00001544       Data.DBXCommon.TDBXMorphicCommand.ExecuteUpdate
 0001:00001564       Data.DBXCommon.TDBXMorphicCommand.FreeOnExecute
 0001:00001574       Data.DBXCommon.TDBXMorphicCommand.GetNextReader
 0001:0000154C       Data.DBXCommon.TDBXMorphicCommand.GetParameters
 0001:0000155C       Data.DBXCommon.TDBXMorphicCommand.GetRowsAffected
 0001:0000156C       Data.DBXCommon.TDBXMorphicCommand.Prepare
 0001:000015BC       Data.DBXCommon.TDBXMorphicCommand.SetCommandType
 0001:000015AC       Data.DBXCommon.TDBXMorphicCommand.SetMaxBlobSize
 0001:000015B4       Data.DBXCommon.TDBXMorphicCommand.SetRowSetSize
 0001:000015C4       Data.DBXCommon.TDBXMorphicCommand.SetText
 0001:0000136C       Data.DBXCommon.TDBXProperties.Create
 0001:00001364       Data.DBXCommon.TDBXProperties.Create
 0001:00001374       Data.DBXCommon.TDBXProperties.Destroy
 0001:0000137C       Data.DBXCommon.TDBXProperties.DoOnChange
 0001:00001384       Data.DBXCommon.TDBXProperties.GetLists
 0001:0000138C       Data.DBXCommon.TDBXProperties.GetValue
 0001:00001394       Data.DBXCommon.TDBXProperties.SetValue
 0002:00000130       Data.DBXDynalink.Data.DBXDynalink
 0001:0000169C       Data.DBXDynalink.Finalization
 0001:00001664       Data.DBXDynalink.TDBXDynalinkConnection.Close
 0001:0000166C       Data.DBXDynalink.TDBXDynalinkConnection.Commit
 0001:00001684       Data.DBXDynalink.TDBXDynalinkConnection.Create
 0001:0000165C       Data.DBXDynalink.TDBXDynalinkConnection.CreateAndBeginTransaction
 0001:0000168C       Data.DBXDynalink.TDBXDynalinkConnection.DerivedOpen
 0001:00001694       Data.DBXDynalink.TDBXDynalinkConnection.GetVendorProperty
 0001:00001674       Data.DBXDynalink.TDBXDynalinkConnection.Rollback
 0001:0000167C       Data.DBXDynalink.TDBXDynalinkConnection.SetTraceInfoEvent
 0001:00001624       Data.DBXDynalink.TDBXDynalinkDriver.CheckResult
 0001:0000162C       Data.DBXDynalink.TDBXDynalinkDriver.Close
 0001:00001634       Data.DBXDynalink.TDBXDynalinkDriver.Destroy
 0001:0000163C       Data.DBXDynalink.TDBXDynalinkDriver.GetDriverVersion
 0001:00001644       Data.DBXDynalink.TDBXDynalinkDriverCommonLoader.Create
 0001:0000164C       Data.DBXDynalink.TDBXDynalinkDriverCommonLoader.Load
 0001:00001654       Data.DBXDynalink.TDBXDynalinkDriverCommonLoader.LoadDriverLibrary
 0001:00001614       Data.DBXDynalinkNative.TDBXDynalinkDriverLoader.CreateDynalinkDriver
 0001:0000161C       Data.DBXDynalinkNative.TDBXDynalinkDriverLoader.CreateMethodTable
 0001:0000160C       Data.DBXDynalinkNative.TDBXDynalinkDriverNative.Create
 0001:000019BC       Data.DBXMetaDataCommand.TDBXMetaDataCommand.Create
 0001:000019F4       Data.DBXMetaDataCommand.TDBXMetaDataCommand.DerivedClose
 0001:00001A04       Data.DBXMetaDataCommand.TDBXMetaDataCommand.DerivedExecuteQuery
 0001:00001A0C       Data.DBXMetaDataCommand.TDBXMetaDataCommand.DerivedExecuteUpdate
 0001:000019E4       Data.DBXMetaDataCommand.TDBXMetaDataCommand.DerivedGetNextReader
 0001:000019EC       Data.DBXMetaDataCommand.TDBXMetaDataCommand.DerivedOpen
 0001:000019FC       Data.DBXMetaDataCommand.TDBXMetaDataCommand.DerivedPrepare
 0001:000019C4       Data.DBXMetaDataCommand.TDBXMetaDataCommand.Destroy
 0001:000019DC       Data.DBXMetaDataCommand.TDBXMetaDataCommand.GetRowsAffected
 0001:000019D4       Data.DBXMetaDataCommand.TDBXMetaDataCommand.SetMaxBlobSize
 0001:000019CC       Data.DBXMetaDataCommand.TDBXMetaDataCommand.SetRowSetSize
 0001:00001A64       Data.DBXMetaDataCommandFactory.TDBXDataExpressProviderContext.Commit
 0001:00001A24       Data.DBXMetaDataCommandFactory.TDBXDataExpressProviderContext.Create
 0001:00001A4C       Data.DBXMetaDataCommandFactory.TDBXDataExpressProviderContext.CreateRowStorage
 0001:00001A44       Data.DBXMetaDataCommandFactory.TDBXDataExpressProviderContext.CreateTableStorage
 0001:00001A2C       Data.DBXMetaDataCommandFactory.TDBXDataExpressProviderContext.Destroy
 0001:00001A3C       Data.DBXMetaDataCommandFactory.TDBXDataExpressProviderContext.ExecuteQuery
 0001:00001A34       Data.DBXMetaDataCommandFactory.TDBXDataExpressProviderContext.GetPlatformTypeName
 0001:00001A74       Data.DBXMetaDataCommandFactory.TDBXDataExpressProviderContext.GetVendorProperty
 0001:00001A6C       Data.DBXMetaDataCommandFactory.TDBXDataExpressProviderContext.Rollback
 0001:00001A5C       Data.DBXMetaDataCommandFactory.TDBXDataExpressProviderContext.StartSerializedTransaction
 0001:00001A54       Data.DBXMetaDataCommandFactory.TDBXDataExpressProviderContext.StartTransaction
 0001:00001A14       Data.DBXMetaDataCommandFactory.TDBXMetaDataCommandFactory.RegisterMetaDataCommandFactory
 0001:00001A1C       Data.DBXMetaDataCommandFactory.TDBXMetaDataCommandFactory.UnRegisterMetaDataCommandFactory
 0001:000017D4       Data.DBXMetaDataReader.TDBXBaseMetaDataReader.AreCatalogFunctionsSupported
 0001:000017BC       Data.DBXMetaDataReader.TDBXBaseMetaDataReader.CompareVersion
 0001:00001784       Data.DBXMetaDataReader.TDBXBaseMetaDataReader.Destroy
 0001:00001844       Data.DBXMetaDataReader.TDBXBaseMetaDataReader.FetchCatalogs
 0001:00001824       Data.DBXMetaDataReader.TDBXBaseMetaDataReader.FetchCollection
 0001:00001834       Data.DBXMetaDataReader.TDBXBaseMetaDataReader.FetchCollectionWithStorage
 0001:0000186C       Data.DBXMetaDataReader.TDBXBaseMetaDataReader.FetchColumnConstraints
 0001:00001864       Data.DBXMetaDataReader.TDBXBaseMetaDataReader.FetchColumns
 0001:0000183C       Data.DBXMetaDataReader.TDBXBaseMetaDataReader.FetchDataTypes
 0001:0000188C       Data.DBXMetaDataReader.TDBXBaseMetaDataReader.FetchForeignKeyColumns
 0001:00001884       Data.DBXMetaDataReader.TDBXBaseMetaDataReader.FetchForeignKeys
 0001:0000187C       Data.DBXMetaDataReader.TDBXBaseMetaDataReader.FetchIndexColumns
 0001:00001874       Data.DBXMetaDataReader.TDBXBaseMetaDataReader.FetchIndexes
 0001:000018C4       Data.DBXMetaDataReader.TDBXBaseMetaDataReader.FetchPackageProcedureParameters
 0001:000018BC       Data.DBXMetaDataReader.TDBXBaseMetaDataReader.FetchPackageProcedures
 0001:000018B4       Data.DBXMetaDataReader.TDBXBaseMetaDataReader.FetchPackages
 0001:000018CC       Data.DBXMetaDataReader.TDBXBaseMetaDataReader.FetchPackageSources
 0001:000018AC       Data.DBXMetaDataReader.TDBXBaseMetaDataReader.FetchProcedureParameters
 0001:0000189C       Data.DBXMetaDataReader.TDBXBaseMetaDataReader.FetchProcedures
 0001:000018A4       Data.DBXMetaDataReader.TDBXBaseMetaDataReader.FetchProcedureSources
 0001:000018E4       Data.DBXMetaDataReader.TDBXBaseMetaDataReader.FetchReservedWords
 0001:000018DC       Data.DBXMetaDataReader.TDBXBaseMetaDataReader.FetchRoles
 0001:0000184C       Data.DBXMetaDataReader.TDBXBaseMetaDataReader.FetchSchemas
 0001:00001894       Data.DBXMetaDataReader.TDBXBaseMetaDataReader.FetchSynonyms
 0001:00001854       Data.DBXMetaDataReader.TDBXBaseMetaDataReader.FetchTables
 0001:000018D4       Data.DBXMetaDataReader.TDBXBaseMetaDataReader.FetchUsers
 0001:0000185C       Data.DBXMetaDataReader.TDBXBaseMetaDataReader.FetchViews
 0001:00001794       Data.DBXMetaDataReader.TDBXBaseMetaDataReader.GetContext
 0001:000018EC       Data.DBXMetaDataReader.TDBXBaseMetaDataReader.GetDataTypeDescriptions
 0001:0000180C       Data.DBXMetaDataReader.TDBXBaseMetaDataReader.GetDataTypeHash
 0001:00001814       Data.DBXMetaDataReader.TDBXBaseMetaDataReader.GetDataTypes
 0001:0000179C       Data.DBXMetaDataReader.TDBXBaseMetaDataReader.GetProductName
 0001:000018F4       Data.DBXMetaDataReader.TDBXBaseMetaDataReader.GetReservedWords
 0001:000017B4       Data.DBXMetaDataReader.TDBXBaseMetaDataReader.GetSqlDefaultParameterMarker
 0001:00001904       Data.DBXMetaDataReader.TDBXBaseMetaDataReader.GetSqlForCatalogs
 0001:0000192C       Data.DBXMetaDataReader.TDBXBaseMetaDataReader.GetSqlForColumnConstraints
 0001:00001924       Data.DBXMetaDataReader.TDBXBaseMetaDataReader.GetSqlForColumns
 0001:000018FC       Data.DBXMetaDataReader.TDBXBaseMetaDataReader.GetSqlForDataTypes
 0001:0000194C       Data.DBXMetaDataReader.TDBXBaseMetaDataReader.GetSqlForForeignKeyColumns
 0001:00001944       Data.DBXMetaDataReader.TDBXBaseMetaDataReader.GetSqlForForeignKeys
 0001:0000193C       Data.DBXMetaDataReader.TDBXBaseMetaDataReader.GetSqlForIndexColumns
 0001:00001934       Data.DBXMetaDataReader.TDBXBaseMetaDataReader.GetSqlForIndexes
 0001:00001984       Data.DBXMetaDataReader.TDBXBaseMetaDataReader.GetSqlForPackageProcedureParameters
 0001:0000197C       Data.DBXMetaDataReader.TDBXBaseMetaDataReader.GetSqlForPackageProcedures
 0001:00001974       Data.DBXMetaDataReader.TDBXBaseMetaDataReader.GetSqlForPackages
 0001:0000198C       Data.DBXMetaDataReader.TDBXBaseMetaDataReader.GetSqlForPackageSources
 0001:0000196C       Data.DBXMetaDataReader.TDBXBaseMetaDataReader.GetSqlForProcedureParameters
 0001:0000195C       Data.DBXMetaDataReader.TDBXBaseMetaDataReader.GetSqlForProcedures
 0001:00001964       Data.DBXMetaDataReader.TDBXBaseMetaDataReader.GetSqlForProcedureSources
 0001:000019A4       Data.DBXMetaDataReader.TDBXBaseMetaDataReader.GetSqlForReservedWords
 0001:0000199C       Data.DBXMetaDataReader.TDBXBaseMetaDataReader.GetSqlForRoles
 0001:0000190C       Data.DBXMetaDataReader.TDBXBaseMetaDataReader.GetSqlForSchemas
 0001:00001954       Data.DBXMetaDataReader.TDBXBaseMetaDataReader.GetSqlForSynonyms
 0001:00001914       Data.DBXMetaDataReader.TDBXBaseMetaDataReader.GetSqlForTables
 0001:00001994       Data.DBXMetaDataReader.TDBXBaseMetaDataReader.GetSqlForUsers
 0001:0000191C       Data.DBXMetaDataReader.TDBXBaseMetaDataReader.GetSqlForViews
 0001:000017FC       Data.DBXMetaDataReader.TDBXBaseMetaDataReader.GetSynonymType
 0001:000017EC       Data.DBXMetaDataReader.TDBXBaseMetaDataReader.GetSystemTableType
 0001:000017F4       Data.DBXMetaDataReader.TDBXBaseMetaDataReader.GetSystemViewType
 0001:000017DC       Data.DBXMetaDataReader.TDBXBaseMetaDataReader.GetTableType
 0001:000017A4       Data.DBXMetaDataReader.TDBXBaseMetaDataReader.GetVersion
 0001:000017E4       Data.DBXMetaDataReader.TDBXBaseMetaDataReader.GetViewType
 0001:000017C4       Data.DBXMetaDataReader.TDBXBaseMetaDataReader.IsQuotedIdentifiersSupported
 0001:000017CC       Data.DBXMetaDataReader.TDBXBaseMetaDataReader.IsSPReturnCodeSupported
 0001:0000182C       Data.DBXMetaDataReader.TDBXBaseMetaDataReader.MakeStorage
 0001:00001804       Data.DBXMetaDataReader.TDBXBaseMetaDataReader.MakeTableTypeString
 0001:0000181C       Data.DBXMetaDataReader.TDBXBaseMetaDataReader.PopulateDataTypes
 0001:0000178C       Data.DBXMetaDataReader.TDBXBaseMetaDataReader.SetContext
 0001:000017AC       Data.DBXMetaDataReader.TDBXBaseMetaDataReader.SetVersion
 0001:000016A4       Data.DBXMetaDataReader.TDBXCustomMetaDataTable.Create
 0001:000016AC       Data.DBXMetaDataReader.TDBXDataTypeCursor.Create
 0001:000016B4       Data.DBXMetaDataReader.TDBXDataTypeDescription.Create
 0001:000016BC       Data.DBXMetaDataReader.TDBXDataTypeDescription.Create
 0001:000016C4       Data.DBXMetaDataReader.TDBXDataTypeDescription.SetUnicodeOptionSupported
 0001:000016CC       Data.DBXMetaDataReader.TDBXEmptyTableCursor.Create
 0001:000016DC       Data.DBXMetaDataReader.TDBXMetaDataCollectionColumns.CreateCatalogsColumns
 0001:0000170C       Data.DBXMetaDataReader.TDBXMetaDataCollectionColumns.CreateColumnConstraintsColumns
 0001:00001704       Data.DBXMetaDataReader.TDBXMetaDataCollectionColumns.CreateColumnsColumns
 0001:000016D4       Data.DBXMetaDataReader.TDBXMetaDataCollectionColumns.CreateDataTypesColumns
 0001:0000172C       Data.DBXMetaDataReader.TDBXMetaDataCollectionColumns.CreateForeignKeyColumnsColumns
 0001:00001724       Data.DBXMetaDataReader.TDBXMetaDataCollectionColumns.CreateForeignKeysColumns
 0001:0000171C       Data.DBXMetaDataReader.TDBXMetaDataCollectionColumns.CreateIndexColumnsColumns
 0001:00001714       Data.DBXMetaDataReader.TDBXMetaDataCollectionColumns.CreateIndexesColumns
 0001:0000175C       Data.DBXMetaDataReader.TDBXMetaDataCollectionColumns.CreatePackageProcedureParametersColumns
 0001:00001754       Data.DBXMetaDataReader.TDBXMetaDataCollectionColumns.CreatePackageProceduresColumns
 0001:0000174C       Data.DBXMetaDataReader.TDBXMetaDataCollectionColumns.CreatePackagesColumns
 0001:00001764       Data.DBXMetaDataReader.TDBXMetaDataCollectionColumns.CreatePackageSourcesColumns
 0001:00001744       Data.DBXMetaDataReader.TDBXMetaDataCollectionColumns.CreateProcedureParametersColumns
 0001:00001734       Data.DBXMetaDataReader.TDBXMetaDataCollectionColumns.CreateProceduresColumns
 0001:0000173C       Data.DBXMetaDataReader.TDBXMetaDataCollectionColumns.CreateProcedureSourcesColumns
 0001:0000177C       Data.DBXMetaDataReader.TDBXMetaDataCollectionColumns.CreateReservedWordsColumns
 0001:00001774       Data.DBXMetaDataReader.TDBXMetaDataCollectionColumns.CreateRolesColumns
 0001:000016E4       Data.DBXMetaDataReader.TDBXMetaDataCollectionColumns.CreateSchemasColumns
 0001:000016FC       Data.DBXMetaDataReader.TDBXMetaDataCollectionColumns.CreateSynonymsColumns
 0001:000016EC       Data.DBXMetaDataReader.TDBXMetaDataCollectionColumns.CreateTablesColumns
 0001:0000176C       Data.DBXMetaDataReader.TDBXMetaDataCollectionColumns.CreateUsersColumns
 0001:000016F4       Data.DBXMetaDataReader.TDBXMetaDataCollectionColumns.CreateViewsColumns
 0001:000019AC       Data.DBXMetaDataReader.TDBXReservedWordsCursor.Create
 0001:000019B4       Data.DBXMetaDataReader.TDBXTableTypeParser.ParseTableTypes
 0001:000012B4       Data.DBXPlatform.FreeObjectArray
 0001:000012AC       Data.DBXPlatform.IncrAfter
 0001:000012BC       Data.DBXPlatform.TDBXObjectStore.SetObjectByName
 0001:000012CC       Data.DBXPlatform.TDBXPlatform.CopyWideStringBuilder
 0001:000012C4       Data.DBXPlatform.TDBXPlatform.CreateWideStringBuilder
 0001:000012D4       Data.DBXPlatform.TDBXPlatform.FreeAndNilWideStringBuilder
 0002:000000C8       Data.FmtBcd.Data.FmtBcd
 0001:0000129C       Data.FmtBcd.Finalization
 0002:000000C0       Data.SqlTimSt.Data.SqlTimSt
 0001:00001294       Data.SqlTimSt.Finalization
 0002:00000108       Datasnap.DBClient.Datasnap.DBClient
 0001:0000130C       Datasnap.DBClient.Finalization
 0002:00000100       Datasnap.DSIntf.Datasnap.DSIntf
 0001:00001304       Datasnap.DSIntf.Finalization
 0002:00000110       Datasnap.Provider.Datasnap.Provider
 0001:00001314       Datasnap.Provider.Finalization
 0004:00000028       Dbx34Drv..71
 0001:000391E8       Dbx34Drv..EDBXError
 0001:00039284       Dbx34Drv..EDbxOODBCDriverError
 0001:00039BD8       Dbx34Drv..TDBXCustomOpenODBCMetaDataReader
 0001:00039AE4       Dbx34Drv..TDBXDataExpressProviderContextOpenOdbc
 0001:0003985C       Dbx34Drv..TDBXDynalinkConnectionOpenOdbc
 0001:00039784       Dbx34Drv..TDBXDynalinkDriverLoaderOpenOdbc
 0001:000399B8       Dbx34Drv..TDBXMorphicCommandOpenOdbc
 0001:00039490       Dbx34Drv..TDbxOpenOdbcDriver
 0001:00039DE8       Dbx34Drv..TDBXOpenODBCMetaDataCommand
 0001:00039F8C       Dbx34Drv..TDBXOpenODBCMetaDataCommandFactory
 0001:0003A098       Dbx34Drv..TDBXOpenODBCMetaDataCommandFactoryCustom
 0001:0003A17C       Dbx34Drv..TDBXOpenODBCMetaDataReader
 0001:00039564       Dbx34Drv..TDBXOpenOdbcProperties
 0001:00039338       Dbx34Drv..TDBXOpenOdbcPropertyNames
 0001:000393EC       Dbx34Drv..TDBXPropertyNames
 0003:00000094       Dbx34Drv.bIsDbx34Drv
 0001:0003A6F4       Dbx34Drv.CheckGetVendorPropertyCommand
 0001:0003A9DC       Dbx34Drv.CheckLibraryName
 0001:0003A950       Dbx34Drv.CheckLibraryPath
 0001:0003A790       Dbx34Drv.CheckPathEnvironmet
 0001:0003AA28       Dbx34Drv.CheckVendorLib
 0002:000001BC       Dbx34Drv.Dbx34Drv
 0001:0003A468       Dbx34Drv.DBXStringArrayToErrorInfo
 0001:0003A370       Dbx34Drv.DBXStringArrayToNamedQueryParams
 0001:0003A5B0       Dbx34Drv.ErrorGetVendorPropertyCommand
 0001:0003E7C4       Dbx34Drv.Finalization
 0001:0003B64C       Dbx34Drv.RaiseDriverVersionFailed
 0001:0003BEB4       Dbx34Drv.TDBXCustomOpenODBCMetaDataReader.CheckMetadata
 0001:0003BF50       Dbx34Drv.TDBXCustomOpenODBCMetaDataReader.GetProductName
 0001:0003BFD0       Dbx34Drv.TDBXCustomOpenODBCMetaDataReader.GetSqlIdentifierQuoteChar
 0001:0003BF94       Dbx34Drv.TDBXCustomOpenODBCMetaDataReader.GetSqlIdentifierQuotePrefix
 0001:0003BFA8       Dbx34Drv.TDBXCustomOpenODBCMetaDataReader.GetSqlIdentifierQuoteSuffix
 0001:0003BFE4       Dbx34Drv.TDBXCustomOpenODBCMetaDataReader.GetSqlProcedureQuoteChar
 0001:0003C008       Dbx34Drv.TDBXCustomOpenODBCMetaDataReader.GetUseAnsiStrings
 0001:0003BDDC       Dbx34Drv.TDBXCustomOpenODBCMetaDataReader.InitMetadata
 0001:0003BFCC       Dbx34Drv.TDBXCustomOpenODBCMetaDataReader.IsDescendingIndexColumnsSupported
 0001:0003BFC8       Dbx34Drv.TDBXCustomOpenODBCMetaDataReader.IsDescendingIndexSupported
 0001:0003BFC0       Dbx34Drv.TDBXCustomOpenODBCMetaDataReader.IsLowerCaseIdentifiersSupported
 0001:0003BFF8       Dbx34Drv.TDBXCustomOpenODBCMetaDataReader.IsMultipleCommandsSupported
 0001:0003C000       Dbx34Drv.TDBXCustomOpenODBCMetaDataReader.IsNestedTransactionsSupported
 0001:0003BFBC       Dbx34Drv.TDBXCustomOpenODBCMetaDataReader.IsParameterMetadataSupported
 0001:0003C004       Dbx34Drv.TDBXCustomOpenODBCMetaDataReader.IsSetRowSizeSupported
 0001:0003BFFC       Dbx34Drv.TDBXCustomOpenODBCMetaDataReader.IsTransactionsSupported
 0001:0003BFC4       Dbx34Drv.TDBXCustomOpenODBCMetaDataReader.IsUpperCaseIdentifiersSupported
 0001:0003BF38       Dbx34Drv.TDBXCustomOpenODBCMetaDataReader.SetContext
 0001:0003BCFC       Dbx34Drv.TDBXDynalinkConnectionOpenOdbc.Close
 0001:0003BCF0       Dbx34Drv.TDBXDynalinkConnectionOpenOdbc.DerivedClose
 0001:0003BD04       Dbx34Drv.TDBXDynalinkConnectionOpenOdbc.DerivedCreateCommand
 0001:0003B644       Dbx34Drv.TDBXDynalinkConnectionOpenOdbc.DerivedGetCommands
 0001:0003B648       Dbx34Drv.TDBXDynalinkConnectionOpenOdbc.DerivedGetCommandTypes
 0001:0003B6D0       Dbx34Drv.TDBXDynalinkConnectionOpenOdbc.DerivedOpen
 0001:0003BC04       Dbx34Drv.TDBXDynalinkConnectionOpenOdbc.DoDerivedOpenAfter
 0001:0003B840       Dbx34Drv.TDBXDynalinkConnectionOpenOdbc.DoDerivedOpenBefore
 0001:0003BCF4       Dbx34Drv.TDBXDynalinkConnectionOpenOdbc.GetDatabaseMetaData
 0001:0003B60C       Dbx34Drv.TDBXDynalinkConnectionOpenOdbc.GetProductName
 0001:0003B5F8       Dbx34Drv.TDBXDynalinkConnectionOpenOdbc.GetProductVersion
 0001:0003BD18       Dbx34Drv.TDBXDynalinkConnectionOpenOdbc.GetVendorProperty
 0001:0003B5E0       Dbx34Drv.TDBXDynalinkDriverLoaderOpenOdbc.FreeOldLibrary
 0001:0003B34C       Dbx34Drv.TDBXDynalinkDriverLoaderOpenOdbc.LoadDriverLibraryAndMethodTable
 0001:0003BD94       Dbx34Drv.TDBXMorphicCommandOpenOdbc.Create
 0001:0003BDD4       Dbx34Drv.TDBXMorphicCommandOpenOdbc.DerivedExecuteQuery
 0001:0003AA70       Dbx34Drv.TDbxOpenOdbcDriver.Create
 0001:0003AB28       Dbx34Drv.TDbxOpenOdbcDriver.CreateCommandOpenOdbc
 0001:0003AB40       Dbx34Drv.TDbxOpenOdbcDriver.CreateConnection
 0001:0003AC10       Dbx34Drv.TDbxOpenOdbcDriver.GetDriverPropertyNames
 0001:0003AC18       Dbx34Drv.TDbxOpenOdbcDriver.GetDriverVersion
 0001:0003AB84       Dbx34Drv.TDbxOpenOdbcDriver.LoadDriverWithConnectionBuilder
 0001:0003C010       Dbx34Drv.TDBXOpenODBCMetaDataCommand.DerivedExecuteQuery
 0001:0003C220       Dbx34Drv.TDBXOpenODBCMetaDataCommandFactory.CreateCommand
 0001:0003C338       Dbx34Drv.TDBXOpenODBCMetaDataCommandFactory.CreateMetaDataReader
 0001:0003C590       Dbx34Drv.TDBXOpenODBCMetaDataCommandFactory.CreateMetaDataReader
 0001:0003C02C       Dbx34Drv.TDBXOpenODBCMetaDataCommandFactory.GetMetaDataReaderClass
 0001:0003C300       Dbx34Drv.TDBXOpenODBCMetaDataCommandFactory.GetProductName
 0001:0003C034       Dbx34Drv.TDBXOpenODBCMetaDataCommandFactory.InitMetaDataReaderClass
 0001:0003C59C       Dbx34Drv.TDBXOpenODBCMetaDataCommandFactory.RegisterMetaDataCommandFactory
 0001:0003C5A4       Dbx34Drv.TDBXOpenODBCMetaDataCommandFactory.UnRegisterMetaDataCommandFactory
 0001:0003C018       Dbx34Drv.TDBXOpenODBCMetaDataCommandFactoryCustom.CreateMetaDataReader
 0001:0003C5AC       Dbx34Drv.TDBXOpenODBCMetaDataReader.Create
 0001:0003C650       Dbx34Drv.TDBXOpenODBCMetaDataReader.FetchCatalogs
 0001:0003CF2C       Dbx34Drv.TDBXOpenODBCMetaDataReader.FetchColumnConstraints
 0001:0003CDF4       Dbx34Drv.TDBXOpenODBCMetaDataReader.FetchColumns
 0001:0003C5E8       Dbx34Drv.TDBXOpenODBCMetaDataReader.FetchDataTypes
 0001:0003D064       Dbx34Drv.TDBXOpenODBCMetaDataReader.FetchForeignKeyColumns
 0001:0003D1B4       Dbx34Drv.TDBXOpenODBCMetaDataReader.FetchForeignKeys
 0001:0003D2E0       Dbx34Drv.TDBXOpenODBCMetaDataReader.FetchIndexColumns
 0001:0003D684       Dbx34Drv.TDBXOpenODBCMetaDataReader.FetchIndexes
 0001:0003E114       Dbx34Drv.TDBXOpenODBCMetaDataReader.FetchPackageProcedureParameters
 0001:0003DFD4       Dbx34Drv.TDBXOpenODBCMetaDataReader.FetchPackageProcedures
 0001:0003DEAC       Dbx34Drv.TDBXOpenODBCMetaDataReader.FetchPackages
 0001:0003E280       Dbx34Drv.TDBXOpenODBCMetaDataReader.FetchPackageSources
 0001:0003DD58       Dbx34Drv.TDBXOpenODBCMetaDataReader.FetchProcedureParameters
 0001:0003D9C8       Dbx34Drv.TDBXOpenODBCMetaDataReader.FetchProcedures
 0001:0003DAF8       Dbx34Drv.TDBXOpenODBCMetaDataReader.FetchProcedureSources
 0001:0003E564       Dbx34Drv.TDBXOpenODBCMetaDataReader.FetchReservedWords
 0001:0003E48C       Dbx34Drv.TDBXOpenODBCMetaDataReader.FetchRoles
 0001:0003C6D0       Dbx34Drv.TDBXOpenODBCMetaDataReader.FetchSchemas
 0001:0003DC30       Dbx34Drv.TDBXOpenODBCMetaDataReader.FetchSynonyms
 0001:0003C7F0       Dbx34Drv.TDBXOpenODBCMetaDataReader.FetchTables
 0001:0003E3B4       Dbx34Drv.TDBXOpenODBCMetaDataReader.FetchUsers
 0001:0003CCCC       Dbx34Drv.TDBXOpenODBCMetaDataReader.FetchViews
 0001:0003E698       Dbx34Drv.TDBXOpenODBCMetaDataReader.GetProductName
 0001:0003E6D0       Dbx34Drv.TDBXOpenODBCMetaDataReader.GetReservedWords
 0001:0003E6E4       Dbx34Drv.TDBXOpenODBCMetaDataReader.GetSqlForColumns
 0001:0003E6F0       Dbx34Drv.TDBXOpenODBCMetaDataReader.GetSqlForForeignKeyColumns
 0001:0003E6FC       Dbx34Drv.TDBXOpenODBCMetaDataReader.GetSqlForForeignKeys
 0001:0003E708       Dbx34Drv.TDBXOpenODBCMetaDataReader.GetSqlForIndexColumns
 0001:0003E714       Dbx34Drv.TDBXOpenODBCMetaDataReader.GetSqlForIndexes
 0001:0003E720       Dbx34Drv.TDBXOpenODBCMetaDataReader.GetSqlForPackageProcedureParameters
 0001:0003E72C       Dbx34Drv.TDBXOpenODBCMetaDataReader.GetSqlForPackageProcedures
 0001:0003E738       Dbx34Drv.TDBXOpenODBCMetaDataReader.GetSqlForPackages
 0001:0003E744       Dbx34Drv.TDBXOpenODBCMetaDataReader.GetSqlForPackageSources
 0001:0003E750       Dbx34Drv.TDBXOpenODBCMetaDataReader.GetSqlForProcedureParameters
 0001:0003E75C       Dbx34Drv.TDBXOpenODBCMetaDataReader.GetSqlForProcedures
 0001:0003E768       Dbx34Drv.TDBXOpenODBCMetaDataReader.GetSqlForProcedureSources
 0001:0003E774       Dbx34Drv.TDBXOpenODBCMetaDataReader.GetSqlForRoles
 0001:0003E780       Dbx34Drv.TDBXOpenODBCMetaDataReader.GetSqlForSchemas
 0001:0003E78C       Dbx34Drv.TDBXOpenODBCMetaDataReader.GetSqlForSynonyms
 0001:0003E798       Dbx34Drv.TDBXOpenODBCMetaDataReader.GetSqlForTables
 0001:0003E7A4       Dbx34Drv.TDBXOpenODBCMetaDataReader.GetSqlForUsers
 0001:0003E7B0       Dbx34Drv.TDBXOpenODBCMetaDataReader.GetSqlForViews
 0001:0003E7BC       Dbx34Drv.TDBXOpenODBCMetaDataReader.IsNestedTransactionsSupported
 0001:0003E7C0       Dbx34Drv.TDBXOpenODBCMetaDataReader.IsSetRowSizeSupported
 0001:0003AC54       Dbx34Drv.TDBXOpenOdbcProperties.Create
 0001:0003AFBC       Dbx34Drv.TDBXOpenOdbcProperties.GetBlobSize
 0001:0003ADFC       Dbx34Drv.TDBXOpenOdbcProperties.GetConnectionString
 0001:0003B2D4       Dbx34Drv.TDBXOpenOdbcProperties.GetCustomString
 0001:0003AE84       Dbx34Drv.TDBXOpenOdbcProperties.GetDatabase
 0001:0003B160       Dbx34Drv.TDBXOpenOdbcProperties.GetDecimalSeparator
 0001:0003B0B0       Dbx34Drv.TDBXOpenOdbcProperties.GetOdbcTransIsolation
 0001:0003AF54       Dbx34Drv.TDBXOpenOdbcProperties.GetPassWord
 0001:0003B1E8       Dbx34Drv.TDBXOpenOdbcProperties.GetTrimChar
 0001:0003AEEC       Dbx34Drv.TDBXOpenOdbcProperties.GetUserName
 0001:0003B038       Dbx34Drv.TDBXOpenOdbcProperties.SetBlobSize
 0001:0003AE44       Dbx34Drv.TDBXOpenOdbcProperties.SetConnectionString
 0001:0003B314       Dbx34Drv.TDBXOpenOdbcProperties.SetCustomString
 0001:0003AEBC       Dbx34Drv.TDBXOpenOdbcProperties.SetDatabase
 0001:0003B1A8       Dbx34Drv.TDBXOpenOdbcProperties.SetDecimalSeparator
 0001:0003B10C       Dbx34Drv.TDBXOpenOdbcProperties.SetOdbcTransIsolation
 0001:0003AF8C       Dbx34Drv.TDBXOpenOdbcProperties.SetPassWord
 0001:0003B25C       Dbx34Drv.TDBXOpenOdbcProperties.SetTrimChar
 0001:0003AF24       Dbx34Drv.TDBXOpenOdbcProperties.SetUserName
 0004:00000024       Dbx34DrvDbms..52
 0001:00002EF8       Dbx34DrvDbms..TDBXOpenODBCMetaDataCommandFactoryDataStorage
 0001:00002918       Dbx34DrvDbms..TDBXOpenODBCMetaDataCommandFactoryDB2
 0001:000031F4       Dbx34DrvDbms..TDBXOpenODBCMetaDataCommandFactoryFirebird
 0001:00002BF4       Dbx34DrvDbms..TDBXOpenODBCMetaDataCommandFactoryInformix
 0001:000034F8       Dbx34DrvDbms..TDBXOpenODBCMetaDataCommandFactoryInterbase
 0001:00001D68       Dbx34DrvDbms..TDBXOpenODBCMetaDataCommandFactoryMSSQL
 0001:0000204C       Dbx34DrvDbms..TDBXOpenODBCMetaDataCommandFactoryMySQL
 0001:00001A7C       Dbx34DrvDbms..TDBXOpenODBCMetaDataCommandFactoryOracle
 0001:00003AE8       Dbx34DrvDbms..TDBXOpenODBCMetaDataCommandFactoryPostgreSQL
 0001:000037FC       Dbx34DrvDbms..TDBXOpenODBCMetaDataCommandFactorySQLite
 0001:00002330       Dbx34DrvDbms..TDBXOpenODBCMetaDataCommandFactorySybaseASA
 0001:00002624       Dbx34DrvDbms..TDBXOpenODBCMetaDataCommandFactorySybaseASE
 0001:00002FE8       Dbx34DrvDbms..TDBXOpenODBCMetaDataReaderDataStorage
 0001:000029F8       Dbx34DrvDbms..TDBXOpenODBCMetaDataReaderDB2
 0001:000032E0       Dbx34DrvDbms..TDBXOpenODBCMetaDataReaderFirebird
 0001:00002CE0       Dbx34DrvDbms..TDBXOpenODBCMetaDataReaderInformix
 0001:000035E4       Dbx34DrvDbms..TDBXOpenODBCMetaDataReaderInterbase
 0001:00001E4C       Dbx34DrvDbms..TDBXOpenODBCMetaDataReaderMSSQL
 0001:00002130       Dbx34DrvDbms..TDBXOpenODBCMetaDataReaderMySQL
 0001:00001B64       Dbx34DrvDbms..TDBXOpenODBCMetaDataReaderOracle
 0001:00003BD8       Dbx34DrvDbms..TDBXOpenODBCMetaDataReaderPostgreSQL
 0001:000038E4       Dbx34DrvDbms..TDBXOpenODBCMetaDataReaderSQLite
 0001:0000241C       Dbx34DrvDbms..TDBXOpenODBCMetaDataReaderSybaseASA
 0001:00002710       Dbx34DrvDbms..TDBXOpenODBCMetaDataReaderSybaseASE
 0002:00000138       Dbx34DrvDbms.Dbx34DrvDbms
 0001:00039164       Dbx34DrvDbms.Finalization
 0001:0002C6AC       Dbx34DrvDbms.TDBXOpenODBCMetaDataCommandFactoryDataStorage.GetMetaDataReaderClass
 0001:0001EFA8       Dbx34DrvDbms.TDBXOpenODBCMetaDataCommandFactoryDB2.GetMetaDataReaderClass
 0001:0002C9E8       Dbx34DrvDbms.TDBXOpenODBCMetaDataCommandFactoryFirebird.GetMetaDataReaderClass
 0001:00023F8C       Dbx34DrvDbms.TDBXOpenODBCMetaDataCommandFactoryInformix.GetMetaDataReaderClass
 0001:00031894       Dbx34DrvDbms.TDBXOpenODBCMetaDataCommandFactoryInterbase.GetMetaDataReaderClass
 0001:00006C3C       Dbx34DrvDbms.TDBXOpenODBCMetaDataCommandFactoryMSSQL.GetMetaDataReaderClass
 0001:0000F0CC       Dbx34DrvDbms.TDBXOpenODBCMetaDataCommandFactoryMySQL.GetMetaDataReaderClass
 0001:00003DE4       Dbx34DrvDbms.TDBXOpenODBCMetaDataCommandFactoryOracle.GetMetaDataReaderClass
 0001:00036754       Dbx34DrvDbms.TDBXOpenODBCMetaDataCommandFactoryPostgreSQL.GetMetaDataReaderClass
 0001:00036740       Dbx34DrvDbms.TDBXOpenODBCMetaDataCommandFactorySQLite.GetMetaDataReaderClass
 0001:00013ABC       Dbx34DrvDbms.TDBXOpenODBCMetaDataCommandFactorySybaseASA.GetMetaDataReaderClass
 0001:00019680       Dbx34DrvDbms.TDBXOpenODBCMetaDataCommandFactorySybaseASE.GetMetaDataReaderClass
 0001:0002C7CC       Dbx34DrvDbms.TDBXOpenODBCMetaDataReaderDataStorage.GetSqlForColumns
 0001:0002C920       Dbx34DrvDbms.TDBXOpenODBCMetaDataReaderDataStorage.GetSqlForIndexColumns
 0001:0002C87C       Dbx34DrvDbms.TDBXOpenODBCMetaDataReaderDataStorage.GetSqlForIndexes
 0001:0002C6B4       Dbx34DrvDbms.TDBXOpenODBCMetaDataReaderDataStorage.GetSqlForTables
 0001:00023994       Dbx34DrvDbms.TDBXOpenODBCMetaDataReaderDB2.GetDataTypeDescriptions
 0001:0001EFB0       Dbx34DrvDbms.TDBXOpenODBCMetaDataReaderDB2.GetProductName
 0001:00020100       Dbx34DrvDbms.TDBXOpenODBCMetaDataReaderDB2.GetReservedWords
 0001:0001F580       Dbx34DrvDbms.TDBXOpenODBCMetaDataReaderDB2.GetSqlForColumns
 0001:0001FCA4       Dbx34DrvDbms.TDBXOpenODBCMetaDataReaderDB2.GetSqlForIndexColumns
 0001:0001F904       Dbx34DrvDbms.TDBXOpenODBCMetaDataReaderDB2.GetSqlForIndexes
 0001:0001EFD8       Dbx34DrvDbms.TDBXOpenODBCMetaDataReaderDB2.GetSqlForTables
 0001:00023988       Dbx34DrvDbms.TDBXOpenODBCMetaDataReaderDB2.GetSqlProcedureQuoteChar
 0001:00023950       Dbx34DrvDbms.TDBXOpenODBCMetaDataReaderDB2.GetSystemTableType
 0001:000238E0       Dbx34DrvDbms.TDBXOpenODBCMetaDataReaderDB2.GetTableType
 0001:00023918       Dbx34DrvDbms.TDBXOpenODBCMetaDataReaderDB2.GetViewType
 0001:0002CA24       Dbx34DrvDbms.TDBXOpenODBCMetaDataReaderFirebird.Destroy
 0001:000311BC       Dbx34DrvDbms.TDBXOpenODBCMetaDataReaderFirebird.GetAllDataTypes
 0001:000317D4       Dbx34DrvDbms.TDBXOpenODBCMetaDataReaderFirebird.GetDataTypeDescriptions
 0001:0002C9F0       Dbx34DrvDbms.TDBXOpenODBCMetaDataReaderFirebird.GetProductName
 0001:0002DCA8       Dbx34DrvDbms.TDBXOpenODBCMetaDataReaderFirebird.GetReservedWords
 0001:0002CE80       Dbx34DrvDbms.TDBXOpenODBCMetaDataReaderFirebird.GetSqlForColumns
 0001:0002D78C       Dbx34DrvDbms.TDBXOpenODBCMetaDataReaderFirebird.GetSqlForIndexColumns
 0001:0002D334       Dbx34DrvDbms.TDBXOpenODBCMetaDataReaderFirebird.GetSqlForIndexes
 0001:0002CA50       Dbx34DrvDbms.TDBXOpenODBCMetaDataReaderFirebird.GetSqlForTables
 0001:0003110C       Dbx34DrvDbms.TDBXOpenODBCMetaDataReaderFirebird.IsDescendingIndexColumnsSupported
 0001:00031110       Dbx34DrvDbms.TDBXOpenODBCMetaDataReaderFirebird.SetContext
 0001:00023FE4       Dbx34DrvDbms.TDBXOpenODBCMetaDataReaderInformix.Destroy
 0001:0002BD48       Dbx34DrvDbms.TDBXOpenODBCMetaDataReaderInformix.GetAllDataTypes
 0001:0002C5A8       Dbx34DrvDbms.TDBXOpenODBCMetaDataReaderInformix.GetDataTypeDescriptions
 0001:00023F94       Dbx34DrvDbms.TDBXOpenODBCMetaDataReaderInformix.GetProductName
 0001:00026090       Dbx34DrvDbms.TDBXOpenODBCMetaDataReaderInformix.GetReservedWords
 0001:000245E4       Dbx34DrvDbms.TDBXOpenODBCMetaDataReaderInformix.GetSqlForColumns
 0001:00024EC0       Dbx34DrvDbms.TDBXOpenODBCMetaDataReaderInformix.GetSqlForIndexColumns
 0001:00024A2C       Dbx34DrvDbms.TDBXOpenODBCMetaDataReaderInformix.GetSqlForIndexes
 0001:00024010       Dbx34DrvDbms.TDBXOpenODBCMetaDataReaderInformix.GetSqlForTables
 0001:0002BD0C       Dbx34DrvDbms.TDBXOpenODBCMetaDataReaderInformix.GetSynonymType
 0001:0002BCD4       Dbx34DrvDbms.TDBXOpenODBCMetaDataReaderInformix.GetSystemTableType
 0001:0002BC64       Dbx34DrvDbms.TDBXOpenODBCMetaDataReaderInformix.GetTableType
 0001:0002BC9C       Dbx34DrvDbms.TDBXOpenODBCMetaDataReaderInformix.GetViewType
 0001:0002BD44       Dbx34DrvDbms.TDBXOpenODBCMetaDataReaderInformix.IsUpperCaseIdentifiersSupported
 0001:000318D0       Dbx34DrvDbms.TDBXOpenODBCMetaDataReaderInterbase.Destroy
 0001:00036068       Dbx34DrvDbms.TDBXOpenODBCMetaDataReaderInterbase.GetAllDataTypes
 0001:00036680       Dbx34DrvDbms.TDBXOpenODBCMetaDataReaderInterbase.GetDataTypeDescriptions
 0001:0003189C       Dbx34DrvDbms.TDBXOpenODBCMetaDataReaderInterbase.GetProductName
 0001:00032B54       Dbx34DrvDbms.TDBXOpenODBCMetaDataReaderInterbase.GetReservedWords
 0001:00031D2C       Dbx34DrvDbms.TDBXOpenODBCMetaDataReaderInterbase.GetSqlForColumns
 0001:00032638       Dbx34DrvDbms.TDBXOpenODBCMetaDataReaderInterbase.GetSqlForIndexColumns
 0001:000321E0       Dbx34DrvDbms.TDBXOpenODBCMetaDataReaderInterbase.GetSqlForIndexes
 0001:000318FC       Dbx34DrvDbms.TDBXOpenODBCMetaDataReaderInterbase.GetSqlForTables
 0001:00035FB8       Dbx34DrvDbms.TDBXOpenODBCMetaDataReaderInterbase.IsDescendingIndexColumnsSupported
 0001:00035FBC       Dbx34DrvDbms.TDBXOpenODBCMetaDataReaderInterbase.SetContext
 0001:0000E11C       Dbx34DrvDbms.TDBXOpenODBCMetaDataReaderMSSQL.GetDataTypeDescriptions
 0001:00006C44       Dbx34DrvDbms.TDBXOpenODBCMetaDataReaderMSSQL.GetProductName
 0001:000098FC       Dbx34DrvDbms.TDBXOpenODBCMetaDataReaderMSSQL.GetReservedWords
 0001:000075A8       Dbx34DrvDbms.TDBXOpenODBCMetaDataReaderMSSQL.GetSqlForColumns
 0001:00008E80       Dbx34DrvDbms.TDBXOpenODBCMetaDataReaderMSSQL.GetSqlForIndexColumns
 0001:00008358       Dbx34DrvDbms.TDBXOpenODBCMetaDataReaderMSSQL.GetSqlForIndexes
 0001:00006C90       Dbx34DrvDbms.TDBXOpenODBCMetaDataReaderMSSQL.GetSqlForTables
 0001:0000DFB8       Dbx34DrvDbms.TDBXOpenODBCMetaDataReaderMSSQL.GetSqlIdentifierQuotePrefix
 0001:0000DFDC       Dbx34DrvDbms.TDBXOpenODBCMetaDataReaderMSSQL.GetSqlIdentifierQuoteSuffix
 0001:0000E0E0       Dbx34DrvDbms.TDBXOpenODBCMetaDataReaderMSSQL.GetSynonymType
 0001:0000E070       Dbx34DrvDbms.TDBXOpenODBCMetaDataReaderMSSQL.GetSystemTableType
 0001:0000E0A8       Dbx34DrvDbms.TDBXOpenODBCMetaDataReaderMSSQL.GetSystemViewType
 0001:0000E000       Dbx34DrvDbms.TDBXOpenODBCMetaDataReaderMSSQL.GetTableType
 0001:0000E038       Dbx34DrvDbms.TDBXOpenODBCMetaDataReaderMSSQL.GetViewType
 0001:00012D80       Dbx34DrvDbms.TDBXOpenODBCMetaDataReaderMySQL.GetDataTypeDescriptions
 0001:0000F0D4       Dbx34DrvDbms.TDBXOpenODBCMetaDataReaderMySQL.GetProductName
 0001:00010260       Dbx34DrvDbms.TDBXOpenODBCMetaDataReaderMySQL.GetReservedWords
 0001:0000F4A8       Dbx34DrvDbms.TDBXOpenODBCMetaDataReaderMySQL.GetSqlForColumns
 0001:0000FEBC       Dbx34DrvDbms.TDBXOpenODBCMetaDataReaderMySQL.GetSqlForIndexColumns
 0001:0000FB0C       Dbx34DrvDbms.TDBXOpenODBCMetaDataReaderMySQL.GetSqlForIndexes
 0001:0000F100       Dbx34DrvDbms.TDBXOpenODBCMetaDataReaderMySQL.GetSqlForTables
 0001:00012BBC       Dbx34DrvDbms.TDBXOpenODBCMetaDataReaderMySQL.GetSqlIdentifierQuoteChar
 0001:00012B74       Dbx34DrvDbms.TDBXOpenODBCMetaDataReaderMySQL.GetSqlIdentifierQuotePrefix
 0001:00012B98       Dbx34DrvDbms.TDBXOpenODBCMetaDataReaderMySQL.GetSqlIdentifierQuoteSuffix
 0001:00012BE0       Dbx34DrvDbms.TDBXOpenODBCMetaDataReaderMySQL.GetTableType
 0001:00012C2C       Dbx34DrvDbms.TDBXOpenODBCMetaDataReaderMySQL.IsDescendingIndexColumnsSupported
 0001:00012C34       Dbx34DrvDbms.TDBXOpenODBCMetaDataReaderMySQL.IsMultipleCommandsSupported
 0001:00012C30       Dbx34DrvDbms.TDBXOpenODBCMetaDataReaderMySQL.IsUpperCaseIdentifiersSupported
 0001:00012CE4       Dbx34DrvDbms.TDBXOpenODBCMetaDataReaderMySQL.PopulateDataTypes
 0001:00012C38       Dbx34DrvDbms.TDBXOpenODBCMetaDataReaderMySQL.SetContext
 0001:00005F1C       Dbx34DrvDbms.TDBXOpenODBCMetaDataReaderOracle.GetDataTypeDescriptions
 0001:00003DEC       Dbx34DrvDbms.TDBXOpenODBCMetaDataReaderOracle.GetProductName
 0001:00005030       Dbx34DrvDbms.TDBXOpenODBCMetaDataReaderOracle.GetReservedWords
 0001:0000444C       Dbx34DrvDbms.TDBXOpenODBCMetaDataReaderOracle.GetSqlForColumns
 0001:00004B68       Dbx34DrvDbms.TDBXOpenODBCMetaDataReaderOracle.GetSqlForIndexColumns
 0001:0000476C       Dbx34DrvDbms.TDBXOpenODBCMetaDataReaderOracle.GetSqlForIndexes
 0001:00003E1C       Dbx34DrvDbms.TDBXOpenODBCMetaDataReaderOracle.GetSqlForSchemas
 0001:00003EF8       Dbx34DrvDbms.TDBXOpenODBCMetaDataReaderOracle.GetSqlForTables
 0001:00005DE8       Dbx34DrvDbms.TDBXOpenODBCMetaDataReaderOracle.PopulateDataTypes
 0001:000389E8       Dbx34DrvDbms.TDBXOpenODBCMetaDataReaderPostgreSQL.GetReservedWords
 0001:00036D00       Dbx34DrvDbms.TDBXOpenODBCMetaDataReaderPostgreSQL.GetSqlForColumns
 0001:00037AFC       Dbx34DrvDbms.TDBXOpenODBCMetaDataReaderPostgreSQL.GetSqlForIndexColumns
 0001:000374F4       Dbx34DrvDbms.TDBXOpenODBCMetaDataReaderPostgreSQL.GetSqlForIndexes
 0001:0003675C       Dbx34DrvDbms.TDBXOpenODBCMetaDataReaderPostgreSQL.GetSqlForTables
 0001:00036748       Dbx34DrvDbms.TDBXOpenODBCMetaDataReaderSQLite.GetSqlForTables
 0001:00018AD4       Dbx34DrvDbms.TDBXOpenODBCMetaDataReaderSybaseASA.GetDataTypeDescriptions
 0001:00013AC4       Dbx34DrvDbms.TDBXOpenODBCMetaDataReaderSybaseASA.GetProductName
 0001:00016218       Dbx34DrvDbms.TDBXOpenODBCMetaDataReaderSybaseASA.GetReservedWords
 0001:00014244       Dbx34DrvDbms.TDBXOpenODBCMetaDataReaderSybaseASA.GetSqlForColumns
 0001:00015394       Dbx34DrvDbms.TDBXOpenODBCMetaDataReaderSybaseASA.GetSqlForIndexColumns
 0001:00014730       Dbx34DrvDbms.TDBXOpenODBCMetaDataReaderSybaseASA.GetSqlForIndexes
 0001:00013C78       Dbx34DrvDbms.TDBXOpenODBCMetaDataReaderSybaseASA.GetSqlForTables
 0001:00018A54       Dbx34DrvDbms.TDBXOpenODBCMetaDataReaderSybaseASA.GetSystemTableType
 0001:00018A94       Dbx34DrvDbms.TDBXOpenODBCMetaDataReaderSybaseASA.GetSystemViewType
 0001:000189D4       Dbx34DrvDbms.TDBXOpenODBCMetaDataReaderSybaseASA.GetTableType
 0001:00018A14       Dbx34DrvDbms.TDBXOpenODBCMetaDataReaderSybaseASA.GetViewType
 0001:00013B18       Dbx34DrvDbms.TDBXOpenODBCMetaDataReaderSybaseASA.SetContext
 0001:0001E360       Dbx34DrvDbms.TDBXOpenODBCMetaDataReaderSybaseASE.GetDataTypeDescriptions
 0001:00019688       Dbx34DrvDbms.TDBXOpenODBCMetaDataReaderSybaseASE.GetProductName
 0001:0001A844       Dbx34DrvDbms.TDBXOpenODBCMetaDataReaderSybaseASE.GetReservedWords
 0001:00019A44       Dbx34DrvDbms.TDBXOpenODBCMetaDataReaderSybaseASE.GetSqlForColumns
 0001:0001A35C       Dbx34DrvDbms.TDBXOpenODBCMetaDataReaderSybaseASE.GetSqlForIndexColumns
 0001:00019FF0       Dbx34DrvDbms.TDBXOpenODBCMetaDataReaderSybaseASE.GetSqlForIndexes
 0001:000196CC       Dbx34DrvDbms.TDBXOpenODBCMetaDataReaderSybaseASE.GetSqlForTables
 0001:0001E328       Dbx34DrvDbms.TDBXOpenODBCMetaDataReaderSybaseASE.GetSystemTableType
 0001:0001E2B8       Dbx34DrvDbms.TDBXOpenODBCMetaDataReaderSybaseASE.GetTableType
 0001:0001E2F0       Dbx34DrvDbms.TDBXOpenODBCMetaDataReaderSybaseASE.GetViewType
 0004:00000034       DbxDBFix..1
 0002:00000274       DbxDBFix.DbxDBFix
 0001:0004000C       DbxDBFix.Finalization
 0004:0000006C       DbxObjectParser..2
 0001:00060174       DbxObjectParser..TObjectNameParser
 0003:00000CFC       DbxObjectParser.cRegExprSpesialSymbols
 0003:00000C84       DbxObjectParser.DbmsObjectNameTemplateInfo
 0002:000002D4       DbxObjectParser.DbxObjectParser
 0003:00000AD4       DbxObjectParser.DefaultMathesIndexes
 0003:00000AFC       DbxObjectParser.DefaultObjectNameTemplateInfo
 0001:000618C4       DbxObjectParser.Finalization
 0001:00060684       DbxObjectParser.GetDbmsObjectNameTemplateInfo
 0003:00000BE8       DbxObjectParser.InformixMathesIndexes
 0003:00000C04       DbxObjectParser.InformixObjectNameTemplateInfo
 0001:000614F4       DbxObjectParser.LDoCalculateTemplate
 0003:00000B98       DbxObjectParser.OracleMathesIndexes
 0003:00000BB4       DbxObjectParser.OracleObjectNameTemplateInfo
 0003:00000B30       DbxObjectParser.SQLServerMathesIndexes
 0003:00000B64       DbxObjectParser.SQLServerObjectNameTemplateInfo
 0003:00000C38       DbxObjectParser.TextMathesIndexes
 0003:00000C50       DbxObjectParser.TextObjectNameTemplateInfo
 0001:000606D4       DbxObjectParser.TObjectNameParser.Create
 0001:00060DC8       DbxObjectParser.TObjectNameParser.DecodeObjectFullName
 0001:00060D54       DbxObjectParser.TObjectNameParser.Destroy
 0001:00061508       DbxObjectParser.TObjectNameParser.EncodeObjectFullName
 0001:00061830       DbxObjectParser.TObjectNameParser.GetQuotedObjectName
 0004:000000A8       DbxOpenOdbc..13
 0001:00068F68       DbxOpenOdbc..EDbxError
 0001:00068E10       DbxOpenOdbc..EDbxErrorCustom
 0001:00069208       DbxOpenOdbc..EDbxInternalError
 0001:0006915C       DbxOpenOdbc..EDbxInvalidCall
 0001:000692B8       DbxOpenOdbc..EDbxInvalidParam
 0001:000690B0       DbxOpenOdbc..EDbxNotSupported
 0001:00069008       DbxOpenOdbc..EDbxOdbcError
 0001:00068EBC       DbxOpenOdbc..EDbxOdbcWarning
 0001:0006BC74       DbxOpenOdbc..TBlobChunkCollection
 0001:000697E4       DbxOpenOdbc..TDOSQLObject
 0001:0006A67C       DbxOpenOdbc..TMetaColumn
 0001:0006A760       DbxOpenOdbc..TMetaIndexColumn
 0001:0006A870       DbxOpenOdbc..TMetaProcedure
 0001:0006A94C       DbxOpenOdbc..TMetaProcedureParam
 0001:0006A588       DbxOpenOdbc..TMetaTable
 0001:0006BD20       DbxOpenOdbc..TOdbcBindCol
 0001:0006BDF8       DbxOpenOdbc..TOdbcBindParam
 0001:0006A038       DbxOpenOdbc..TSqlCommandOdbc
 0001:00069D2C       DbxOpenOdbc..TSqlConnectionOdbc
 0001:0006AC94       DbxOpenOdbc..TSqlCursorMetaData
 0001:0006B1F4       DbxOpenOdbc..TSqlCursorMetaDataColumns
 0001:0006B48C       DbxOpenOdbc..TSqlCursorMetaDataIndexes
 0001:0006B9C0       DbxOpenOdbc..TSqlCursorMetaDataProcedureParams
 0001:0006B724       DbxOpenOdbc..TSqlCursorMetaDataProcedures
 0001:0006AF60       DbxOpenOdbc..TSqlCursorMetaDataTables
 0001:0006A4D4       DbxOpenOdbc..TSqlCursorOdbc
 0001:00069954       DbxOpenOdbc..TSqlDriverOdbc
 0001:0006A1F8       DbxOpenOdbc..TSQLMetaDataOdbc
 0001:0006E624       DbxOpenOdbc.AllocateDbxHStmtNodes
 0001:00099948       DbxOpenOdbc.CacheTableIndex
 0001:0008E844       DbxOpenOdbc.CalculateBlobFixSize
 0003:00000D5C       DbxOpenOdbc.cBindMapDateTimeOdbc2
 0003:00000D68       DbxOpenOdbc.cBindMapDateTimeOdbc3
 0003:00000E9C       DbxOpenOdbc.cBoolOptionSwitches
 0003:00000D0C       DbxOpenOdbc.cConnectionOptionsDefault
 0003:00000D32       DbxOpenOdbc.cConnectionOptionsRestrictions
 0003:00000E94       DbxOpenOdbc.cDbxDriverVersionString
 0003:00000E98       DbxOpenOdbc.cDbxProductVersionString
 0003:00000D74       DbxOpenOdbc.cDecimalSeparatorDefault
 0003:00000D7C       DbxOpenOdbc.cGetOptionExceptionInfos
 0001:0008BAB8       DbxOpenOdbc.CheckAutoIncSubType
 0001:0006E5FC       DbxOpenOdbc.CheckMaxLines
 0001:00099A64       DbxOpenOdbc.CheckTableIndexColumn
 0001:0006F9F8       DbxOpenOdbc.ClearNewErrors
 0001:000747EC       DbxOpenOdbc.CompactNullConn
 0001:00074B28       DbxOpenOdbc.CompactNullConn
 0002:00000348       DbxOpenOdbc.DbxOpenOdbc
 0001:000958F0       DbxOpenOdbc.DirectoryExistsW
 0001:000839B0       DbxOpenOdbc.DoFetchColumns
 0001:00083CFC       DbxOpenOdbc.DoFetchIndexColumns
 0001:00083B50       DbxOpenOdbc.DoFetchIndexes
 0001:0008358C       DbxOpenOdbc.DoFetchTables
 0001:0006D4D4       DbxOpenOdbc.DoFormatParameter
 0001:000A04D0       DbxOpenOdbc.DoInitialzeUnit
 0001:00084038       DbxOpenOdbc.DoMetadataQuery
 0001:00083EF0       DbxOpenOdbc.DoMetadataQueryExecute
 0001:00082CB0       DbxOpenOdbc.DoPrepareNow
 0001:00082B48       DbxOpenOdbc.DoReBindParams
 0001:000A04C8       DbxOpenOdbc.DoRegisterDbXpressLibA
 0001:000A04CC       DbxOpenOdbc.DoRegisterDbXpressLibAW
 0001:00073928       DbxOpenOdbc.DoRelaseDbxConStmt
 0001:0006BE9C       DbxOpenOdbc.EmbeddedErrorTrack
 0001:0006C640       DbxOpenOdbc.ExtractCatalog
 0001:000A0C24       DbxOpenOdbc.Finalization
 0001:000959E8       DbxOpenOdbc.fix_odbc_read_table_list_w_from_folder
 0001:0006D02C       DbxOpenOdbc.FormatDbxSubType
 0001:0006C9F8       DbxOpenOdbc.FormatDbxType
 0001:0006E4FC       DbxOpenOdbc.FormatParameter
 0001:0006E514       DbxOpenOdbc.FormatParameters
 0001:0006F984       DbxOpenOdbc.GetConnection
 0001:0007C520       DbxOpenOdbc.GetConnectionCustomOptions
 0001:0007C7E8       DbxOpenOdbc.GetDatabaseNameOption
 0001:00095984       DbxOpenOdbc.GetFileExt
 0001:0006BEE4       DbxOpenOdbc.getSQLDriverODBC
 0001:0006C054       DbxOpenOdbc.getSQLDriverODBCAW
 0001:0006F3D4       DbxOpenOdbc.GetStringOptions
 0001:0007D118       DbxOpenOdbc.GetTransactionTypeName
 0001:0007F35C       DbxOpenOdbc.GetValueAsAnsiStr
 0001:0007CA3C       DbxOpenOdbc.GetVendorProperty
 0003:00000D58       DbxOpenOdbc.gHostPlatform
 0001:00074FB0       DbxOpenOdbc.HidePassword
 0001:0006F9E4       DbxOpenOdbc.IsConnection
 0003:00000D75       DbxOpenOdbc.IsDriverEmbedded
 0001:00099918       DbxOpenOdbc.IsFilteredIndex
 0001:000734A4       DbxOpenOdbc.IsFreeDbxConStmt
 0001:0006C190       DbxOpenOdbc.IsRestrictedConnectionOptionValue
 0001:00072DAC       DbxOpenOdbc.LDoClearResult
 0001:0006FAC0       DbxOpenOdbc.LDoMakeResult
 0001:00087928       DbxOpenOdbc.LDo_PostgreSQL_Make_Buffer
 0001:0007C9D8       DbxOpenOdbc.LGetISQLConnection2x
 0001:00086914       DbxOpenOdbc.MakeStoredProcParams
 0001:0006F0B0       DbxOpenOdbc.MakeStringExceptionFromInfo
 0001:00095D74       DbxOpenOdbc.MakeTableTypeString
 0003:00000D78       DbxOpenOdbc.MaxCount
 0001:000750BC       DbxOpenOdbc.MergeAndSetConnOptions
 0001:0006C734       DbxOpenOdbc.OdbcDataTypeToDbxType
 0001:0008B1E8       DbxOpenOdbc.OdbcSqlCTypeToStr
 0001:0008A748       DbxOpenOdbc.OdbcSqlTypeToStr
 0001:0008E778       DbxOpenOdbc.OptimizeNextChunkSize
 0001:00075198       DbxOpenOdbc.ParseConnectionOptions
 0001:0008777C       DbxOpenOdbc.ProcessVarDataLength
 0001:00095920       DbxOpenOdbc.RemoveFileExt
 0001:0009E15C       DbxOpenOdbc.RetrieveProcedureSchemaForSysNaming
 0001:0007F3D4       DbxOpenOdbc.SetConnectionCustomOptions
 0001:0006C21C       DbxOpenOdbc.SetConnectionOption
 0001:0008780C       DbxOpenOdbc.SetVarData
 0001:0006FB50       DbxOpenOdbc.SQLGetDiagRecLevel2
 0001:00099850       DbxOpenOdbc.SyncPKSortOrder
 0001:000A02BC       DbxOpenOdbc.TBlobChunkCollection.AddFragment
 0001:000A02FC       DbxOpenOdbc.TBlobChunkCollection.Clear
 0001:000A0338       DbxOpenOdbc.TBlobChunkCollection.Destroy
 0001:000A0364       DbxOpenOdbc.TBlobChunkCollection.GetSize
 0001:000A0388       DbxOpenOdbc.TBlobChunkCollection.Read
 0001:000A0408       DbxOpenOdbc.TBlobChunkCollection.ReadBlobToStream
 0001:000A03C0       DbxOpenOdbc.TBlobChunkCollection.ReadBlobToVariant
 0001:0006F544       DbxOpenOdbc.TDOSQLObject.SelfObj
 0001:000943C4       DbxOpenOdbc.TMetaColumn.Create
 0001:000945E4       DbxOpenOdbc.TMetaColumn.CreateW
 0001:0009478C       DbxOpenOdbc.TMetaColumn.Destroy
 0001:000947B0       DbxOpenOdbc.TMetaIndexColumn.Create
 0001:00094B70       DbxOpenOdbc.TMetaIndexColumn.CreateW
 0001:00094F18       DbxOpenOdbc.TMetaIndexColumn.Destroy
 0001:00094F3C       DbxOpenOdbc.TMetaProcedure.Create
 0001:000951A8       DbxOpenOdbc.TMetaProcedure.CreateW
 0001:000953FC       DbxOpenOdbc.TMetaProcedure.Destroy
 0001:00095420       DbxOpenOdbc.TMetaProcedureParam.Create
 0001:00095540       DbxOpenOdbc.TMetaProcedureParam.CreateW
 0001:00095654       DbxOpenOdbc.TMetaProcedureParam.Destroy
 0001:00093C48       DbxOpenOdbc.TMetaTable.Create
 0001:00093FD8       DbxOpenOdbc.TMetaTable.CreateW
 0001:00094398       DbxOpenOdbc.TMetaTable.Destroy
 0001:00093B44       DbxOpenOdbc.TOdbcBindCol.Create
 0001:00093B80       DbxOpenOdbc.TOdbcBindCol.Destroy
 0001:00093BD4       DbxOpenOdbc.TOdbcBindParam.Create
 0001:00093C10       DbxOpenOdbc.TOdbcBindParam.Destroy
 0001:00082768       DbxOpenOdbc.TSqlCommandOdbc.AddError
 0001:000827EC       DbxOpenOdbc.TSqlCommandOdbc.BuildStoredProcSQL
 0001:00084A54       DbxOpenOdbc.TSqlCommandOdbc.Cancel
 0001:000826F4       DbxOpenOdbc.TSqlCommandOdbc.ClearParams
 0001:000827B4       DbxOpenOdbc.TSqlCommandOdbc.close
 0001:0008254C       DbxOpenOdbc.TSqlCommandOdbc.CloseStmt
 0001:00082344       DbxOpenOdbc.TSqlCommandOdbc.Create
 0001:0008273C       DbxOpenOdbc.TSqlCommandOdbc.Destroy
 0001:00086308       DbxOpenOdbc.TSqlCommandOdbc.DoAllocateParams
 0001:000823D8       DbxOpenOdbc.TSqlCommandOdbc.DoAllocateStmt
 0001:00082D64       DbxOpenOdbc.TSqlCommandOdbc.DoExecute
 0001:00084118       DbxOpenOdbc.TSqlCommandOdbc.DoExecuteImmediate
 0001:00086394       DbxOpenOdbc.TSqlCommandOdbc.DoExpandParams
 0001:000863F4       DbxOpenOdbc.TSqlCommandOdbc.DoPrepare
 0001:00082A44       DbxOpenOdbc.TSqlCommandOdbc.DoSQLMoreResults
 0001:0008355C       DbxOpenOdbc.TSqlCommandOdbc.DoUnprepareStmt
 0001:000834C4       DbxOpenOdbc.TSqlCommandOdbc.execute
 0001:00084990       DbxOpenOdbc.TSqlCommandOdbc.ExecuteImmediate
 0001:00084AB0       DbxOpenOdbc.TSqlCommandOdbc.GetConnectionHandle
 0001:00084BCC       DbxOpenOdbc.TSqlCommandOdbc.getErrorMessage
 0001:00084C58       DbxOpenOdbc.TSqlCommandOdbc.getErrorMessageLen
 0001:00084B60       DbxOpenOdbc.TSqlCommandOdbc.GetLockTimeout
 0001:00084CB4       DbxOpenOdbc.TSqlCommandOdbc.getNextCursor
 0001:00084EF4       DbxOpenOdbc.TSqlCommandOdbc.GetOption
 0001:00085C80       DbxOpenOdbc.TSqlCommandOdbc.getParameter
 0001:000862F0       DbxOpenOdbc.TSqlCommandOdbc.getRowsAffected
 0001:0008278C       DbxOpenOdbc.TSqlCommandOdbc.OdbcCheck
 0001:00086828       DbxOpenOdbc.TSqlCommandOdbc.prepare
 0001:00084AC4       DbxOpenOdbc.TSqlCommandOdbc.SetLockTimeout
 0001:00086988       DbxOpenOdbc.TSqlCommandOdbc.SetOption
 0001:000879E0       DbxOpenOdbc.TSqlCommandOdbc.setParameter
 0001:000736B8       DbxOpenOdbc.TSqlConnectionOdbc.AllocHStmt
 0001:00074124       DbxOpenOdbc.TSqlConnectionOdbc.beginTransaction
 0001:0007AF60       DbxOpenOdbc.TSqlConnectionOdbc.CheckDbmsTransactionSupport
 0001:00074F9C       DbxOpenOdbc.TSqlConnectionOdbc.CheckHCon
 0001:0007ADF8       DbxOpenOdbc.TSqlConnectionOdbc.CheckTransactionSupport
 0001:00074E6C       DbxOpenOdbc.TSqlConnectionOdbc.ClearConnectionOptions
 0001:000722FC       DbxOpenOdbc.TSqlConnectionOdbc.CloneOdbcConnection
 0001:00074858       DbxOpenOdbc.TSqlConnectionOdbc.commit
 0001:0007527C       DbxOpenOdbc.TSqlConnectionOdbc.connect
 0001:00071C20       DbxOpenOdbc.TSqlConnectionOdbc.Create
 0001:00072D20       DbxOpenOdbc.TSqlConnectionOdbc.CreateRegExpObjectNameParser
 0001:000731FC       DbxOpenOdbc.TSqlConnectionOdbc.DbxCallBackSendMsg
 0001:00073424       DbxOpenOdbc.TSqlConnectionOdbc.DbxCallBackSendMsgFmt
 0001:00072DD4       DbxOpenOdbc.TSqlConnectionOdbc.DecodeObjectFullName
 0001:00071CB0       DbxOpenOdbc.TSqlConnectionOdbc.Destroy
 0001:0007A5B0       DbxOpenOdbc.TSqlConnectionOdbc.disconnect
 0001:00071CE4       DbxOpenOdbc.TSqlConnectionOdbc.DoDestroy
 0001:00072FB0       DbxOpenOdbc.TSqlConnectionOdbc.EncodeObjectFullName
 0001:000735E4       DbxOpenOdbc.TSqlConnectionOdbc.FindFreeConnection
 0001:00073C70       DbxOpenOdbc.TSqlConnectionOdbc.FreeHStmt
 0001:00073F9C       DbxOpenOdbc.TSqlConnectionOdbc.GetCatalog
 0001:00082304       DbxOpenOdbc.TSqlConnectionOdbc.GetConnectionHandle
 0001:000740B4       DbxOpenOdbc.TSqlConnectionOdbc.GetCurrentCatalog
 0001:00073F38       DbxOpenOdbc.TSqlConnectionOdbc.GetCurrentConnectionHandle
 0001:00073F18       DbxOpenOdbc.TSqlConnectionOdbc.GetCurrentDbxConStmt
 0001:00073E58       DbxOpenOdbc.TSqlConnectionOdbc.GetCurrentDbxConStmt
 0001:00082298       DbxOpenOdbc.TSqlConnectionOdbc.GetCursorPreserved
 0001:00082198       DbxOpenOdbc.TSqlConnectionOdbc.GetDbmsName
 0001:00082064       DbxOpenOdbc.TSqlConnectionOdbc.GetDbmsType
 0001:000821E0       DbxOpenOdbc.TSqlConnectionOdbc.GetDbmsVersionBuild
 0001:000821B0       DbxOpenOdbc.TSqlConnectionOdbc.GetDbmsVersionMajor
 0001:000821C0       DbxOpenOdbc.TSqlConnectionOdbc.GetDbmsVersionMinor
 0001:000821D0       DbxOpenOdbc.TSqlConnectionOdbc.GetDbmsVersionRelease
 0001:000821F0       DbxOpenOdbc.TSqlConnectionOdbc.GetDbmsVersionString
 0001:00082330       DbxOpenOdbc.TSqlConnectionOdbc.GetDecimalSeparator
 0001:00072928       DbxOpenOdbc.TSqlConnectionOdbc.GetDefaultConnectionOptions
 0001:000822F4       DbxOpenOdbc.TSqlConnectionOdbc.GetEnvironmentHandle
 0001:0007AD18       DbxOpenOdbc.TSqlConnectionOdbc.getErrorMessage
 0001:0007ADA0       DbxOpenOdbc.TSqlConnectionOdbc.getErrorMessageLen
 0001:000822AC       DbxOpenOdbc.TSqlConnectionOdbc.GetIsSystemODBCManager
 0001:00082188       DbxOpenOdbc.TSqlConnectionOdbc.GetLastOdbcSqlState
 0001:0007AF78       DbxOpenOdbc.TSqlConnectionOdbc.GetMetaDataOption
 0001:00082314       DbxOpenOdbc.TSqlConnectionOdbc.GetOdbcApiIntf
 0001:00082280       DbxOpenOdbc.TSqlConnectionOdbc.GetOdbcConnectString
 0001:00082088       DbxOpenOdbc.TSqlConnectionOdbc.GetOdbcConnectStrings
 0001:000822C0       DbxOpenOdbc.TSqlConnectionOdbc.GetOdbcDriverLevel
 0001:00082208       DbxOpenOdbc.TSqlConnectionOdbc.GetOdbcDriverName
 0001:00082074       DbxOpenOdbc.TSqlConnectionOdbc.GetOdbcDriverType
 0001:00082254       DbxOpenOdbc.TSqlConnectionOdbc.GetOdbcDriverVersionBuild
 0001:00082224       DbxOpenOdbc.TSqlConnectionOdbc.GetOdbcDriverVersionMajor
 0001:00082234       DbxOpenOdbc.TSqlConnectionOdbc.GetOdbcDriverVersionMinor
 0001:00082244       DbxOpenOdbc.TSqlConnectionOdbc.GetOdbcDriverVersionRelease
 0001:00082264       DbxOpenOdbc.TSqlConnectionOdbc.GetOdbcDriverVersionString
 0001:0007D208       DbxOpenOdbc.TSqlConnectionOdbc.GetOption
 0001:00073164       DbxOpenOdbc.TSqlConnectionOdbc.GetQuotedObjectName
 0001:0007F100       DbxOpenOdbc.TSqlConnectionOdbc.getSQLCommand
 0001:0007F22C       DbxOpenOdbc.TSqlConnectionOdbc.getSQLMetaData
 0001:000822E4       DbxOpenOdbc.TSqlConnectionOdbc.GetStatementsPerConnection
 0001:000822D0       DbxOpenOdbc.TSqlConnectionOdbc.GetSupportsSqlPrimaryKeys
 0001:000729E0       DbxOpenOdbc.TSqlConnectionOdbc.GetUnquotedName
 0001:00072AEC       DbxOpenOdbc.TSqlConnectionOdbc.GetUnquotedName
 0001:00072940       DbxOpenOdbc.TSqlConnectionOdbc.GetUnquotedNameLen
 0001:00072BF8       DbxOpenOdbc.TSqlConnectionOdbc.ObjectIsStoredProc
 0001:00073F50       DbxOpenOdbc.TSqlConnectionOdbc.OdbcCheck
 0001:00072D80       DbxOpenOdbc.TSqlConnectionOdbc.ReleaseRegExpObjectNameParser
 0001:00077CA8       DbxOpenOdbc.TSqlConnectionOdbc.RetrieveDbmsOptions
 0001:00078120       DbxOpenOdbc.TSqlConnectionOdbc.RetrieveDriverName
 0001:00074B94       DbxOpenOdbc.TSqlConnectionOdbc.rollback
 0001:000727C4       DbxOpenOdbc.TSqlConnectionOdbc.SetCurrentDbxConStmt
 0001:000727E8       DbxOpenOdbc.TSqlConnectionOdbc.SetLoginTimeout
 0001:00072888       DbxOpenOdbc.TSqlConnectionOdbc.SetNetworkTimeout
 0001:0007FA38       DbxOpenOdbc.TSqlConnectionOdbc.SetOption
 0001:00071DD0       DbxOpenOdbc.TSqlConnectionOdbc.SetVendorLib
 0001:00072074       DbxOpenOdbc.TSqlConnectionOdbc.SynchronizeInTransaction
 0001:00081EB8       DbxOpenOdbc.TSqlConnectionOdbc.TransactionCheck
 0001:00092B7C       DbxOpenOdbc.TSqlCursorMetaData.BindInteger
 0001:000927EC       DbxOpenOdbc.TSqlCursorMetaData.BindSmallint
 0001:00091F98       DbxOpenOdbc.TSqlCursorMetaData.ClearMetaData
 0001:00091EF4       DbxOpenOdbc.TSqlCursorMetaData.Create
 0001:00092078       DbxOpenOdbc.TSqlCursorMetaData.DbgColumnName
 0001:0009210C       DbxOpenOdbc.TSqlCursorMetaData.DbgPhysColumnName
 0001:000924C4       DbxOpenOdbc.TSqlCursorMetaData.DescribeAllocBindString
 0001:0009264C       DbxOpenOdbc.TSqlCursorMetaData.DescribeAllocBindWString
 0001:00091F6C       DbxOpenOdbc.TSqlCursorMetaData.Destroy
 0001:00092EF0       DbxOpenOdbc.TSqlCursorMetaData.getBcd
 0001:00092F1C       DbxOpenOdbc.TSqlCursorMetaData.getBlob
 0001:00092F30       DbxOpenOdbc.TSqlCursorMetaData.getBlobSize
 0001:00092F4C       DbxOpenOdbc.TSqlCursorMetaData.getBytes
 0001:00092F74       DbxOpenOdbc.TSqlCursorMetaData.getColumnCount
 0001:00092F9C       DbxOpenOdbc.TSqlCursorMetaData.getColumnLength
 0001:00093080       DbxOpenOdbc.TSqlCursorMetaData.getColumnName
 0001:00093138       DbxOpenOdbc.TSqlCursorMetaData.getColumnNameLength
 0001:000931E0       DbxOpenOdbc.TSqlCursorMetaData.getColumnPrecision
 0001:000932D8       DbxOpenOdbc.TSqlCursorMetaData.getColumnScale
 0001:000933B8       DbxOpenOdbc.TSqlCursorMetaData.getColumnType
 0001:0009346C       DbxOpenOdbc.TSqlCursorMetaData.getDate
 0001:00093494       DbxOpenOdbc.TSqlCursorMetaData.getDouble
 0001:000934C0       DbxOpenOdbc.TSqlCursorMetaData.getErrorMessage
 0001:00093550       DbxOpenOdbc.TSqlCursorMetaData.getErrorMessageLen
 0001:000937C4       DbxOpenOdbc.TSqlCursorMetaData.getInt64
 0001:000935A8       DbxOpenOdbc.TSqlCursorMetaData.getLong
 0001:000935D0       DbxOpenOdbc.TSqlCursorMetaData.GetOption
 0001:0009206C       DbxOpenOdbc.TSqlCursorMetaData.GetPhysColumnAnsiString
 0001:00091FC4       DbxOpenOdbc.TSqlCursorMetaData.GetPhysColumnNumber
 0001:00092070       DbxOpenOdbc.TSqlCursorMetaData.GetPhysColumnWideString
 0001:000935DC       DbxOpenOdbc.TSqlCursorMetaData.getShort
 0001:00093604       DbxOpenOdbc.TSqlCursorMetaData.getString
 0001:000937F4       DbxOpenOdbc.TSqlCursorMetaData.getTime
 0001:0009381C       DbxOpenOdbc.TSqlCursorMetaData.getTimeStamp
 0001:000936DC       DbxOpenOdbc.TSqlCursorMetaData.getWideString
 0001:00093850       DbxOpenOdbc.TSqlCursorMetaData.isAutoIncrement
 0001:00093860       DbxOpenOdbc.TSqlCursorMetaData.isBlobSizeExact
 0001:00093870       DbxOpenOdbc.TSqlCursorMetaData.isNullable
 0001:0009202C       DbxOpenOdbc.TSqlCursorMetaData.IsPhysColumnStringType
 0001:00092050       DbxOpenOdbc.TSqlCursorMetaData.IsPhysColumnWideStringType
 0001:00093880       DbxOpenOdbc.TSqlCursorMetaData.isReadOnly
 0001:00093894       DbxOpenOdbc.TSqlCursorMetaData.isSearchable
 0001:000938A4       DbxOpenOdbc.TSqlCursorMetaData.next
 0001:000939B4       DbxOpenOdbc.TSqlCursorMetaData.OdbcCheck
 0001:00092318       DbxOpenOdbc.TSqlCursorMetaData.ParseTableName
 0001:000921A8       DbxOpenOdbc.TSqlCursorMetaData.ParseTableNameBase
 0001:0009212C       DbxOpenOdbc.TSqlCursorMetaData.remap
 0001:000938C8       DbxOpenOdbc.TSqlCursorMetaData.SetOption
 0001:00097ABC       DbxOpenOdbc.TSqlCursorMetaDataColumns.Clear
 0001:00097620       DbxOpenOdbc.TSqlCursorMetaDataColumns.Create
 0001:00097A90       DbxOpenOdbc.TSqlCursorMetaDataColumns.Destroy
 0001:00097B38       DbxOpenOdbc.TSqlCursorMetaDataColumns.FetchColumns
 0001:00098E20       DbxOpenOdbc.TSqlCursorMetaDataColumns.getLong
 0001:000991C0       DbxOpenOdbc.TSqlCursorMetaDataColumns.GetPhysColumnAnsiString
 0001:000992F4       DbxOpenOdbc.TSqlCursorMetaDataColumns.GetPhysColumnWideString
 0001:00098FE0       DbxOpenOdbc.TSqlCursorMetaDataColumns.getShort
 0001:00099428       DbxOpenOdbc.TSqlCursorMetaDataColumns.next
 0001:000997D4       DbxOpenOdbc.TSqlCursorMetaDataIndexes.Clear
 0001:0009946C       DbxOpenOdbc.TSqlCursorMetaDataIndexes.Create
 0001:000997A8       DbxOpenOdbc.TSqlCursorMetaDataIndexes.Destroy
 0001:00099A78       DbxOpenOdbc.TSqlCursorMetaDataIndexes.FetchIndexes
 0001:0009CC2C       DbxOpenOdbc.TSqlCursorMetaDataIndexes.getLong
 0001:0009C604       DbxOpenOdbc.TSqlCursorMetaDataIndexes.GetPhysColumnAnsiString
 0001:0009C918       DbxOpenOdbc.TSqlCursorMetaDataIndexes.GetPhysColumnWideString
 0001:0009CDC8       DbxOpenOdbc.TSqlCursorMetaDataIndexes.getShort
 0001:0009CF90       DbxOpenOdbc.TSqlCursorMetaDataIndexes.next
 0001:0009DCF0       DbxOpenOdbc.TSqlCursorMetaDataProcedureParams.Create
 0001:0009E0C4       DbxOpenOdbc.TSqlCursorMetaDataProcedureParams.Destroy
 0001:0009E294       DbxOpenOdbc.TSqlCursorMetaDataProcedureParams.FetchProcedureParams
 0001:0009FD68       DbxOpenOdbc.TSqlCursorMetaDataProcedureParams.getLong
 0001:000A0098       DbxOpenOdbc.TSqlCursorMetaDataProcedureParams.GetPhysColumnAnsiString
 0001:000A0190       DbxOpenOdbc.TSqlCursorMetaDataProcedureParams.GetPhysColumnWideString
 0001:0009FEBC       DbxOpenOdbc.TSqlCursorMetaDataProcedureParams.getShort
 0001:000A0284       DbxOpenOdbc.TSqlCursorMetaDataProcedureParams.next
 0001:0009CFC8       DbxOpenOdbc.TSqlCursorMetaDataProcedures.Create
 0001:0009D204       DbxOpenOdbc.TSqlCursorMetaDataProcedures.Destroy
 0001:0009D264       DbxOpenOdbc.TSqlCursorMetaDataProcedures.FetchProcedures
 0001:0009D920       DbxOpenOdbc.TSqlCursorMetaDataProcedures.getLong
 0001:0009DB6C       DbxOpenOdbc.TSqlCursorMetaDataProcedures.GetPhysColumnAnsiString
 0001:0009DC14       DbxOpenOdbc.TSqlCursorMetaDataProcedures.GetPhysColumnWideString
 0001:0009DA48       DbxOpenOdbc.TSqlCursorMetaDataProcedures.getShort
 0001:0009DCB8       DbxOpenOdbc.TSqlCursorMetaDataProcedures.next
 0001:000958B0       DbxOpenOdbc.TSqlCursorMetaDataTables.Clear
 0001:00095678       DbxOpenOdbc.TSqlCursorMetaDataTables.Create
 0001:00095884       DbxOpenOdbc.TSqlCursorMetaDataTables.Destroy
 0001:00095F30       DbxOpenOdbc.TSqlCursorMetaDataTables.FetchTables
 0001:000974C8       DbxOpenOdbc.TSqlCursorMetaDataTables.getColumnLength
 0001:000970A4       DbxOpenOdbc.TSqlCursorMetaDataTables.getLong
 0001:00097294       DbxOpenOdbc.TSqlCursorMetaDataTables.GetPhysColumnAnsiString
 0001:000973A4       DbxOpenOdbc.TSqlCursorMetaDataTables.GetPhysColumnWideString
 0001:000975E8       DbxOpenOdbc.TSqlCursorMetaDataTables.next
 0001:0008E76C       DbxOpenOdbc.TSqlCursorOdbc.AddError
 0001:0008BB84       DbxOpenOdbc.TSqlCursorOdbc.BindResultSet
 0001:0008E56C       DbxOpenOdbc.TSqlCursorOdbc.CheckFetchCacheColumns
 0001:0008A550       DbxOpenOdbc.TSqlCursorOdbc.ClearCursor
 0001:0008A4A4       DbxOpenOdbc.TSqlCursorOdbc.Create
 0001:0008A5BC       DbxOpenOdbc.TSqlCursorOdbc.Destroy
 0001:0008E2F0       DbxOpenOdbc.TSqlCursorOdbc.DoFetchLateBoundData
 0001:0008E8A8       DbxOpenOdbc.TSqlCursorOdbc.DoFetchLongData
 0001:0008E408       DbxOpenOdbc.TSqlCursorOdbc.FetchLateBoundData
 0001:0008F0A4       DbxOpenOdbc.TSqlCursorOdbc.FetchLongData
 0001:0008F108       DbxOpenOdbc.TSqlCursorOdbc.getBcd
 0001:0008F2FC       DbxOpenOdbc.TSqlCursorOdbc.getBlob
 0001:0008F5B8       DbxOpenOdbc.TSqlCursorOdbc.getBlobSize
 0001:0008F7F0       DbxOpenOdbc.TSqlCursorOdbc.getBytes
 0001:0008FA00       DbxOpenOdbc.TSqlCursorOdbc.getColumnCount
 0001:0008FA18       DbxOpenOdbc.TSqlCursorOdbc.getColumnLength
 0001:0008FEF4       DbxOpenOdbc.TSqlCursorOdbc.getColumnName
 0001:0008FF20       DbxOpenOdbc.TSqlCursorOdbc.getColumnNameLength
 0001:0008FF58       DbxOpenOdbc.TSqlCursorOdbc.getColumnPrecision
 0001:00090064       DbxOpenOdbc.TSqlCursorOdbc.getColumnScale
 0001:000900F4       DbxOpenOdbc.TSqlCursorOdbc.getColumnType
 0001:00090148       DbxOpenOdbc.TSqlCursorOdbc.getDate
 0001:00090370       DbxOpenOdbc.TSqlCursorOdbc.getDouble
 0001:00090558       DbxOpenOdbc.TSqlCursorOdbc.getErrorMessage
 0001:000905F4       DbxOpenOdbc.TSqlCursorOdbc.getErrorMessageLen
 0001:00090654       DbxOpenOdbc.TSqlCursorOdbc.getLong
 0001:00090834       DbxOpenOdbc.TSqlCursorOdbc.GetOption
 0001:00090840       DbxOpenOdbc.TSqlCursorOdbc.getShort
 0001:00090A3C       DbxOpenOdbc.TSqlCursorOdbc.getString
 0001:00090E10       DbxOpenOdbc.TSqlCursorOdbc.getTime
 0001:0009100C       DbxOpenOdbc.TSqlCursorOdbc.getTimeStamp
 0001:00091248       DbxOpenOdbc.TSqlCursorOdbc.isAutoIncrement
 0001:00091388       DbxOpenOdbc.TSqlCursorOdbc.isBlobSizeExact
 0001:000913B8       DbxOpenOdbc.TSqlCursorOdbc.isNullable
 0001:000913E8       DbxOpenOdbc.TSqlCursorOdbc.isReadOnly
 0001:0009144C       DbxOpenOdbc.TSqlCursorOdbc.isSearchable
 0001:00091550       DbxOpenOdbc.TSqlCursorOdbc.next
 0001:0008A71C       DbxOpenOdbc.TSqlCursorOdbc.OdbcCheck
 0001:00091E28       DbxOpenOdbc.TSqlCursorOdbc.SetOption
 0001:000712BC       DbxOpenOdbc.TSqlDriverOdbc.AllocHCon
 0001:000713BC       DbxOpenOdbc.TSqlDriverOdbc.AllocHEnv
 0001:0006F664       DbxOpenOdbc.TSqlDriverOdbc.AssignFields
 0001:0006F634       DbxOpenOdbc.TSqlDriverOdbc.ClearFields
 0001:0006F550       DbxOpenOdbc.TSqlDriverOdbc.Create
 0001:0006F5F4       DbxOpenOdbc.TSqlDriverOdbc.Destroy
[...]
 22317 0001:0009AE17 22319 0001:0009AE25 22326 0001:0009AE87 22328 0001:0009AE9C
 22334 0001:0009B18B 22336 0001:0009B1B3 22338 0001:0009B1F2 22339 0001:0009B1FE
 22340 0001:0009B213 22341 0001:0009B224 22343 0001:0009B235 22345 0001:0009B243
 22346 0001:0009B24C 22348 0001:0009B267 22351 0001:0009B296 22352 0001:0009B2A5
 22354 0001:0009B2C3 22355 0001:0009B2CB 22358 0001:0009B321 22361 0001:0009B32C
 22364 0001:0009B335 22365 0001:0009B341 22367 0001:0009B34A 22369 0001:0009B351
 22370 0001:0009B35E 22373 0001:0009B415 22377 0001:0009B42B 22379 0001:0009B439
 22381 0001:0009B48C 22383 0001:0009B499 22385 0001:0009B49F 22389 0001:0009B4BF
 22395 0001:0009B4C9 22399 0001:0009B521 22400 0001:0009B532 22402 0001:0009B543
 22404 0001:0009B566 22405 0001:0009B577 22407 0001:0009B587 22408 0001:0009B594
 22410 0001:0009B64B 22411 0001:0009B650 22413 0001:0009B664 22415 0001:0009B68D
 22416 0001:0009B6E0 22417 0001:0009B6E9 22420 0001:0009B6FA 22381 0001:0009B702
 22427 0001:0009B70F 22312 0001:0009B72A 22430 0001:0009B738 22431 0001:0009B753
 22432 0001:0009B761 22433 0001:0009B8A3 22434 0001:0009B8C2 22435 0001:0009B8D0
 22437 0001:0009BA12 22127 0001:0009BA18 22441 0001:0009BA24 22443 0001:0009BA4A
 22445 0001:0009BA64 22446 0001:0009BADE 22447 0001:0009BB58 22448 0001:0009BBD2
 22441 0001:0009BBD8 22449 0001:0009BBE4 22451 0001:0009BC0A 22453 0001:0009BC21
 22454 0001:0009BC98 22456 0001:0009BD12 22457 0001:0009BD89 22459 0001:0009BE09
 22460 0001:0009BE86 22462 0001:0009BF06 22463 0001:0009BF83 22464 0001:0009C000
 22465 0001:0009C03C 22449 0001:0009C042 22469 0001:0009C04E 22471 0001:0009C05E
 22472 0001:0009C06F 22473 0001:0009C07E 22474 0001:0009C08F 22475 0001:0009C09E
 22476 0001:0009C0AF 22477 0001:0009C0BE 22478 0001:0009C0CF 22479 0001:0009C0DE
 22480 0001:0009C0EF 22481 0001:0009C0FE 22482 0001:0009C10F 22483 0001:0009C11E
 22484 0001:0009C12F 22485 0001:0009C13E 22486 0001:0009C14F 22488 0001:0009C15E
 22489 0001:0009C170 22490 0001:0009C182 22491 0001:0009C194 22492 0001:0009C1A6
 22493 0001:0009C1B8 22494 0001:0009C1CA 22497 0001:0009C1DC 22500 0001:0009C1FB
 22501 0001:0009C203 22507 0001:0009C20B 22508 0001:0009C216 22509 0001:0009C221
 22510 0001:0009C22C 22511 0001:0009C237 22512 0001:0009C242 22513 0001:0009C24D
 22514 0001:0009C258 22515 0001:0009C263 22516 0001:0009C26E 22517 0001:0009C279
 22519 0001:0009C284 22522 0001:0009C294 22523 0001:0009C2B1 22526 0001:0009C2D0
 22533 0001:0009C332 22539 0001:0009C604 22540 0001:0009C62F 22541 0001:0009C63B
 22543 0001:0009C646 22546 0001:0009C685 22549 0001:0009C6ED 22551 0001:0009C6F5
 22552 0001:0009C721 22554 0001:0009C734 22559 0001:0009C74A 22562 0001:0009C7A2
 22564 0001:0009C7AA 22565 0001:0009C7D6 22567 0001:0009C7E9 22572 0001:0009C7FF
 22573 0001:0009C828 22575 0001:0009C83B 22578 0001:0009C851 22581 0001:0009C85E
 22586 0001:0009C89A 22590 0001:0009C8B0 22592 0001:0009C8BD 22594 0001:0009C8D0
 22597 0001:0009C8DB 22598 0001:0009C8EF 22604 0001:0009C918 22605 0001:0009C943
 22606 0001:0009C94D 22608 0001:0009C958 22611 0001:0009C997 22614 0001:0009CA01
 22616 0001:0009CA09 22617 0001:0009CA36 22619 0001:0009CA49 22624 0001:0009CA5F
 22627 0001:0009CAB9 22629 0001:0009CAC1 22630 0001:0009CAEE 22632 0001:0009CB01
 22637 0001:0009CB17 22638 0001:0009CB41 22640 0001:0009CB54 22643 0001:0009CB6A
 22646 0001:0009CB77 22651 0001:0009CBB3 22655 0001:0009CBC9 22657 0001:0009CBD6
 22659 0001:0009CBE4 22662 0001:0009CBEF 22663 0001:0009CC03 22666 0001:0009CC2C
 22668 0001:0009CC47 22670 0001:0009CC4D 22671 0001:0009CC52 22673 0001:0009CC57
 22674 0001:0009CC65 22676 0001:0009CC7B 22677 0001:0009CC7D 22680 0001:0009CC88
 22681 0001:0009CC93 22684 0001:0009CC9C 22690 0001:0009CCCC 22692 0001:0009CCEC
 22694 0001:0009CCEE 22695 0001:0009CCF5 22696 0001:0009CCFC 22697 0001:0009CD05
 22698 0001:0009CD13 22706 0001:0009CD1D 22710 0001:0009CDC8 22712 0001:0009CDE3
 22714 0001:0009CDE9 22715 0001:0009CDEE 22717 0001:0009CDF3 22718 0001:0009CE01
 22720 0001:0009CE1B 22721 0001:0009CE1D 22724 0001:0009CE2D 22725 0001:0009CE3D
 22729 0001:0009CE46 22730 0001:0009CE56 22733 0001:0009CE5F 22739 0001:0009CE8F
 22741 0001:0009CEAF 22743 0001:0009CEB1 22744 0001:0009CEB8 22745 0001:0009CEC1
 22746 0001:0009CEC9 22747 0001:0009CED7 22755 0001:0009CEE1 22758 0001:0009CF90
 22760 0001:0009CF98 22761 0001:0009CF9B 22763 0001:0009CFAA 22764 0001:0009CFB8
 22767 0001:0009CFBC 22772 0001:0009CFC1 22819 0001:0009CFC8 22821 0001:0009CFE0
 22823 0001:0009CFED 22824 0001:0009CFF3 22826 0001:0009CFF9 22830 0001:0009CFFD
 22831 0001:0009D005 22832 0001:0009D01C 22833 0001:0009D036 22835 0001:0009D050
 22836 0001:0009D05D 22837 0001:0009D065 22839 0001:0009D06E 22840 0001:0009D07E
 22841 0001:0009D085 22843 0001:0009D08F 22844 0001:0009D09F 22845 0001:0009D0A6
 22847 0001:0009D0B0 22848 0001:0009D0C0 22849 0001:0009D0C7 22851 0001:0009D0D1
 22852 0001:0009D0E1 22853 0001:0009D0EA 22855 0001:0009D0F4 22856 0001:0009D104
 22857 0001:0009D10D 22859 0001:0009D117 22860 0001:0009D127 22861 0001:0009D130
 22869 0001:0009D13A 22874 0001:0009D204 22876 0001:0009D210 22878 0001:0009D217
 22880 0001:0009D220 22881 0001:0009D22F 22882 0001:0009D23B 22878 0001:0009D23C
 22883 0001:0009D241 22885 0001:0009D249 22890 0001:0009D254 22912 0001:0009D264
 22914 0001:0009D28F 22915 0001:0009D294 22916 0001:0009D299 22917 0001:0009D29E
 22918 0001:0009D2A3 22919 0001:0009D2AB 22922 0001:0009D2B0 22923 0001:0009D2BC
 22927 0001:0009D2F4 22928 0001:0009D300 22932 0001:0009D30E 22933 0001:0009D313
 22934 0001:0009D318 22936 0001:0009D325 22937 0001:0009D32D 22938 0001:0009D339
 22941 0001:0009D33E 22952 0001:0009D354 22956 0001:0009D372 22957 0001:0009D386
 22960 0001:0009D38D 22965 0001:0009D3AF 22966 0001:0009D3BA 22968 0001:0009D4B2
 22969 0001:0009D4B7 22970 0001:0009D4C6 22971 0001:0009D4DB 22972 0001:0009D4F0
 22973 0001:0009D505 22975 0001:0009D51A 22976 0001:0009D51F 22977 0001:0009D524
 22979 0001:0009D529 22980 0001:0009D53B 22982 0001:0009D54D 22983 0001:0009D554
 22984 0001:0009D55B 22986 0001:0009D562 22989 0001:0009D56D 22990 0001:0009D578
 22992 0001:0009D67C 22993 0001:0009D69B 22995 0001:0009D6A9 22996 0001:0009D6CB
 22997 0001:0009D6ED 22999 0001:0009D716 22986 0001:0009D728 23004 0001:0009D733
 23006 0001:0009D73E 23007 0001:0009D743 23008 0001:0009D746 23009 0001:0009D751
 23010 0001:0009D754 23011 0001:0009D75F 23013 0001:0009D762 23014 0001:0009D76E
 23015 0001:0009D77A 23017 0001:0009D793 23018 0001:0009D79B 23019 0001:0009D7A3
 23021 0001:0009D7AB 23024 0001:0009D7B4 23025 0001:0009D7C8 23028 0001:0009D7DB
 23036 0001:0009D803 23039 0001:0009D920 23040 0001:0009D926 23042 0001:0009D928
 23043 0001:0009D936 23045 0001:0009D99C 23047 0001:0009D9A2 23050 0001:0009D9B4
 23051 0001:0009D9BF 23056 0001:0009D9C8 23057 0001:0009D9D1 23061 0001:0009D9DA
 23062 0001:0009D9E3 23070 0001:0009D9EC 23073 0001:0009D9F7 23075 0001:0009DA17
 23077 0001:0009DA19 23078 0001:0009DA20 23079 0001:0009DA27 23080 0001:0009DA35
 23088 0001:0009DA3F 23091 0001:0009DA48 23092 0001:0009DA4E 23094 0001:0009DA50
 23095 0001:0009DA5E 23097 0001:0009DAC4 23099 0001:0009DACA 23102 0001:0009DADB
 23103 0001:0009DAE3 23107 0001:0009DAEC 23108 0001:0009DAF4 23112 0001:0009DAFD
 23113 0001:0009DB05 23122 0001:0009DB10 23126 0001:0009DB1B 23128 0001:0009DB3B
 23130 0001:0009DB3D 23131 0001:0009DB44 23132 0001:0009DB4B 23133 0001:0009DB59
 23141 0001:0009DB63 23146 0001:0009DB6C 23147 0001:0009DB8F 23148 0001:0009DB9B
 23150 0001:0009DBA2 23152 0001:0009DBB5 23154 0001:0009DBC2 23156 0001:0009DBCF
 23159 0001:0009DBDA 23160 0001:0009DBEE 23165 0001:0009DC14 23166 0001:0009DC37
 23167 0001:0009DC41 23169 0001:0009DC48 23171 0001:0009DC5B 23173 0001:0009DC68
 23175 0001:0009DC75 23178 0001:0009DC80 23179 0001:0009DC94 23182 0001:0009DCB8
 23184 0001:0009DCC0 23185 0001:0009DCC3 23187 0001:0009DCD2 23188 0001:0009DCE0
 23191 0001:0009DCE4 23196 0001:0009DCE9 23350 0001:0009DCF0 23352 0001:0009DD08
 23354 0001:0009DD15 23355 0001:0009DD1B 23357 0001:0009DD21 23361 0001:0009DD25
 23362 0001:0009DD2D 23363 0001:0009DD44 23364 0001:0009DD5E 23366 0001:0009DD78
 23367 0001:0009DD85 23368 0001:0009DD8D 23370 0001:0009DD96 23371 0001:0009DDA6
 23372 0001:0009DDAD 23374 0001:0009DDB7 23375 0001:0009DDC7 23376 0001:0009DDCE
 23378 0001:0009DDD8 23379 0001:0009DDE8 23380 0001:0009DDEF 23382 0001:0009DDF9
 23383 0001:0009DE09 23384 0001:0009DE10 23386 0001:0009DE1A 23387 0001:0009DE2A
 23388 0001:0009DE33 23390 0001:0009DE3D 23391 0001:0009DE4D 23392 0001:0009DE56
 23394 0001:0009DE60 23395 0001:0009DE70 23396 0001:0009DE79 23398 0001:0009DE83
 23399 0001:0009DE93 23400 0001:0009DE9A 23402 0001:0009DEA4 23403 0001:0009DEB4
 23404 0001:0009DEBD 23406 0001:0009DEC7 23407 0001:0009DED7 23408 0001:0009DEE0
 23410 0001:0009DEEA 23411 0001:0009DEFA 23412 0001:0009DF03 23414 0001:0009DF0D
 23415 0001:0009DF1D 23416 0001:0009DF26 23418 0001:0009DF30 23419 0001:0009DF40
 23420 0001:0009DF49 23428 0001:0009DF53 23433 0001:0009E0C4 23435 0001:0009E0D0
 23437 0001:0009E0D7 23439 0001:0009E0E0 23440 0001:0009E0EF 23441 0001:0009E0FB
 23437 0001:0009E0FC 23442 0001:0009E101 23444 0001:0009E109 23446 0001:0009E110
 23448 0001:0009E119 23449 0001:0009E128 23450 0001:0009E134 23446 0001:0009E135
 23451 0001:0009E13A 23453 0001:0009E142 23458 0001:0009E14D 23530 0001:0009E15C
 23531 0001:0009E178 23532 0001:0009E18C 23534 0001:0009E1A2 23535 0001:0009E1BD
 23537 0001:0009E1CF 23538 0001:0009E1D6 23539 0001:0009E1E5 23541 0001:0009E1EB
 23542 0001:0009E1FC 23543 0001:0009E20A 23544 0001:0009E21D 23545 0001:0009E226
 23547 0001:0009E22A 23548 0001:0009E245 23549 0001:0009E24B 23551 0001:0009E25E
 23555 0001:0009E268 23558 0001:0009E270 23560 0001:0009E294 23565 0001:0009E2C1
 23566 0001:0009E2C6 23567 0001:0009E2CB 23568 0001:0009E2D0 23569 0001:0009E2D5
 23570 0001:0009E2DA 23571 0001:0009E2E2 23574 0001:0009E2EA 23575 0001:0009E2FA
 23580 0001:0009E39C 23581 0001:0009E3AB 23585 0001:0009E3B9 23586 0001:0009E3C1
 23587 0001:0009E3C9 23589 0001:0009E3D6 23590 0001:0009E3E7 23591 0001:0009E3F3
 23594 0001:0009E3FB 23596 0001:0009E414 23597 0001:0009E418 23600 0001:0009E426
 23603 0001:0009E42A 23605 0001:0009E434 23607 0001:0009E442 23608 0001:0009E45E
 23610 0001:0009E469 23612 0001:0009E477 23613 0001:0009E493 23615 0001:0009E49E
 23617 0001:0009E4B4 23618 0001:0009E4D0 23620 0001:0009E4E2 23623 0001:0009E524
 23624 0001:0009E53C 23625 0001:0009E549 23628 0001:0009E554 23630 0001:0009E55F
 23632 0001:0009E56D 23633 0001:0009E589 23637 0001:0009E594 23638 0001:0009E59A
 23639 0001:0009E5A2 23641 0001:0009E5A7 23642 0001:0009E5B6 23644 0001:0009E5BB
 23645 0001:0009E5CD 23648 0001:0009E5D7 23649 0001:0009E5E7 23654 0001:0009E71D
 23659 0001:0009E79D 23660 0001:0009E7A8 23662 0001:0009E8D3 23663 0001:0009E8E2
 23664 0001:0009E8FA 23665 0001:0009E907 23666 0001:0009E91F 23667 0001:0009E937
 23668 0001:0009E94F 23669 0001:0009E96A 23670 0001:0009E985 23672 0001:0009E99D
 23673 0001:0009E9B8 23674 0001:0009E9D3 23675 0001:0009E9EE 23681 0001:0009EA09
 23682 0001:0009EA12 23683 0001:0009EA1B 23684 0001:0009EA23 23687 0001:0009EA2B
 23688 0001:0009EA46 23689 0001:0009EA54 23690 0001:0009EA6C 23692 0001:0009EA82
 23693 0001:0009EA89 23696 0001:0009EA95 23697 0001:0009EAA7 23699 0001:0009EAB9
 23705 0001:0009EACE 23708 0001:0009EAD9 23709 0001:0009EAE4 23717 0001:0009EC20
 23718 0001:0009EC26 23720 0001:0009EC32 23721 0001:0009EC34 23724 0001:0009EC55
 23729 0001:0009EC6A 23733 0001:0009EC6F 23735 0001:0009EC7D 23736 0001:0009EC98
 23737 0001:0009ECA5 23738 0001:0009ECB6 23740 0001:0009ECC3 23741 0001:0009ECC6
 23743 0001:0009ECF1 23745 0001:0009ECF8 23747 0001:0009ED01 23749 0001:0009ED0A
 23751 0001:0009ED13 23756 0001:0009ED1A 23757 0001:0009ED23 23759 0001:0009ED2C
 23761 0001:0009ED35 23762 0001:0009ED3E 23764 0001:0009ED46 23766 0001:0009ED51
 23767 0001:0009ED5A 23770 0001:0009ED63 23771 0001:0009ED76 23773 0001:0009ED8D
 23775 0001:0009ED96 23778 0001:0009EDC6 23779 0001:0009EDD0 23781 0001:0009EE0F
 23782 0001:0009EE1A 23783 0001:0009EE25 23785 0001:0009EED2 23786 0001:0009EEDC
 23788 0001:0009EEE4 23789 0001:0009EEEA 23790 0001:0009EEF3 23791 0001:0009EEF6
 23795 0001:0009EEFE 23796 0001:0009EF07 23797 0001:0009EF10 23799 0001:0009EF18
 23802 0001:0009EF20 23705 0001:0009EF35 23813 0001:0009EF40 23819 0001:0009F02C
 23824 0001:0009F02E 23828 0001:0009F099 23830 0001:0009F09E 23832 0001:0009F0A6
 23833 0001:0009F0AF 23842 0001:0009F0C7 23844 0001:0009F0D7 23846 0001:0009F192
 23849 0001:0009F1A1 23850 0001:0009F1B0 23852 0001:0009F1D2 23854 0001:0009F1EE
 23855 0001:0009F1F7 23856 0001:0009F1FA 23857 0001:0009F24F 23858 0001:0009F25C
 23859 0001:0009F25F 23861 0001:0009F28C 23863 0001:0009F295 23865 0001:0009F29E
 23867 0001:0009F2A7 23869 0001:0009F2B0 23872 0001:0009F2B7 23873 0001:0009F2C5
 23874 0001:0009F2D3 23875 0001:0009F2E2 23876 0001:0009F2EE 23877 0001:0009F2FC
 23878 0001:0009F302 23879 0001:0009F30F 23882 0001:0009F39D 23883 0001:0009F3A9
 23885 0001:0009F3BB 23888 0001:0009F3CD 23891 0001:0009F3DF 23893 0001:0009F3F1
 23895 0001:0009F403 23897 0001:0009F415 23899 0001:0009F427 23901 0001:0009F439
 23903 0001:0009F44B 23905 0001:0009F4A0 23907 0001:0009F4B2 23909 0001:0009F505
 23911 0001:0009F517 23913 0001:0009F529 23915 0001:0009F53B 23917 0001:0009F54D
 23919 0001:0009F55F 23921 0001:0009F571 23923 0001:0009F580 23925 0001:0009F58F
 23927 0001:0009F59E 23929 0001:0009F5AD 23931 0001:0009F5BC 23933 0001:0009F5CB
 23936 0001:0009F5DA 23938 0001:0009F5E9 23941 0001:0009F5F6 23942 0001:0009F658
 23943 0001:0009F660 23850 0001:0009F661 23951 0001:0009F66D 23952 0001:0009F679
 23958 0001:0009F6AD 23959 0001:0009F6B7 23960 0001:0009F6C1 23961 0001:0009F6CB
 23962 0001:0009F6D5 23963 0001:0009F6DF 23965 0001:0009F6FA 23966 0001:0009F709
 23967 0001:0009F72A 23968 0001:0009F74B 23969 0001:0009F76C 23963 0001:0009F76D
 23970 0001:0009F775 23972 0001:0009F78C 23973 0001:0009F79B 23974 0001:0009F7BC
 23975 0001:0009F7DD 23970 0001:0009F7DE 23979 0001:0009F7E6 23981 0001:0009F7F3
 23982 0001:0009F801 23983 0001:0009F80D 23984 0001:0009F81B 23985 0001:0009F827
 23986 0001:0009F835 23987 0001:0009F841 23988 0001:0009F84F 23989 0001:0009F85B
 23990 0001:0009F869 23992 0001:0009F875 23993 0001:0009F884 23994 0001:0009F893
 23995 0001:0009F8A2 23996 0001:0009F8B1 23998 0001:0009F8CD 23999 0001:0009F8D5
 24000 0001:0009F8DD 24001 0001:0009F8E5 24002 0001:0009F8ED 24004 0001:0009F8F5
 24007 0001:0009F902 24008 0001:0009F919 24011 0001:0009F932 24018 0001:0009F991
 24021 0001:0009FD68 24022 0001:0009FD6E 24024 0001:0009FD70 24025 0001:0009FD7E
 24027 0001:0009FDE4 24029 0001:0009FDEA 24032 0001:0009FE02 24033 0001:0009FE0D
 24037 0001:0009FE16 24038 0001:0009FE24 24042 0001:0009FE2D 24043 0001:0009FE3B
 24047 0001:0009FE44 24048 0001:0009FE4B 24057 0001:0009FE56 24061 0001:0009FE61
 24063 0001:0009FE81 24065 0001:0009FE83 24066 0001:0009FE8A 24067 0001:0009FE91
 24068 0001:0009FE9A 24069 0001:0009FEA8 24077 0001:0009FEB2 24081 0001:0009FEBC
 24082 0001:0009FEC2 24084 0001:0009FEC4 24085 0001:0009FED2 24087 0001:0009FF3C
 24089 0001:0009FF46 24092 0001:0009FF82 24093 0001:0009FF92 24097 0001:0009FF9E
 24098 0001:0009FFAE 24102 0001:0009FFBA 24103 0001:0009FFCA 24107 0001:0009FFD3
 24108 0001:0009FFE3 24112 0001:0009FFEC 24113 0001:0009FFFC 24117 0001:000A0005
 24118 0001:000A0015 24122 0001:000A001E 24123 0001:000A0026 24132 0001:000A0031
 24136 0001:000A003C 24138 0001:000A005C 24140 0001:000A005E 24141 0001:000A0065
 24142 0001:000A006D 24143 0001:000A0076 24144 0001:000A0084 24152 0001:000A008E
 24157 0001:000A0098 24158 0001:000A00BB 24159 0001:000A00C7 24160 0001:000A00D8
 24162 0001:000A00DA 24164 0001:000A010D 24166 0001:000A011D 24168 0001:000A012D
 24170 0001:000A013D 24172 0001:000A014A 24175 0001:000A0155 24176 0001:000A0169
 24181 0001:000A0190 24182 0001:000A01B3 24183 0001:000A01BD 24184 0001:000A01CE
 24186 0001:000A01D0 24188 0001:000A0203 24190 0001:000A0213 24192 0001:000A0223
 24194 0001:000A0233 24196 0001:000A0240 24199 0001:000A024B 24200 0001:000A025F
 24203 0001:000A0284 24205 0001:000A028C 24206 0001:000A028F 24208 0001:000A029E
 24209 0001:000A02AC 24212 0001:000A02B0 24217 0001:000A02B5 24224 0001:000A02BC
 24225 0001:000A02C5 24227 0001:000A02CF 24228 0001:000A02D1 24229 0001:000A02D4
 24231 0001:000A02D9 24232 0001:000A02DF 24234 0001:000A02E7 24235 0001:000A02EA
 24236 0001:000A02ED 24240 0001:000A02F6 24245 0001:000A02FC 24248 0001:000A0307
 24249 0001:000A0309 24250 0001:000A030F 24251 0001:000A0316 24246 0001:000A0322
 24259 0001:000A0329 24260 0001:000A032E 24263 0001:000A0338 24264 0001:000A0343
 24265 0001:000A0349 24266 0001:000A0354 24269 0001:000A0364 24270 0001:000A036D
 24271 0001:000A0379 24277 0001:000A0388 24278 0001:000A0393 24280 0001:000A0398
 24281 0001:000A039A 24282 0001:000A039D 24285 0001:000A03A1 24287 0001:000A03AD
 24289 0001:000A03B0 24282 0001:000A03B3 24291 0001:000A03B7 24296 0001:000A03C0
 24297 0001:000A03DD 24298 0001:000A03EB 24317 0001:000A03FA 24324 0001:000A0408
 24325 0001:000A0429 24327 0001:000A043F 24331 0001:000A044F 24332 0001:000A045D
 24333 0001:000A0460 24335 0001:000A0464 24336 0001:000A0469 24337 0001:000A047F
 24339 0001:000A0483 24340 0001:000A048D 24342 0001:000A0495 24333 0001:000A0498
 24345 0001:000A049C 24354 0001:000A04C8 24363 0001:000A04CC 24388 0001:000A04D0
 24389 0001:000A04EF 24390 0001:000A04F6 24391 0001:000A04FE 24392 0001:000A0523
 24393 0001:000A0548 24395 0001:000A056D 24396 0001:000A0592 24397 0001:000A05B7
 24398 0001:000A05DC 24401 0001:000A0601 24402 0001:000A0649 24413 0001:000A0656
 24415 0001:000A0689 24416 0001:000A06AE 24417 0001:000A06D3 24418 0001:000A06F8
 24420 0001:000A071D 24421 0001:000A0729 24434 0001:000A0735 24440 0001:000A0C24
 24445 0001:000A0C56

Line numbers for DbxOpenOdbc(DbxOpenOdbc.pas) segment .itext

 24436 0002:00000348 24437 0002:00000351 24439 0002:00000356

Line numbers for DbxOpenOdbcStatic(DbxOpenOdbcStatic.pas) segment .text

    83 0001:000A0CD8    84 0001:000A0CE2    90 0001:000A0CE4    91 0001:000A0CFF
    92 0001:000A0D39    94 0001:000A0D41    95 0001:000A0D4A   101 0001:000A0DA8
   102 0001:000A0DC3   103 0001:000A0DFD   105 0001:000A0E05   106 0001:000A0E0E
   112 0001:000A0E6C   113 0001:000A0E72   114 0001:000A0E83   116 0001:000A0E8C
   117 0001:000A0E8F   127 0001:000A0E94   128 0001:000A0EAF   129 0001:000A0EBD
   130 0001:000A0EE3   132 0001:000A0F24   134 0001:000A0F3B   136 0001:000A0F48
   138 0001:000A0F4E   139 0001:000A0F56   272 0001:000A0F5B   274 0001:000A0F6A
   277 0001:000A0F7A   279 0001:000A0F89   283 0001:000A0F96   285 0001:000A0FA5
   288 0001:000A0FB2   290 0001:000A0FC1   294 0001:000A0FCE   296 0001:000A0FDD
   299 0001:000A0FEA   301 0001:000A0FF9   305 0001:000A1006   306 0001:000A100E
   308 0001:000A110C   313 0001:000A1114   315 0001:000A1125   316 0001:000A112C
   319 0001:000A1132   320 0001:000A1140   325 0001:000A114C   327 0001:000A1155
   328 0001:000A115C   330 0001:000A1164   331 0001:000A1170   332 0001:000A117A
   334 0001:000A1182   337 0001:000A118C   338 0001:000A1193   340 0001:000A119B
   341 0001:000A11A5   342 0001:000A11AF   343 0001:000A11B9   345 0001:000A11C3
   351 0001:000A11C4   354 0001:000A11D2   364 0001:000A1246   365 0001:000A1252
   367 0001:000A125B   368 0001:000A1263   371 0001:000A1264   375 0001:000A1269
   376 0001:000A127A   386 0001:000A1306   387 0001:000A1312   389 0001:000A131B
   390 0001:000A1323   393 0001:000A1324   395 0001:000A1329   405 0001:000A1480
   407 0001:000A148D

Line numbers for DbxOpenOdbcStatic(DbxOpenOdbcStatic.pas) segment .itext

   397 0002:00000358   398 0002:00000367   399 0002:0000036C   400 0002:00000376
   402 0002:0000039D   404 0002:000003C2

Line numbers for .dbxoodbc_emb(.\..\..\..\source\packages\pkg\dbxoodbc.dpk) segment .itext

    77 0002:0000043C

Bound resource files

dbxoodbc_man_icn.res
dbxoodbc_ver.res
C:\TEMP\dtfF53.tmp


Program entry point at 0002:0000043C
