
 Start         Length     Name                   Class
 0001:00401000 0004CFF8H .text                   CODE
 0002:0044E000 00001BA0H .data                   DATA
 0003:00450000 00000068H .bss                    BSS
 0004:00000000 00000000H .tls                    TLS
 0005:00466000 00001344H .pdata                  PDATA


Detailed map of segments

 0001:00000000 000003C8 C=CODE     S=.text    G=(none)   M=System   ACBP=A9
 0001:000003C8 000010C8 C=CODE     S=.text    G=(none)   M=SysInit  ACBP=A9
 0001:00001490 00000018 C=CODE     S=.text    G=(none)   M=System.Types ACBP=A9
 0001:000014A8 00000020 C=CODE     S=.text    G=(none)   M=System.UITypes ACBP=A9
 0001:000014C8 000000F4 C=CODE     S=.text    G=(none)   M=Winapi.Windows ACBP=A9
 0001:000015BC 0000001C C=CODE     S=.text    G=(none)   M=System.SysConst ACBP=A9
 0001:000015D8 00000020 C=CODE     S=.text    G=(none)   M=Winapi.ImageHlp ACBP=A9
 0001:000015F8 00000020 C=CODE     S=.text    G=(none)   M=Winapi.SHFolder ACBP=A9
 0001:00001618 00000028 C=CODE     S=.text    G=(none)   M=Winapi.PsAPI ACBP=A9
 0001:00001640 00000018 C=CODE     S=.text    G=(none)   M=System.RTLConsts ACBP=A9
 0001:00001658 00000020 C=CODE     S=.text    G=(none)   M=System.Character ACBP=A9
 0001:00001678 00000020 C=CODE     S=.text    G=(none)   M=System.Internal.ExcUtils ACBP=A9
 0001:00001698 000001A0 C=CODE     S=.text    G=(none)   M=System.SysUtils ACBP=A9
 0001:00001838 00000028 C=CODE     S=.text    G=(none)   M=Winapi.Messages ACBP=A9
 0001:00001860 00000018 C=CODE     S=.text    G=(none)   M=Winapi.ActiveX ACBP=A9
 0001:00001878 00000020 C=CODE     S=.text    G=(none)   M=System.VarUtils ACBP=A9
 0001:00001898 00000020 C=CODE     S=.text    G=(none)   M=System.Variants ACBP=A9
 0001:000018B8 00000020 C=CODE     S=.text    G=(none)   M=System.TypInfo ACBP=A9
 0001:000018D8 000000D0 C=CODE     S=.text    G=(none)   M=System.Classes ACBP=A9
 0001:000019A8 00000020 C=CODE     S=.text    G=(none)   M=Data.DBXCommonResStrs ACBP=A9
 0001:000019C8 00000070 C=CODE     S=.text    G=(none)   M=Data.DBXClassRegistry ACBP=A9
 0001:00001A38 00000020 C=CODE     S=.text    G=(none)   M=System.MaskUtils ACBP=A9
 0001:00001A58 00000020 C=CODE     S=.text    G=(none)   M=System.WideStrUtils ACBP=A9
 0001:00001A78 00000020 C=CODE     S=.text    G=(none)   M=System.Math ACBP=A9
 0001:00001A98 00000020 C=CODE     S=.text    G=(none)   M=System.WideStrings ACBP=A9
 0001:00001AB8 00000040 C=CODE     S=.text    G=(none)   M=System.TimeSpan ACBP=A9
 0001:00001AF8 00000020 C=CODE     S=.text    G=(none)   M=System.Diagnostics ACBP=A9
 0001:00001B18 00000020 C=CODE     S=.text    G=(none)   M=System.SyncObjs ACBP=A9
 0001:00001B38 00000030 C=CODE     S=.text    G=(none)   M=System.StrUtils ACBP=A9
 0001:00001B68 00000020 C=CODE     S=.text    G=(none)   M=System.AnsiStrings ACBP=A9
 0001:00001B88 00000020 C=CODE     S=.text    G=(none)   M=System.Generics.Defaults ACBP=A9
 0001:00001BA8 00000020 C=CODE     S=.text    G=(none)   M=System.Generics.Collections ACBP=A9
 0001:00001BC8 00000040 C=CODE     S=.text    G=(none)   M=System.DateUtils ACBP=A9
 0001:00001C08 00000020 C=CODE     S=.text    G=(none)   M=Data.DBConsts ACBP=A9
 0001:00001C28 00000020 C=CODE     S=.text    G=(none)   M=Data.SqlTimSt ACBP=A9
 0001:00001C48 00000020 C=CODE     S=.text    G=(none)   M=Data.FmtBcd ACBP=A9
 0001:00001C68 00000020 C=CODE     S=.text    G=(none)   M=Data.DBCommonTypes ACBP=A9
 0001:00001C88 00000020 C=CODE     S=.text    G=(none)   M=Data.DB  ACBP=A9
 0001:00001CA8 00000020 C=CODE     S=.text    G=(none)   M=System.Contnrs ACBP=A9
 0001:00001CC8 00000020 C=CODE     S=.text    G=(none)   M=System.ObjAuto ACBP=A9
 0001:00001CE8 00000080 C=CODE     S=.text    G=(none)   M=Data.DBXPlatform ACBP=A9
 0001:00001D68 00000020 C=CODE     S=.text    G=(none)   M=System.Masks ACBP=A9
 0001:00001D88 00000040 C=CODE     S=.text    G=(none)   M=System.IOUtils ACBP=A9
 0001:00001DC8 00000020 C=CODE     S=.text    G=(none)   M=System.IniFiles ACBP=A9
 0001:00001DE8 00000020 C=CODE     S=.text    G=(none)   M=Data.DBXJSON ACBP=A9
 0001:00001E08 00000020 C=CODE     S=.text    G=(none)   M=Data.DBCommon ACBP=A9
 0001:00001E28 00000020 C=CODE     S=.text    G=(none)   M=System.Win.ComConst ACBP=A9
 0001:00001E48 00000040 C=CODE     S=.text    G=(none)   M=System.Win.ComObj ACBP=A9
 0001:00001E88 00000020 C=CODE     S=.text    G=(none)   M=Datasnap.MidConst ACBP=A9
 0001:00001EA8 00000020 C=CODE     S=.text    G=(none)   M=Datasnap.DSIntf ACBP=A9
 0001:00001EC8 00000020 C=CODE     S=.text    G=(none)   M=Datasnap.Midas ACBP=A9
 0001:00001EE8 00000020 C=CODE     S=.text    G=(none)   M=Datasnap.DBClient ACBP=A9
 0001:00001F08 00000020 C=CODE     S=.text    G=(none)   M=Datasnap.DataBkr ACBP=A9
 0001:00001F28 00000020 C=CODE     S=.text    G=(none)   M=Datasnap.Provider ACBP=A9
 0001:00001F48 00000020 C=CODE     S=.text    G=(none)   M=Data.DSUtil ACBP=A9
 0001:00001F68 00000040 C=CODE     S=.text    G=(none)   M=System.Win.Registry ACBP=A9
 0001:00001FA8 00000560 C=CODE     S=.text    G=(none)   M=Data.DBXCommon ACBP=A9
 0001:00002508 00000050 C=CODE     S=.text    G=(none)   M=Data.DBXDynalinkNative ACBP=A9
 0001:00002558 00000110 C=CODE     S=.text    G=(none)   M=Data.DBXDynalink ACBP=A9
 0001:00002668 00000020 C=CODE     S=.text    G=(none)   M=Data.DBXDelegate ACBP=A9
 0001:00002688 00000020 C=CODE     S=.text    G=(none)   M=Data.DBXJSONCommon ACBP=A9
 0001:000026A8 00000020 C=CODE     S=.text    G=(none)   M=Data.DBXCommonTable ACBP=A9
 0001:000026C8 00000020 C=CODE     S=.text    G=(none)   M=Data.DBXMetaDataUtil ACBP=A9
 0001:000026E8 00000020 C=CODE     S=.text    G=(none)   M=Data.DBXSqlScanner ACBP=A9
 0001:00002708 00000020 C=CODE     S=.text    G=(none)   M=Data.DBXMetaDataError ACBP=A9
 0001:00002728 00000020 C=CODE     S=.text    G=(none)   M=Data.DBXMetaDataNames ACBP=A9
 0001:00002748 00000020 C=CODE     S=.text    G=(none)   M=Data.DBXMetaDataWriter ACBP=A9
 0001:00002768 00000020 C=CODE     S=.text    G=(none)   M=Data.DBXDBReaders ACBP=A9
 0001:00002788 00000020 C=CODE     S=.text    G=(none)   M=Data.DBXTableFactory ACBP=A9
 0001:000027A8 00000020 C=CODE     S=.text    G=(none)   M=Data.DBXTypedTableStorage ACBP=A9
 0001:000027C8 00000020 C=CODE     S=.text    G=(none)   M=Data.DBXMetaDataProvider ACBP=A9
 0001:000027E8 00000650 C=CODE     S=.text    G=(none)   M=Data.DBXMetaDataReader ACBP=A9
 0001:00002E38 000000D0 C=CODE     S=.text    G=(none)   M=Data.DBXMetaDataCommand ACBP=A9
 0001:00002F08 00000020 C=CODE     S=.text    G=(none)   M=Data.DBXReaderTableStorage ACBP=A9
 0001:00002F28 000000F0 C=CODE     S=.text    G=(none)   M=Data.DBXMetaDataCommandFactory ACBP=A9
 0001:00003018 00041348 C=CODE     S=.text    G=(none)   M=Dbx34DrvDbms ACBP=A9
 0001:00044360 00008414 C=CODE     S=.text    G=(none)   M=Dbx34Drv ACBP=A9
 0001:0004C774 0000003C C=CODE     S=.text    G=(none)   M=DbxXXDrv ACBP=A9
 0001:0004C7B0 00000020 C=CODE     S=.text    G=(none)   M=DbxDBFix ACBP=A9
 0001:0004C7D0 00000828 C=CODE     S=.text    G=(none)   M=.dbxoodbc ACBP=A9
 0002:00000000 00000154 C=DATA     S=.data    G=DGROUP   M=SysInit  ACBP=A9
 0002:00000154 00000024 C=DATA     S=.data    G=DGROUP   M=Winapi.Windows ACBP=A9
 0002:00000178 00000008 C=DATA     S=.data    G=DGROUP   M=Winapi.PsAPI ACBP=A9
 0002:00000180 00000008 C=DATA     S=.data    G=DGROUP   M=Winapi.Messages ACBP=A9
 0002:00000188 000009CC C=DATA     S=.data    G=DGROUP   M=Dbx34DrvDbms ACBP=A9
 0002:00000B54 00000FC8 C=DATA     S=.data    G=DGROUP   M=Dbx34Drv ACBP=A9
 0002:00001B1C 0000000C C=DATA     S=.data    G=DGROUP   M=DbxXXDrv ACBP=A9
 0002:00001B28 00000008 C=DATA     S=.data    G=DGROUP   M=DbxDBFix ACBP=A9
 0003:00000000 00000040 C=BSS      S=.bss     G=DGROUP   M=SysInit  ACBP=A9
 0003:00000040 00000010 C=BSS      S=.bss     G=DGROUP   M=Winapi.Windows ACBP=A9
 0003:00000050 00000004 C=BSS      S=.bss     G=DGROUP   M=Winapi.PsAPI ACBP=A9
 0003:00000054 00000004 C=BSS      S=.bss     G=DGROUP   M=Winapi.Messages ACBP=A9
 0003:00000058 00000004 C=BSS      S=.bss     G=DGROUP   M=Dbx34DrvDbms ACBP=A9
 0003:0000005C 00000004 C=BSS      S=.bss     G=DGROUP   M=Dbx34Drv ACBP=A9
 0003:00000060 00000004 C=BSS      S=.bss     G=DGROUP   M=DbxXXDrv ACBP=A9
 0003:00000064 00000004 C=BSS      S=.bss     G=DGROUP   M=DbxDBFix ACBP=A9
 0005:00000000 0000015C C=PDATA    S=.pdata   G=(none)   M=SysInit  ACBP=A9
 0005:0000015C 00000024 C=PDATA    S=.pdata   G=(none)   M=Winapi.Windows ACBP=A9
 0005:00000180 00000018 C=PDATA    S=.pdata   G=(none)   M=Winapi.PsAPI ACBP=A9
 0005:00000198 00000018 C=PDATA    S=.pdata   G=(none)   M=Winapi.Messages ACBP=A9
 0005:000001B0 000007EC C=PDATA    S=.pdata   G=(none)   M=Dbx34DrvDbms ACBP=A9
 0005:0000099C 0000096C C=PDATA    S=.pdata   G=(none)   M=Dbx34Drv ACBP=A9
 0005:00001308 00000024 C=PDATA    S=.pdata   G=(none)   M=DbxXXDrv ACBP=A9
 0005:0000132C 00000018 C=PDATA    S=.pdata   G=(none)   M=DbxDBFix ACBP=A9


  Address             Publics by Name

 0001:0004CFF0       .dbxoodbc..dbxoodbc
 0001:0004CFC0       .dbxoodbc.@GetPackageInfoTable
 0001:0004CFD0       .dbxoodbc.@PackageLoad
 0001:0004CFE0       .dbxoodbc.@PackageUnload
 0001:00001CA0       Data.DB.Data.DB
 0001:00001C90       Data.DB.Finalization
 0001:00001E20       Data.DBCommon.Data.DBCommon
 0001:00001E10       Data.DBCommon.Finalization
 0001:00001C80       Data.DBCommonTypes.Data.DBCommonTypes
 0001:00001C70       Data.DBCommonTypes.Finalization
 0001:00001C20       Data.DBConsts.Data.DBConsts
 0001:00001C10       Data.DBConsts.Finalization
 0001:00001A30       Data.DBXClassRegistry.Data.DBXClassRegistry
 0001:00001A20       Data.DBXClassRegistry.Finalization
 0001:000019D0       Data.DBXClassRegistry.TClassRegistry.CreateInstance
 0001:000019E0       Data.DBXClassRegistry.TClassRegistry.GetClassRegistry
 0001:000019F0       Data.DBXClassRegistry.TClassRegistry.HasClass
 0001:00001A00       Data.DBXClassRegistry.TClassRegistry.RegisterRegistryClass
 0001:00001A10       Data.DBXClassRegistry.TClassRegistry.UnregisterClass
 0001:00002500       Data.DBXCommon.Data.DBXCommon
 0001:000024F0       Data.DBXCommon.Finalization
 0001:00002320       Data.DBXCommon.TDBXCommand.Close
 0001:00002280       Data.DBXCommon.TDBXCommand.CloseReader
 0001:00002210       Data.DBXCommon.TDBXCommand.CreateParameter
 0001:00002220       Data.DBXCommon.TDBXCommand.CreateParameterRow
 0001:00002230       Data.DBXCommon.TDBXCommand.CreateParameters
 0001:00002310       Data.DBXCommon.TDBXCommand.DerivedClearParameters
 0001:00002250       Data.DBXCommon.TDBXCommand.ExecuteQuery
 0001:00002260       Data.DBXCommon.TDBXCommand.ExecuteUpdate
 0001:00002270       Data.DBXCommon.TDBXCommand.FreeOnExecute
 0001:000024D0       Data.DBXCommon.TDBXCommand.GetCommandTimeout
 0001:00002290       Data.DBXCommon.TDBXCommand.GetCommandType
 0001:000022A0       Data.DBXCommon.TDBXCommand.GetErrorEvent
 0001:000022B0       Data.DBXCommon.TDBXCommand.GetNextReader
 0001:000022C0       Data.DBXCommon.TDBXCommand.GetParameters
 0001:000022D0       Data.DBXCommon.TDBXCommand.GetText
 0001:00002300       Data.DBXCommon.TDBXCommand.Open
 0001:000022E0       Data.DBXCommon.TDBXCommand.Prepare
 0001:000024E0       Data.DBXCommon.TDBXCommand.SetCommandTimeout
 0001:00002240       Data.DBXCommon.TDBXCommand.SetCommandType
 0001:000022F0       Data.DBXCommon.TDBXCommand.SetText
 0001:00002130       Data.DBXCommon.TDBXConnection.BeginTransaction
 0001:00002140       Data.DBXCommon.TDBXConnection.BeginTransaction
 0001:00002150       Data.DBXCommon.TDBXConnection.CommitFreeAndNil
 0001:000020E0       Data.DBXCommon.TDBXConnection.CreateCommand
 0001:000020D0       Data.DBXCommon.TDBXConnection.CreateMorphCommand
 0001:000020C0       Data.DBXCommon.TDBXConnection.Destroy
 0001:00002180       Data.DBXCommon.TDBXConnection.GetConnectionProperties
 0001:000021B0       Data.DBXCommon.TDBXConnection.GetConnectionProperty
 0001:00002100       Data.DBXCommon.TDBXConnection.GetDatabaseMetaData
 0001:000021E0       Data.DBXCommon.TDBXConnection.GetDBXFormatter
 0001:00002190       Data.DBXCommon.TDBXConnection.GetErrorEvent
 0001:000021A0       Data.DBXCommon.TDBXConnection.GetIsOpen
 0001:00002110       Data.DBXCommon.TDBXConnection.GetTraceFlags
 0001:00002120       Data.DBXCommon.TDBXConnection.GetTraceInfoEvent
 0001:000020F0       Data.DBXCommon.TDBXConnection.Open
 0001:00002160       Data.DBXCommon.TDBXConnection.RollbackFreeAndNil
 0001:00002170       Data.DBXCommon.TDBXConnection.RollbackIncompleteFreeAndNil
 0001:000021D0       Data.DBXCommon.TDBXConnection.SetConnectionProperties
 0001:000021F0       Data.DBXCommon.TDBXConnection.SetDBXFormatter
 0001:000021C0       Data.DBXCommon.TDBXConnection.SetErrorEvent
 0001:00002200       Data.DBXCommon.TDBXConnection.SetTraceFlags
 0001:000024A0       Data.DBXCommon.TDBXConnectionBuilder.GetConnectionProperties
 0001:00002490       Data.DBXCommon.TDBXContext.Error
 0001:00002020       Data.DBXCommon.TDBXDriver.AddCommandFactory
 0001:00002030       Data.DBXCommon.TDBXDriver.CreateMorphCommand
 0001:00002040       Data.DBXCommon.TDBXDriver.GetDriverClass
 0001:00002050       Data.DBXCommon.TDBXDriver.GetDriverName
 0001:00002060       Data.DBXCommon.TDBXDriver.GetDriverProperties
 0001:00002070       Data.DBXCommon.TDBXDriver.GetDriverPropertyNames
 0001:00002090       Data.DBXCommon.TDBXDriver.InitDriverProperties
 0001:00002080       Data.DBXCommon.TDBXDriver.SetDriverName
 0001:000024B0       Data.DBXCommon.TDBXDriverHelp.GetMetaDataReader
 0001:000024C0       Data.DBXCommon.TDBXDriverHelp.SetMetaDataReader
 0001:000020A0       Data.DBXCommon.TDBXDriverRegistry.RegisterDriverClass
 0001:000020B0       Data.DBXCommon.TDBXDriverRegistry.UnregisterDriverClass
 0001:00002480       Data.DBXCommon.TDBXMorphicCommand.CloseReader
 0001:00002330       Data.DBXCommon.TDBXMorphicCommand.Create
 0001:00002390       Data.DBXCommon.TDBXMorphicCommand.CreateParameterRow
 0001:00002340       Data.DBXCommon.TDBXMorphicCommand.CreateParameters
 0001:000023E0       Data.DBXCommon.TDBXMorphicCommand.DerivedClose
 0001:000023F0       Data.DBXCommon.TDBXMorphicCommand.DerivedExecuteQuery
 0001:00002400       Data.DBXCommon.TDBXMorphicCommand.DerivedExecuteUpdate
 0001:00002410       Data.DBXCommon.TDBXMorphicCommand.DerivedGetNextReader
 0001:00002420       Data.DBXCommon.TDBXMorphicCommand.DerivedOpen
 0001:00002430       Data.DBXCommon.TDBXMorphicCommand.DerivedPrepare
 0001:00002350       Data.DBXCommon.TDBXMorphicCommand.Destroy
 0001:00002360       Data.DBXCommon.TDBXMorphicCommand.ExecuteQuery
 0001:00002370       Data.DBXCommon.TDBXMorphicCommand.ExecuteUpdate
 0001:000023B0       Data.DBXCommon.TDBXMorphicCommand.FreeOnExecute
 0001:000023D0       Data.DBXCommon.TDBXMorphicCommand.GetNextReader
 0001:00002380       Data.DBXCommon.TDBXMorphicCommand.GetParameters
 0001:000023A0       Data.DBXCommon.TDBXMorphicCommand.GetRowsAffected
 0001:000023C0       Data.DBXCommon.TDBXMorphicCommand.Prepare
 0001:00002460       Data.DBXCommon.TDBXMorphicCommand.SetCommandType
 0001:00002440       Data.DBXCommon.TDBXMorphicCommand.SetMaxBlobSize
 0001:00002450       Data.DBXCommon.TDBXMorphicCommand.SetRowSetSize
 0001:00002470       Data.DBXCommon.TDBXMorphicCommand.SetText
 0001:00001FC0       Data.DBXCommon.TDBXProperties.Create
 0001:00001FB0       Data.DBXCommon.TDBXProperties.Create
 0001:00001FD0       Data.DBXCommon.TDBXProperties.Destroy
 0001:00001FE0       Data.DBXCommon.TDBXProperties.DoOnChange
 0001:00001FF0       Data.DBXCommon.TDBXProperties.GetLists
 0001:00002000       Data.DBXCommon.TDBXProperties.GetValue
 0001:00002010       Data.DBXCommon.TDBXProperties.SetValue
 0001:000019C0       Data.DBXCommonResStrs.Data.DBXCommonResStrs
 0001:000019B0       Data.DBXCommonResStrs.Finalization
 0001:000026C0       Data.DBXCommonTable.Data.DBXCommonTable
 0001:000026B0       Data.DBXCommonTable.Finalization
 0001:00002780       Data.DBXDBReaders.Data.DBXDBReaders
 0001:00002770       Data.DBXDBReaders.Finalization
 0001:00002680       Data.DBXDelegate.Data.DBXDelegate
 0001:00002670       Data.DBXDelegate.Finalization
 0001:00002660       Data.DBXDynalink.Data.DBXDynalink
 0001:00002650       Data.DBXDynalink.Finalization
 0001:000025E0       Data.DBXDynalink.TDBXDynalinkConnection.Close
 0001:000025F0       Data.DBXDynalink.TDBXDynalinkConnection.Commit
 0001:00002620       Data.DBXDynalink.TDBXDynalinkConnection.Create
 0001:000025D0       Data.DBXDynalink.TDBXDynalinkConnection.CreateAndBeginTransaction
 0001:00002630       Data.DBXDynalink.TDBXDynalinkConnection.DerivedOpen
 0001:00002640       Data.DBXDynalink.TDBXDynalinkConnection.GetVendorProperty
 0001:00002600       Data.DBXDynalink.TDBXDynalinkConnection.Rollback
 0001:00002610       Data.DBXDynalink.TDBXDynalinkConnection.SetTraceInfoEvent
 0001:00002560       Data.DBXDynalink.TDBXDynalinkDriver.CheckResult
 0001:00002570       Data.DBXDynalink.TDBXDynalinkDriver.Close
 0001:00002580       Data.DBXDynalink.TDBXDynalinkDriver.Destroy
 0001:00002590       Data.DBXDynalink.TDBXDynalinkDriver.GetDriverVersion
 0001:000025A0       Data.DBXDynalink.TDBXDynalinkDriverCommonLoader.Create
 0001:000025B0       Data.DBXDynalink.TDBXDynalinkDriverCommonLoader.Load
 0001:000025C0       Data.DBXDynalink.TDBXDynalinkDriverCommonLoader.LoadDriverLibrary
 0001:00002550       Data.DBXDynalinkNative.Data.DBXDynalinkNative
 0001:00002540       Data.DBXDynalinkNative.Finalization
 0001:00002520       Data.DBXDynalinkNative.TDBXDynalinkDriverLoader.CreateDynalinkDriver
 0001:00002530       Data.DBXDynalinkNative.TDBXDynalinkDriverLoader.CreateMethodTable
 0001:00002510       Data.DBXDynalinkNative.TDBXDynalinkDriverNative.Create
 0001:00001E00       Data.DBXJSON.Data.DBXJSON
 0001:00001DF0       Data.DBXJSON.Finalization
 0001:000026A0       Data.DBXJSONCommon.Data.DBXJSONCommon
 0001:00002690       Data.DBXJSONCommon.Finalization
 0001:00002F00       Data.DBXMetaDataCommand.Data.DBXMetaDataCommand
 0001:00002EF0       Data.DBXMetaDataCommand.Finalization
 0001:00002E40       Data.DBXMetaDataCommand.TDBXMetaDataCommand.Create
 0001:00002EB0       Data.DBXMetaDataCommand.TDBXMetaDataCommand.DerivedClose
 0001:00002ED0       Data.DBXMetaDataCommand.TDBXMetaDataCommand.DerivedExecuteQuery
 0001:00002EE0       Data.DBXMetaDataCommand.TDBXMetaDataCommand.DerivedExecuteUpdate
 0001:00002E90       Data.DBXMetaDataCommand.TDBXMetaDataCommand.DerivedGetNextReader
 0001:00002EA0       Data.DBXMetaDataCommand.TDBXMetaDataCommand.DerivedOpen
 0001:00002EC0       Data.DBXMetaDataCommand.TDBXMetaDataCommand.DerivedPrepare
 0001:00002E50       Data.DBXMetaDataCommand.TDBXMetaDataCommand.Destroy
 0001:00002E80       Data.DBXMetaDataCommand.TDBXMetaDataCommand.GetRowsAffected
 0001:00002E70       Data.DBXMetaDataCommand.TDBXMetaDataCommand.SetMaxBlobSize
 0001:00002E60       Data.DBXMetaDataCommand.TDBXMetaDataCommand.SetRowSetSize
 0001:00003010       Data.DBXMetaDataCommandFactory.Data.DBXMetaDataCommandFactory
 0001:00003000       Data.DBXMetaDataCommandFactory.Finalization
 0001:00002FD0       Data.DBXMetaDataCommandFactory.TDBXDataExpressProviderContext.Commit
 0001:00002F50       Data.DBXMetaDataCommandFactory.TDBXDataExpressProviderContext.Create
 0001:00002FA0       Data.DBXMetaDataCommandFactory.TDBXDataExpressProviderContext.CreateRowStorage
 0001:00002F90       Data.DBXMetaDataCommandFactory.TDBXDataExpressProviderContext.CreateTableStorage
 0001:00002F60       Data.DBXMetaDataCommandFactory.TDBXDataExpressProviderContext.Destroy
 0001:00002F80       Data.DBXMetaDataCommandFactory.TDBXDataExpressProviderContext.ExecuteQuery
 0001:00002F70       Data.DBXMetaDataCommandFactory.TDBXDataExpressProviderContext.GetPlatformTypeName
 0001:00002FF0       Data.DBXMetaDataCommandFactory.TDBXDataExpressProviderContext.GetVendorProperty
 0001:00002FE0       Data.DBXMetaDataCommandFactory.TDBXDataExpressProviderContext.Rollback
 0001:00002FC0       Data.DBXMetaDataCommandFactory.TDBXDataExpressProviderContext.StartSerializedTransaction
 0001:00002FB0       Data.DBXMetaDataCommandFactory.TDBXDataExpressProviderContext.StartTransaction
 0001:00002F30       Data.DBXMetaDataCommandFactory.TDBXMetaDataCommandFactory.RegisterMetaDataCommandFactory
 0001:00002F40       Data.DBXMetaDataCommandFactory.TDBXMetaDataCommandFactory.UnRegisterMetaDataCommandFactory
 0001:00002720       Data.DBXMetaDataError.Data.DBXMetaDataError
 0001:00002710       Data.DBXMetaDataError.Finalization
 0001:00002740       Data.DBXMetaDataNames.Data.DBXMetaDataNames
 0001:00002730       Data.DBXMetaDataNames.Finalization
 0001:000027E0       Data.DBXMetaDataProvider.Data.DBXMetaDataProvider
 0001:000027D0       Data.DBXMetaDataProvider.Finalization
 0001:00002E30       Data.DBXMetaDataReader.Data.DBXMetaDataReader
 0001:00002E20       Data.DBXMetaDataReader.Finalization
 0001:00002A50       Data.DBXMetaDataReader.TDBXBaseMetaDataReader.AreCatalogFunctionsSupported
 0001:00002A20       Data.DBXMetaDataReader.TDBXBaseMetaDataReader.CompareVersion
 0001:000029B0       Data.DBXMetaDataReader.TDBXBaseMetaDataReader.Destroy
 0001:00002B30       Data.DBXMetaDataReader.TDBXBaseMetaDataReader.FetchCatalogs
 0001:00002AF0       Data.DBXMetaDataReader.TDBXBaseMetaDataReader.FetchCollection
 0001:00002B10       Data.DBXMetaDataReader.TDBXBaseMetaDataReader.FetchCollectionWithStorage
 0001:00002B80       Data.DBXMetaDataReader.TDBXBaseMetaDataReader.FetchColumnConstraints
 0001:00002B70       Data.DBXMetaDataReader.TDBXBaseMetaDataReader.FetchColumns
 0001:00002B20       Data.DBXMetaDataReader.TDBXBaseMetaDataReader.FetchDataTypes
 0001:00002BC0       Data.DBXMetaDataReader.TDBXBaseMetaDataReader.FetchForeignKeyColumns
 0001:00002BB0       Data.DBXMetaDataReader.TDBXBaseMetaDataReader.FetchForeignKeys
 0001:00002BA0       Data.DBXMetaDataReader.TDBXBaseMetaDataReader.FetchIndexColumns
 0001:00002B90       Data.DBXMetaDataReader.TDBXBaseMetaDataReader.FetchIndexes
 0001:00002C30       Data.DBXMetaDataReader.TDBXBaseMetaDataReader.FetchPackageProcedureParameters
 0001:00002C20       Data.DBXMetaDataReader.TDBXBaseMetaDataReader.FetchPackageProcedures
 0001:00002C10       Data.DBXMetaDataReader.TDBXBaseMetaDataReader.FetchPackages
 0001:00002C40       Data.DBXMetaDataReader.TDBXBaseMetaDataReader.FetchPackageSources
 0001:00002C00       Data.DBXMetaDataReader.TDBXBaseMetaDataReader.FetchProcedureParameters
 0001:00002BE0       Data.DBXMetaDataReader.TDBXBaseMetaDataReader.FetchProcedures
 0001:00002BF0       Data.DBXMetaDataReader.TDBXBaseMetaDataReader.FetchProcedureSources
 0001:00002C70       Data.DBXMetaDataReader.TDBXBaseMetaDataReader.FetchReservedWords
 0001:00002C60       Data.DBXMetaDataReader.TDBXBaseMetaDataReader.FetchRoles
 0001:00002B40       Data.DBXMetaDataReader.TDBXBaseMetaDataReader.FetchSchemas
 0001:00002BD0       Data.DBXMetaDataReader.TDBXBaseMetaDataReader.FetchSynonyms
 0001:00002B50       Data.DBXMetaDataReader.TDBXBaseMetaDataReader.FetchTables
 0001:00002C50       Data.DBXMetaDataReader.TDBXBaseMetaDataReader.FetchUsers
 0001:00002B60       Data.DBXMetaDataReader.TDBXBaseMetaDataReader.FetchViews
 0001:000029D0       Data.DBXMetaDataReader.TDBXBaseMetaDataReader.GetContext
 0001:00002C80       Data.DBXMetaDataReader.TDBXBaseMetaDataReader.GetDataTypeDescriptions
 0001:00002AC0       Data.DBXMetaDataReader.TDBXBaseMetaDataReader.GetDataTypeHash
 0001:00002AD0       Data.DBXMetaDataReader.TDBXBaseMetaDataReader.GetDataTypes
 0001:000029E0       Data.DBXMetaDataReader.TDBXBaseMetaDataReader.GetProductName
 0001:00002C90       Data.DBXMetaDataReader.TDBXBaseMetaDataReader.GetReservedWords
 0001:00002A10       Data.DBXMetaDataReader.TDBXBaseMetaDataReader.GetSqlDefaultParameterMarker
 0001:00002CB0       Data.DBXMetaDataReader.TDBXBaseMetaDataReader.GetSqlForCatalogs
 0001:00002D00       Data.DBXMetaDataReader.TDBXBaseMetaDataReader.GetSqlForColumnConstraints
 0001:00002CF0       Data.DBXMetaDataReader.TDBXBaseMetaDataReader.GetSqlForColumns
 0001:00002CA0       Data.DBXMetaDataReader.TDBXBaseMetaDataReader.GetSqlForDataTypes
 0001:00002D40       Data.DBXMetaDataReader.TDBXBaseMetaDataReader.GetSqlForForeignKeyColumns
 0001:00002D30       Data.DBXMetaDataReader.TDBXBaseMetaDataReader.GetSqlForForeignKeys
 0001:00002D20       Data.DBXMetaDataReader.TDBXBaseMetaDataReader.GetSqlForIndexColumns
 0001:00002D10       Data.DBXMetaDataReader.TDBXBaseMetaDataReader.GetSqlForIndexes
 0001:00002DB0       Data.DBXMetaDataReader.TDBXBaseMetaDataReader.GetSqlForPackageProcedureParameters
 0001:00002DA0       Data.DBXMetaDataReader.TDBXBaseMetaDataReader.GetSqlForPackageProcedures
 0001:00002D90       Data.DBXMetaDataReader.TDBXBaseMetaDataReader.GetSqlForPackages
 0001:00002DC0       Data.DBXMetaDataReader.TDBXBaseMetaDataReader.GetSqlForPackageSources
 0001:00002D80       Data.DBXMetaDataReader.TDBXBaseMetaDataReader.GetSqlForProcedureParameters
 0001:00002D60       Data.DBXMetaDataReader.TDBXBaseMetaDataReader.GetSqlForProcedures
 0001:00002D70       Data.DBXMetaDataReader.TDBXBaseMetaDataReader.GetSqlForProcedureSources
 0001:00002DF0       Data.DBXMetaDataReader.TDBXBaseMetaDataReader.GetSqlForReservedWords
 0001:00002DE0       Data.DBXMetaDataReader.TDBXBaseMetaDataReader.GetSqlForRoles
 0001:00002CC0       Data.DBXMetaDataReader.TDBXBaseMetaDataReader.GetSqlForSchemas
 0001:00002D50       Data.DBXMetaDataReader.TDBXBaseMetaDataReader.GetSqlForSynonyms
 0001:00002CD0       Data.DBXMetaDataReader.TDBXBaseMetaDataReader.GetSqlForTables
 0001:00002DD0       Data.DBXMetaDataReader.TDBXBaseMetaDataReader.GetSqlForUsers
 0001:00002CE0       Data.DBXMetaDataReader.TDBXBaseMetaDataReader.GetSqlForViews
 0001:00002AA0       Data.DBXMetaDataReader.TDBXBaseMetaDataReader.GetSynonymType
 0001:00002A80       Data.DBXMetaDataReader.TDBXBaseMetaDataReader.GetSystemTableType
 0001:00002A90       Data.DBXMetaDataReader.TDBXBaseMetaDataReader.GetSystemViewType
 0001:00002A60       Data.DBXMetaDataReader.TDBXBaseMetaDataReader.GetTableType
 0001:000029F0       Data.DBXMetaDataReader.TDBXBaseMetaDataReader.GetVersion
 0001:00002A70       Data.DBXMetaDataReader.TDBXBaseMetaDataReader.GetViewType
 0001:00002A30       Data.DBXMetaDataReader.TDBXBaseMetaDataReader.IsQuotedIdentifiersSupported
 0001:00002A40       Data.DBXMetaDataReader.TDBXBaseMetaDataReader.IsSPReturnCodeSupported
 0001:00002B00       Data.DBXMetaDataReader.TDBXBaseMetaDataReader.MakeStorage
 0001:00002AB0       Data.DBXMetaDataReader.TDBXBaseMetaDataReader.MakeTableTypeString
 0001:00002AE0       Data.DBXMetaDataReader.TDBXBaseMetaDataReader.PopulateDataTypes
 0001:000029C0       Data.DBXMetaDataReader.TDBXBaseMetaDataReader.SetContext
 0001:00002A00       Data.DBXMetaDataReader.TDBXBaseMetaDataReader.SetVersion
 0001:000027F0       Data.DBXMetaDataReader.TDBXCustomMetaDataTable.Create
 0001:00002800       Data.DBXMetaDataReader.TDBXDataTypeCursor.Create
 0001:00002820       Data.DBXMetaDataReader.TDBXDataTypeDescription.Create
 0001:00002810       Data.DBXMetaDataReader.TDBXDataTypeDescription.Create
 0001:00002830       Data.DBXMetaDataReader.TDBXDataTypeDescription.SetUnicodeOptionSupported
 0001:00002840       Data.DBXMetaDataReader.TDBXEmptyTableCursor.Create
 0001:00002860       Data.DBXMetaDataReader.TDBXMetaDataCollectionColumns.CreateCatalogsColumns
 0001:000028C0       Data.DBXMetaDataReader.TDBXMetaDataCollectionColumns.CreateColumnConstraintsColumns
 0001:000028B0       Data.DBXMetaDataReader.TDBXMetaDataCollectionColumns.CreateColumnsColumns
 0001:00002850       Data.DBXMetaDataReader.TDBXMetaDataCollectionColumns.CreateDataTypesColumns
 0001:00002900       Data.DBXMetaDataReader.TDBXMetaDataCollectionColumns.CreateForeignKeyColumnsColumns
 0001:000028F0       Data.DBXMetaDataReader.TDBXMetaDataCollectionColumns.CreateForeignKeysColumns
 0001:000028E0       Data.DBXMetaDataReader.TDBXMetaDataCollectionColumns.CreateIndexColumnsColumns
 0001:000028D0       Data.DBXMetaDataReader.TDBXMetaDataCollectionColumns.CreateIndexesColumns
 0001:00002960       Data.DBXMetaDataReader.TDBXMetaDataCollectionColumns.CreatePackageProcedureParametersColumns
 0001:00002950       Data.DBXMetaDataReader.TDBXMetaDataCollectionColumns.CreatePackageProceduresColumns
 0001:00002940       Data.DBXMetaDataReader.TDBXMetaDataCollectionColumns.CreatePackagesColumns
 0001:00002970       Data.DBXMetaDataReader.TDBXMetaDataCollectionColumns.CreatePackageSourcesColumns
 0001:00002930       Data.DBXMetaDataReader.TDBXMetaDataCollectionColumns.CreateProcedureParametersColumns
 0001:00002910       Data.DBXMetaDataReader.TDBXMetaDataCollectionColumns.CreateProceduresColumns
 0001:00002920       Data.DBXMetaDataReader.TDBXMetaDataCollectionColumns.CreateProcedureSourcesColumns
 0001:000029A0       Data.DBXMetaDataReader.TDBXMetaDataCollectionColumns.CreateReservedWordsColumns
 0001:00002990       Data.DBXMetaDataReader.TDBXMetaDataCollectionColumns.CreateRolesColumns
 0001:00002870       Data.DBXMetaDataReader.TDBXMetaDataCollectionColumns.CreateSchemasColumns
 0001:000028A0       Data.DBXMetaDataReader.TDBXMetaDataCollectionColumns.CreateSynonymsColumns
 0001:00002880       Data.DBXMetaDataReader.TDBXMetaDataCollectionColumns.CreateTablesColumns
 0001:00002980       Data.DBXMetaDataReader.TDBXMetaDataCollectionColumns.CreateUsersColumns
 0001:00002890       Data.DBXMetaDataReader.TDBXMetaDataCollectionColumns.CreateViewsColumns
 0001:00002E00       Data.DBXMetaDataReader.TDBXReservedWordsCursor.Create
 0001:00002E10       Data.DBXMetaDataReader.TDBXTableTypeParser.ParseTableTypes
 0001:000026E0       Data.DBXMetaDataUtil.Data.DBXMetaDataUtil
 0001:000026D0       Data.DBXMetaDataUtil.Finalization
 0001:00002760       Data.DBXMetaDataWriter.Data.DBXMetaDataWriter
 0001:00002750       Data.DBXMetaDataWriter.Finalization
 0001:00001D60       Data.DBXPlatform.Data.DBXPlatform
 0001:00001D50       Data.DBXPlatform.Finalization
 0001:00001D00       Data.DBXPlatform.FreeObjectArray
 0001:00001CF0       Data.DBXPlatform.IncrAfter
 0001:00001D10       Data.DBXPlatform.TDBXObjectStore.SetObjectByName
 0001:00001D30       Data.DBXPlatform.TDBXPlatform.CopyWideStringBuilder
 0001:00001D20       Data.DBXPlatform.TDBXPlatform.CreateWideStringBuilder
 0001:00001D40       Data.DBXPlatform.TDBXPlatform.FreeAndNilWideStringBuilder
 0001:00002F20       Data.DBXReaderTableStorage.Data.DBXReaderTableStorage
 0001:00002F10       Data.DBXReaderTableStorage.Finalization
 0001:00002700       Data.DBXSqlScanner.Data.DBXSqlScanner
 0001:000026F0       Data.DBXSqlScanner.Finalization
 0001:000027A0       Data.DBXTableFactory.Data.DBXTableFactory
 0001:00002790       Data.DBXTableFactory.Finalization
 0001:000027C0       Data.DBXTypedTableStorage.Data.DBXTypedTableStorage
 0001:000027B0       Data.DBXTypedTableStorage.Finalization
 0001:00001F60       Data.DSUtil.Data.DSUtil
 0001:00001F50       Data.DSUtil.Finalization
 0001:00001C60       Data.FmtBcd.Data.FmtBcd
 0001:00001C50       Data.FmtBcd.Finalization
 0001:00001C40       Data.SqlTimSt.Data.SqlTimSt
 0001:00001C30       Data.SqlTimSt.Finalization
 0001:00001F20       Datasnap.DataBkr.Datasnap.DataBkr
 0001:00001F10       Datasnap.DataBkr.Finalization
 0001:00001F00       Datasnap.DBClient.Datasnap.DBClient
 0001:00001EF0       Datasnap.DBClient.Finalization
 0001:00001EC0       Datasnap.DSIntf.Datasnap.DSIntf
 0001:00001EB0       Datasnap.DSIntf.Finalization
 0001:00001EE0       Datasnap.Midas.Datasnap.Midas
 0001:00001ED0       Datasnap.Midas.Finalization
 0001:00001EA0       Datasnap.MidConst.Datasnap.MidConst
 0001:00001E90       Datasnap.MidConst.Finalization
 0001:00001F40       Datasnap.Provider.Datasnap.Provider
 0001:00001F30       Datasnap.Provider.Finalization
 0002:00000BF0       Dbx34Drv..$Dbx34drv$CheckGetVendorPropertyCommand$_eh0
 0005:000009E4       Dbx34Drv..$Dbx34drv$CheckGetVendorPropertyCommand$_eh1
 0002:00000C88       Dbx34Drv..$Dbx34drv$CheckLibraryName$_eh0
 0005:00000A2C       Dbx34Drv..$Dbx34drv$CheckLibraryName$_eh1
 0002:00000C58       Dbx34Drv..$Dbx34drv$CheckLibraryPath$_eh0
 0005:00000A14       Dbx34Drv..$Dbx34drv$CheckLibraryPath$_eh1
 0002:00000C20       Dbx34Drv..$Dbx34drv$CheckPathEnvironmet$_eh0
 0005:000009FC       Dbx34Drv..$Dbx34drv$CheckPathEnvironmet$_eh1
 0002:00000C90       Dbx34Drv..$Dbx34drv$CheckVendorLib$_eh0
 0005:00000A38       Dbx34Drv..$Dbx34drv$CheckVendorLib$_eh1
 0002:00001AEC       Dbx34Drv..$Dbx34drv$Dbx34Drv$_eh0
 0005:000012F0       Dbx34Drv..$Dbx34drv$Dbx34Drv$_eh1
 0002:00000B8C       Dbx34Drv..$Dbx34drv$DBXStringArrayToErrorInfo$_eh0
 0005:000009B4       Dbx34Drv..$Dbx34drv$DBXStringArrayToErrorInfo$_eh1
 0002:00000B58       Dbx34Drv..$Dbx34drv$DBXStringArrayToNamedQueryParams$_eh0
 0005:0000099C       Dbx34Drv..$Dbx34drv$DBXStringArrayToNamedQueryParams$_eh1
 0002:00000BC0       Dbx34Drv..$Dbx34drv$ErrorGetVendorPropertyCommand$_eh0
 0005:000009CC       Dbx34Drv..$Dbx34drv$ErrorGetVendorPropertyCommand$_eh1
 0002:00001AC0       Dbx34Drv..$Dbx34drv$Finalization$_eh0
 0005:000012D8       Dbx34Drv..$Dbx34drv$Finalization$_eh1
 0002:00000F94       Dbx34Drv..$Dbx34drv$RaiseDriverVersionFailed$_eh0
 0005:00000C54       Dbx34Drv..$Dbx34drv$RaiseDriverVersionFailed$_eh1
 0002:000010CC       Dbx34Drv..$Dbx34drv$TDBXCustomOpenODBCMetaDataReader.CheckMetadata$_eh0
 0005:00000D20       Dbx34Drv..$Dbx34drv$TDBXCustomOpenODBCMetaDataReader.CheckMetadata$_eh1
 0002:000010E0       Dbx34Drv..$Dbx34drv$TDBXCustomOpenODBCMetaDataReader.GetProductName$_eh0
 0005:00000D38       Dbx34Drv..$Dbx34drv$TDBXCustomOpenODBCMetaDataReader.GetProductName$_eh1
 0002:0000110C       Dbx34Drv..$Dbx34drv$TDBXCustomOpenODBCMetaDataReader.GetSqlIdentifierQuoteChar$_eh0
 0005:00000D98       Dbx34Drv..$Dbx34drv$TDBXCustomOpenODBCMetaDataReader.GetSqlIdentifierQuoteChar$_eh1
 0002:000010E8       Dbx34Drv..$Dbx34drv$TDBXCustomOpenODBCMetaDataReader.GetSqlIdentifierQuotePrefix$_eh0
 0005:00000D44       Dbx34Drv..$Dbx34drv$TDBXCustomOpenODBCMetaDataReader.GetSqlIdentifierQuotePrefix$_eh1
 0002:000010F0       Dbx34Drv..$Dbx34drv$TDBXCustomOpenODBCMetaDataReader.GetSqlIdentifierQuoteSuffix$_eh0
 0005:00000D50       Dbx34Drv..$Dbx34drv$TDBXCustomOpenODBCMetaDataReader.GetSqlIdentifierQuoteSuffix$_eh1
 0002:00001114       Dbx34Drv..$Dbx34drv$TDBXCustomOpenODBCMetaDataReader.GetSqlProcedureQuoteChar$_eh0
 0005:00000DA4       Dbx34Drv..$Dbx34drv$TDBXCustomOpenODBCMetaDataReader.GetSqlProcedureQuoteChar$_eh1
 0002:0000112C       Dbx34Drv..$Dbx34drv$TDBXCustomOpenODBCMetaDataReader.GetUseAnsiStrings$_eh0
 0005:00000DE0       Dbx34Drv..$Dbx34drv$TDBXCustomOpenODBCMetaDataReader.GetUseAnsiStrings$_eh1
 0002:0000109C       Dbx34Drv..$Dbx34drv$TDBXCustomOpenODBCMetaDataReader.InitMetadata$_eh0
 0005:00000D08       Dbx34Drv..$Dbx34drv$TDBXCustomOpenODBCMetaDataReader.InitMetadata$_eh1
 0002:00001108       Dbx34Drv..$Dbx34drv$TDBXCustomOpenODBCMetaDataReader.IsDescendingIndexColumnsSupported$_eh0
 0005:00000D8C       Dbx34Drv..$Dbx34drv$TDBXCustomOpenODBCMetaDataReader.IsDescendingIndexColumnsSupported$_eh1
 0002:00001104       Dbx34Drv..$Dbx34drv$TDBXCustomOpenODBCMetaDataReader.IsDescendingIndexSupported$_eh0
 0005:00000D80       Dbx34Drv..$Dbx34drv$TDBXCustomOpenODBCMetaDataReader.IsDescendingIndexSupported$_eh1
 0002:000010FC       Dbx34Drv..$Dbx34drv$TDBXCustomOpenODBCMetaDataReader.IsLowerCaseIdentifiersSupported$_eh0
 0005:00000D68       Dbx34Drv..$Dbx34drv$TDBXCustomOpenODBCMetaDataReader.IsLowerCaseIdentifiersSupported$_eh1
 0002:0000111C       Dbx34Drv..$Dbx34drv$TDBXCustomOpenODBCMetaDataReader.IsMultipleCommandsSupported$_eh0
 0005:00000DB0       Dbx34Drv..$Dbx34drv$TDBXCustomOpenODBCMetaDataReader.IsMultipleCommandsSupported$_eh1
 0002:00001124       Dbx34Drv..$Dbx34drv$TDBXCustomOpenODBCMetaDataReader.IsNestedTransactionsSupported$_eh0
 0005:00000DC8       Dbx34Drv..$Dbx34drv$TDBXCustomOpenODBCMetaDataReader.IsNestedTransactionsSupported$_eh1
 0002:000010F8       Dbx34Drv..$Dbx34drv$TDBXCustomOpenODBCMetaDataReader.IsParameterMetadataSupported$_eh0
 0005:00000D5C       Dbx34Drv..$Dbx34drv$TDBXCustomOpenODBCMetaDataReader.IsParameterMetadataSupported$_eh1
 0002:00001128       Dbx34Drv..$Dbx34drv$TDBXCustomOpenODBCMetaDataReader.IsSetRowSizeSupported$_eh0
 0005:00000DD4       Dbx34Drv..$Dbx34drv$TDBXCustomOpenODBCMetaDataReader.IsSetRowSizeSupported$_eh1
 0002:00001120       Dbx34Drv..$Dbx34drv$TDBXCustomOpenODBCMetaDataReader.IsTransactionsSupported$_eh0
 0005:00000DBC       Dbx34Drv..$Dbx34drv$TDBXCustomOpenODBCMetaDataReader.IsTransactionsSupported$_eh1
 0002:00001100       Dbx34Drv..$Dbx34drv$TDBXCustomOpenODBCMetaDataReader.IsUpperCaseIdentifiersSupported$_eh0
 0005:00000D74       Dbx34Drv..$Dbx34drv$TDBXCustomOpenODBCMetaDataReader.IsUpperCaseIdentifiersSupported$_eh1
 0002:000010D8       Dbx34Drv..$Dbx34drv$TDBXCustomOpenODBCMetaDataReader.SetContext$_eh0
 0005:00000D2C       Dbx34Drv..$Dbx34drv$TDBXCustomOpenODBCMetaDataReader.SetContext$_eh1
 0002:0000103C       Dbx34Drv..$Dbx34drv$TDBXDynalinkConnectionOpenOdbc.Close$_eh0
 0005:00000CC0       Dbx34Drv..$Dbx34drv$TDBXDynalinkConnectionOpenOdbc.Close$_eh1
 0002:00001030       Dbx34Drv..$Dbx34drv$TDBXDynalinkConnectionOpenOdbc.DerivedClose$_eh0
 0005:00000CA8       Dbx34Drv..$Dbx34drv$TDBXDynalinkConnectionOpenOdbc.DerivedClose$_eh1
 0002:00001044       Dbx34Drv..$Dbx34drv$TDBXDynalinkConnectionOpenOdbc.DerivedCreateCommand$_eh0
 0005:00000CCC       Dbx34Drv..$Dbx34drv$TDBXDynalinkConnectionOpenOdbc.DerivedCreateCommand$_eh1
 0002:00000F8C       Dbx34Drv..$Dbx34drv$TDBXDynalinkConnectionOpenOdbc.DerivedGetCommands$_eh0
 0005:00000C3C       Dbx34Drv..$Dbx34drv$TDBXDynalinkConnectionOpenOdbc.DerivedGetCommands$_eh1
 0002:00000F90       Dbx34Drv..$Dbx34drv$TDBXDynalinkConnectionOpenOdbc.DerivedGetCommandTypes$_eh0
 0005:00000C48       Dbx34Drv..$Dbx34drv$TDBXDynalinkConnectionOpenOdbc.DerivedGetCommandTypes$_eh1
 0002:00000F9C       Dbx34Drv..$Dbx34drv$TDBXDynalinkConnectionOpenOdbc.DerivedOpen$_eh0
 0005:00000C60       Dbx34Drv..$Dbx34drv$TDBXDynalinkConnectionOpenOdbc.DerivedOpen$_eh1
 0002:00001000       Dbx34Drv..$Dbx34drv$TDBXDynalinkConnectionOpenOdbc.DoDerivedOpenAfter$_eh0
 0005:00000C90       Dbx34Drv..$Dbx34drv$TDBXDynalinkConnectionOpenOdbc.DoDerivedOpenAfter$_eh1
 0002:00000FCC       Dbx34Drv..$Dbx34drv$TDBXDynalinkConnectionOpenOdbc.DoDerivedOpenBefore$_eh0
 0005:00000C78       Dbx34Drv..$Dbx34drv$TDBXDynalinkConnectionOpenOdbc.DoDerivedOpenBefore$_eh1
 0002:00001034       Dbx34Drv..$Dbx34drv$TDBXDynalinkConnectionOpenOdbc.GetDatabaseMetaData$_eh0
 0005:00000CB4       Dbx34Drv..$Dbx34drv$TDBXDynalinkConnectionOpenOdbc.GetDatabaseMetaData$_eh1
 0002:00000F84       Dbx34Drv..$Dbx34drv$TDBXDynalinkConnectionOpenOdbc.GetProductName$_eh0
 0005:00000C30       Dbx34Drv..$Dbx34drv$TDBXDynalinkConnectionOpenOdbc.GetProductName$_eh1
 0002:00000F7C       Dbx34Drv..$Dbx34drv$TDBXDynalinkConnectionOpenOdbc.GetProductVersion$_eh0
 0005:00000C24       Dbx34Drv..$Dbx34drv$TDBXDynalinkConnectionOpenOdbc.GetProductVersion$_eh1
 0002:0000104C       Dbx34Drv..$Dbx34drv$TDBXDynalinkConnectionOpenOdbc.GetVendorProperty$_eh0
 0005:00000CD8       Dbx34Drv..$Dbx34drv$TDBXDynalinkConnectionOpenOdbc.GetVendorProperty$_eh1
 0002:00000F74       Dbx34Drv..$Dbx34drv$TDBXDynalinkDriverLoaderOpenOdbc.FreeOldLibrary$_eh0
 0005:00000C18       Dbx34Drv..$Dbx34drv$TDBXDynalinkDriverLoaderOpenOdbc.FreeOldLibrary$_eh1
 0002:00000EFC       Dbx34Drv..$Dbx34drv$TDBXDynalinkDriverLoaderOpenOdbc.LoadDriverLibraryAndMethodTable$_eh0
 0005:00000BE8       Dbx34Drv..$Dbx34drv$TDBXDynalinkDriverLoaderOpenOdbc.LoadDriverLibraryAndMethodTable$_eh1
 0002:00001058       Dbx34Drv..$Dbx34drv$TDBXMorphicCommandOpenOdbc.Create$_eh0
 0005:00000CE4       Dbx34Drv..$Dbx34drv$TDBXMorphicCommandOpenOdbc.Create$_eh1
 0002:00001094       Dbx34Drv..$Dbx34drv$TDBXMorphicCommandOpenOdbc.DerivedExecuteQuery$_eh0
 0005:00000CFC       Dbx34Drv..$Dbx34drv$TDBXMorphicCommandOpenOdbc.DerivedExecuteQuery$_eh1
 0002:00000C98       Dbx34Drv..$Dbx34drv$TDbxOpenOdbcDriver.Create$_eh0
 0005:00000A44       Dbx34Drv..$Dbx34drv$TDbxOpenOdbcDriver.Create$_eh1
 0002:00000CF4       Dbx34Drv..$Dbx34drv$TDbxOpenOdbcDriver.CreateCommandOpenOdbc$_eh0
 0005:00000A68       Dbx34Drv..$Dbx34drv$TDbxOpenOdbcDriver.CreateCommandOpenOdbc$_eh1
 0002:00000CFC       Dbx34Drv..$Dbx34drv$TDbxOpenOdbcDriver.CreateConnection$_eh0
 0005:00000A74       Dbx34Drv..$Dbx34drv$TDbxOpenOdbcDriver.CreateConnection$_eh1
 0002:00000D3C       Dbx34Drv..$Dbx34drv$TDbxOpenOdbcDriver.GetDriverPropertyNames$_eh0
 0005:00000A98       Dbx34Drv..$Dbx34drv$TDbxOpenOdbcDriver.GetDriverPropertyNames$_eh1
 0002:00000D44       Dbx34Drv..$Dbx34drv$TDbxOpenOdbcDriver.GetDriverVersion$_eh0
 0005:00000AA4       Dbx34Drv..$Dbx34drv$TDbxOpenOdbcDriver.GetDriverVersion$_eh1
 0002:00000D0C       Dbx34Drv..$Dbx34drv$TDbxOpenOdbcDriver.LoadDriverWithConnectionBuilder$_eh0
 0005:00000A80       Dbx34Drv..$Dbx34drv$TDbxOpenOdbcDriver.LoadDriverWithConnectionBuilder$_eh1
 0002:00001130       Dbx34Drv..$Dbx34drv$TDBXOpenODBCMetaDataCommand.DerivedExecuteQuery$_eh0
 0005:00000DEC       Dbx34Drv..$Dbx34drv$TDBXOpenODBCMetaDataCommand.DerivedExecuteQuery$_eh1
 0002:00001190       Dbx34Drv..$Dbx34drv$TDBXOpenODBCMetaDataCommandFactory.CreateCommand$_eh0
 0005:00000E34       Dbx34Drv..$Dbx34drv$TDBXOpenODBCMetaDataCommandFactory.CreateCommand$_eh1
 0002:000011CC       Dbx34Drv..$Dbx34drv$TDBXOpenODBCMetaDataCommandFactory.CreateMetaDataReader$_eh0
 0002:000011FC       Dbx34Drv..$Dbx34drv$TDBXOpenODBCMetaDataCommandFactory.CreateMetaDataReader$_eh0
 0005:00000E58       Dbx34Drv..$Dbx34drv$TDBXOpenODBCMetaDataCommandFactory.CreateMetaDataReader$_eh1
 0005:00000E70       Dbx34Drv..$Dbx34drv$TDBXOpenODBCMetaDataCommandFactory.CreateMetaDataReader$_eh1
 0002:00001140       Dbx34Drv..$Dbx34drv$TDBXOpenODBCMetaDataCommandFactory.GetMetaDataReaderClass$_eh0
 0005:00000E04       Dbx34Drv..$Dbx34drv$TDBXOpenODBCMetaDataCommandFactory.GetMetaDataReaderClass$_eh1
 0002:000011C4       Dbx34Drv..$Dbx34drv$TDBXOpenODBCMetaDataCommandFactory.GetProductName$_eh0
 0005:00000E4C       Dbx34Drv..$Dbx34drv$TDBXOpenODBCMetaDataCommandFactory.GetProductName$_eh1
 0002:00001144       Dbx34Drv..$Dbx34drv$TDBXOpenODBCMetaDataCommandFactory.InitMetaDataReaderClass$_eh0
 0005:00000E10       Dbx34Drv..$Dbx34drv$TDBXOpenODBCMetaDataCommandFactory.InitMetaDataReaderClass$_eh1
 0002:00001204       Dbx34Drv..$Dbx34drv$TDBXOpenODBCMetaDataCommandFactory.RegisterMetaDataCommandFactory$_eh0
 0005:00000E7C       Dbx34Drv..$Dbx34drv$TDBXOpenODBCMetaDataCommandFactory.RegisterMetaDataCommandFactory$_eh1
 0002:0000120C       Dbx34Drv..$Dbx34drv$TDBXOpenODBCMetaDataCommandFactory.UnRegisterMetaDataCommandFactory$_eh0
 0005:00000E88       Dbx34Drv..$Dbx34drv$TDBXOpenODBCMetaDataCommandFactory.UnRegisterMetaDataCommandFactory$_eh1
 0002:00001138       Dbx34Drv..$Dbx34drv$TDBXOpenODBCMetaDataCommandFactoryCustom.CreateMetaDataReader$_eh0
 0005:00000DF8       Dbx34Drv..$Dbx34drv$TDBXOpenODBCMetaDataCommandFactoryCustom.CreateMetaDataReader$_eh1
 0002:00001214       Dbx34Drv..$Dbx34drv$TDBXOpenODBCMetaDataReader.Create$_eh0
 0005:00000E94       Dbx34Drv..$Dbx34drv$TDBXOpenODBCMetaDataReader.Create$_eh1
 0002:00001280       Dbx34Drv..$Dbx34drv$TDBXOpenODBCMetaDataReader.FetchCatalogs$_eh0
 0005:00000EC4       Dbx34Drv..$Dbx34drv$TDBXOpenODBCMetaDataReader.FetchCatalogs$_eh1
 0002:0000143C       Dbx34Drv..$Dbx34drv$TDBXOpenODBCMetaDataReader.FetchColumnConstraints$_eh0
 0005:00000F78       Dbx34Drv..$Dbx34drv$TDBXOpenODBCMetaDataReader.FetchColumnConstraints$_eh1
 0002:000013E4       Dbx34Drv..$Dbx34drv$TDBXOpenODBCMetaDataReader.FetchColumns$_eh0
 0005:00000F54       Dbx34Drv..$Dbx34drv$TDBXOpenODBCMetaDataReader.FetchColumns$_eh1
 0002:00001250       Dbx34Drv..$Dbx34drv$TDBXOpenODBCMetaDataReader.FetchDataTypes$_eh0
 0005:00000EAC       Dbx34Drv..$Dbx34drv$TDBXOpenODBCMetaDataReader.FetchDataTypes$_eh1
 0002:00001494       Dbx34Drv..$Dbx34drv$TDBXOpenODBCMetaDataReader.FetchForeignKeyColumns$_eh0
 0005:00000F9C       Dbx34Drv..$Dbx34drv$TDBXOpenODBCMetaDataReader.FetchForeignKeyColumns$_eh1
 0002:000014F0       Dbx34Drv..$Dbx34drv$TDBXOpenODBCMetaDataReader.FetchForeignKeys$_eh0
 0005:00000FC0       Dbx34Drv..$Dbx34drv$TDBXOpenODBCMetaDataReader.FetchForeignKeys$_eh1
 0002:00001548       Dbx34Drv..$Dbx34drv$TDBXOpenODBCMetaDataReader.FetchIndexColumns$_eh0
 0005:00000FE4       Dbx34Drv..$Dbx34drv$TDBXOpenODBCMetaDataReader.FetchIndexColumns$_eh1
 0002:000015CC       Dbx34Drv..$Dbx34drv$TDBXOpenODBCMetaDataReader.FetchIndexes$_eh0
 0005:00001014       Dbx34Drv..$Dbx34drv$TDBXOpenODBCMetaDataReader.FetchIndexes$_eh1
 0002:00001860       Dbx34Drv..$Dbx34drv$TDBXOpenODBCMetaDataReader.FetchPackageProcedureParameters$_eh0
 0005:0000111C       Dbx34Drv..$Dbx34drv$TDBXOpenODBCMetaDataReader.FetchPackageProcedureParameters$_eh1
 0002:00001808       Dbx34Drv..$Dbx34drv$TDBXOpenODBCMetaDataReader.FetchPackageProcedures$_eh0
 0005:000010F8       Dbx34Drv..$Dbx34drv$TDBXOpenODBCMetaDataReader.FetchPackageProcedures$_eh1
 0002:000017B0       Dbx34Drv..$Dbx34drv$TDBXOpenODBCMetaDataReader.FetchPackages$_eh0
 0005:000010D4       Dbx34Drv..$Dbx34drv$TDBXOpenODBCMetaDataReader.FetchPackages$_eh1
 0002:000018B8       Dbx34Drv..$Dbx34drv$TDBXOpenODBCMetaDataReader.FetchPackageSources$_eh0
 0005:00001140       Dbx34Drv..$Dbx34drv$TDBXOpenODBCMetaDataReader.FetchPackageSources$_eh1
 0002:00001758       Dbx34Drv..$Dbx34drv$TDBXOpenODBCMetaDataReader.FetchProcedureParameters$_eh0
 0005:000010B0       Dbx34Drv..$Dbx34drv$TDBXOpenODBCMetaDataReader.FetchProcedureParameters$_eh1
 0002:00001650       Dbx34Drv..$Dbx34drv$TDBXOpenODBCMetaDataReader.FetchProcedures$_eh0
 0005:00001044       Dbx34Drv..$Dbx34drv$TDBXOpenODBCMetaDataReader.FetchProcedures$_eh1
 0002:000016A8       Dbx34Drv..$Dbx34drv$TDBXOpenODBCMetaDataReader.FetchProcedureSources$_eh0
 0005:00001068       Dbx34Drv..$Dbx34drv$TDBXOpenODBCMetaDataReader.FetchProcedureSources$_eh1
 0002:000019C0       Dbx34Drv..$Dbx34drv$TDBXOpenODBCMetaDataReader.FetchReservedWords$_eh0
 0005:000011AC       Dbx34Drv..$Dbx34drv$TDBXOpenODBCMetaDataReader.FetchReservedWords$_eh1
 0002:00001968       Dbx34Drv..$Dbx34drv$TDBXOpenODBCMetaDataReader.FetchRoles$_eh0
 0005:00001188       Dbx34Drv..$Dbx34drv$TDBXOpenODBCMetaDataReader.FetchRoles$_eh1
 0002:000012B0       Dbx34Drv..$Dbx34drv$TDBXOpenODBCMetaDataReader.FetchSchemas$_eh0
 0005:00000EDC       Dbx34Drv..$Dbx34drv$TDBXOpenODBCMetaDataReader.FetchSchemas$_eh1
 0002:00001700       Dbx34Drv..$Dbx34drv$TDBXOpenODBCMetaDataReader.FetchSynonyms$_eh0
 0005:0000108C       Dbx34Drv..$Dbx34drv$TDBXOpenODBCMetaDataReader.FetchSynonyms$_eh1
 0002:00001308       Dbx34Drv..$Dbx34drv$TDBXOpenODBCMetaDataReader.FetchTables$_eh0
 0005:00000F00       Dbx34Drv..$Dbx34drv$TDBXOpenODBCMetaDataReader.FetchTables$_eh1
 0002:00001910       Dbx34Drv..$Dbx34drv$TDBXOpenODBCMetaDataReader.FetchUsers$_eh0
 0005:00001164       Dbx34Drv..$Dbx34drv$TDBXOpenODBCMetaDataReader.FetchUsers$_eh1
 0002:0000138C       Dbx34Drv..$Dbx34drv$TDBXOpenODBCMetaDataReader.FetchViews$_eh0
 0005:00000F30       Dbx34Drv..$Dbx34drv$TDBXOpenODBCMetaDataReader.FetchViews$_eh1
 0002:00001A18       Dbx34Drv..$Dbx34drv$TDBXOpenODBCMetaDataReader.GetProductName$_eh0
 0005:000011D0       Dbx34Drv..$Dbx34drv$TDBXOpenODBCMetaDataReader.GetProductName$_eh1
 0002:00001A20       Dbx34Drv..$Dbx34drv$TDBXOpenODBCMetaDataReader.GetReservedWords$_eh0
 0005:000011DC       Dbx34Drv..$Dbx34drv$TDBXOpenODBCMetaDataReader.GetReservedWords$_eh1
 0002:00001A28       Dbx34Drv..$Dbx34drv$TDBXOpenODBCMetaDataReader.GetSqlForColumns$_eh0
 0005:000011E8       Dbx34Drv..$Dbx34drv$TDBXOpenODBCMetaDataReader.GetSqlForColumns$_eh1
 0002:00001A30       Dbx34Drv..$Dbx34drv$TDBXOpenODBCMetaDataReader.GetSqlForForeignKeyColumns$_eh0
 0005:000011F4       Dbx34Drv..$Dbx34drv$TDBXOpenODBCMetaDataReader.GetSqlForForeignKeyColumns$_eh1
 0002:00001A38       Dbx34Drv..$Dbx34drv$TDBXOpenODBCMetaDataReader.GetSqlForForeignKeys$_eh0
 0005:00001200       Dbx34Drv..$Dbx34drv$TDBXOpenODBCMetaDataReader.GetSqlForForeignKeys$_eh1
 0002:00001A40       Dbx34Drv..$Dbx34drv$TDBXOpenODBCMetaDataReader.GetSqlForIndexColumns$_eh0
 0005:0000120C       Dbx34Drv..$Dbx34drv$TDBXOpenODBCMetaDataReader.GetSqlForIndexColumns$_eh1
 0002:00001A48       Dbx34Drv..$Dbx34drv$TDBXOpenODBCMetaDataReader.GetSqlForIndexes$_eh0
 0005:00001218       Dbx34Drv..$Dbx34drv$TDBXOpenODBCMetaDataReader.GetSqlForIndexes$_eh1
 0002:00001A50       Dbx34Drv..$Dbx34drv$TDBXOpenODBCMetaDataReader.GetSqlForPackageProcedureParameters$_eh0
 0005:00001224       Dbx34Drv..$Dbx34drv$TDBXOpenODBCMetaDataReader.GetSqlForPackageProcedureParameters$_eh1
 0002:00001A58       Dbx34Drv..$Dbx34drv$TDBXOpenODBCMetaDataReader.GetSqlForPackageProcedures$_eh0
 0005:00001230       Dbx34Drv..$Dbx34drv$TDBXOpenODBCMetaDataReader.GetSqlForPackageProcedures$_eh1
 0002:00001A60       Dbx34Drv..$Dbx34drv$TDBXOpenODBCMetaDataReader.GetSqlForPackages$_eh0
 0005:0000123C       Dbx34Drv..$Dbx34drv$TDBXOpenODBCMetaDataReader.GetSqlForPackages$_eh1
 0002:00001A68       Dbx34Drv..$Dbx34drv$TDBXOpenODBCMetaDataReader.GetSqlForPackageSources$_eh0
 0005:00001248       Dbx34Drv..$Dbx34drv$TDBXOpenODBCMetaDataReader.GetSqlForPackageSources$_eh1
 0002:00001A70       Dbx34Drv..$Dbx34drv$TDBXOpenODBCMetaDataReader.GetSqlForProcedureParameters$_eh0
 0005:00001254       Dbx34Drv..$Dbx34drv$TDBXOpenODBCMetaDataReader.GetSqlForProcedureParameters$_eh1
 0002:00001A78       Dbx34Drv..$Dbx34drv$TDBXOpenODBCMetaDataReader.GetSqlForProcedures$_eh0
 0005:00001260       Dbx34Drv..$Dbx34drv$TDBXOpenODBCMetaDataReader.GetSqlForProcedures$_eh1
 0002:00001A80       Dbx34Drv..$Dbx34drv$TDBXOpenODBCMetaDataReader.GetSqlForProcedureSources$_eh0
 0005:0000126C       Dbx34Drv..$Dbx34drv$TDBXOpenODBCMetaDataReader.GetSqlForProcedureSources$_eh1
 0002:00001A88       Dbx34Drv..$Dbx34drv$TDBXOpenODBCMetaDataReader.GetSqlForRoles$_eh0
 0005:00001278       Dbx34Drv..$Dbx34drv$TDBXOpenODBCMetaDataReader.GetSqlForRoles$_eh1
 0002:00001A90       Dbx34Drv..$Dbx34drv$TDBXOpenODBCMetaDataReader.GetSqlForSchemas$_eh0
 0005:00001284       Dbx34Drv..$Dbx34drv$TDBXOpenODBCMetaDataReader.GetSqlForSchemas$_eh1
 0002:00001A98       Dbx34Drv..$Dbx34drv$TDBXOpenODBCMetaDataReader.GetSqlForSynonyms$_eh0
 0005:00001290       Dbx34Drv..$Dbx34drv$TDBXOpenODBCMetaDataReader.GetSqlForSynonyms$_eh1
 0002:00001AA0       Dbx34Drv..$Dbx34drv$TDBXOpenODBCMetaDataReader.GetSqlForTables$_eh0
 0005:0000129C       Dbx34Drv..$Dbx34drv$TDBXOpenODBCMetaDataReader.GetSqlForTables$_eh1
 0002:00001AA8       Dbx34Drv..$Dbx34drv$TDBXOpenODBCMetaDataReader.GetSqlForUsers$_eh0
 0005:000012A8       Dbx34Drv..$Dbx34drv$TDBXOpenODBCMetaDataReader.GetSqlForUsers$_eh1
 0002:00001AB0       Dbx34Drv..$Dbx34drv$TDBXOpenODBCMetaDataReader.GetSqlForViews$_eh0
 0005:000012B4       Dbx34Drv..$Dbx34drv$TDBXOpenODBCMetaDataReader.GetSqlForViews$_eh1
 0002:00001AB8       Dbx34Drv..$Dbx34drv$TDBXOpenODBCMetaDataReader.IsNestedTransactionsSupported$_eh0
 0005:000012C0       Dbx34Drv..$Dbx34drv$TDBXOpenODBCMetaDataReader.IsNestedTransactionsSupported$_eh1
 0002:00001ABC       Dbx34Drv..$Dbx34drv$TDBXOpenODBCMetaDataReader.IsSetRowSizeSupported$_eh0
 0005:000012CC       Dbx34Drv..$Dbx34drv$TDBXOpenODBCMetaDataReader.IsSetRowSizeSupported$_eh1
 0002:00000D74       Dbx34Drv..$Dbx34drv$TDBXOpenOdbcProperties.Create$_eh0
 0005:00000ABC       Dbx34Drv..$Dbx34drv$TDBXOpenOdbcProperties.Create$_eh1
 0002:00000E0C       Dbx34Drv..$Dbx34drv$TDBXOpenOdbcProperties.GetBlobSize$_eh0
 0005:00000B40       Dbx34Drv..$Dbx34drv$TDBXOpenOdbcProperties.GetBlobSize$_eh1
 0002:00000DCC       Dbx34Drv..$Dbx34drv$TDBXOpenOdbcProperties.GetConnectionString$_eh0
 0005:00000AE0       Dbx34Drv..$Dbx34drv$TDBXOpenOdbcProperties.GetConnectionString$_eh1
 0002:00000EEC       Dbx34Drv..$Dbx34drv$TDBXOpenOdbcProperties.GetCustomString$_eh0
 0005:00000BD0       Dbx34Drv..$Dbx34drv$TDBXOpenOdbcProperties.GetCustomString$_eh1
 0002:00000DDC       Dbx34Drv..$Dbx34drv$TDBXOpenOdbcProperties.GetDatabase$_eh0
 0005:00000AF8       Dbx34Drv..$Dbx34drv$TDBXOpenOdbcProperties.GetDatabase$_eh1
 0002:00000E7C       Dbx34Drv..$Dbx34drv$TDBXOpenOdbcProperties.GetDecimalSeparator$_eh0
 0005:00000B88       Dbx34Drv..$Dbx34drv$TDBXOpenOdbcProperties.GetDecimalSeparator$_eh1
 0002:00000E6C       Dbx34Drv..$Dbx34drv$TDBXOpenOdbcProperties.GetOdbcTransIsolation$_eh0
 0005:00000B70       Dbx34Drv..$Dbx34drv$TDBXOpenOdbcProperties.GetOdbcTransIsolation$_eh1
 0002:00000DFC       Dbx34Drv..$Dbx34drv$TDBXOpenOdbcProperties.GetPassWord$_eh0
 0005:00000B28       Dbx34Drv..$Dbx34drv$TDBXOpenOdbcProperties.GetPassWord$_eh1
 0002:00000E8C       Dbx34Drv..$Dbx34drv$TDBXOpenOdbcProperties.GetTrimChar$_eh0
 0005:00000BA0       Dbx34Drv..$Dbx34drv$TDBXOpenOdbcProperties.GetTrimChar$_eh1
 0002:00000DEC       Dbx34Drv..$Dbx34drv$TDBXOpenOdbcProperties.GetUserName$_eh0
 0005:00000B10       Dbx34Drv..$Dbx34drv$TDBXOpenOdbcProperties.GetUserName$_eh1
 0002:00000E3C       Dbx34Drv..$Dbx34drv$TDBXOpenOdbcProperties.SetBlobSize$_eh0
 0005:00000B58       Dbx34Drv..$Dbx34drv$TDBXOpenOdbcProperties.SetBlobSize$_eh1
 0002:00000DD4       Dbx34Drv..$Dbx34drv$TDBXOpenOdbcProperties.SetConnectionString$_eh0
 0005:00000AEC       Dbx34Drv..$Dbx34drv$TDBXOpenOdbcProperties.SetConnectionString$_eh1
 0002:00000EF4       Dbx34Drv..$Dbx34drv$TDBXOpenOdbcProperties.SetCustomString$_eh0
 0005:00000BDC       Dbx34Drv..$Dbx34drv$TDBXOpenOdbcProperties.SetCustomString$_eh1
 0002:00000DE4       Dbx34Drv..$Dbx34drv$TDBXOpenOdbcProperties.SetDatabase$_eh0
 0005:00000B04       Dbx34Drv..$Dbx34drv$TDBXOpenOdbcProperties.SetDatabase$_eh1
 0002:00000E84       Dbx34Drv..$Dbx34drv$TDBXOpenOdbcProperties.SetDecimalSeparator$_eh0
 0005:00000B94       Dbx34Drv..$Dbx34drv$TDBXOpenOdbcProperties.SetDecimalSeparator$_eh1
 0002:00000E74       Dbx34Drv..$Dbx34drv$TDBXOpenOdbcProperties.SetOdbcTransIsolation$_eh0
 0005:00000B7C       Dbx34Drv..$Dbx34drv$TDBXOpenOdbcProperties.SetOdbcTransIsolation$_eh1
 0002:00000E04       Dbx34Drv..$Dbx34drv$TDBXOpenOdbcProperties.SetPassWord$_eh0
 0005:00000B34       Dbx34Drv..$Dbx34drv$TDBXOpenOdbcProperties.SetPassWord$_eh1
 0002:00000EBC       Dbx34Drv..$Dbx34drv$TDBXOpenOdbcProperties.SetTrimChar$_eh0
 0005:00000BB8       Dbx34Drv..$Dbx34drv$TDBXOpenOdbcProperties.SetTrimChar$_eh1
 0002:00000DF4       Dbx34Drv..$Dbx34drv$TDBXOpenOdbcProperties.SetUserName$_eh0
 0005:00000B1C       Dbx34Drv..$Dbx34drv$TDBXOpenOdbcProperties.SetUserName$_eh1
 0003:0000005C       Dbx34Drv..71
 0001:00044360       Dbx34Drv..EDBXError
 0001:00044468       Dbx34Drv..EDbxOODBCDriverError
 0001:00045378       Dbx34Drv..TDBXCustomOpenODBCMetaDataReader
 0001:000451F8       Dbx34Drv..TDBXDataExpressProviderContextOpenOdbc
 0001:00044D98       Dbx34Drv..TDBXDynalinkConnectionOpenOdbc
 0001:00044C48       Dbx34Drv..TDBXDynalinkDriverLoaderOpenOdbc
 0001:00044FF0       Dbx34Drv..TDBXMorphicCommandOpenOdbc
 0001:000447B0       Dbx34Drv..TDbxOpenOdbcDriver
 0001:00045730       Dbx34Drv..TDBXOpenODBCMetaDataCommand
 0001:000459D0       Dbx34Drv..TDBXOpenODBCMetaDataCommandFactory
 0001:00045B60       Dbx34Drv..TDBXOpenODBCMetaDataCommandFactoryCustom
 0001:00045CB8       Dbx34Drv..TDBXOpenODBCMetaDataReader
 0001:00044918       Dbx34Drv..TDBXOpenOdbcProperties
 0001:00044590       Dbx34Drv..TDBXOpenOdbcPropertyNames
 0001:000446A8       Dbx34Drv..TDBXPropertyNames
 0002:00000B54       Dbx34Drv.bIsDbx34Drv
 0001:000465E0       Dbx34Drv.CheckGetVendorPropertyCommand
 0001:00046A40       Dbx34Drv.CheckLibraryName
 0001:00046950       Dbx34Drv.CheckLibraryPath
 0001:000466B0       Dbx34Drv.CheckPathEnvironmet
 0001:00046A90       Dbx34Drv.CheckVendorLib
 0001:0004C6A0       Dbx34Drv.Dbx34Drv
 0001:000461F0       Dbx34Drv.DBXStringArrayToErrorInfo
 0001:00046050       Dbx34Drv.DBXStringArrayToNamedQueryParams
 0001:00046400       Dbx34Drv.ErrorGetVendorPropertyCommand
 0001:0004C5F0       Dbx34Drv.Finalization
 0001:00047BD0       Dbx34Drv.RaiseDriverVersionFailed
 0001:00048750       Dbx34Drv.TDBXCustomOpenODBCMetaDataReader.CheckMetadata
 0001:00048830       Dbx34Drv.TDBXCustomOpenODBCMetaDataReader.GetProductName
 0001:00048910       Dbx34Drv.TDBXCustomOpenODBCMetaDataReader.GetSqlIdentifierQuoteChar
 0001:00048880       Dbx34Drv.TDBXCustomOpenODBCMetaDataReader.GetSqlIdentifierQuotePrefix
 0001:000488A0       Dbx34Drv.TDBXCustomOpenODBCMetaDataReader.GetSqlIdentifierQuoteSuffix
 0001:00048930       Dbx34Drv.TDBXCustomOpenODBCMetaDataReader.GetSqlProcedureQuoteChar
 0001:00048990       Dbx34Drv.TDBXCustomOpenODBCMetaDataReader.GetUseAnsiStrings
 0001:00048630       Dbx34Drv.TDBXCustomOpenODBCMetaDataReader.InitMetadata
 0001:00048900       Dbx34Drv.TDBXCustomOpenODBCMetaDataReader.IsDescendingIndexColumnsSupported
 0001:000488F0       Dbx34Drv.TDBXCustomOpenODBCMetaDataReader.IsDescendingIndexSupported
 0001:000488D0       Dbx34Drv.TDBXCustomOpenODBCMetaDataReader.IsLowerCaseIdentifiersSupported
 0001:00048950       Dbx34Drv.TDBXCustomOpenODBCMetaDataReader.IsMultipleCommandsSupported
 0001:00048970       Dbx34Drv.TDBXCustomOpenODBCMetaDataReader.IsNestedTransactionsSupported
 0001:000488C0       Dbx34Drv.TDBXCustomOpenODBCMetaDataReader.IsParameterMetadataSupported
 0001:00048980       Dbx34Drv.TDBXCustomOpenODBCMetaDataReader.IsSetRowSizeSupported
 0001:00048960       Dbx34Drv.TDBXCustomOpenODBCMetaDataReader.IsTransactionsSupported
 0001:000488E0       Dbx34Drv.TDBXCustomOpenODBCMetaDataReader.IsUpperCaseIdentifiersSupported
 0001:00048800       Dbx34Drv.TDBXCustomOpenODBCMetaDataReader.SetContext
 0001:00048490       Dbx34Drv.TDBXDynalinkConnectionOpenOdbc.Close
 0001:00048470       Dbx34Drv.TDBXDynalinkConnectionOpenOdbc.DerivedClose
 0001:000484A0       Dbx34Drv.TDBXDynalinkConnectionOpenOdbc.DerivedCreateCommand
 0001:00047BB0       Dbx34Drv.TDBXDynalinkConnectionOpenOdbc.DerivedGetCommands
 0001:00047BC0       Dbx34Drv.TDBXDynalinkConnectionOpenOdbc.DerivedGetCommandTypes
 0001:00047C70       Dbx34Drv.TDBXDynalinkConnectionOpenOdbc.DerivedOpen
 0001:00048330       Dbx34Drv.TDBXDynalinkConnectionOpenOdbc.DoDerivedOpenAfter
 0001:00047E30       Dbx34Drv.TDBXDynalinkConnectionOpenOdbc.DoDerivedOpenBefore
 0001:00048480       Dbx34Drv.TDBXDynalinkConnectionOpenOdbc.GetDatabaseMetaData
 0001:00047B60       Dbx34Drv.TDBXDynalinkConnectionOpenOdbc.GetProductName
 0001:00047B40       Dbx34Drv.TDBXDynalinkConnectionOpenOdbc.GetProductVersion
 0001:000484D0       Dbx34Drv.TDBXDynalinkConnectionOpenOdbc.GetVendorProperty
 0001:00047B10       Dbx34Drv.TDBXDynalinkDriverLoaderOpenOdbc.FreeOldLibrary
 0001:00047720       Dbx34Drv.TDBXDynalinkDriverLoaderOpenOdbc.LoadDriverLibraryAndMethodTable
 0001:00048570       Dbx34Drv.TDBXMorphicCommandOpenOdbc.Create
 0001:00048620       Dbx34Drv.TDBXMorphicCommandOpenOdbc.DerivedExecuteQuery
 0001:00046AE0       Dbx34Drv.TDbxOpenOdbcDriver.Create
 0001:00046C70       Dbx34Drv.TDbxOpenOdbcDriver.CreateCommandOpenOdbc
 0001:00046CA0       Dbx34Drv.TDbxOpenOdbcDriver.CreateConnection
 0001:00046DF0       Dbx34Drv.TDbxOpenOdbcDriver.GetDriverPropertyNames
 0001:00046E00       Dbx34Drv.TDbxOpenOdbcDriver.GetDriverVersion
 0001:00046D00       Dbx34Drv.TDbxOpenOdbcDriver.LoadDriverWithConnectionBuilder
 0001:000489A0       Dbx34Drv.TDBXOpenODBCMetaDataCommand.DerivedExecuteQuery
 0001:00048CB0       Dbx34Drv.TDBXOpenODBCMetaDataCommandFactory.CreateCommand
 0001:00048E40       Dbx34Drv.TDBXOpenODBCMetaDataCommandFactory.CreateMetaDataReader
 0001:000491A0       Dbx34Drv.TDBXOpenODBCMetaDataCommandFactory.CreateMetaDataReader
 0001:000489D0       Dbx34Drv.TDBXOpenODBCMetaDataCommandFactory.GetMetaDataReaderClass
 0001:00048DF0       Dbx34Drv.TDBXOpenODBCMetaDataCommandFactory.GetProductName
 0001:000489E0       Dbx34Drv.TDBXOpenODBCMetaDataCommandFactory.InitMetaDataReaderClass
 0001:000491C0       Dbx34Drv.TDBXOpenODBCMetaDataCommandFactory.RegisterMetaDataCommandFactory
 0001:000491D0       Dbx34Drv.TDBXOpenODBCMetaDataCommandFactory.UnRegisterMetaDataCommandFactory
 0001:000489B0       Dbx34Drv.TDBXOpenODBCMetaDataCommandFactoryCustom.CreateMetaDataReader
 0001:000491E0       Dbx34Drv.TDBXOpenODBCMetaDataReader.Create
 0001:00049320       Dbx34Drv.TDBXOpenODBCMetaDataReader.FetchCatalogs
 0001:0004A030       Dbx34Drv.TDBXOpenODBCMetaDataReader.FetchColumnConstraints
 0001:00049E80       Dbx34Drv.TDBXOpenODBCMetaDataReader.FetchColumns
 0001:00049280       Dbx34Drv.TDBXOpenODBCMetaDataReader.FetchDataTypes
 0001:0004A1F0       Dbx34Drv.TDBXOpenODBCMetaDataReader.FetchForeignKeyColumns
 0001:0004A400       Dbx34Drv.TDBXOpenODBCMetaDataReader.FetchForeignKeys
 0001:0004A5C0       Dbx34Drv.TDBXOpenODBCMetaDataReader.FetchIndexColumns
 0001:0004AB20       Dbx34Drv.TDBXOpenODBCMetaDataReader.FetchIndexes
 0001:0004BB10       Dbx34Drv.TDBXOpenODBCMetaDataReader.FetchPackageProcedureParameters
 0001:0004B920       Dbx34Drv.TDBXOpenODBCMetaDataReader.FetchPackageProcedures
 0001:0004B770       Dbx34Drv.TDBXOpenODBCMetaDataReader.FetchPackages
 0001:0004BD30       Dbx34Drv.TDBXOpenODBCMetaDataReader.FetchPackageSources
 0001:0004B570       Dbx34Drv.TDBXOpenODBCMetaDataReader.FetchProcedureParameters
 0001:0004B020       Dbx34Drv.TDBXOpenODBCMetaDataReader.FetchProcedures
 0001:0004B200       Dbx34Drv.TDBXOpenODBCMetaDataReader.FetchProcedureSources
 0001:0004C150       Dbx34Drv.TDBXOpenODBCMetaDataReader.FetchReservedWords
 0001:0004C020       Dbx34Drv.TDBXOpenODBCMetaDataReader.FetchRoles
 0001:000493D0       Dbx34Drv.TDBXOpenODBCMetaDataReader.FetchSchemas
 0001:0004B3C0       Dbx34Drv.TDBXOpenODBCMetaDataReader.FetchSynonyms
 0001:00049570       Dbx34Drv.TDBXOpenODBCMetaDataReader.FetchTables
 0001:0004BEF0       Dbx34Drv.TDBXOpenODBCMetaDataReader.FetchUsers
 0001:00049CC0       Dbx34Drv.TDBXOpenODBCMetaDataReader.FetchViews
 0001:0004C320       Dbx34Drv.TDBXOpenODBCMetaDataReader.GetProductName
 0001:0004C370       Dbx34Drv.TDBXOpenODBCMetaDataReader.GetReservedWords
 0001:0004C390       Dbx34Drv.TDBXOpenODBCMetaDataReader.GetSqlForColumns
 0001:0004C3B0       Dbx34Drv.TDBXOpenODBCMetaDataReader.GetSqlForForeignKeyColumns
 0001:0004C3D0       Dbx34Drv.TDBXOpenODBCMetaDataReader.GetSqlForForeignKeys
 0001:0004C3F0       Dbx34Drv.TDBXOpenODBCMetaDataReader.GetSqlForIndexColumns
 0001:0004C410       Dbx34Drv.TDBXOpenODBCMetaDataReader.GetSqlForIndexes
 0001:0004C430       Dbx34Drv.TDBXOpenODBCMetaDataReader.GetSqlForPackageProcedureParameters
 0001:0004C450       Dbx34Drv.TDBXOpenODBCMetaDataReader.GetSqlForPackageProcedures
 0001:0004C470       Dbx34Drv.TDBXOpenODBCMetaDataReader.GetSqlForPackages
 0001:0004C490       Dbx34Drv.TDBXOpenODBCMetaDataReader.GetSqlForPackageSources
 0001:0004C4B0       Dbx34Drv.TDBXOpenODBCMetaDataReader.GetSqlForProcedureParameters
 0001:0004C4D0       Dbx34Drv.TDBXOpenODBCMetaDataReader.GetSqlForProcedures
 0001:0004C4F0       Dbx34Drv.TDBXOpenODBCMetaDataReader.GetSqlForProcedureSources
 0001:0004C510       Dbx34Drv.TDBXOpenODBCMetaDataReader.GetSqlForRoles
 0001:0004C530       Dbx34Drv.TDBXOpenODBCMetaDataReader.GetSqlForSchemas
 0001:0004C550       Dbx34Drv.TDBXOpenODBCMetaDataReader.GetSqlForSynonyms
 0001:0004C570       Dbx34Drv.TDBXOpenODBCMetaDataReader.GetSqlForTables
 0001:0004C590       Dbx34Drv.TDBXOpenODBCMetaDataReader.GetSqlForUsers
 0001:0004C5B0       Dbx34Drv.TDBXOpenODBCMetaDataReader.GetSqlForViews
 0001:0004C5D0       Dbx34Drv.TDBXOpenODBCMetaDataReader.IsNestedTransactionsSupported
 0001:0004C5E0       Dbx34Drv.TDBXOpenODBCMetaDataReader.IsSetRowSizeSupported
 0001:00046E60       Dbx34Drv.TDBXOpenOdbcProperties.Create
 0001:000472B0       Dbx34Drv.TDBXOpenOdbcProperties.GetBlobSize
 0001:00047090       Dbx34Drv.TDBXOpenOdbcProperties.GetConnectionString
 0001:00047680       Dbx34Drv.TDBXOpenOdbcProperties.GetCustomString
 0001:00047130       Dbx34Drv.TDBXOpenOdbcProperties.GetDatabase
 0001:000474C0       Dbx34Drv.TDBXOpenOdbcProperties.GetDecimalSeparator
 0001:000473F0       Dbx34Drv.TDBXOpenOdbcProperties.GetOdbcTransIsolation
 0001:00047230       Dbx34Drv.TDBXOpenOdbcProperties.GetPassWord
 0001:00047560       Dbx34Drv.TDBXOpenOdbcProperties.GetTrimChar
 0001:000471B0       Dbx34Drv.TDBXOpenOdbcProperties.GetUserName
 0001:00047350       Dbx34Drv.TDBXOpenOdbcProperties.SetBlobSize
 0001:000470E0       Dbx34Drv.TDBXOpenOdbcProperties.SetConnectionString
 0001:000476D0       Dbx34Drv.TDBXOpenOdbcProperties.SetCustomString
 0001:00047170       Dbx34Drv.TDBXOpenOdbcProperties.SetDatabase
 0001:00047510       Dbx34Drv.TDBXOpenOdbcProperties.SetDecimalSeparator
 0001:00047460       Dbx34Drv.TDBXOpenOdbcProperties.SetOdbcTransIsolation
 0001:00047270       Dbx34Drv.TDBXOpenOdbcProperties.SetPassWord
 0001:000475F0       Dbx34Drv.TDBXOpenOdbcProperties.SetTrimChar
 0001:000471F0       Dbx34Drv.TDBXOpenOdbcProperties.SetUserName
 0002:00000B4C       Dbx34DrvDbms..$Dbx34drvdbms$Dbx34DrvDbms$_eh0
 0005:00000990       Dbx34DrvDbms..$Dbx34drvdbms$Dbx34DrvDbms$_eh1
 0002:00000B44       Dbx34DrvDbms..$Dbx34drvdbms$Finalization$_eh0
 0005:00000984       Dbx34DrvDbms..$Dbx34drvdbms$Finalization$_eh1
 0002:00000890       Dbx34DrvDbms..$Dbx34drvdbms$TDBXOpenODBCMetaDataCommandFactoryDataStorage.GetMetaDataReaderClass$_eh0
 0005:00000750       Dbx34DrvDbms..$Dbx34drvdbms$TDBXOpenODBCMetaDataCommandFactoryDataStorage.GetMetaDataReaderClass$_eh1
 0002:000006F4       Dbx34DrvDbms..$Dbx34drvdbms$TDBXOpenODBCMetaDataCommandFactoryDB2.GetMetaDataReaderClass$_eh0
 0005:000005D0       Dbx34DrvDbms..$Dbx34drvdbms$TDBXOpenODBCMetaDataCommandFactoryDB2.GetMetaDataReaderClass$_eh1
 0002:000008B4       Dbx34DrvDbms..$Dbx34drvdbms$TDBXOpenODBCMetaDataCommandFactoryFirebird.GetMetaDataReaderClass$_eh0
 0005:0000078C       Dbx34DrvDbms..$Dbx34drvdbms$TDBXOpenODBCMetaDataCommandFactoryFirebird.GetMetaDataReaderClass$_eh1
 0002:000007A0       Dbx34DrvDbms..$Dbx34drvdbms$TDBXOpenODBCMetaDataCommandFactoryInformix.GetMetaDataReaderClass$_eh0
 0005:00000678       Dbx34DrvDbms..$Dbx34drvdbms$TDBXOpenODBCMetaDataCommandFactoryInformix.GetMetaDataReaderClass$_eh1
 0002:000009B8       Dbx34DrvDbms..$Dbx34drvdbms$TDBXOpenODBCMetaDataCommandFactoryInterbase.GetMetaDataReaderClass$_eh0
 0005:0000084C       Dbx34DrvDbms..$Dbx34drvdbms$TDBXOpenODBCMetaDataCommandFactoryInterbase.GetMetaDataReaderClass$_eh1
 0002:00000224       Dbx34DrvDbms..$Dbx34drvdbms$TDBXOpenODBCMetaDataCommandFactoryMSSQL.GetMetaDataReaderClass$_eh0
 0005:00000240       Dbx34DrvDbms..$Dbx34drvdbms$TDBXOpenODBCMetaDataCommandFactoryMSSQL.GetMetaDataReaderClass$_eh1
 0002:00000388       Dbx34DrvDbms..$Dbx34drvdbms$TDBXOpenODBCMetaDataCommandFactoryMySQL.GetMetaDataReaderClass$_eh0
 0005:0000033C       Dbx34DrvDbms..$Dbx34drvdbms$TDBXOpenODBCMetaDataCommandFactoryMySQL.GetMetaDataReaderClass$_eh1
 0002:00000188       Dbx34DrvDbms..$Dbx34drvdbms$TDBXOpenODBCMetaDataCommandFactoryOracle.GetMetaDataReaderClass$_eh0
 0005:000001B0       Dbx34DrvDbms..$Dbx34drvdbms$TDBXOpenODBCMetaDataCommandFactoryOracle.GetMetaDataReaderClass$_eh1
 0002:00000AC8       Dbx34DrvDbms..$Dbx34drvdbms$TDBXOpenODBCMetaDataCommandFactoryPostgreSQL.GetMetaDataReaderClass$_eh0
 0005:00000924       Dbx34DrvDbms..$Dbx34drvdbms$TDBXOpenODBCMetaDataCommandFactoryPostgreSQL.GetMetaDataReaderClass$_eh1
 0002:00000ABC       Dbx34DrvDbms..$Dbx34drvdbms$TDBXOpenODBCMetaDataCommandFactorySQLite.GetMetaDataReaderClass$_eh0
 0005:0000090C       Dbx34DrvDbms..$Dbx34drvdbms$TDBXOpenODBCMetaDataCommandFactorySQLite.GetMetaDataReaderClass$_eh1
 0002:00000524       Dbx34DrvDbms..$Dbx34drvdbms$TDBXOpenODBCMetaDataCommandFactorySybaseASA.GetMetaDataReaderClass$_eh0
 0005:0000045C       Dbx34DrvDbms..$Dbx34drvdbms$TDBXOpenODBCMetaDataCommandFactorySybaseASA.GetMetaDataReaderClass$_eh1
 0002:00000650       Dbx34DrvDbms..$Dbx34drvdbms$TDBXOpenODBCMetaDataCommandFactorySybaseASE.GetMetaDataReaderClass$_eh0
 0005:00000534       Dbx34DrvDbms..$Dbx34drvdbms$TDBXOpenODBCMetaDataCommandFactorySybaseASE.GetMetaDataReaderClass$_eh1
 0002:0000089C       Dbx34DrvDbms..$Dbx34drvdbms$TDBXOpenODBCMetaDataReaderDataStorage.GetSqlForColumns$_eh0
 0005:00000768       Dbx34DrvDbms..$Dbx34drvdbms$TDBXOpenODBCMetaDataReaderDataStorage.GetSqlForColumns$_eh1
 0002:000008AC       Dbx34DrvDbms..$Dbx34drvdbms$TDBXOpenODBCMetaDataReaderDataStorage.GetSqlForIndexColumns$_eh0
 0005:00000780       Dbx34DrvDbms..$Dbx34drvdbms$TDBXOpenODBCMetaDataReaderDataStorage.GetSqlForIndexColumns$_eh1
 0002:000008A4       Dbx34DrvDbms..$Dbx34drvdbms$TDBXOpenODBCMetaDataReaderDataStorage.GetSqlForIndexes$_eh0
 0005:00000774       Dbx34DrvDbms..$Dbx34drvdbms$TDBXOpenODBCMetaDataReaderDataStorage.GetSqlForIndexes$_eh1
 0002:00000894       Dbx34DrvDbms..$Dbx34drvdbms$TDBXOpenODBCMetaDataReaderDataStorage.GetSqlForTables$_eh0
 0005:0000075C       Dbx34DrvDbms..$Dbx34drvdbms$TDBXOpenODBCMetaDataReaderDataStorage.GetSqlForTables$_eh1
 0002:00000770       Dbx34DrvDbms..$Dbx34drvdbms$TDBXOpenODBCMetaDataReaderDB2.GetDataTypeDescriptions$_eh0
 0005:00000660       Dbx34DrvDbms..$Dbx34drvdbms$TDBXOpenODBCMetaDataReaderDB2.GetDataTypeDescriptions$_eh1
 0002:000006F8       Dbx34DrvDbms..$Dbx34drvdbms$TDBXOpenODBCMetaDataReaderDB2.GetProductName$_eh0
 0005:000005DC       Dbx34DrvDbms..$Dbx34drvdbms$TDBXOpenODBCMetaDataReaderDB2.GetProductName$_eh1
 0002:00000720       Dbx34DrvDbms..$Dbx34drvdbms$TDBXOpenODBCMetaDataReaderDB2.GetReservedWords$_eh0
 0005:00000618       Dbx34DrvDbms..$Dbx34drvdbms$TDBXOpenODBCMetaDataReaderDB2.GetReservedWords$_eh1
 0002:00000708       Dbx34DrvDbms..$Dbx34drvdbms$TDBXOpenODBCMetaDataReaderDB2.GetSqlForColumns$_eh0
 0005:000005F4       Dbx34DrvDbms..$Dbx34drvdbms$TDBXOpenODBCMetaDataReaderDB2.GetSqlForColumns$_eh1
 0002:00000718       Dbx34DrvDbms..$Dbx34drvdbms$TDBXOpenODBCMetaDataReaderDB2.GetSqlForIndexColumns$_eh0
 0005:0000060C       Dbx34DrvDbms..$Dbx34drvdbms$TDBXOpenODBCMetaDataReaderDB2.GetSqlForIndexColumns$_eh1
 0002:00000710       Dbx34DrvDbms..$Dbx34drvdbms$TDBXOpenODBCMetaDataReaderDB2.GetSqlForIndexes$_eh0
 0005:00000600       Dbx34DrvDbms..$Dbx34drvdbms$TDBXOpenODBCMetaDataReaderDB2.GetSqlForIndexes$_eh1
 0002:00000700       Dbx34DrvDbms..$Dbx34drvdbms$TDBXOpenODBCMetaDataReaderDB2.GetSqlForTables$_eh0
 0005:000005E8       Dbx34DrvDbms..$Dbx34drvdbms$TDBXOpenODBCMetaDataReaderDB2.GetSqlForTables$_eh1
 0002:00000768       Dbx34DrvDbms..$Dbx34drvdbms$TDBXOpenODBCMetaDataReaderDB2.GetSqlProcedureQuoteChar$_eh0
 0005:00000654       Dbx34DrvDbms..$Dbx34drvdbms$TDBXOpenODBCMetaDataReaderDB2.GetSqlProcedureQuoteChar$_eh1
 0002:00000760       Dbx34DrvDbms..$Dbx34drvdbms$TDBXOpenODBCMetaDataReaderDB2.GetSystemTableType$_eh0
 0005:00000648       Dbx34DrvDbms..$Dbx34drvdbms$TDBXOpenODBCMetaDataReaderDB2.GetSystemTableType$_eh1
 0002:00000750       Dbx34DrvDbms..$Dbx34drvdbms$TDBXOpenODBCMetaDataReaderDB2.GetTableType$_eh0
 0005:00000630       Dbx34DrvDbms..$Dbx34drvdbms$TDBXOpenODBCMetaDataReaderDB2.GetTableType$_eh1
 0002:00000758       Dbx34DrvDbms..$Dbx34drvdbms$TDBXOpenODBCMetaDataReaderDB2.GetViewType$_eh0
 0005:0000063C       Dbx34DrvDbms..$Dbx34drvdbms$TDBXOpenODBCMetaDataReaderDB2.GetViewType$_eh1
 0002:000008C0       Dbx34DrvDbms..$Dbx34drvdbms$TDBXOpenODBCMetaDataReaderFirebird.Destroy$_eh0
 0005:000007A4       Dbx34DrvDbms..$Dbx34drvdbms$TDBXOpenODBCMetaDataReaderFirebird.Destroy$_eh1
 0002:00000950       Dbx34DrvDbms..$Dbx34drvdbms$TDBXOpenODBCMetaDataReaderFirebird.GetAllDataTypes$_eh0
 0005:0000081C       Dbx34DrvDbms..$Dbx34drvdbms$TDBXOpenODBCMetaDataReaderFirebird.GetAllDataTypes$_eh1
 0002:00000984       Dbx34DrvDbms..$Dbx34drvdbms$TDBXOpenODBCMetaDataReaderFirebird.GetDataTypeDescriptions$_eh0
 0005:00000834       Dbx34DrvDbms..$Dbx34drvdbms$TDBXOpenODBCMetaDataReaderFirebird.GetDataTypeDescriptions$_eh1
 0002:000008B8       Dbx34DrvDbms..$Dbx34drvdbms$TDBXOpenODBCMetaDataReaderFirebird.GetProductName$_eh0
 0005:00000798       Dbx34DrvDbms..$Dbx34drvdbms$TDBXOpenODBCMetaDataReaderFirebird.GetProductName$_eh1
 0002:000008EC       Dbx34DrvDbms..$Dbx34drvdbms$TDBXOpenODBCMetaDataReaderFirebird.GetReservedWords$_eh0
 0005:000007E0       Dbx34DrvDbms..$Dbx34drvdbms$TDBXOpenODBCMetaDataReaderFirebird.GetReservedWords$_eh1
 0002:000008D4       Dbx34DrvDbms..$Dbx34drvdbms$TDBXOpenODBCMetaDataReaderFirebird.GetSqlForColumns$_eh0
 0005:000007BC       Dbx34DrvDbms..$Dbx34drvdbms$TDBXOpenODBCMetaDataReaderFirebird.GetSqlForColumns$_eh1
 0002:000008E4       Dbx34DrvDbms..$Dbx34drvdbms$TDBXOpenODBCMetaDataReaderFirebird.GetSqlForIndexColumns$_eh0
 0005:000007D4       Dbx34DrvDbms..$Dbx34drvdbms$TDBXOpenODBCMetaDataReaderFirebird.GetSqlForIndexColumns$_eh1
 0002:000008DC       Dbx34DrvDbms..$Dbx34drvdbms$TDBXOpenODBCMetaDataReaderFirebird.GetSqlForIndexes$_eh0
 0005:000007C8       Dbx34DrvDbms..$Dbx34drvdbms$TDBXOpenODBCMetaDataReaderFirebird.GetSqlForIndexes$_eh1
 0002:000008CC       Dbx34DrvDbms..$Dbx34drvdbms$TDBXOpenODBCMetaDataReaderFirebird.GetSqlForTables$_eh0
 0005:000007B0       Dbx34DrvDbms..$Dbx34drvdbms$TDBXOpenODBCMetaDataReaderFirebird.GetSqlForTables$_eh1
 0002:0000091C       Dbx34DrvDbms..$Dbx34drvdbms$TDBXOpenODBCMetaDataReaderFirebird.IsDescendingIndexColumnsSupported$_eh0
 0005:000007F8       Dbx34DrvDbms..$Dbx34drvdbms$TDBXOpenODBCMetaDataReaderFirebird.IsDescendingIndexColumnsSupported$_eh1
 0002:00000920       Dbx34DrvDbms..$Dbx34drvdbms$TDBXOpenODBCMetaDataReaderFirebird.SetContext$_eh0
 0005:00000804       Dbx34DrvDbms..$Dbx34drvdbms$TDBXOpenODBCMetaDataReaderFirebird.SetContext$_eh1
 0002:000007AC       Dbx34DrvDbms..$Dbx34drvdbms$TDBXOpenODBCMetaDataReaderInformix.Destroy$_eh0
 0005:00000690       Dbx34DrvDbms..$Dbx34drvdbms$TDBXOpenODBCMetaDataReaderInformix.Destroy$_eh1
 0002:0000082C       Dbx34DrvDbms..$Dbx34drvdbms$TDBXOpenODBCMetaDataReaderInformix.GetAllDataTypes$_eh0
 0005:00000720       Dbx34DrvDbms..$Dbx34drvdbms$TDBXOpenODBCMetaDataReaderInformix.GetAllDataTypes$_eh1
 0002:0000085C       Dbx34DrvDbms..$Dbx34drvdbms$TDBXOpenODBCMetaDataReaderInformix.GetDataTypeDescriptions$_eh0
 0005:00000738       Dbx34DrvDbms..$Dbx34drvdbms$TDBXOpenODBCMetaDataReaderInformix.GetDataTypeDescriptions$_eh1
 0002:000007A4       Dbx34DrvDbms..$Dbx34drvdbms$TDBXOpenODBCMetaDataReaderInformix.GetProductName$_eh0
 0005:00000684       Dbx34DrvDbms..$Dbx34drvdbms$TDBXOpenODBCMetaDataReaderInformix.GetProductName$_eh1
 0002:000007D8       Dbx34DrvDbms..$Dbx34drvdbms$TDBXOpenODBCMetaDataReaderInformix.GetReservedWords$_eh0
 0005:000006CC       Dbx34DrvDbms..$Dbx34drvdbms$TDBXOpenODBCMetaDataReaderInformix.GetReservedWords$_eh1
 0002:000007C0       Dbx34DrvDbms..$Dbx34drvdbms$TDBXOpenODBCMetaDataReaderInformix.GetSqlForColumns$_eh0
 0005:000006A8       Dbx34DrvDbms..$Dbx34drvdbms$TDBXOpenODBCMetaDataReaderInformix.GetSqlForColumns$_eh1
 0002:000007D0       Dbx34DrvDbms..$Dbx34drvdbms$TDBXOpenODBCMetaDataReaderInformix.GetSqlForIndexColumns$_eh0
 0005:000006C0       Dbx34DrvDbms..$Dbx34drvdbms$TDBXOpenODBCMetaDataReaderInformix.GetSqlForIndexColumns$_eh1
 0002:000007C8       Dbx34DrvDbms..$Dbx34drvdbms$TDBXOpenODBCMetaDataReaderInformix.GetSqlForIndexes$_eh0
 0005:000006B4       Dbx34DrvDbms..$Dbx34drvdbms$TDBXOpenODBCMetaDataReaderInformix.GetSqlForIndexes$_eh1
 0002:000007B8       Dbx34DrvDbms..$Dbx34drvdbms$TDBXOpenODBCMetaDataReaderInformix.GetSqlForTables$_eh0
 0005:0000069C       Dbx34DrvDbms..$Dbx34drvdbms$TDBXOpenODBCMetaDataReaderInformix.GetSqlForTables$_eh1
 0002:00000820       Dbx34DrvDbms..$Dbx34drvdbms$TDBXOpenODBCMetaDataReaderInformix.GetSynonymType$_eh0
 0005:00000708       Dbx34DrvDbms..$Dbx34drvdbms$TDBXOpenODBCMetaDataReaderInformix.GetSynonymType$_eh1
 0002:00000818       Dbx34DrvDbms..$Dbx34drvdbms$TDBXOpenODBCMetaDataReaderInformix.GetSystemTableType$_eh0
 0005:000006FC       Dbx34DrvDbms..$Dbx34drvdbms$TDBXOpenODBCMetaDataReaderInformix.GetSystemTableType$_eh1
 0002:00000808       Dbx34DrvDbms..$Dbx34drvdbms$TDBXOpenODBCMetaDataReaderInformix.GetTableType$_eh0
 0005:000006E4       Dbx34DrvDbms..$Dbx34drvdbms$TDBXOpenODBCMetaDataReaderInformix.GetTableType$_eh1
 0002:00000810       Dbx34DrvDbms..$Dbx34drvdbms$TDBXOpenODBCMetaDataReaderInformix.GetViewType$_eh0
 0005:000006F0       Dbx34DrvDbms..$Dbx34drvdbms$TDBXOpenODBCMetaDataReaderInformix.GetViewType$_eh1
 0002:00000828       Dbx34DrvDbms..$Dbx34drvdbms$TDBXOpenODBCMetaDataReaderInformix.IsUpperCaseIdentifiersSupported$_eh0
 0005:00000714       Dbx34DrvDbms..$Dbx34drvdbms$TDBXOpenODBCMetaDataReaderInformix.IsUpperCaseIdentifiersSupported$_eh1
 0002:000009C4       Dbx34DrvDbms..$Dbx34drvdbms$TDBXOpenODBCMetaDataReaderInterbase.Destroy$_eh0
 0005:00000864       Dbx34DrvDbms..$Dbx34drvdbms$TDBXOpenODBCMetaDataReaderInterbase.Destroy$_eh1
 0002:00000A54       Dbx34DrvDbms..$Dbx34drvdbms$TDBXOpenODBCMetaDataReaderInterbase.GetAllDataTypes$_eh0
 0005:000008DC       Dbx34DrvDbms..$Dbx34drvdbms$TDBXOpenODBCMetaDataReaderInterbase.GetAllDataTypes$_eh1
 0002:00000A88       Dbx34DrvDbms..$Dbx34drvdbms$TDBXOpenODBCMetaDataReaderInterbase.GetDataTypeDescriptions$_eh0
 0005:000008F4       Dbx34DrvDbms..$Dbx34drvdbms$TDBXOpenODBCMetaDataReaderInterbase.GetDataTypeDescriptions$_eh1
 0002:000009BC       Dbx34DrvDbms..$Dbx34drvdbms$TDBXOpenODBCMetaDataReaderInterbase.GetProductName$_eh0
 0005:00000858       Dbx34DrvDbms..$Dbx34drvdbms$TDBXOpenODBCMetaDataReaderInterbase.GetProductName$_eh1
 0002:000009F0       Dbx34DrvDbms..$Dbx34drvdbms$TDBXOpenODBCMetaDataReaderInterbase.GetReservedWords$_eh0
 0005:000008A0       Dbx34DrvDbms..$Dbx34drvdbms$TDBXOpenODBCMetaDataReaderInterbase.GetReservedWords$_eh1
 0002:000009D8       Dbx34DrvDbms..$Dbx34drvdbms$TDBXOpenODBCMetaDataReaderInterbase.GetSqlForColumns$_eh0
 0005:0000087C       Dbx34DrvDbms..$Dbx34drvdbms$TDBXOpenODBCMetaDataReaderInterbase.GetSqlForColumns$_eh1
 0002:000009E8       Dbx34DrvDbms..$Dbx34drvdbms$TDBXOpenODBCMetaDataReaderInterbase.GetSqlForIndexColumns$_eh0
 0005:00000894       Dbx34DrvDbms..$Dbx34drvdbms$TDBXOpenODBCMetaDataReaderInterbase.GetSqlForIndexColumns$_eh1
 0002:000009E0       Dbx34DrvDbms..$Dbx34drvdbms$TDBXOpenODBCMetaDataReaderInterbase.GetSqlForIndexes$_eh0
 0005:00000888       Dbx34DrvDbms..$Dbx34drvdbms$TDBXOpenODBCMetaDataReaderInterbase.GetSqlForIndexes$_eh1
 0002:000009D0       Dbx34DrvDbms..$Dbx34drvdbms$TDBXOpenODBCMetaDataReaderInterbase.GetSqlForTables$_eh0
 0005:00000870       Dbx34DrvDbms..$Dbx34drvdbms$TDBXOpenODBCMetaDataReaderInterbase.GetSqlForTables$_eh1
 0002:00000A20       Dbx34DrvDbms..$Dbx34drvdbms$TDBXOpenODBCMetaDataReaderInterbase.IsDescendingIndexColumnsSupported$_eh0
 0005:000008B8       Dbx34DrvDbms..$Dbx34drvdbms$TDBXOpenODBCMetaDataReaderInterbase.IsDescendingIndexColumnsSupported$_eh1
 0002:00000A24       Dbx34DrvDbms..$Dbx34drvdbms$TDBXOpenODBCMetaDataReaderInterbase.SetContext$_eh0
 0005:000008C4       Dbx34DrvDbms..$Dbx34drvdbms$TDBXOpenODBCMetaDataReaderInterbase.SetContext$_eh1
 0002:00000358       Dbx34DrvDbms..$Dbx34drvdbms$TDBXOpenODBCMetaDataReaderMSSQL.GetDataTypeDescriptions$_eh0
 0005:00000324       Dbx34DrvDbms..$Dbx34drvdbms$TDBXOpenODBCMetaDataReaderMSSQL.GetDataTypeDescriptions$_eh1
 0002:00000228       Dbx34DrvDbms..$Dbx34drvdbms$TDBXOpenODBCMetaDataReaderMSSQL.GetProductName$_eh0
 0005:0000024C       Dbx34DrvDbms..$Dbx34drvdbms$TDBXOpenODBCMetaDataReaderMSSQL.GetProductName$_eh1
 0002:000002F0       Dbx34DrvDbms..$Dbx34drvdbms$TDBXOpenODBCMetaDataReaderMSSQL.GetReservedWords$_eh0
 0005:000002B8       Dbx34DrvDbms..$Dbx34drvdbms$TDBXOpenODBCMetaDataReaderMSSQL.GetReservedWords$_eh1
 0002:00000260       Dbx34DrvDbms..$Dbx34drvdbms$TDBXOpenODBCMetaDataReaderMSSQL.GetSqlForColumns$_eh0
 0005:00000270       Dbx34DrvDbms..$Dbx34drvdbms$TDBXOpenODBCMetaDataReaderMSSQL.GetSqlForColumns$_eh1
 0002:000002C0       Dbx34DrvDbms..$Dbx34drvdbms$TDBXOpenODBCMetaDataReaderMSSQL.GetSqlForIndexColumns$_eh0
 0005:000002A0       Dbx34DrvDbms..$Dbx34drvdbms$TDBXOpenODBCMetaDataReaderMSSQL.GetSqlForIndexColumns$_eh1
 0002:00000290       Dbx34DrvDbms..$Dbx34drvdbms$TDBXOpenODBCMetaDataReaderMSSQL.GetSqlForIndexes$_eh0
[...]
  4832 0001:00043A7F  4833 0001:00043A93  4834 0001:00043AA7  4835 0001:00043ABB
  4836 0001:00043ACF  4837 0001:00043AE6  4838 0001:00043AFD  4839 0001:00043B14
  4840 0001:00043B2B  4841 0001:00043B42  4842 0001:00043B59  4843 0001:00043B70
  4844 0001:00043B87  4845 0001:00043B9E  4846 0001:00043BB5  4847 0001:00043BCC
  4848 0001:00043BE3  4849 0001:00043BFA  4850 0001:00043C11  4851 0001:00043C28
  4852 0001:00043C3F  4853 0001:00043C56  4854 0001:00043C6D  4855 0001:00043C84
  4856 0001:00043C9B  4857 0001:00043CB2  4858 0001:00043CC9  4859 0001:00043CE0
  4860 0001:00043CF7  4861 0001:00043D0E  4862 0001:00043D25  4863 0001:00043D3C
  4864 0001:00043D53  4865 0001:00043D68  4920 0001:00044200  4924 0001:00044224
  4928 0001:00044230  4932 0001:0004423C  4936 0001:00044248  4940 0001:00044254
  4944 0001:00044260  4948 0001:0004426C  4952 0001:00044278  4956 0001:00044284
  4960 0001:00044290  4964 0001:0004429C  4968 0001:000442A8  4867 0001:000442B0
  4871 0001:000442C8  4875 0001:000442D4  4879 0001:000442E0  4883 0001:000442EC
  4887 0001:000442F8  4891 0001:00044304  4895 0001:00044310  4899 0001:0004431C
  4903 0001:00044328  4907 0001:00044334  4911 0001:00044340  4915 0001:0004434C
  4916 0001:00044358

Line numbers for Dbx34Drv(Dbx34Drv.pas) segment .text

   516 0001:00046050   517 0001:0004608D   518 0001:00046096   519 0001:000460A5
   520 0001:000460B9   523 0001:000460DA   524 0001:000460F1   525 0001:00046105
   526 0001:0004610E   529 0001:00046153   530 0001:0004615C   536 0001:000461F0
   537 0001:00046235   538 0001:0004623E   539 0001:0004624D   540 0001:00046261
   543 0001:00046282   544 0001:00046299   545 0001:000462AD   546 0001:000462B6
   549 0001:00046304   550 0001:00046310   551 0001:0004631E   611 0001:00046400
   612 0001:0004644F   614 0001:000464AB   615 0001:000464C6   618 0001:000465E0
   619 0001:0004660B   620 0001:0004661F   621 0001:00046635   634 0001:000466B0
   635 0001:000466F6   636 0001:000466FC   637 0001:0004670A   639 0001:00046724
   640 0001:00046740   642 0001:00046749   644 0001:00046767   646 0001:00046773
   647 0001:00046782   648 0001:000467B3   649 0001:000467B7   653 0001:000467C4
   654 0001:000467D4   655 0001:000467E6   656 0001:00046817   658 0001:0004681B
   659 0001:00046829   670 0001:00046836   672 0001:00046841   673 0001:0004686C
   674 0001:00046890   676 0001:00046896   681 0001:00046950   682 0001:0004696D
   683 0001:00046973   685 0001:0004697D   686 0001:0004698D   688 0001:00046994
   689 0001:000469A4   691 0001:000469B6   692 0001:000469D3   696 0001:000469D9
   699 0001:00046A40   700 0001:00046A44   702 0001:00046A4A   703 0001:00046A56
   706 0001:00046A5A   707 0001:00046A5F   710 0001:00046A90   711 0001:00046A94
   713 0001:00046A9A   714 0001:00046AA6   717 0001:00046AAA   718 0001:00046AAF
   725 0001:00046AE0   727 0001:00046B3F   728 0001:00046B59   730 0001:00046B82
   735 0001:00046BAC   743 0001:00046C70   744 0001:00046C74   745 0001:00046C90
   751 0001:00046CA0   752 0001:00046CB0   753 0001:00046CBB   754 0001:00046CCD
   755 0001:00046CD7   756 0001:00046CF5   761 0001:00046D00   762 0001:00046D14
   764 0001:00046D1F   766 0001:00046D32   767 0001:00046D33   769 0001:00046D50
   770 0001:00046D60   771 0001:00046D6C   777 0001:00046D7C   780 0001:00046D85
   788 0001:00046D93   791 0001:00046D9C   780 0001:00046DB0   788 0001:00046DD4
   794 0001:00046DF0   795 0001:00046DF4   797 0001:00046DF9   800 0001:00046E00
   801 0001:00046E19   803 0001:00046E27   812 0001:00046E60   813 0001:00046E9A
   817 0001:00046EAA   818 0001:00046EC1   832 0001:00046ED8   861 0001:00046EFD
   864 0001:00047090   865 0001:00047098   866 0001:000470A7   869 0001:000470E0
   870 0001:000470E4   871 0001:000470F6   874 0001:00047130   875 0001:00047138
   876 0001:00047147   879 0001:00047170   880 0001:00047174   881 0001:00047186
   884 0001:000471B0   885 0001:000471B8   886 0001:000471C7   889 0001:000471F0
   890 0001:000471F4   891 0001:00047206   894 0001:00047230   895 0001:00047238
   896 0001:00047247   899 0001:00047270   900 0001:00047274   901 0001:00047286
   904 0001:000472B0   905 0001:000472C5   906 0001:000472E9   909 0001:00047350
   910 0001:00047368   911 0001:00047389   914 0001:000473F0   915 0001:000473F8
   916 0001:00047407   919 0001:00047460   920 0001:00047464   921 0001:00047476
   924 0001:000474C0   925 0001:000474C8   926 0001:000474D7   929 0001:00047510
   930 0001:00047514   931 0001:00047526   934 0001:00047560   935 0001:00047575
   936 0001:00047599   939 0001:000475F0   940 0001:00047608   941 0001:0004762E
   944 0001:00047680   945 0001:00047688   946 0001:00047697   949 0001:000476D0
   950 0001:000476D4   951 0001:000476E6   970 0001:00047720   971 0001:0004777E
   972 0001:00047795   973 0001:000477A2   979 0001:000477B9   982 0001:000477DB
   983 0001:000477F2   986 0001:0004781A   987 0001:0004782A   990 0001:00047841
   991 0001:00047863   992 0001:00047882   993 0001:00047883   995 0001:0004789A
   997 0001:000478A2   998 0001:000478BA  1001 0001:000478C7  1002 0001:000478DE
  1004 0001:000478F2  1005 0001:00047904  1006 0001:00047905  1009 0001:00047938
  1011 0001:0004793E  1013 0001:0004794E  1016 0001:00047961  1019 0001:0004796F
   998 0001:000479C0  1016 0001:000479D0  1019 0001:00047A00  1022 0001:00047B10
  1023 0001:00047B18  1025 0001:00047B1F  1026 0001:00047B28  1028 0001:00047B30
  1089 0001:00047B40  1090 0001:00047B48  1091 0001:00047B57  1094 0001:00047B60
  1095 0001:00047B68  1096 0001:00047B77  1101 0001:00047BB0  1106 0001:00047BC0
  1114 0001:00047BD0  1115 0001:00047BD4  1116 0001:00047BF1  1118 0001:00047C70
  1119 0001:00047C86  1120 0001:00047CA2  1121 0001:00047CB6  1123 0001:00047CBE
  1124 0001:00047CDA  1125 0001:00047CEA  1126 0001:00047CEE  1127 0001:00047D09
  1128 0001:00047D1D  1130 0001:00047D25  1131 0001:00047D2E  1132 0001:00047D37
  1133 0001:00047D41  1139 0001:00047E30  1143 0001:00047E99  1144 0001:00047EB5
  1145 0001:00047EC2  1147 0001:00047EE2  1148 0001:00047EFE  1151 0001:00047F26
  1152 0001:00047F36  1155 0001:00047F56  1156 0001:00047F74  1157 0001:00047F92
  1158 0001:00047FA2  1159 0001:00047FAF  1160 0001:00047FC3  1162 0001:00047FD4
  1163 0001:00047FF9  1167 0001:0004802A  1168 0001:00048046  1170 0001:00048051
  1171 0001:0004806F  1172 0001:0004808D  1173 0001:0004809D  1174 0001:000480AA
  1175 0001:000480CF  1181 0001:00048101  1184 0001:00048330  1186 0001:0004834E
  1187 0001:0004837B  1188 0001:000483AC  1194 0001:00048470  1198 0001:00048480
  1199 0001:00048484  1208 0001:00048489  1211 0001:00048490  1212 0001:00048494
  1214 0001:00048499  1217 0001:000484A0  1219 0001:000484A4  1223 0001:000484BC
  1226 0001:000484D0  1227 0001:000484E0  1228 0001:000484F3  1230 0001:00048503
  1231 0001:00048512  1236 0001:00048570  1237 0001:000485A5  1238 0001:000485B9
  1241 0001:00048620  1242 0001:00048624  1243 0001:00048629  1314 0001:00048630
  1315 0001:00048652  1316 0001:0004865A  1320 0001:00048663  1340 0001:000486A4
  1342 0001:000486B9  1347 0001:00048750  1348 0001:0004875A  1350 0001:00048764
  1351 0001:00048767  1354 0001:000487AB  1356 0001:000487B7  1358 0001:000487D0
  1359 0001:000487E2  1363 0001:000487E6  1364 0001:000487F1  1367 0001:00048800
  1368 0001:00048808  1369 0001:00048810  1370 0001:00048814  1371 0001:0004881C
  1381 0001:00048830  1382 0001:00048838  1383 0001:00048840  1384 0001:0004884F
  1392 0001:00048880  1393 0001:00048888  1394 0001:00048897  1397 0001:000488A0
  1398 0001:000488A8  1399 0001:000488B7  1408 0001:000488C0  1409 0001:000488C2
  1413 0001:000488D0  1414 0001:000488D2  1418 0001:000488E0  1419 0001:000488E2
  1423 0001:000488F0  1424 0001:000488F2  1428 0001:00048900  1429 0001:00048902
  1432 0001:00048910  1433 0001:00048918  1434 0001:00048927  1437 0001:00048930
  1438 0001:00048938  1439 0001:00048947  1443 0001:00048950  1444 0001:00048952
  1448 0001:00048960  1449 0001:00048962  1453 0001:00048970  1454 0001:00048973
  1458 0001:00048980  1459 0001:00048982  1463 0001:00048990  1464 0001:00048997
  1469 0001:000489A0  1479 0001:000489A4  1480 0001:000489A9  1485 0001:000489B0
  1486 0001:000489B4  1487 0001:000489C8  1493 0001:000489D0  1494 0001:000489D7
  1503 0001:000489E0  1504 0001:00048A2B  1506 0001:00048A4B  1507 0001:00048A7F
  1509 0001:00048AAF  1510 0001:00048AC2  1511 0001:00048AC8  1512 0001:00048AFE
  1519 0001:00048B2A  1520 0001:00048B3A  1522 0001:00048B4B  1523 0001:00048B5C
  1524 0001:00048B5D  1525 0001:00048B6A  1527 0001:00048B85  1530 0001:00048B9B
  1536 0001:00048BA5  1537 0001:00048BB3  1539 0001:00048BC6  1530 0001:00048BF0
  1539 0001:00048C20  1557 0001:00048CB0  1558 0001:00048CD4  1559 0001:00048CE8
  1560 0001:00048CF5  1561 0001:00048CFF  1564 0001:00048D0B  1569 0001:00048D17
  1571 0001:00048D1C  1572 0001:00048D2C  1573 0001:00048D2F  1574 0001:00048D40
  1575 0001:00048D48  1576 0001:00048D53  1577 0001:00048D57  1579 0001:00048D63
  1580 0001:00048D85  1586 0001:00048D91  1587 0001:00048DB1  1590 0001:00048DF0
  1592 0001:00048DF8  1593 0001:00048E07  1598 0001:00048E40  1599 0001:00048E71
  1600 0001:00048E7C  1602 0001:00048E95  1604 0001:00048EB1  1606 0001:00048ECC
  1607 0001:00048F00  1609 0001:00048F0D  1611 0001:00048F18  1612 0001:00048F27
  1613 0001:00048F5B  1614 0001:00048F66  1615 0001:00048F9A  1617 0001:00048FA5
  1618 0001:00048FC5  1620 0001:00048FCC  1621 0001:00048FE0  1622 0001:00048FED
  1623 0001:00049001  1626 0001:0004900C  1628 0001:00049018  1629 0001:00049022
  1630 0001:0004902A  1631 0001:0004903A  1632 0001:00049044  1633 0001:00049053
  1636 0001:000491A0  1637 0001:000491A4  1638 0001:000491B3  1641 0001:000491C0
  1642 0001:000491C4  1643 0001:000491C9  1646 0001:000491D0  1648 0001:000491D4
  1652 0001:000491D9  1657 0001:000491E0  1658 0001:0004920D  1659 0001:00049215
  1660 0001:00049221  1682 0001:00049280  1683 0001:00049295  1684 0001:0004929D
  1685 0001:000492A6  1686 0001:000492CF  1695 0001:00049320  1696 0001:00049335
  1708 0001:0004933D  1709 0001:00049346  1711 0001:00049364  1723 0001:000493D0
  1724 0001:000493FE  1726 0001:00049416  1727 0001:00049423  1728 0001:00049437
  1729 0001:00049440  1730 0001:00049448  1731 0001:00049464  1732 0001:00049465
  1733 0001:00049476  1735 0001:00049479  1756 0001:00049480  1759 0001:00049489
  1762 0001:000494A7  1735 0001:000494E0  1762 0001:000494F0  1780 0001:00049570
  1781 0001:0004960F  1783 0001:00049635  1784 0001:00049640  1785 0001:00049653
  1786 0001:0004966A  1787 0001:00049676  1788 0001:00049698  1789 0001:00049699
  1790 0001:000496CD  1792 0001:000496D3  1796 0001:000496DA  1797 0001:00049700
  1798 0001:00049701  1799 0001:0004970C  1800 0001:0004971E  1801 0001:0004973F
  1802 0001:00049760  1803 0001:00049781  1804 0001:000497A2  1805 0001:000497C0
  1806 0001:000497DE  1807 0001:000497EE  1808 0001:00049802  1809 0001:00049816
  1810 0001:0004982A  1811 0001:0004983E  1812 0001:00049852  1813 0001:00049866
  1814 0001:0004987A  1815 0001:00049898  1816 0001:000498A8  1817 0001:000498BC
  1818 0001:000498D0  1819 0001:000498E4  1820 0001:000498F8  1821 0001:0004990C
  1822 0001:00049920  1824 0001:00049931  1826 0001:00049956  1827 0001:00049981
  1828 0001:0004998D  1830 0001:000499D5  1832 0001:000499D8  1837 0001:000499DF
  1840 0001:000499EB  1843 0001:00049A0F  1792 0001:00049A80  1832 0001:00049A90
  1843 0001:00049AA0  1856 0001:00049CC0  1857 0001:00049CFC  1859 0001:00049D18
  1860 0001:00049D20  1861 0001:00049D2D  1862 0001:00049D41  1863 0001:00049D4A
  1864 0001:00049D66  1865 0001:00049D67  1866 0001:00049D86  1868 0001:00049D89
  1893 0001:00049D90  1901 0001:00049D99  1904 0001:00049DB7  1868 0001:00049DF0
  1904 0001:00049E00  1917 0001:00049E80  1918 0001:00049EBC  1920 0001:00049EC6
  1921 0001:00049ECE  1922 0001:00049EDB  1923 0001:00049EEF  1924 0001:00049EF8
  1925 0001:00049F14  1926 0001:00049F15  1927 0001:00049F34  1929 0001:00049F37
  1931 0001:00049F3E  1955 0001:00049F47  1959 0001:00049F50  1962 0001:00049F6E
  1929 0001:00049FA0  1962 0001:00049FB0  1974 0001:0004A030  1975 0001:0004A06C
  1977 0001:0004A076  1978 0001:0004A07E  1979 0001:0004A08B  1980 0001:0004A09F
  1981 0001:0004A0A8  1982 0001:0004A0C4  1983 0001:0004A0C5  1984 0001:0004A0E4
  1986 0001:0004A0E7  2011 0001:0004A0EE  2014 0001:0004A0F7  2017 0001:0004A115
  1986 0001:0004A150  2017 0001:0004A160  2030 0001:0004A1F0  2031 0001:0004A235
  2033 0001:0004A246  2034 0001:0004A251  2035 0001:0004A261  2036 0001:0004A275
  2037 0001:0004A27E  2038 0001:0004A2A0  2039 0001:0004A2A1  2041 0001:0004A2FF
  2043 0001:0004A302  2078 0001:0004A309  2081 0001:0004A312  2084 0001:0004A330
  2043 0001:0004A360  2084 0001:0004A370  2096 0001:0004A400  2097 0001:0004A43C
  2099 0001:0004A446  2100 0001:0004A44E  2101 0001:0004A45B  2102 0001:0004A46F
  2103 0001:0004A478  2104 0001:0004A494  2105 0001:0004A495  2106 0001:0004A4B4
  2108 0001:0004A4B7  2133 0001:0004A4BE  2136 0001:0004A4C7  2139 0001:0004A4E5
  2108 0001:0004A520  2139 0001:0004A530  2151 0001:0004A5C0  2153 0001:0004A628
  2155 0001:0004A639  2156 0001:0004A644  2157 0001:0004A657  2158 0001:0004A66E
  2159 0001:0004A67A  2160 0001:0004A69C  2161 0001:0004A69D  2162 0001:0004A6D1
  2164 0001:0004A6D7  2168 0001:0004A6DE  2169 0001:0004A6EF  2170 0001:0004A6F0
  2171 0001:0004A6FB  2172 0001:0004A719  2173 0001:0004A729  2174 0001:0004A73D
  2175 0001:0004A751  2176 0001:0004A765  2177 0001:0004A783  2178 0001:0004A793
  2179 0001:0004A7A7  2180 0001:0004A7BB  2182 0001:0004A7CF  2184 0001:0004A7F4
  2185 0001:0004A81F  2186 0001:0004A828  2187 0001:0004A85D  2189 0001:0004A8A2
  2191 0001:0004A8A5  2196 0001:0004A8AC  2197 0001:0004A8B5  2200 0001:0004A8EA
  2203 0001:0004A90B  2164 0001:0004A970  2191 0001:0004A980  2203 0001:0004A990
  2215 0001:0004AB20  2216 0001:0004AB88  2218 0001:0004AB99  2219 0001:0004ABA4
  2220 0001:0004ABB7  2221 0001:0004ABCE  2222 0001:0004ABDA  2223 0001:0004ABFC
  2224 0001:0004ABFD  2225 0001:0004AC25  2227 0001:0004AC2B  2231 0001:0004AC32
  2232 0001:0004AC43  2233 0001:0004AC44  2234 0001:0004AC4F  2235 0001:0004AC6D
  2236 0001:0004AC7D  2237 0001:0004AC91  2238 0001:0004ACA5  2239 0001:0004ACC3
  2240 0001:0004ACD3  2241 0001:0004ACE7  2243 0001:0004ACFB  2245 0001:0004AD20
  2246 0001:0004AD4B  2247 0001:0004AD54  2248 0001:0004AD89  2250 0001:0004ADCE
  2252 0001:0004ADD1  2257 0001:0004ADD8  2258 0001:0004ADE1  2261 0001:0004AE16
  2264 0001:0004AE37  2227 0001:0004AEA0  2252 0001:0004AEB0  2264 0001:0004AEC0
  2277 0001:0004B020  2278 0001:0004B062  2280 0001:0004B073  2281 0001:0004B07E
  2282 0001:0004B08E  2283 0001:0004B0A2  2284 0001:0004B0AB  2285 0001:0004B0CD
  2286 0001:0004B0CE  2287 0001:0004B0FC  2289 0001:0004B0FF  2316 0001:0004B106
  2319 0001:0004B10F  2322 0001:0004B12D  2289 0001:0004B160  2322 0001:0004B170
  2336 0001:0004B200  2337 0001:0004B23C  2339 0001:0004B246  2340 0001:0004B24E
  2341 0001:0004B25B  2342 0001:0004B26F  2343 0001:0004B278  2344 0001:0004B294
  2345 0001:0004B295  2346 0001:0004B2B4  2348 0001:0004B2B7  2373 0001:0004B2BE
  2381 0001:0004B2C7  2384 0001:0004B2E5  2348 0001:0004B320  2384 0001:0004B330
  2396 0001:0004B3C0  2397 0001:0004B3FC  2399 0001:0004B406  2400 0001:0004B40E
  2401 0001:0004B41B  2402 0001:0004B42F  2403 0001:0004B438  2404 0001:0004B454
  2405 0001:0004B455  2406 0001:0004B474  2408 0001:0004B477  2432 0001:0004B47E
  2435 0001:0004B487  2438 0001:0004B4A5  2408 0001:0004B4E0  2438 0001:0004B4F0
  2451 0001:0004B570  2452 0001:0004B5B2  2454 0001:0004B5C3  2455 0001:0004B5CE
  2456 0001:0004B5DE  2457 0001:0004B5F2  2458 0001:0004B5FB  2459 0001:0004B61D
  2460 0001:0004B61E  2461 0001:0004B64C  2463 0001:0004B64F  2465 0001:0004B656
  2490 0001:0004B662  2494 0001:0004B66B  2497 0001:0004B689  2463 0001:0004B6C0
  2497 0001:0004B6D0  2510 0001:0004B770  2511 0001:0004B7AC  2513 0001:0004B7B6
  2514 0001:0004B7BE  2515 0001:0004B7CB  2516 0001:0004B7DF  2517 0001:0004B7E8
  2518 0001:0004B804  2519 0001:0004B805  2520 0001:0004B824  2522 0001:0004B827
  2547 0001:0004B82E  2550 0001:0004B837  2553 0001:0004B855  2522 0001:0004B890
  2553 0001:0004B8A0  2566 0001:0004B920  2567 0001:0004B962  2569 0001:0004B973
  2570 0001:0004B97E  2571 0001:0004B98E  2572 0001:0004B9A2  2573 0001:0004B9AB
  2574 0001:0004B9CD  2575 0001:0004B9CE  2576 0001:0004BA08  2578 0001:0004BA0B
  2607 0001:0004BA12  2610 0001:0004BA1B  2613 0001:0004BA39  2578 0001:0004BA70
  2613 0001:0004BA80  2626 0001:0004BB10  2627 0001:0004BB52  2629 0001:0004BB63
  2630 0001:0004BB6E  2631 0001:0004BB7E  2632 0001:0004BB92  2633 0001:0004BB9B
  2634 0001:0004BBBD  2635 0001:0004BBBE  2636 0001:0004BBF8  2638 0001:0004BBFB
  2640 0001:0004BC02  2668 0001:0004BC0E  2672 0001:0004BC17  2675 0001:0004BC35
  2638 0001:0004BC70  2675 0001:0004BC80  2687 0001:0004BD30  2688 0001:0004BD6C
  2690 0001:0004BD76  2691 0001:0004BD7E  2692 0001:0004BD8B  2693 0001:0004BD9F
  2694 0001:0004BDA8  2695 0001:0004BDC4  2696 0001:0004BDC5  2697 0001:0004BDE4
  2699 0001:0004BDE7  2724 0001:0004BDEE  2727 0001:0004BDF7  2730 0001:0004BE15
  2699 0001:0004BE50  2730 0001:0004BE60  2739 0001:0004BEF0  2740 0001:0004BF12
  2742 0001:0004BF1C  2743 0001:0004BF24  2744 0001:0004BF40  2745 0001:0004BF41
  2746 0001:0004BF4E  2748 0001:0004BF51  2765 0001:0004BF58  2768 0001:0004BF61
  2771 0001:0004BF7F  2748 0001:0004BFB0  2771 0001:0004BFC0  2780 0001:0004C020
  2781 0001:0004C042  2783 0001:0004C04C  2784 0001:0004C054  2785 0001:0004C070
  2786 0001:0004C071  2787 0001:0004C07E  2789 0001:0004C081  2806 0001:0004C088
  2809 0001:0004C091  2812 0001:0004C0AF  2789 0001:0004C0E0  2812 0001:0004C0F0
  2822 0001:0004C150  2823 0001:0004C17D  2825 0001:0004C18A  2826 0001:0004C195
  2827 0001:0004C1B7  2828 0001:0004C1B8  2829 0001:0004C1C8  2831 0001:0004C1CE
  2846 0001:0004C1D5  2847 0001:0004C1F0  2849 0001:0004C1F9  2854 0001:0004C200
  2858 0001:0004C21F  2860 0001:0004C256  2831 0001:0004C290  2860 0001:0004C2A0
  2863 0001:0004C320  2864 0001:0004C328  2865 0001:0004C337  2868 0001:0004C370
  2869 0001:0004C378  2872 0001:0004C387  2875 0001:0004C390  2876 0001:0004C398
  2877 0001:0004C3A0  2880 0001:0004C3B0  2881 0001:0004C3B8  2882 0001:0004C3C0
  2885 0001:0004C3D0  2886 0001:0004C3D8  2887 0001:0004C3E0  2890 0001:0004C3F0
  2891 0001:0004C3F8  2892 0001:0004C400  2895 0001:0004C410  2896 0001:0004C418
  2897 0001:0004C420  2900 0001:0004C430  2901 0001:0004C438  2902 0001:0004C440
  2905 0001:0004C450  2906 0001:0004C458  2907 0001:0004C460  2910 0001:0004C470
  2911 0001:0004C478  2912 0001:0004C480  2915 0001:0004C490  2916 0001:0004C498
  2917 0001:0004C4A0  2920 0001:0004C4B0  2921 0001:0004C4B8  2922 0001:0004C4C0
  2925 0001:0004C4D0  2926 0001:0004C4D8  2927 0001:0004C4E0  2930 0001:0004C4F0
  2931 0001:0004C4F8  2932 0001:0004C500  2935 0001:0004C510  2936 0001:0004C518
  2937 0001:0004C520  2940 0001:0004C530  2941 0001:0004C538  2942 0001:0004C540
  2945 0001:0004C550  2946 0001:0004C558  2947 0001:0004C560  2950 0001:0004C570
  2951 0001:0004C578  2952 0001:0004C580  2955 0001:0004C590  2956 0001:0004C598
  2957 0001:0004C5A0  2960 0001:0004C5B0  2961 0001:0004C5B8  2962 0001:0004C5C0
  2966 0001:0004C5D0  2967 0001:0004C5D3  2971 0001:0004C5E0  2972 0001:0004C5E2
  2995 0001:0004C5F0  2997 0001:0004C61E  2999 0001:0004C62A  3003 0001:0004C65F
  2983 0001:0004C6A0  2985 0001:0004C6C2  2987 0001:0004C6D5  2988 0001:0004C6DC
  2990 0001:0004C6E8  2993 0001:0004C71B

Line numbers for DbxXXDrv(DbxXXDrv.pas) segment .text

   132 0001:0004C780   140 0001:0004C782   143 0001:0004C7A0

Line numbers for DbxDBFix(DbxDBFix.pas) segment .text

   982 0001:0004C7C0

Line numbers for .dbxoodbc(.\..\..\..\source\packages\pkg\dbxoodbc.dpk) segment .text

    77 0001:0004CFF0

Bound resource files

dbxoodbc_man_icn.res
dbxoodbc_ver.res
C:\TEMP\dtfF55.tmp


Program entry point at 0001:0004CFF0
