
 Start         Length     Name                   Class
 0001:00401000 00003AA0H .text                   CODE
 0002:00405000 000000D0H .itext                  ICODE
 0003:00406000 00000588H .data                   DATA
 0004:00407000 00000060H .bss                    BSS
 0005:00000000 00000000H .tls                    TLS


Detailed map of segments

 0001:00000000 00000176 C=CODE     S=.text    G=(none)   M=System   ACBP=A9
 0001:00000178 000001C3 C=CODE     S=.text    G=(none)   M=SysInit  ACBP=A9
 0001:0000033C 000000B4 C=CODE     S=.text    G=(none)   M=Windows  ACBP=A9
 0001:000003F0 0000005E C=CODE     S=.text    G=(none)   M=SysUtils ACBP=A9
 0001:00000450 00000086 C=CODE     S=.text    G=(none)   M=Classes  ACBP=A9
 0001:000004D8 00000006 C=CODE     S=.text    G=(none)   M=TypInfo  ACBP=A9
 0001:000004E0 0000005E C=CODE     S=.text    G=(none)   M=Variants ACBP=A9
 0001:00000540 00000006 C=CODE     S=.text    G=(none)   M=VarUtils ACBP=A9
 0001:00000548 0000000E C=CODE     S=.text    G=(none)   M=DBClient ACBP=A9
 0001:00000558 00000006 C=CODE     S=.text    G=(none)   M=SqlTimSt ACBP=A9
 0001:00000560 000003D6 C=CODE     S=.text    G=(none)   M=DB       ACBP=A9
 0001:00000938 00000006 C=CODE     S=.text    G=(none)   M=WideStrings ACBP=A9
 0001:00000940 0000000E C=CODE     S=.text    G=(none)   M=WideStrUtils ACBP=A9
 0001:00000950 00000016 C=CODE     S=.text    G=(none)   M=FMTBcd   ACBP=A9
 0001:00000968 00000006 C=CODE     S=.text    G=(none)   M=ComObj   ACBP=A9
 0001:00000970 00000006 C=CODE     S=.text    G=(none)   M=DSIntf   ACBP=A9
 0001:00000978 00000006 C=CODE     S=.text    G=(none)   M=Provider ACBP=A9
 0001:00000980 000001F6 C=CODE     S=.text    G=(none)   M=SqlExpr  ACBP=A9
 0001:00000B78 00000006 C=CODE     S=.text    G=(none)   M=IniFiles ACBP=A9
 0001:00000B80 00000006 C=CODE     S=.text    G=(none)   M=Registry ACBP=A9
 0001:00000B88 0000094E C=CODE     S=.text    G=(none)   M=Dbx23Fix ACBP=A9
 0001:000014D8 00001966 C=CODE     S=.text    G=(none)   M=DbxOpenOdbcApiHook ACBP=A9
 0001:00002E40 00000A8B C=CODE     S=.text    G=(none)   M=DbxDBFix ACBP=A9
 0001:000038CC 00000042 C=CODE     S=.text    G=(none)   M=DbxXXDrv ACBP=A9
 0001:00003910 0000018F C=CODE     S=.text    G=(none)   M=.dbxoodbc ACBP=A9
 0002:00000000 00000006 C=ICODE    S=.itext   G=(none)   M=System   ACBP=A9
 0002:00000008 00000011 C=ICODE    S=.itext   G=(none)   M=Windows  ACBP=A9
 0002:0000001C 00000006 C=ICODE    S=.itext   G=(none)   M=SysUtils ACBP=A9
 0002:00000024 00000006 C=ICODE    S=.itext   G=(none)   M=Classes  ACBP=A9
 0002:0000002C 00000006 C=ICODE    S=.itext   G=(none)   M=TypInfo  ACBP=A9
 0002:00000034 00000006 C=ICODE    S=.itext   G=(none)   M=Variants ACBP=A9
 0002:0000003C 00000006 C=ICODE    S=.itext   G=(none)   M=VarUtils ACBP=A9
 0002:00000044 00000006 C=ICODE    S=.itext   G=(none)   M=DBClient ACBP=A9
 0002:0000004C 00000006 C=ICODE    S=.itext   G=(none)   M=SqlTimSt ACBP=A9
 0002:00000054 00000006 C=ICODE    S=.itext   G=(none)   M=DB       ACBP=A9
 0002:0000005C 00000006 C=ICODE    S=.itext   G=(none)   M=WideStrings ACBP=A9
 0002:00000064 00000006 C=ICODE    S=.itext   G=(none)   M=FMTBcd   ACBP=A9
 0002:0000006C 00000006 C=ICODE    S=.itext   G=(none)   M=ComObj   ACBP=A9
 0002:00000074 00000006 C=ICODE    S=.itext   G=(none)   M=DSIntf   ACBP=A9
 0002:0000007C 00000006 C=ICODE    S=.itext   G=(none)   M=Provider ACBP=A9
 0002:00000084 00000006 C=ICODE    S=.itext   G=(none)   M=SqlExpr  ACBP=A9
 0002:0000008C 00000006 C=ICODE    S=.itext   G=(none)   M=IniFiles ACBP=A9
 0002:00000094 00000006 C=ICODE    S=.itext   G=(none)   M=Registry ACBP=A9
 0002:0000009C 00000008 C=ICODE    S=.itext   G=(none)   M=Dbx23Fix ACBP=A9
 0002:000000A4 00000008 C=ICODE    S=.itext   G=(none)   M=DbxOpenOdbcApiHook ACBP=A9
 0002:000000AC 00000011 C=ICODE    S=.itext   G=(none)   M=DbxDBFix ACBP=A9
 0002:000000C0 00000008 C=ICODE    S=.itext   G=(none)   M=DbxXXDrv ACBP=A9
 0002:000000C8 00000005 C=ICODE    S=.itext   G=(none)   M=.dbxoodbc ACBP=A9
 0003:00000000 0000002C C=DATA     S=.data    G=DGROUP   M=SysInit  ACBP=A9
 0003:0000002C 00000005 C=DATA     S=.data    G=DGROUP   M=Dbx23Fix ACBP=A9
 0003:00000034 00000540 C=DATA     S=.data    G=DGROUP   M=DbxOpenOdbcApiHook ACBP=A9
 0004:00000000 0000000C C=BSS      S=.bss     G=DGROUP   M=SysInit  ACBP=A9
 0004:0000000C 00000008 C=BSS      S=.bss     G=DGROUP   M=Windows  ACBP=A9
 0004:00000014 00000004 C=BSS      S=.bss     G=DGROUP   M=Dbx23Fix ACBP=A9
 0004:00000018 00000004 C=BSS      S=.bss     G=DGROUP   M=DbxOpenOdbcApiHook ACBP=A9
 0004:0000001C 00000040 C=BSS      S=.bss     G=DGROUP   M=DbxDBFix ACBP=A9
 0004:0000005C 00000004 C=BSS      S=.bss     G=DGROUP   M=DbxXXDrv ACBP=A9


  Address             Publics by Name

 0002:000000C8       .dbxoodbc..dbxoodbc
 0001:00003A80       .dbxoodbc.@GetPackageInfoTable
 0001:00003A88       .dbxoodbc.@PackageLoad
 0001:00003A94       .dbxoodbc.@PackageUnload
 0004:00000014       Dbx23Fix..2
 0001:00000B88       Dbx23Fix..TSQLStoredProc
 0003:0000002C       Dbx23Fix.bFixedSqlExpr
 0003:00000030       Dbx23Fix.bFixedUnicode
 0001:00000F5C       Dbx23Fix.CalcUnits
 0002:0000009C       Dbx23Fix.Dbx23Fix
 0001:000014A8       Dbx23Fix.Finalization
 0001:00000EBC       Dbx23Fix.GetParamData
 0001:00001024       Dbx23Fix.TSQLStoredProc.PrepareStatement
 0004:0000001C       DbxDBFix..1
 0004:00000038       DbxDBFix.BlobField_SetVarValue
 0004:00000058       DbxDBFix.CustomClientDataSet_DataConvert
 0004:00000054       DbxDBFix.DataSet_DataConvert
 0002:000000AC       DbxDBFix.DbxDBFix
 0004:00000028       DbxDBFix.FieldAccess_FindField
 0004:00000048       DbxDBFix.Field_AssignValue
 0001:00003894       DbxDBFix.Finalization
 0001:00003288       DbxDBFix.FIX_TBLOBFIELD_SETVARVALUE
 0001:00003754       DbxDBFix.FIX_TCUSTOMCLIENTDATASET_DATACONVERT
 0001:000036C8       DbxDBFix.FIX_TDATASET_DATACONVERT
 0001:00002FEC       DbxDBFix.FIX_TFIELDS_FINDFIELD
 0001:0000358C       DbxDBFix.FIX_TFIELD_ASSIGNVALUE
 0001:00003194       DbxDBFix.FIX_TINTEGERFIELD_GETISNULL
 0001:0000340C       DbxDBFix.FIX_TSTRINGFIELD_GETVALUE
 0001:00002EA4       DbxDBFix.FIX_TSTRINGFIELD_SETASANSISTRING
 0001:00003668       DbxDBFix.FIX_TWIDESTRINGFIELD_COPYDATA
 0001:00003840       DbxDBFix.INSTALL_FIXES
 0001:000033CC       DbxDBFix.INSTALL_FIX_TBLOBFIELD_SETVARVALUE
 0001:00003808       DbxDBFix.INSTALL_FIX_TCUSTOMCLIENTDATASET_DATACONVERT
 0001:0000371C       DbxDBFix.INSTALL_FIX_TDATASET_DATACONVERT
 0001:00003154       DbxDBFix.INSTALL_FIX_TFIELDS_FINDFIELD
 0001:00003630       DbxDBFix.INSTALL_FIX_TFIELD_ASSIGNVALUE
 0001:000031E0       DbxDBFix.INSTALL_FIX_TINTEGERFIELD_GETISNULL
 0001:0000354C       DbxDBFix.INSTALL_FIX_TSTRINGFIELD_GETVALUE
 0001:00002FA8       DbxDBFix.INSTALL_FIX_TSTRINGFIELD_SETASANSISTRING
 0001:00003688       DbxDBFix.INSTALL_FIX_TWIDESTRINGFIELD_COPYDATA
 0004:00000030       DbxDBFix.IntegerField_GetIsNull
 0004:00000040       DbxDBFix.StringField_GetValue
 0004:00000020       DbxDBFix.StringField_SetAsAnsiString
 0001:00003220       DbxDBFix.TBlobField_SetData
 0004:0000004C       DbxDBFix.WideStringField_CopyData
 0001:00002E40       DbxDBFix.WStrLCopyLen
 0004:00000018       DbxOpenOdbcApiHook..2
 0001:000014D8       DbxOpenOdbcApiHook..TIATPatch
 0002:000000A4       DbxOpenOdbcApiHook.DbxOpenOdbcApiHook
 0001:00002E10       DbxOpenOdbcApiHook.Finalization
 0001:00002D34       DbxOpenOdbcApiHook.FindVirtualMethodIndex
 0001:00002DD4       DbxOpenOdbcApiHook.FxtGetStubAddress
 0001:00001BD8       DbxOpenOdbcApiHook.GetNativeAddr
 0001:00002C74       DbxOpenOdbcApiHook.GetVirtualMethodAddress
 0001:00002DAC       DbxOpenOdbcApiHook.GetVirtualMethodOffset
 0001:00001968       DbxOpenOdbcApiHook.HookCode
 0001:00001A98       DbxOpenOdbcApiHook.HookProc
 0001:00001DF8       DbxOpenOdbcApiHook.IsJumpFromCode
 0001:00001C1C       DbxOpenOdbcApiHook.JumpFromCode
 0003:00000034       DbxOpenOdbcApiHook.Opcodes1
 0003:00000234       DbxOpenOdbcApiHook.Opcodes2
 0003:00000434       DbxOpenOdbcApiHook.Opcodes3
 0001:00001D0C       DbxOpenOdbcApiHook.RestoreSavedCode
 0001:000018F0       DbxOpenOdbcApiHook.SaveOldFunction
 0001:00002CA0       DbxOpenOdbcApiHook.SetVirtualMethodAddress
 0001:00001560       DbxOpenOdbcApiHook.SizeOfCode
 0001:000018AC       DbxOpenOdbcApiHook.SizeOfProc
 0001:000022B4       DbxOpenOdbcApiHook.TIATPatch.BuildIATPatchList
 0001:000028E0       DbxOpenOdbcApiHook.TIATPatch.Clear
 0001:00001ED8       DbxOpenOdbcApiHook.TIATPatch.CompareLibraryNames
 0001:00002B70       DbxOpenOdbcApiHook.TIATPatch.Create
 0001:000027F4       DbxOpenOdbcApiHook.TIATPatch.Delete
 0001:00002BD8       DbxOpenOdbcApiHook.TIATPatch.Destroy
 0001:00002084       DbxOpenOdbcApiHook.TIATPatch.EnumIATList
 0001:000026B0       DbxOpenOdbcApiHook.TIATPatch.Find
 0001:00002B18       DbxOpenOdbcApiHook.TIATPatch.GetCount
 0001:00002A10       DbxOpenOdbcApiHook.TIATPatch.GetPatchRecord
 0001:00002A70       DbxOpenOdbcApiHook.TIATPatch.GetUnpatchOnFree
 0001:00001E8C       DbxOpenOdbcApiHook.TIATPatch.ListContainsIAT
 0001:00001E48       DbxOpenOdbcApiHook.TIATPatch.NextFunctionName
 0001:00002478       DbxOpenOdbcApiHook.TIATPatch.Patch
 0001:00002AC4       DbxOpenOdbcApiHook.TIATPatch.SetUnpatchOnFree
 0001:00002348       DbxOpenOdbcApiHook.TIATPatch.Unpatch
 0001:00001FB8       DbxOpenOdbcApiHook.TIATPatch.UpdateEntry
 0001:0000202C       DbxOpenOdbcApiHook.TIATPatch.UpdatePatch
 0001:00001B00       DbxOpenOdbcApiHook.UnhookCode
 0004:0000005C       DbxXXDrv..1
 0002:000000C0       DbxXXDrv.DbxXXDrv
 0001:000038E0       DbxXXDrv.Finalization
 0001:000038CC       DbxXXDrv.IsDbxDrvFixed
 0001:000002C0       SysInit.@InitPkg
 0001:00000324       SysInit.@PackageLoad
 0001:00000330       SysInit.@PackageUnload
 0001:000001B0       SysInit.AllocTlsBuffer
 0001:0000026C       SysInit.ExitProcessTLS
 0001:00000234       SysInit.ExitThreadTLS
 0001:00000178       SysInit.FreeLibrary
 0001:000001BC       SysInit.GetTlsSize
 0004:00000004       SysInit.HInstance
 0001:00000290       SysInit.InitializeModule
 0001:00000208       SysInit.InitProcessTLS
 0001:000001C4       SysInit.InitThreadTLS
 0001:00000180       SysInit.LocalAlloc
 0001:00000188       SysInit.LocalFree
 0003:00000004       SysInit.Module
 0004:00000000       SysInit.ModuleIsLib
 0004:00000001       SysInit.ModuleIsPackage
 0001:00000190       SysInit.TlsAlloc
 0004:00000008       SysInit.tlsBuffer
 0001:00000198       SysInit.TlsFree
 0001:000001A0       SysInit.TlsGetValue
 0003:00000000       SysInit.TlsIndex
 0005:00000000       SysInit.TlsLast
 0003:0000001C       SysInit.TlsProc
 0001:000001A8       SysInit.TlsSetValue
 0001:0000029C       SysInit.UninitializeModule
 0004:0000000C       Windows..3
 0001:000003A4       Windows.CopyMemory
 0001:0000033C       Windows.DeleteCriticalSection
 0001:00000344       Windows.EnterCriticalSection
 0001:000003AC       Windows.Finalization
 0001:0000034C       Windows.FlushInstructionCache
 0001:00000354       Windows.FreeLibrary
 0001:0000035C       Windows.GetCurrentProcess
 0001:00000364       Windows.GetModuleHandle
 0001:0000036C       Windows.GetProcAddress
 0001:00000374       Windows.GetVersion
 0004:00000010       Windows.HtmlHelpModule
 0001:0000037C       Windows.InitializeCriticalSection
 0001:00000384       Windows.LeaveCriticalSection
 0001:0000038C       Windows.LoadLibrary
 0001:00000394       Windows.VirtualProtect
 0001:0000039C       Windows.VirtualProtect
 0002:00000008       Windows.Windows


  Address             Publics by Value

 0001:00000178       SysInit.FreeLibrary
 0001:00000180       SysInit.LocalAlloc
 0001:00000188       SysInit.LocalFree
 0001:00000190       SysInit.TlsAlloc
 0001:00000198       SysInit.TlsFree
 0001:000001A0       SysInit.TlsGetValue
 0001:000001A8       SysInit.TlsSetValue
 0001:000001B0       SysInit.AllocTlsBuffer
 0001:000001BC       SysInit.GetTlsSize
 0001:000001C4       SysInit.InitThreadTLS
 0001:00000208       SysInit.InitProcessTLS
 0001:00000234       SysInit.ExitThreadTLS
 0001:0000026C       SysInit.ExitProcessTLS
 0001:00000290       SysInit.InitializeModule
 0001:0000029C       SysInit.UninitializeModule
 0001:000002C0       SysInit.@InitPkg
 0001:00000324       SysInit.@PackageLoad
 0001:00000330       SysInit.@PackageUnload
 0001:0000033C       Windows.DeleteCriticalSection
 0001:00000344       Windows.EnterCriticalSection
 0001:0000034C       Windows.FlushInstructionCache
 0001:00000354       Windows.FreeLibrary
 0001:0000035C       Windows.GetCurrentProcess
 0001:00000364       Windows.GetModuleHandle
 0001:0000036C       Windows.GetProcAddress
 0001:00000374       Windows.GetVersion
 0001:0000037C       Windows.InitializeCriticalSection
 0001:00000384       Windows.LeaveCriticalSection
 0001:0000038C       Windows.LoadLibrary
 0001:00000394       Windows.VirtualProtect
 0001:0000039C       Windows.VirtualProtect
 0001:000003A4       Windows.CopyMemory
 0001:000003AC       Windows.Finalization
 0001:00000B88       Dbx23Fix..TSQLStoredProc
 0001:00000EBC       Dbx23Fix.GetParamData
 0001:00000F5C       Dbx23Fix.CalcUnits
 0001:00001024       Dbx23Fix.TSQLStoredProc.PrepareStatement
 0001:000014A8       Dbx23Fix.Finalization
 0001:000014D8       DbxOpenOdbcApiHook..TIATPatch
 0001:00001560       DbxOpenOdbcApiHook.SizeOfCode
 0001:000018AC       DbxOpenOdbcApiHook.SizeOfProc
 0001:000018F0       DbxOpenOdbcApiHook.SaveOldFunction
 0001:00001968       DbxOpenOdbcApiHook.HookCode
 0001:00001A98       DbxOpenOdbcApiHook.HookProc
 0001:00001B00       DbxOpenOdbcApiHook.UnhookCode
 0001:00001BD8       DbxOpenOdbcApiHook.GetNativeAddr
 0001:00001C1C       DbxOpenOdbcApiHook.JumpFromCode
 0001:00001D0C       DbxOpenOdbcApiHook.RestoreSavedCode
 0001:00001DF8       DbxOpenOdbcApiHook.IsJumpFromCode
 0001:00001E48       DbxOpenOdbcApiHook.TIATPatch.NextFunctionName
 0001:00001E8C       DbxOpenOdbcApiHook.TIATPatch.ListContainsIAT
 0001:00001ED8       DbxOpenOdbcApiHook.TIATPatch.CompareLibraryNames
 0001:00001FB8       DbxOpenOdbcApiHook.TIATPatch.UpdateEntry
 0001:0000202C       DbxOpenOdbcApiHook.TIATPatch.UpdatePatch
 0001:00002084       DbxOpenOdbcApiHook.TIATPatch.EnumIATList
 0001:000022B4       DbxOpenOdbcApiHook.TIATPatch.BuildIATPatchList
 0001:00002348       DbxOpenOdbcApiHook.TIATPatch.Unpatch
 0001:00002478       DbxOpenOdbcApiHook.TIATPatch.Patch
 0001:000026B0       DbxOpenOdbcApiHook.TIATPatch.Find
 0001:000027F4       DbxOpenOdbcApiHook.TIATPatch.Delete
 0001:000028E0       DbxOpenOdbcApiHook.TIATPatch.Clear
 0001:00002A10       DbxOpenOdbcApiHook.TIATPatch.GetPatchRecord
 0001:00002A70       DbxOpenOdbcApiHook.TIATPatch.GetUnpatchOnFree
 0001:00002AC4       DbxOpenOdbcApiHook.TIATPatch.SetUnpatchOnFree
 0001:00002B18       DbxOpenOdbcApiHook.TIATPatch.GetCount
 0001:00002B70       DbxOpenOdbcApiHook.TIATPatch.Create
 0001:00002BD8       DbxOpenOdbcApiHook.TIATPatch.Destroy
 0001:00002C74       DbxOpenOdbcApiHook.GetVirtualMethodAddress
 0001:00002CA0       DbxOpenOdbcApiHook.SetVirtualMethodAddress
 0001:00002D34       DbxOpenOdbcApiHook.FindVirtualMethodIndex
 0001:00002DAC       DbxOpenOdbcApiHook.GetVirtualMethodOffset
 0001:00002DD4       DbxOpenOdbcApiHook.FxtGetStubAddress
 0001:00002E10       DbxOpenOdbcApiHook.Finalization
 0001:00002E40       DbxDBFix.WStrLCopyLen
 0001:00002EA4       DbxDBFix.FIX_TSTRINGFIELD_SETASANSISTRING
 0001:00002FA8       DbxDBFix.INSTALL_FIX_TSTRINGFIELD_SETASANSISTRING
 0001:00002FEC       DbxDBFix.FIX_TFIELDS_FINDFIELD
 0001:00003154       DbxDBFix.INSTALL_FIX_TFIELDS_FINDFIELD
 0001:00003194       DbxDBFix.FIX_TINTEGERFIELD_GETISNULL
 0001:000031E0       DbxDBFix.INSTALL_FIX_TINTEGERFIELD_GETISNULL
 0001:00003220       DbxDBFix.TBlobField_SetData
 0001:00003288       DbxDBFix.FIX_TBLOBFIELD_SETVARVALUE
 0001:000033CC       DbxDBFix.INSTALL_FIX_TBLOBFIELD_SETVARVALUE
 0001:0000340C       DbxDBFix.FIX_TSTRINGFIELD_GETVALUE
 0001:0000354C       DbxDBFix.INSTALL_FIX_TSTRINGFIELD_GETVALUE
 0001:0000358C       DbxDBFix.FIX_TFIELD_ASSIGNVALUE
 0001:00003630       DbxDBFix.INSTALL_FIX_TFIELD_ASSIGNVALUE
 0001:00003668       DbxDBFix.FIX_TWIDESTRINGFIELD_COPYDATA
 0001:00003688       DbxDBFix.INSTALL_FIX_TWIDESTRINGFIELD_COPYDATA
 0001:000036C8       DbxDBFix.FIX_TDATASET_DATACONVERT
 0001:0000371C       DbxDBFix.INSTALL_FIX_TDATASET_DATACONVERT
 0001:00003754       DbxDBFix.FIX_TCUSTOMCLIENTDATASET_DATACONVERT
 0001:00003808       DbxDBFix.INSTALL_FIX_TCUSTOMCLIENTDATASET_DATACONVERT
 0001:00003840       DbxDBFix.INSTALL_FIXES
 0001:00003894       DbxDBFix.Finalization
 0001:000038CC       DbxXXDrv.IsDbxDrvFixed
 0001:000038E0       DbxXXDrv.Finalization
 0001:00003A80       .dbxoodbc.@GetPackageInfoTable
 0001:00003A88       .dbxoodbc.@PackageLoad
 0001:00003A94       .dbxoodbc.@PackageUnload
 0002:00000008       Windows.Windows
 0002:0000009C       Dbx23Fix.Dbx23Fix
 0002:000000A4       DbxOpenOdbcApiHook.DbxOpenOdbcApiHook
 0002:000000AC       DbxDBFix.DbxDBFix
 0002:000000C0       DbxXXDrv.DbxXXDrv
 0002:000000C8       .dbxoodbc..dbxoodbc
 0003:00000000       SysInit.TlsIndex
 0003:00000004       SysInit.Module
 0003:0000001C       SysInit.TlsProc
 0003:0000002C       Dbx23Fix.bFixedSqlExpr
 0003:00000030       Dbx23Fix.bFixedUnicode
 0003:00000034       DbxOpenOdbcApiHook.Opcodes1
 0003:00000234       DbxOpenOdbcApiHook.Opcodes2
 0003:00000434       DbxOpenOdbcApiHook.Opcodes3
 0004:00000000       SysInit.ModuleIsLib
 0004:00000001       SysInit.ModuleIsPackage
 0004:00000004       SysInit.HInstance
 0004:00000008       SysInit.tlsBuffer
 0004:0000000C       Windows..3
 0004:00000010       Windows.HtmlHelpModule
 0004:00000014       Dbx23Fix..2
 0004:00000018       DbxOpenOdbcApiHook..2
 0004:0000001C       DbxDBFix..1
 0004:00000020       DbxDBFix.StringField_SetAsAnsiString
 0004:00000028       DbxDBFix.FieldAccess_FindField
 0004:00000030       DbxDBFix.IntegerField_GetIsNull
 0004:00000038       DbxDBFix.BlobField_SetVarValue
 0004:00000040       DbxDBFix.StringField_GetValue
 0004:00000048       DbxDBFix.Field_AssignValue
 0004:0000004C       DbxDBFix.WideStringField_CopyData
 0004:00000054       DbxDBFix.DataSet_DataConvert
 0004:00000058       DbxDBFix.CustomClientDataSet_DataConvert
 0004:0000005C       DbxXXDrv..1
 0005:00000000       SysInit.TlsLast


Line numbers for SysInit(SysInit.pas) segment .text

    86 0001:00000178    95 0001:00000180    98 0001:00000188   101 0001:00000190
   104 0001:00000198   107 0001:000001A0   110 0001:000001A8   121 0001:000001B0
   122 0001:000001B8   278 0001:000001BC   279 0001:000001C1   286 0001:000001C4
   287 0001:000001C5   288 0001:000001CC   292 0001:000001D0   293 0001:000001E3
   294 0001:000001EA   295 0001:000001EE   297 0001:000001FA   298 0001:00000206
   303 0001:00000208   305 0001:00000211   306 0001:0000021B   307 0001:00000220
   308 0001:00000230   314 0001:00000234   316 0001:0000023D   317 0001:00000246
   318 0001:00000251   319 0001:00000255   320 0001:0000025B   323 0001:00000268
   327 0001:0000026C   329 0001:00000275   330 0001:0000027A   331 0001:00000283
   332 0001:0000028E   418 0001:00000290   419 0001:0000029A   423 0001:0000029C
   424 0001:000002A6   425 0001:000002B7   426 0001:000002BD   490 0001:000002C0
   491 0001:000002CB   492 0001:000002D2   493 0001:000002D9   494 0001:000002DE
   495 0001:000002E6   496 0001:000002EE   497 0001:000002F3   498 0001:000002FC
   499 0001:00000305   500 0001:0000030A   501 0001:00000311   502 0001:00000315
   503 0001:0000031A   504 0001:0000031D   535 0001:00000324   536 0001:0000032E
   540 0001:00000330   541 0001:0000033A   835 0001:0000033B

Line numbers for Dbx23Fix(Dbx23Fix.pas) segment .text

   294 0001:00000EBC   295 0001:00000EDF   298 0001:00000EE3   300 0001:00000EF7
   301 0001:00000F1B   304 0001:00000F27   306 0001:00000F31  4317 0001:00000F5C
  4318 0001:00000F8C  4319 0001:00000F8D  4320 0001:00000F9D  4321 0001:00000FA3
  4324 0001:00000FAB  4325 0001:00000FC5  4327 0001:00000FCE  4328 0001:00000FD2
  4329 0001:00000FD6  4331 0001:00000FDC  4332 0001:00000FE4  4334 0001:00000FEB
  4322 0001:00000FEC  4336 0001:00000FF8  4363 0001:00001024  4364 0001:00001050
  4366 0001:00001057  4369 0001:0000106A  4370 0001:0000106D  4371 0001:00001079
  4373 0001:00001083  4374 0001:00001091  4375 0001:0000109A  4376 0001:0000109E
  4378 0001:000010A3  4379 0001:000010A5  4380 0001:000010AA  4382 0001:000010DF
  4385 0001:000010F7  4386 0001:00001107  4387 0001:00001113  4388 0001:0000111D
  4389 0001:00001123  4390 0001:00001146  4391 0001:0000114D  4392 0001:00001153
  4393 0001:00001159  4394 0001:00001169  4395 0001:0000118C  4396 0001:0000119B
  4397 0001:000011B0  4399 0001:000011BF  4400 0001:000011C7  4401 0001:000011D2
  4402 0001:000011DC  4403 0001:000011E6  4404 0001:000011EE  4405 0001:000011F6
  4407 0001:000011FC  4408 0001:00001201  4409 0001:00001219  4411 0001:00001225
  4413 0001:0000122F  4414 0001:00001239  4415 0001:0000124F  4417 0001:00001268
  4418 0001:00001274  4419 0001:00001280  4420 0001:00001288  4421 0001:0000129E
  4423 0001:000012A8  4426 0001:000012F1  4427 0001:000012F7  4429 0001:00001316
  4430 0001:0000131D  4431 0001:0000132E  4432 0001:00001335  4434 0001:00001344
  4439 0001:00001352  4440 0001:0000135B  4442 0001:00001367  4446 0001:00001373
  4447 0001:00001379  4449 0001:00001382  4450 0001:0000138C  4451 0001:00001397
  4452 0001:000013A1  4455 0001:000013B0  4460 0001:000013C7  4461 0001:000013E1
  4466 0001:000013E9  4467 0001:000013F6  4470 0001:000013FD  4473 0001:00001441
  4474 0001:0000144B  4382 0001:0000144C  4476 0001:00001455  4479 0001:00001471
  4488 0001:00001476

Line numbers for Dbx23Fix(Dbx23Fix.pas) segment .itext

  4503 0002:0000009C

Line numbers for DbxOpenOdbcApiHook(DbxOpenOdbcApiHook.pas) segment .text

   328 0001:00001560   329 0001:0000156C   330 0001:0000157A   331 0001:00001580
   333 0001:0000158A   334 0001:0000158E   335 0001:00001592   336 0001:00001599
   338 0001:0000159E   339 0001:000015A8   340 0001:000015AF   341 0001:000015B6
   342 0001:000015BF   343 0001:000015C6   344 0001:000015CC   345 0001:000015DA
   346 0001:000015E7   347 0001:000015EB   348 0001:000015F1   350 0001:000015F8
   351 0001:00001602   352 0001:00001611   353 0001:00001617   356 0001:00001620
   358 0001:0000162F   360 0001:00001639   361 0001:00001641   362 0001:0000164E
   364 0001:00001655   365 0001:00001664   366 0001:0000166D   367 0001:00001673
   369 0001:0000167C   371 0001:00001685   374 0001:0000168A   376 0001:00001699
   377 0001:000016A8   378 0001:000016B7   379 0001:000016C3   380 0001:000016CA
   383 0001:000016D3   385 0001:000016E2   386 0001:0000174D   387 0001:00001754
   388 0001:0000175D   389 0001:00001766   390 0001:0000176F   391 0001:00001778
   392 0001:00001781   393 0001:0000178A   394 0001:00001793   395 0001:0000179C
   397 0001:000017A3   398 0001:000017AC   400 0001:000017CD   404 0001:000017ED
   405 0001:0000180C   406 0001:00001815   407 0001:00001820   410 0001:0000182B
   411 0001:0000184A   412 0001:00001858   415 0001:00001863   416 0001:00001869
   418 0001:00001874   424 0001:0000187D   426 0001:00001895   428 0001:0000189F
   433 0001:000018AC   434 0001:000018B5   436 0001:000018BA   437 0001:000018C5
   438 0001:000018CB   440 0001:000018D9   441 0001:000018E2   442 0001:000018E8
   448 0001:000018F0   449 0001:000018FC   450 0001:00001901   451 0001:00001907
   453 0001:0000190D   454 0001:00001918   455 0001:00001921   451 0001:00001927
   458 0001:0000192D   462 0001:0000193B   463 0001:00001944   464 0001:00001959
   465 0001:0000195F   475 0001:00001968   476 0001:0000197A   477 0001:0000197E
   478 0001:00001983   479 0001:00001991   480 0001:00001997   481 0001:000019A3
   484 0001:000019B0   485 0001:000019C8   486 0001:000019CD   487 0001:000019E5
   497 0001:000019EA   500 0001:000019F2   501 0001:00001A08   502 0001:00001A0E
   508 0001:00001A17   510 0001:00001A2D   511 0001:00001A41   518 0001:00001A55
   520 0001:00001A6F   521 0001:00001A75   522 0001:00001A7D   524 0001:00001A89
   525 0001:00001A8D   531 0001:00001A98   532 0001:00001AA7   533 0001:00001AAB
   534 0001:00001AB7   535 0001:00001ABD   536 0001:00001AC9   538 0001:00001ACF
   539 0001:00001ADF   541 0001:00001AE5   542 0001:00001AF6   551 0001:00001B00
   552 0001:00001B0C   553 0001:00001B10   554 0001:00001B1A   555 0001:00001B28
   556 0001:00001B33   558 0001:00001B3D   559 0001:00001B43   560 0001:00001B49
   561 0001:00001B52   562 0001:00001B5B   565 0001:00001B62   573 0001:00001B75
   579 0001:00001B83   581 0001:00001B98   588 0001:00001BAB   590 0001:00001BC5
   592 0001:00001BCE   608 0001:00001BD8   609 0001:00001BE1   611 0001:00001BE7
   614 0001:00001C05   618 0001:00001C12   625 0001:00001C1C   626 0001:00001C2B
   627 0001:00001C2F   628 0001:00001C35   629 0001:00001C44   631 0001:00001C4E
   633 0001:00001C5A   634 0001:00001C65   637 0001:00001C71   643 0001:00001C86
   644 0001:00001C94   645 0001:00001C9A   646 0001:00001CAA   649 0001:00001CB0
   650 0001:00001CB6   655 0001:00001CC5   658 0001:00001CD6   659 0001:00001CE9
   666 0001:00001D02   673 0001:00001D0C   674 0001:00001D1B   675 0001:00001D1F
   677 0001:00001D3F   678 0001:00001D4A   680 0001:00001D58   686 0001:00001D6D
   687 0001:00001D7B   689 0001:00001D8B   692 0001:00001DA7   693 0001:00001DBA
   700 0001:00001DD3   702 0001:00001DE6   703 0001:00001DEB   706 0001:00001DF8
   707 0001:00001E04   708 0001:00001E10   710 0001:00001E16   713 0001:00001E1C
   718 0001:00001E3E   730 0001:00001E48   732 0001:00001E54   735 0001:00001E5F
   737 0001:00001E7B   739 0001:00001E81   741 0001:00001E85   745 0001:00001E8C
   747 0001:00001E9B   750 0001:00001E9F   753 0001:00001EA5   755 0001:00001EAB
   758 0001:00001EB1   761 0001:00001EBB   763 0001:00001EBF   766 0001:00001EC1
   755 0001:00001ECA   769 0001:00001ED0   772 0001:00001ED8   774 0001:00001F14
   776 0001:00001F2C   779 0001:00001F7D   780 0001:00001F81   784 0001:00001FB8
   786 0001:00001FC7   789 0001:00001FCD   792 0001:00001FE4   794 0001:00001FEE
   796 0001:00002003   798 0001:00002012   802 0001:00002018   806 0001:0000201E
   807 0001:00002022   811 0001:0000202C   813 0001:0000203B   816 0001:00002041
   818 0001:0000204D   821 0001:00002053   823 0001:00002061   818 0001:0000206A
   826 0001:00002070   830 0001:00002076   831 0001:0000207A   843 0001:00002084
   846 0001:000020B7   849 0001:000020DA   851 0001:000020E0   853 0001:000020EC
   855 0001:000020F8   858 0001:00002103   860 0001:0000210E   866 0001:00002122
   868 0001:0000212E   871 0001:0000214F   873 0001:0000215B   875 0001:00002163
   878 0001:00002173   883 0001:0000217D   886 0001:00002183   889 0001:000021A3
   892 0001:000021B3   894 0001:000021B8   898 0001:000021BE   900 0001:000021CC
   903 0001:000021D2   906 0001:000021E6   909 0001:000021FA   911 0001:00002207
   913 0001:0000220F   915 0001:0000221A   920 0001:00002222   880 0001:00002226
   925 0001:0000223A   927 0001:00002258   863 0001:0000225C   931 0001:0000227D
   934 0001:000022B4   937 0001:000022E1   940 0001:000022FD   942 0001:00002320
   947 0001:00002348   950 0001:00002375   953 0001:00002381   955 0001:0000238F
   957 0001:000023A0   960 0001:000023AA   962 0001:000023B8   967 0001:000023C8
   969 0001:000023D4   971 0001:000023E9   973 0001:000023FD   964 0001:00002405
   977 0001:0000241E   982 0001:0000243B   985 0001:0000244F   991 0001:00002478
   994 0001:000024B1   997 0001:000024BD   999 0001:000024CB  1001 0001:000024D2
  1004 0001:000024FC  1006 0001:0000250D  1009 0001:00002513  1011 0001:00002521
  1016 0001:00002537  1018 0001:00002548  1020 0001:0000254E  1025 0001:00002557
  1027 0001:0000256C  1030 0001:00002576  1032 0001:00002583  1034 0001:00002591
  1036 0001:000025BF  1038 0001:000025D4  1040 0001:000025E0  1042 0001:000025EE
  1044 0001:00002615  1047 0001:00002633  1052 0001:00002649  1058 0001:0000264F
  1061 0001:00002660  1064 0001:00002674  1068 0001:000026B0  1071 0001:000026E6
  1074 0001:000026F2  1076 0001:00002700  1078 0001:00002705  1081 0001:00002722
  1084 0001:00002751  1087 0001:00002781  1089 0001:00002792  1092 0001:00002794
  1078 0001:00002797  1095 0001:000027A9  1098 0001:000027BD  1103 0001:000027F4
  1106 0001:00002803  1109 0001:0000280F  1111 0001:0000281D  1113 0001:0000282E
  1115 0001:0000283C  1120 0001:0000284C  1122 0001:00002858  1124 0001:0000286D
  1126 0001:00002887  1117 0001:0000288F  1130 0001:000028A8  1134 0001:000028C5
  1137 0001:000028D9  1143 0001:000028E0  1146 0001:000028EC  1149 0001:000028F8
  1151 0001:00002906  1153 0001:00002914  1156 0001:00002931  1158 0001:00002942
  1163 0001:00002952  1165 0001:0000295E  1167 0001:00002973  1169 0001:0000298D
  1160 0001:00002995  1173 0001:000029AE  1175 0001:000029BE  1153 0001:000029C1
  1178 0001:000029D7  1182 0001:000029F7  1185 0001:00002A0B  1188 0001:00002A10
  1191 0001:00002A1C  1194 0001:00002A28  1196 0001:00002A36  1199 0001:00002A54
  1202 0001:00002A68  1205 0001:00002A70  1208 0001:00002A79  1211 0001:00002A85
  1213 0001:00002A93  1216 0001:00002AA9  1219 0001:00002ABD  1222 0001:00002AC4
  1225 0001:00002AD0  1228 0001:00002ADC  1230 0001:00002AEA  1233 0001:00002B00
  1236 0001:00002B14  1239 0001:00002B18  1242 0001:00002B21  1245 0001:00002B2D
  1247 0001:00002B3B  1250 0001:00002B54  1253 0001:00002B68  1256 0001:00002B70
  1259 0001:00002B88  1262 0001:00002B92  1265 0001:00002B9E  1268 0001:00002BB0
  1270 0001:00002BB7  1273 0001:00002BD8  1276 0001:00002BE9  1278 0001:00002BF7
  1280 0001:00002C05  1283 0001:00002C20  1286 0001:00002C33  1289 0001:00002C4C
  1292 0001:00002C62  1309 0001:00002C74  1310 0001:00002C80  1311 0001:00002C86
  1312 0001:00002C90  1313 0001:00002C98  1324 0001:00002CA0  1325 0001:00002CAF
  1326 0001:00002CB5  1327 0001:00002CBF  1329 0001:00002CC7  1335 0001:00002CDC
  1336 0001:00002CEA  1339 0001:00002CFF  1340 0001:00002D12  1347 0001:00002D2B
  1350 0001:00002D34  1351 0001:00002D43  1352 0001:00002D51  1354 0001:00002D58
  1355 0001:00002D68  1356 0001:00002D72  1352 0001:00002D75  1357 0001:00002D7E
  1359 0001:00002D94  1367 0001:00002DA0  1370 0001:00002DAC  1371 0001:00002DB8
  1372 0001:00002DCA  1375 0001:00002DD4  1376 0001:00002DE0  1377 0001:00002DE6
  1379 0001:00002DEE  1380 0001:00002DF1  1383 0001:00002E01  1384 0001:00002E06

Line numbers for DbxOpenOdbcApiHook(DbxOpenOdbcApiHook.pas) segment .itext

  1386 0002:000000A4

Line numbers for DbxDBFix(DbxDBFix.pas) segment .text

   358 0001:00002E40   359 0001:00002E4F   360 0001:00002E55   363 0001:00002E5D
   364 0001:00002E69   365 0001:00002E6D   366 0001:00002E71   361 0001:00002E74
   368 0001:00002E83   369 0001:00002E8B   370 0001:00002E9B   433 0001:00002EA4
   436 0001:00002ED7   439 0001:00002EE6   440 0001:00002EF1   441 0001:00002F01
   442 0001:00002F0F   443 0001:00002F1B   446 0001:00002F28   447 0001:00002F31
   449 0001:00002F3F   450 0001:00002F54   451 0001:00002F60   452 0001:00002F76
   455 0001:00002F83   459 0001:00002FA8   463 0001:00002FB1   465 0001:00002FBE
   466 0001:00002FC4   468 0001:00002FD8   469 0001:00002FE5   484 0001:00002FEC
   485 0001:00003011   488 0001:0000301A   490 0001:00003030   492 0001:0000303E
   496 0001:0000305F   488 0001:00003062   498 0001:00003067   499 0001:00003070
   501 0001:0000307A   502 0001:00003085   504 0001:0000309C   505 0001:000030AA
   509 0001:000030E8   510 0001:0000310B   513 0001:00003111   502 0001:00003114
   515 0001:00003119   518 0001:0000311E   520 0001:00003154   521 0001:0000315B
   522 0001:00003161   525 0001:0000317D   527 0001:00003191   536 0001:00003194
   540 0001:0000319D   542 0001:000031AD   543 0001:000031B4   546 0001:000031C6
   549 0001:000031D7   551 0001:000031E0   552 0001:000031E7   553 0001:000031ED
   556 0001:00003209   558 0001:0000321D   571 0001:00003220   573 0001:0000322D
   574 0001:00003249   575 0001:00003257   577 0001:00003272   579 0001:00003282
   582 0001:00003288   585 0001:000032AD   586 0001:000032C5   587 0001:000032D5
   589 0001:000032E1   590 0001:000032EC   591 0001:000032FA   595 0001:0000330B
   598 0001:00003325   603 0001:00003335   608 0001:00003349   618 0001:00003364
   625 0001:0000337F   630 0001:00003398   632 0001:000033CC   633 0001:000033D3
   634 0001:000033D9   637 0001:000033F5   639 0001:00003409   651 0001:0000340C
   654 0001:0000343F   655 0001:0000344A   657 0001:00003453   658 0001:0000345F
   659 0001:0000346A   660 0001:0000347A   662 0001:00003480   663 0001:00003492
   664 0001:0000349D   665 0001:000034A8   670 0001:000034B5   671 0001:000034BE
   673 0001:000034CE   674 0001:000034D4   676 0001:000034E6   678 0001:000034EC
   679 0001:00003506   680 0001:0000351C   684 0001:00003527   686 0001:0000354C
   687 0001:00003553   688 0001:00003559   691 0001:00003575   693 0001:00003589
   702 0001:0000358C   705 0001:000035AE   707 0001:000035BE   710 0001:000035E6
   721 0001:000035F8   724 0001:00003604   726 0001:00003630   727 0001:00003637
   728 0001:0000363D   730 0001:00003659   731 0001:00003663   794 0001:00003668
   795 0001:00003677   796 0001:00003682   798 0001:00003688   799 0001:0000368F
   800 0001:00003695   803 0001:000036B1   805 0001:000036C5   814 0001:000036C8
   815 0001:000036D7   827 0001:000036E5   831 0001:000036FF   832 0001:00003716
   835 0001:0000371C   836 0001:00003723   837 0001:00003729   839 0001:00003745
   840 0001:0000374F   852 0001:00003754   853 0001:00003763   855 0001:0000376C
   868 0001:00003772   869 0001:00003790   885 0001:0000379E   886 0001:000037A9
   887 0001:000037B9   889 0001:000037C7   890 0001:000037DB   894 0001:000037EA
   895 0001:00003801   898 0001:00003808   899 0001:0000380F   900 0001:00003815
   902 0001:00003831   903 0001:0000383B   911 0001:00003840   929 0001:00003847
   932 0001:0000384F   936 0001:00003857   940 0001:0000385F   944 0001:00003867
   948 0001:0000386F   964 0001:00003877   968 0001:0000387F   972 0001:00003887
   975 0001:0000388F   980 0001:00003894   982 0001:000038B4

Line numbers for DbxDBFix(DbxDBFix.pas) segment .itext

   977 0002:000000AC   978 0002:000000B5   979 0002:000000BC

Line numbers for DbxXXDrv(DbxXXDrv.pas) segment .text

   129 0001:000038CC   137 0001:000038D0   140 0001:000038DA

Line numbers for DbxXXDrv(DbxXXDrv.pas) segment .itext

   143 0002:000000C0

Line numbers for .dbxoodbc(.\..\..\..\source\packages\pkg\dbxoodbc.dpk) segment .itext

    77 0002:000000C8

Bound resource files

dbxoodbc_man_icn.res
dbxoodbc_ver.res
C:\TEMP\dtfF39.tmp


Program entry point at 0002:000000C8
