
 Start         Length     Name                   Class
 0001:00000000 00058BDCH .text                   CODE
 0002:00000000 00000FA4H .data                   DATA
 0002:00000FA4 000001ADH .bss                    BSS


Detailed map of segments

 0001:00000000 000003BE C=CODE     S=.text    G=(none)   M=System   ACBP=A9
 0001:000003C0 0000022C C=CODE     S=.text    G=(none)   M=SysInit  ACBP=A9
 0001:000005EC 000001A8 C=CODE     S=.text    G=(none)   M=Windows  ACBP=A9
 0001:00000794 0000000E C=CODE     S=.text    G=(none)   M=Types    ACBP=A9
 0001:000007A4 000001EE C=CODE     S=.text    G=(none)   M=SysUtils ACBP=A9
 0001:00000994 0000000E C=CODE     S=.text    G=(none)   M=SysConst ACBP=A9
 0001:000009A4 0000016E C=CODE     S=.text    G=(none)   M=Classes  ACBP=A9
 0001:00000B14 0000000E C=CODE     S=.text    G=(none)   M=ActiveX  ACBP=A9
 0001:00000B24 00000038 C=CODE     S=.text    G=(none)   M=Messages ACBP=A9
 0001:00000B5C 0000001E C=CODE     S=.text    G=(none)   M=TypInfo  ACBP=A9
 0001:00000B7C 000000BE C=CODE     S=.text    G=(none)   M=Variants ACBP=A9
 0001:00000C3C 0000000E C=CODE     S=.text    G=(none)   M=VarUtils ACBP=A9
 0001:00000C4C 0000000E C=CODE     S=.text    G=(none)   M=RTLConsts ACBP=A9
 0001:00000C5C 0000000E C=CODE     S=.text    G=(none)   M=DBClient ACBP=A9
 0001:00000C6C 0000000E C=CODE     S=.text    G=(none)   M=SqlTimSt ACBP=A9
 0001:00000C7C 0000000E C=CODE     S=.text    G=(none)   M=DBConsts ACBP=A9
 0001:00000C8C 00000016 C=CODE     S=.text    G=(none)   M=DateUtils ACBP=A9
 0001:00000CA4 0000000E C=CODE     S=.text    G=(none)   M=Math     ACBP=A9
 0001:00000CB4 0000000E C=CODE     S=.text    G=(none)   M=Midas    ACBP=A9
 0001:00000CC4 00000036 C=CODE     S=.text    G=(none)   M=DBCommon ACBP=A9
 0001:00000CFC 00000616 C=CODE     S=.text    G=(none)   M=DB       ACBP=A9
 0001:00001314 0000003E C=CODE     S=.text    G=(none)   M=FMTBcd   ACBP=A9
 0001:00001354 0000000E C=CODE     S=.text    G=(none)   M=MaskUtils ACBP=A9
 0001:00001364 0000000E C=CODE     S=.text    G=(none)   M=ComObj   ACBP=A9
 0001:00001374 0000000E C=CODE     S=.text    G=(none)   M=ComConst ACBP=A9
 0001:00001384 0000000E C=CODE     S=.text    G=(none)   M=DSIntf   ACBP=A9
 0001:00001394 0000000E C=CODE     S=.text    G=(none)   M=MidConst ACBP=A9
 0001:000013A4 00000046 C=CODE     S=.text    G=(none)   M=Provider ACBP=A9
 0001:000013EC 0000000E C=CODE     S=.text    G=(none)   M=DataBkr  ACBP=A9
 0001:000013FC 0000000E C=CODE     S=.text    G=(none)   M=DBXpress ACBP=A9
 0001:0000140C 0000029E C=CODE     S=.text    G=(none)   M=SqlExpr  ACBP=A9
 0001:000016AC 0000000E C=CODE     S=.text    G=(none)   M=DBConnAdmin ACBP=A9
 0001:000016BC 0000000E C=CODE     S=.text    G=(none)   M=IniFiles ACBP=A9
 0001:000016CC 0000000E C=CODE     S=.text    G=(none)   M=SqlConst ACBP=A9
 0001:000016DC 00000046 C=CODE     S=.text    G=(none)   M=Registry ACBP=A9
 0001:00001724 000077D7 C=CODE     S=.text    G=(none)   M=Dbx23Fix ACBP=A9
 0001:00008EFC 00001970 C=CODE     S=.text    G=(none)   M=DbxOpenOdbcApiHook ACBP=A9
 0001:0000A86C 00000965 C=CODE     S=.text    G=(none)   M=DbxDBFix ACBP=A9
 0001:0000B1D4 0000004C C=CODE     S=.text    G=(none)   M=DbxXXDrv ACBP=A9
 0001:0000B220 00000038 C=CODE     S=.text    G=(none)   M=DbxOpenOdbcTypes ACBP=A9
 0001:0000B258 00000016 C=CODE     S=.text    G=(none)   M=SyncObjs ACBP=A9
 0001:0000B270 00000050 C=CODE     S=.text    G=(none)   M=ShlObj   ACBP=A9
 0001:0000B2C0 00000038 C=CODE     S=.text    G=(none)   M=UrlMon   ACBP=A9
 0001:0000B2F8 00000038 C=CODE     S=.text    G=(none)   M=WinInet  ACBP=A9
 0001:0000B330 00000038 C=CODE     S=.text    G=(none)   M=RegStr   ACBP=A9
 0001:0000B368 00000038 C=CODE     S=.text    G=(none)   M=ShellAPI ACBP=A9
 0001:0000B3A0 00000038 C=CODE     S=.text    G=(none)   M=CommCtrl ACBP=A9
 0001:0000B3D8 000033FC C=CODE     S=.text    G=(none)   M=DbxOpenOdbcFuncs ACBP=A9
 0001:0000E7D4 00008DE4 C=CODE     S=.text    G=(none)   M=OdbcApi  ACBP=A9
 0001:000175B8 00001260 C=CODE     S=.text    G=(none)   M=DbxOpenOdbcDbx3Types ACBP=A9
 0001:00018818 00001CC4 C=CODE     S=.text    G=(none)   M=DbxOpenOdbcInterface ACBP=A9
 0001:0001A4DC 0000000E C=CODE     S=.text    G=(none)   M=StrUtils ACBP=A9
 0001:0001A4EC 000026C4 C=CODE     S=.text    G=(none)   M=DbxOpenOdbcTrace ACBP=A9
 0001:0001CBB0 00001794 C=CODE     S=.text    G=(none)   M=DbxOpenOdbcUtils ACBP=A9
 0001:0001E344 00005804 C=CODE     S=.text    G=(none)   M=RegExpr  ACBP=A9
 0001:00023B48 00001344 C=CODE     S=.text    G=(none)   M=DbxObjectParser ACBP=A9
 0001:00024E8C 0000047C C=CODE     S=.text    G=(none)   M=DbxOpenOdbcCallback ACBP=A9
 0001:00025308 0000010C C=CODE     S=.text    G=(none)   M=DbxOpenOdbcASA ACBP=A9
 0001:00025414 00005D52 C=CODE     S=.text    G=(none)   M=DbxOpenOdbc3 ACBP=A9
 0001:0002B168 0002D0C3 C=CODE     S=.text    G=(none)   M=DbxOpenOdbc ACBP=A9
 0001:0005822C 00000790 C=CODE     S=.text    G=(none)   M=DbxOpenOdbcStatic ACBP=A9
 0001:000589BC 0000021D C=CODE     S=.text    G=(none)   M=dbxoodbc_emb ACBP=A9
 0002:00000000 00000030 C=DATA     S=.data    G=DGROUP   M=SysInit  ACBP=A9
 0002:00000030 000000CC C=DATA     S=.data    G=DGROUP   M=Dbx23Fix ACBP=A9
 0002:000000FC 00000540 C=DATA     S=.data    G=DGROUP   M=DbxOpenOdbcApiHook ACBP=A9
 0002:0000063C 00000006 C=DATA     S=.data    G=DGROUP   M=DbxOpenOdbcFuncs ACBP=A9
 0002:00000644 00000009 C=DATA     S=.data    G=DGROUP   M=OdbcApi  ACBP=A9
 0002:00000650 0000009F C=DATA     S=.data    G=DGROUP   M=DbxOpenOdbcDbx3Types ACBP=A9
 0002:000006F0 00000178 C=DATA     S=.data    G=DGROUP   M=DbxOpenOdbcInterface ACBP=A9
 0002:00000868 00000274 C=DATA     S=.data    G=DGROUP   M=DbxOpenOdbcTrace ACBP=A9
 0002:00000ADC 00000049 C=DATA     S=.data    G=DGROUP   M=RegExpr  ACBP=A9
 0002:00000B28 0000022C C=DATA     S=.data    G=DGROUP   M=DbxObjectParser ACBP=A9
 0002:00000D54 00000008 C=DATA     S=.data    G=DGROUP   M=DbxOpenOdbcASA ACBP=A9
 0002:00000D5C 00000004 C=DATA     S=.data    G=DGROUP   M=DbxOpenOdbc3 ACBP=A9
 0002:00000D60 0000019A C=DATA     S=.data    G=DGROUP   M=DbxOpenOdbc ACBP=A9
 0002:00000EFC 00000008 C=DATA     S=.data    G=DGROUP   M=DbxOpenOdbcStatic ACBP=A9
 0002:00001000 00000010 C=BSS      S=.bss     G=DGROUP   M=SysInit  ACBP=A9
 0002:00001010 00000004 C=BSS      S=.bss     G=DGROUP   M=Windows  ACBP=A9
 0002:00001014 00000004 C=BSS      S=.bss     G=DGROUP   M=Messages ACBP=A9
 0002:00001018 0000009C C=BSS      S=.bss     G=DGROUP   M=Dbx23Fix ACBP=A9
 0002:000010B4 00000004 C=BSS      S=.bss     G=DGROUP   M=DbxOpenOdbcApiHook ACBP=A9
 0002:000010B8 00000048 C=BSS      S=.bss     G=DGROUP   M=DbxDBFix ACBP=A9
 0002:00001100 00000004 C=BSS      S=.bss     G=DGROUP   M=DbxXXDrv ACBP=A9
 0002:00001104 00000004 C=BSS      S=.bss     G=DGROUP   M=DbxOpenOdbcTypes ACBP=A9
 0002:00001108 00000004 C=BSS      S=.bss     G=DGROUP   M=ShlObj   ACBP=A9
 0002:0000110C 00000004 C=BSS      S=.bss     G=DGROUP   M=UrlMon   ACBP=A9
 0002:00001110 00000004 C=BSS      S=.bss     G=DGROUP   M=WinInet  ACBP=A9
 0002:00001114 00000004 C=BSS      S=.bss     G=DGROUP   M=RegStr   ACBP=A9
 0002:00001118 00000004 C=BSS      S=.bss     G=DGROUP   M=ShellAPI ACBP=A9
 0002:0000111C 00000004 C=BSS      S=.bss     G=DGROUP   M=CommCtrl ACBP=A9
 0002:00001120 00000008 C=BSS      S=.bss     G=DGROUP   M=DbxOpenOdbcFuncs ACBP=A9
 0002:00001128 00000008 C=BSS      S=.bss     G=DGROUP   M=OdbcApi  ACBP=A9
 0002:00001130 00000004 C=BSS      S=.bss     G=DGROUP   M=DbxOpenOdbcDbx3Types ACBP=A9
 0002:00001134 00000014 C=BSS      S=.bss     G=DGROUP   M=DbxOpenOdbcInterface ACBP=A9
 0002:00001148 00000004 C=BSS      S=.bss     G=DGROUP   M=DbxOpenOdbcTrace ACBP=A9
 0002:0000114C 00000008 C=BSS      S=.bss     G=DGROUP   M=DbxOpenOdbcUtils ACBP=A9
 0002:00001154 00000004 C=BSS      S=.bss     G=DGROUP   M=RegExpr  ACBP=A9
 0002:00001158 00000004 C=BSS      S=.bss     G=DGROUP   M=DbxObjectParser ACBP=A9
 0002:0000115C 00000004 C=BSS      S=.bss     G=DGROUP   M=DbxOpenOdbcCallback ACBP=A9
 0002:00001160 00000008 C=BSS      S=.bss     G=DGROUP   M=DbxOpenOdbcASA ACBP=A9
 0002:00001168 0000002C C=BSS      S=.bss     G=DGROUP   M=DbxOpenOdbc3 ACBP=A9
 0002:00001194 00000004 C=BSS      S=.bss     G=DGROUP   M=DbxOpenOdbc ACBP=A9
 0002:00001198 00000014 C=BSS      S=.bss     G=DGROUP   M=DbxOpenOdbcStatic ACBP=A9


  Address         Publics by Name

 0002:00001164       .1
 0002:00001114       .1
 0002:00001108       .1
 0002:0000111C       .1
 0002:00001198       .1
 0002:00001100       .1
 0002:00001104       .1
 0002:00001130       .1
 0002:00001134       .1
 0002:0000115C       .1
 0002:0000110C       .1
 0002:000010B8       .1
 0002:00001110       .1
 0002:00001014       .1
 0002:00001150       .1
 0002:00001124       .1
 0002:00001118       .1
 0002:00001008       .1
 0002:00001018       .2
 0002:00001158       .2
 0002:000010B4       .2
 0002:00001194       .23
 0002:00001154       .3
 0002:00001010       .3
 0002:00001128       .5
 0002:00001190       .71
 0002:00001148       .9
 0001:00058BB4       @GetPackageInfoTable
 0001:000004C8       @GetTls
 0001:00000538       @InitPkg
 0001:00058BBC       @PackageLoad
 0001:0000059C       @PackageLoad
 0001:000005A8       @PackageUnload
 0001:00058BC8       @PackageUnload
 0001:00005EDC       AddExtraFieldProps
 0001:00006030       AddFieldDesc
 0001:00006190       AddMinMax
 0001:0002FE88       AllocateDbxHStmtNodes
 0001:000003F8       AllocTlsBuffer
 0001:0001E298       AnsiPos
 0001:0000B4B0       AnsiToOEM
 0001:0001E25C       ArgStrNull
 0001:0001BD64       ArrayToStr
 0001:0000DC64       ArrScanByte
 0001:0000DC9C       ArrScanDWord
 0001:0000DCB8       ArrScanPointer
 0001:0000DC80       ArrScanWord
 0002:00000D54       AsaCallbackMessage
 0001:00025340       ASA_MESSAGE_CALLBACK
 0001:00025320       ASA_MESSAGE_INIT
 0002:00000D58       aWindow
 0001:0001CC5C       BCD2Str
 0001:000278F8       BeginLock
 0002:00000030       bFixedSqlExpr
 0002:00000034       bFixedUnicode
 0002:000010D4       BlobField_SetVarValue
 0002:000006E0       BlobTypeMap
 0001:0001B880       BoolToStr
 0001:00005054       BufferToByteArray
 0001:00053818       BuildTableIndexKey
 0001:00005108       ByteArrayToBuffer
 0001:000538D0       CacheTableIndex
 0001:0004C18C       CalculateBlobFixSize
 0001:00003AF4       CalcUnits
 0001:0000893C       CalcUnits
 0002:00000DB4       cBindMapDateTimeOdbc2
 0002:00000DC0       cBindMapDateTimeOdbc3
 0002:00000AD4       cBoolean
 0002:00000ACC       cBoolean
 0002:00000EF8       cBoolOptionSwitches
 0002:00000D60       cConnectionOptionsDefault
 0002:00001168       cConnectionOptionsDefault3
 0002:000007B0       cConnectionOptionsDescs
 0002:000006F0       cConnectionOptionsNames
 0002:00000D88       cConnectionOptionsRestrictions
 0002:00000788       cConnectionOptionsTypes
 0002:00000A54       cDbmsType
 0002:00000EF0       cDbxDriverVersionString
 0002:00000EF4       cDbxProductVersionString
 0002:00000DCC       cDecimalSeparatorDefault
 0002:00000DD8       cGetOptionExceptionInfos
 0001:0001E1B8       ChangeFileExtW
 0001:00000714       CharLower
 0001:0000071C       CharToOemA
 0001:00000724       CharUpper
 0001:00049BC4       CheckAutoIncSubType
 0001:00002F08       CheckDetail
 0001:0002FDE8       CheckMaxLines
 0001:00053960       CheckTableIndexColumn
 0001:00042830       ChkDbxSQLParamDelim
 0001:00042820       ChkDbxSQLParamDelim
 0001:00022FF4       ClearMatchs
 0001:00031040       ClearNewErrors
 0002:00000648       cLibsSeparator
 0001:000005EC       CloseHandle
 0002:0000063C       cNullAnsiCharBuf
 0002:00000640       cNullWideCharBuf
 0002:000009E0       cOdbcDriverType
 0001:0000B3D0       CommCtrl
 0001:00035784       CompactNullConn
 0001:00035484       CompactNullConn
 0001:0000BA9C       CompareMemory
 0001:00006104       ComputeInfoCount
 0002:00000848       cOptionSwitchesNames
 0001:00000754       CopyMemory
 0001:000058FC       CopyWideString
 0001:000005FC       CreateMutex
 0002:00000D50       cRegExprSpesialSymbols
 0002:0000064C       cSqlAttrOdbcVerSeparator
 0002:00000974       cSQLCommandOption
 0002:00000880       cSQLConnectionOption
 0002:000009D4       cSQLCursorOption
 0002:00000868       cSQLDriverOption
 0002:0000092C       cSQLMetaDataOption
 0002:000009C0       cSTMTParamType
 0002:00000860       cXSQLCommandOptionStringTypes
 0002:00000858       cXSQLConnectionOptionStringTypes
 0002:00000854       cXSQLDriverOptionStringTypes
 0002:00000864       cXSQLMetaDataOptionStringTypes
 0002:000006C4       DataTypeMap
 0001:0000500C       DateTimeToNative
 0001:0000E748       dbg
 0001:0000E734       dbg
 0002:00000CD8       DbmsObjectNameTemplateInfo
 0001:00008EEC       Dbx23Fix
 0001:0000B1C0       DbxDBFix
 0001:00024E84       DbxObjectParser
 0001:00058BD4       dbxoodbc_emb
 0001:0005821C       DbxOpenOdbc
 0001:0002B124       DbxOpenOdbc3
 0001:0000A864       DbxOpenOdbcApiHook
 0001:000253F4       DbxOpenOdbcASA
 0001:00025300       DbxOpenOdbcCallback
 0001:00018810       DbxOpenOdbcDbx3Types
 0001:0000E7CC       DbxOpenOdbcFuncs
 0001:0001A4D4       DbxOpenOdbcInterface
 0001:00058908       DbxOpenOdbcStatic
 0001:0001CBA8       DbxOpenOdbcTrace
 0001:0000B250       DbxOpenOdbcTypes
 0001:0001E330       DbxOpenOdbcUtils
 0001:0000B218       DbxXXDrv
 0001:00025244       DecodeTraceInfo
 0002:00000B28       DefaultMathesIndexes
 0002:00000B50       DefaultObjectNameTemplateInfo
 0002:00001120       DefaultSystemCodePage
 0002:0000114C       DefaultSystemCodePage
 0001:0000061C       DeleteCriticalSection
 0001:000507AC       DirectoryExistsW
 0001:0002FE50       DisposeDbxConStmt
 0002:00000F00       DllHandle
 0001:0001A3FC       DoCallRegisterDbXpressLibProc
 0001:00042BE4       DoFetchColumns
 0001:00042F04       DoFetchIndexColumns
 0001:00042D68       DoFetchIndexes
 0001:00042844       DoFetchTables
 0001:0002EFC0       DoFormatParameter
 0001:0000F444       DoGetProcAddress
 0001:0000F45C       DoGetProcAddressEx
 0001:00057C8C       DoInitialzeUnit
 0001:000431E4       DoMetadataQuery
 0001:000430DC       DoMetadataQueryExecute
 0001:0004200C       DoPrepareNow
 0001:00041EBC       DoReBindParams
 0001:00057C74       DoRegisterDbXpressLibA
 0001:00057C80       DoRegisterDbXpressLibAW
 0001:0002B0DC       DoRegisterDbXpressLibW
 0001:0002B0E8       DoRegisterDbXpressLibWA
 0001:0003472C       DoRelaseDbxConStmt
 0001:00028060       DoSetCustomString
 0001:00027EA8       DoSetVendoLib
 0001:00012DD8       DoSQLFreeHandle
 0001:0000E274       DupeAnsiChar
 0001:0000E1D0       DupeString
 0001:0000E13C       DupeStringA
 0001:0000E09C       DupeStringW
 0001:0000E1E8       DupeWideChar
 0001:0002DB88       EmbeddedErrorTrack
 0001:00020558       EmitComplexBraces
 0001:00020BC4       EmitExactly
 0001:00020C7C       EmitRange
 0001:00020D80       EmitRangeC
 0001:00020D34       EmitRangeCPrim
 0001:000210AC       EmitRangeStr
 0001:00020650       EmitSimpleBraces
 0001:00021090       EmitSimpleRangeC
 0001:000279C8       EndLock
 0001:00000624       EnterCriticalSection
 0001:0001E56C       ExecRegExpr
 0001:000004A4       ExitProcessTLS
 0001:0000047C       ExitThreadTLS
 0001:0000D1DC       ExpandRegPathW
 0001:0002E240       ExtractCatalog
 0001:0000C04C       ExtractFilePathW
 0001:0000F390       ExtractNextLibName
 0002:000000D0       ExtraFieldProps
 0002:000010C4       FieldAccess_FindField
 0001:000030CC       FieldsInQuery
 0002:000010E4       Field_AssignValue
 0001:0000B220       Finalization
 0001:000253B8       Finalization
 0001:0000A834       Finalization
 0001:0000B288       Finalization
 0001:00017554       Finalization
 0001:0000B2C0       Finalization
 0001:0002B0F4       Finalization
 0001:0000B2F8       Finalization
 0001:0000B330       Finalization
 0001:0000B368       Finalization
 0001:000252D0       Finalization
 0001:0000B3A0       Finalization
 0001:00008E98       Finalization
 0001:00024DF8       Finalization
 0001:00023ADC       Finalization
 0001:0000E79C       Finalization
 0001:0000B1E8       Finalization
 0001:0001E300       Finalization
 0001:00000B24       Finalization
 0001:0000075C       Finalization
 0001:0001CAA0       Finalization
 0001:0001A464       Finalization
 0001:00058184       Finalization
 0001:000005B4       Finalization
 0001:000187E0       Finalization
 0001:000588D0       Finalization
 0001:0000B188       Finalization
 0001:0000062C       FindClose
 0001:00000634       FindFirstFileW
 0001:0000063C       FindNextFileW
 0001:0000A758       FindVirtualMethodIndex
 0001:00006D70       FixParams
 0001:00050858       fix_odbc_read_table_list_w_from_folder
 0001:0000ABE4       FIX_TBLOBFIELD_SETVARVALUE
 0001:0000A9B4       FIX_TFIELDS_FINDFIELD
 0001:0000AEF8       FIX_TFIELD_ASSIGNVALUE
 0001:0000AAF0       FIX_TINTEGERFIELD_GETISNULL
 0001:0000AD78       FIX_TSTRINGFIELD_GETVALUE
 0001:0000A86C       FIX_TSTRINGFIELD_SETASANSISTRING
 0001:0000B08C       FIX_TWIDESTRINGFIELD_GETASVARIANT
 0001:0000B020       FIX_TWIDESTRINGFIELD_GETASWIDESTRING
 0001:0000AFBC       FIX_TWIDESTRINGFIELD_GETDATASIZE
 0002:00000678       FldSubTypeMap
 0002:00000650       FldTypeMap
 0001:00000644       FlushInstructionCache
 0002:0000112C       fOdbcApiCache
 0001:0002EB6C       FormatDbxSubType
 0001:0002E5BC       FormatDbxType
 0001:0002FCF0       FormatParameter
 0001:0002FD08       FormatParameters
 0001:0000064C       FreeLibrary
 0001:000003C0       FreeLibrary
 0001:0001CBB0       FreeMemAndNil
 0001:0000A7F8       FxtGetStubAddress
 0002:00000D5C       gClientVersionOverload
 0001:00000654       GetACP
 0001:0000072C       GetActiveWindow
 0001:00004724       GetBlobSize
 0001:0000E75C       GetCompilerVersion
 0001:00030FCC       GetConnection
 0001:0003CB9C       GetConnectionCustomOptions
 0001:00006ED4       GetConnectionForStatement
 0001:0000065C       GetCurrentProcess
 0001:00000664       GetCurrentProcessId
 0001:0000066C       GetCurrentThreadId
 0001:0001B69C       GetCurThreadInfoStr
 0001:0003CDE0       GetDatabaseNameOption
 0001:00024058       GetDbmsObjectNameTemplateInfo
 0001:00000674       GetEnvironmentVariableA
 0001:0001C61C       GetExceptionInfoStr
 0001:0000067C       GetFileAttributesW
 0001:00050818       GetFileExt
 0001:00000684       GetLastError
 0001:0000068C       GetModuleHandle
 0001:000095FC       GetNativeAddr
 0001:000081DC       GetNativeAddr
 0001:0000B740       GetOptionValue
 0001:00001A34       GetParamData
 0001:00000694       GetProcAddress
 0001:0004DD90       GetRowStatus
 0001:0002DBD0       getSQLDriverODBC
 0001:0002DD04       getSQLDriverODBCAW
 0001:000276E8       getSQLDriverODBCW
 0001:000277F0       getSQLDriverODBCWA
 0001:000076A8       GetSQLToken
 0001:00030AAC       GetStringOptions
 0001:000081B4       GetTableNameFromSQLFix
 0001:00003810       GetTableScope
 0001:0000069C       GetTempFileName
 0001:0000BAE8       GetTemporaryFileName
 0001:0000BC0C       GetTemporaryFolder
 0001:000006A4       GetTempPath
 0001:00000404       GetTlsSize
 0001:00024E8C       GetTraceFlag
 0001:00024EA8       GetTraceFlagName
 0001:000251A8       GetTraceFlagName
 0001:000251C8       GetTraceMessage
 0001:0001C8DC       GetTransactionDescStr
 0001:0003D584       GetTransactionTypeName
 0001:0003F0F8       GetValueAsAnsiStr
 0001:0000D35C       GetValueAsRegistry
 0001:0000C224       GetValueAsShellFolderKey
 0001:0000CC28       GetValueAsSpecialWinFolder
 0001:0000C170       GetValueAsTempFolder
 0001:0000C0A8       GetValueAsWorkFolder
 0001:0003D018       GetVendorProperty
 0001:000006AC       GetVersion
 0001:0000A698       GetVirtualMethodAddress
 0001:0000A7D0       GetVirtualMethodOffset
 0002:00000DB0       gHostPlatform
 0001:00020C34       HexDig
 0001:00035BD0       HidePassword
 0002:00001004       HInstance
 0001:0000938C       HookCode
 0001:000586A8       HookIAT_LoadLibrary
 0001:000094BC       HookProc
 0001:000279E0       HostAppPlatformInitialize
 0002:00000EFC       IATPatch
 0002:00000C3C       InformixMathesIndexes
 0002:00000C58       InformixObjectNameTemplateInfo
 0001:000006B4       InitializeCriticalSection
 0001:00000508       InitializeModule
 0001:00000450       InitProcessTLS
 0001:0000040C       InitThreadTLS
 0001:0000839C       InstallFix
 0001:0000B134       INSTALL_FIXES
 0001:0000AD38       INSTALL_FIX_TBLOBFIELD_SETVARVALUE
 0001:0000AAB0       INSTALL_FIX_TFIELDS_FINDFIELD
 0001:0000AF84       INSTALL_FIX_TFIELD_ASSIGNVALUE
 0001:0000AB3C       INSTALL_FIX_TINTEGERFIELD_GETISNULL
 0001:0000AEB8       INSTALL_FIX_TSTRINGFIELD_GETVALUE
 0001:0000A970       INSTALL_FIX_TSTRINGFIELD_SETASANSISTRING
 0001:0000B0F4       INSTALL_FIX_TWIDESTRINGFIELD_GETASVARIANT
 0001:0000B04C       INSTALL_FIX_TWIDESTRINGFIELD_GETASWIDESTRING
 0001:0000AFE0       INSTALL_FIX_TWIDESTRINGFIELD_GETDATASIZE
 0002:000010CC       IntegerField_GetIsNull
 0001:000006BC       IsBadReadPtr
 0001:0003102C       IsConnection
 0001:0000B1D4       IsDbxDrvFixed
 0001:00007328       isDigit
 0002:00000DD0       IsDriverEmbedded
 0001:000537E8       IsFilteredIndex
 0001:000342F0       IsFreeDbxConStmt
 0001:0000981C       IsJumpFromCode
 0001:0000D264       IsLeftKey
 0001:00007228       IsLiteral
 0001:00007EB0       IsMultiTableQueryEx
 0001:00008164       IsMultiTableQueryFix
 0001:000071F4       IsNameDelimiter
 0001:0002DE04       IsRestrictedConnectionOptionValue
 0001:0005822C       IsStatic
 0001:0000BDD8       is_prepared_alias
 0001:0000BEE4       is_prepared_alias_word
 0002:00001064       jmp_GetTableNameFromSQL
 0002:0000105C       jmp_IsMultiTableQuery
 0002:00001054       jmp_NextSQLToken
 0002:00001074       jmp_TCustomSQLDataSet_AddFieldDesc
 0002:00001044       jmp_TCustomSQLDataSet_ExecuteStatement
 0002:0000107C       jmp_TCustomSQLDataSet_GetFieldData1
 0002:0000103C       jmp_TCustomSQLDataSet_OpenSchema
 0002:0000102C       jmp_TCustomSQLDataSet_PrepareStatement
 0002:00001034       jmp_TCustomSQLDataSet_PSGetDefaultOrder
 0002:000010AC       jmp_TDataPacketWriterFix_AddColumn
 0002:0000101C       jmp_TDataSetProvider_InternalGetRecords
 0002:00001084       jmp_TDataSet_DataConvert
 0002:0000108C       jmp_TDataSet_GetFieldData2
 0002:0000104C       jmp_TParams_ParseSQL
 0002:0000109C       jmp_TParam_GetData
 0002:00001094       jmp_TParam_GetDataSize
 0002:00001024       jmp_TSQLConnection_CloneConnection
 0002:0000106C       jmp_TSQLConnection_Execute
 0002:000010A4       jmp_TWideStringField_GetDataSize
 0001:00009640       JumpFromCode
 0001:00008200       JumpFromCode
 0001:000249E0       LDoCalculateTemplate
 0001:00033C50       LDoClearResult
 0001:000583B0       LDoGetProcAddress
 0001:000310F0       LDoMakeResult
 0001:00046240       LDo_PostgreSQL_Make_Buffer
 0001:000006C4       LeaveCriticalSection
 0001:0003CFB4       LGetISQLConnection2x
 0001:00027E48       LGetISQLConnection30
 0001:00004A74       LoadFieldDef
 0001:000006CC       LoadLibrary
 0001:0000F510       LoadOdbcDriverManager
 0001:0000B528       LoadStringFromFileA
 0001:0000B608       LoadStringFromFileW
 0001:000003C8       LocalAlloc
 0001:000003D0       LocalFree
 0001:0001C38C       LogEnterProc
 0001:0001C2C4       LogEnterProc
 0001:0001C86C       LogExceptProc
 0001:0001C734       LogExceptProc
 0001:0001C5B0       LogExitProc
 0001:0001C4D8       LogExitProc
 0001:0001C3F8       LogInfoProc
 0001:0001C474       LogInfoProc
 0001:00045568       MakeStoredProcParams
 0001:00030800       MakeStringExceptionFromInfo
 0001:00050BB8       MakeTableTypeString
 0001:0000B3E0       max
 0002:00000DD4       MaxCount
 0001:0001CBC4       MaxSet
 0001:0001CC3C       MaxSet
 0001:0001CC20       MaxSet
 0001:0001CC00       MaxSet
 0001:0001CBE4       MaxSet
 0001:0001CBCC       MaxSet
 0001:00035CC8       MergeAndSetConnOptions
 0001:00000B54       Messages
 0002:00000B18       META
 0001:0000B3D8       min
 0002:00000008       Module
 0002:00001000       ModuleIsLib
 0002:00001001       ModuleIsPackage
 0001:000006D4       MultiByteToWideChar
 0001:00007218       NameDelimiter
 0001:00004F80       NativeToDateTime
 0001:0002FE10       NewDbxConStmt
 0001:00058388       NewFreeLibrary
 0001:000585F0       NewGetProcAddress
 0001:00058238       NewLoadLibraryA
 0001:000582D4       NewLoadLibraryW
 0001:00006C6C       NextPiece
 0001:00007B00       NextSQLTokenFix
 0001:000075EC       NextTokenIs
 0001:00004654       NormalizeBcdData
 0001:00017598       OdbcApi
 0001:0002E2F8       OdbcDataTypeToDbxType
 0001:00049394       OdbcSqlCTypeToStr
 0001:000489C0       OdbcSqlTypeToStr
 0001:0000B4EC       OemToAnsi
 0001:00000734       OemToCharA
 0002:000000FC       Opcodes1
 0002:000002FC       Opcodes2
 0002:000004FC       Opcodes3
 0001:0004C0C0       OptimizeNextChunkSize
 0002:00000BEC       OracleMathesIndexes
 0002:00000C08       OracleObjectNameTemplateInfo
 0001:0001B76C       OutputDebugString
 0001:0001B7D0       OutputDebugString
 0001:000006DC       OutputDebugStringA
 0001:000006E4       OutputDebugStringW
 0002:00000038       PacketTypeMap
 0001:0001E144       PAnsiCharParam
 0001:0001E150       PAnsiCharParam
 0001:00035DA0       ParseConnectionOptions
 0001:000204F8       parsenum
 0001:000234A8       ParseVarName
 0001:0001E200       PIntToStr
 0001:0000BA94       PointerOffset
 0001:0000B3E8       Pos
 0001:0000DD88       PosChar
 0001:0000DD5C       PosChar
 0001:0000DE0C       PosChar
 0001:0000DE90       PosChar
 0001:0000DF00       PosCharEx
 0001:0000E04C       PosCharEx
 0001:0000DFA0       PosCharEx
 0001:0000DEB8       PosCharEx
 0001:0000B438       PosEx
 0001:0000D820       PrepareFileNameAliases
 0001:0000DBD8       PrepareFileNameAliases
 0001:00046090       ProcessVarDataLength
 0002:00000004       PtrToNil
 0001:0001E6C8       QuoteRegExprMetaChars
 0001:0000552C       ReadDataFromBlobField
 0001:000053AC       ReadDataFromBlobStream
 0001:00023B40       RegExpr
 0002:00000B04       RegExprInvertCaseFunction
 0002:00000B00       RegExprLinePairedSeparator
 0002:00000AFC       RegExprLineSeparators
 0002:00000B14       RegExprMetaSet
 0002:00000AE8       RegExprModifierG
 0002:00000ADC       RegExprModifierI
 0002:00000AEC       RegExprModifierM
 0002:00000AE0       RegExprModifierR
 0002:00000AE4       RegExprModifierS
 0002:00000AF0       RegExprModifierX
 0002:00000AF4       RegExprSpaceChars
 0001:0001E7C0       RegExprSubExpressions
 0002:00000AF8       RegExprWordChars
 0001:0001A424       RegisterDbXpressLibA
 0001:0001A42C       RegisterDbXpressLibAW
 0001:0001A444       RegisterDbXpressLibProc
 0001:0001A434       RegisterDbXpressLibW
 0001:0001A43C       RegisterDbXpressLibWA
 0001:0000073C       RegisterWindowMessageA
 0001:0002301C       RegMatch
 0001:0000B360       RegStr
 0001:000507DC       RemoveFileExt
 0001:0001E640       ReplaceRegExpr
 0001:00009730       RestoreSavedCode
 0001:000082C4       RestoreSavedCode
 0001:0005618C       RetrieveProcedureSchemaForSysNaming
 0001:000239E4       ReturnAddr
 0001:00009314       SaveOldFunction
 0001:00000744       SendMessage
 0001:0003F184       SetConnectionCustomOptions
 0001:0002DE90       SetConnectionOption
 0001:0000074C       SetCursor
 0001:000006EC       SetEnvironmentVariableA
 0001:00003C08       SetProcedureParams
 0001:000041FC       SetQueryParams
 0001:00003340       SetSchemaOption
 0001:00046120       SetVarData
 0001:0000A6C4       SetVirtualMethodAddress
 0001:0000B398       ShellAPI
 0001:0000B270       SHGetMalloc
 0001:0000B278       SHGetPathFromIDListW
 0001:0000B280       SHGetSpecialFolderLocation
 0001:0000B2B8       ShlObj
 0001:00008F84       SizeOfCode
 0001:000092D0       SizeOfProc
 0001:0001E5D4       SplitRegExpr
 0001:000187CC       SQLExpr_RegisterDbXpressLib
 0001:00031144       SQLGetDiagRecLevel2
 0002:00000B84       SQLServerMathesIndexes
 0002:00000BB8       SQLServerObjectNameTemplateInfo
 0001:0000F088       SQL_SUCCEEDED
 0001:00007AE4       StartToken
 0001:0001CE54       Str2BCD
 0001:0001E164       StrAnsiStringParam
 0001:0001E18C       StrAnsiStringParam
 0001:0001D37C       StrBuffCopy
 0001:0001D438       StrBuffCopy
 0001:0001D498       StrBuffCopy
 0001:0001D3D8       StrBuffCopy
 0001:0001D514       StrBuffCopy
 0001:0001D4FC       StrBuffCopy
 0001:0001D52C       StrClone
 0001:0001D5E4       StrClone
 0001:0001D638       StrClone
 0001:0001DA84       StrClone
 0001:0001DA0C       StrClone
 0001:0001D994       StrClone
 0001:0001D95C       StrClone
 0001:0001D910       StrClone
 0001:0001D884       StrClone
 0001:0001D7F4       StrClone
 0001:0001D768       StrClone
 0001:0001D710       StrClone
 0001:0001D658       StrClone
 0001:0001D584       StrClone
 0001:0001FFE4       strcspn
 0001:0000E654       StringCharModify
 0001:0000E5EC       StringCharModify
 0001:0000E588       StringCharModify
 0001:0000E6B8       StringCharModify
 0001:0000E3A4       StringCharReplace
 0001:0000E434       StringCharReplace
 0001:0000E4E8       StringCharReplace
 0001:0000E2F4       StringCharReplace
 0002:000010DC       StringField_GetValue
 0002:000010BC       StringField_SetAsAnsiString
 0001:0001D1C4       StringsToWStr
 0001:0001D0EC       StringToWideChar
 0001:0001D12C       StringToWStr
 0001:0001D170       StringToWStr
 0001:00007248       StripChar
 0001:000072B4       StripLiterals
 0001:0001DF60       StrISameText
 0001:0001DFE4       StrISameText
 0001:0001E064       StrISameText
 0001:0001DF30       StrISameText
 0001:0001DF00       StrISameText
 0001:0001E07C       StrISameText
 0001:0001E094       StrISameText
 0001:0001E0EC       StrISameText
 0001:0001DAB8       StrIsEmpty
 0001:0001DAC8       StrIsEmpty
 0001:0001DAD8       StrIsEmpty
 0001:0001DAF4       StrIsEmpty
 0001:0001D230       StrLenNil
 0001:0001DB10       StrNotEmpty
 0001:0001DB4C       StrNotEmpty
 0001:0001DB20       StrNotEmpty
 0001:0001DB30       StrNotEmpty
 0001:0001DBC8       StrPtrToString
 0001:0001DB68       StrPtrToString
 0001:0001DBF0       StrPtrToString
 0001:0001DE98       StrSameText
 0001:0001DEE8       StrSameText
 0001:0001DECC       StrSameText
 0001:0001DC54       StrSameText
 0001:0001DC84       StrSameText
 0001:0001DCB4       StrSameText
 0001:0001DD38       StrSameText
 0001:0001DDB8       StrSameText
 0001:0001DDD0       StrSameText
 0001:0001DDE8       StrSameText
 0001:0001DE40       StrSameText
 0001:0001DEB4       StrSameText
 0001:00053738       SyncPKSortOrder
 0001:000005E4       SysInit
 0002:00000644       sysodbclib
 0001:00057A70       TBlobChunkCollection.AddFragment
 0001:00057AB0       TBlobChunkCollection.Clear
 0001:00057AE8       TBlobChunkCollection.Destroy
 0001:00057B14       TBlobChunkCollection.GetSize
 0001:00057B38       TBlobChunkCollection.Read
 0001:00057BB8       TBlobChunkCollection.ReadBlobToStream
 0001:00057B70       TBlobChunkCollection.ReadBlobToVariant
 0001:0000AB7C       TBlobField_SetData
 0001:00004B14       TCustomSQLDataSetFixD7.AddFieldDesc
 0001:00002B8C       TCustomSQLDataSetFixD7.AddQuoteCharToObjectName
 0001:00006F6C       TCustomSQLDataSetFixD7.CheckStatement
 0001:00004514       TCustomSQLDataSetFixD7.ExecuteStatement
 0001:0000478C       TCustomSQLDataSetFixD7.GetFieldData
 0001:00002C5C       TCustomSQLDataSetFixD7.GetQueryFromType
 0001:00003840       TCustomSQLDataSetFixD7.OpenSchema
 0001:00002FAC       TCustomSQLDataSetFixD7.PrepareStatement
 0001:0000320C       TCustomSQLDataSetFixD7.PSGetDefaultOrder
 0001:00006450       TDataPacketWriterFix.AddColumn
 0001:00005198       TDataSetFix.DataConvert
 0001:0000557C       TDataSetFix.GetFieldData
 0001:000025E4       TDataSetProviderFix.CheckDataSet
 0001:000023F4       TDataSetProviderFix.InternalGetRecords
 0001:0000257C       TDataSetProviderFix.Reset
 0001:00029A90       TDbxCommandParser.Create
 0001:00029D78       TDbxCommandParser.GetParam
 0001:00029A44       TDbxCommandParser.IsDbxCommand
 0001:00029A20       TDbxCommandParser.IsDbxCommand
 0001:0002997C       TDbxCommandParser.IsDbxCommand
 0001:000299F8       TDbxCommandParser.IsDbxCommand
 0001:00030BEC       TDOSQLObject.SelfObj
 0002:00000C8C       TextMathesIndexes
 0002:00000CA4       TextObjectNameTemplateInfo
 0001:00009CD8       TIATPatch.BuildIATPatchList
 0001:0000A304       TIATPatch.Clear
 0001:000098FC       TIATPatch.CompareLibraryNames
 0001:0000A594       TIATPatch.Create
 0001:0000A218       TIATPatch.Delete
 0001:0000A5FC       TIATPatch.Destroy
 0001:00009AA8       TIATPatch.EnumIATList
 0001:0000A0D4       TIATPatch.Find
 0001:0000A53C       TIATPatch.GetCount
 0001:0000A434       TIATPatch.GetPatchRecord
 0001:0000A494       TIATPatch.GetUnpatchOnFree
 0001:000098B0       TIATPatch.ListContainsIAT
 0001:0000986C       TIATPatch.NextFunctionName
 0001:00009E9C       TIATPatch.Patch
 0001:0000A4E8       TIATPatch.SetUnpatchOnFree
 0001:00009D6C       TIATPatch.Unpatch
 0001:000099DC       TIATPatch.UpdateEntry
 0001:00009A50       TIATPatch.UpdatePatch
 0001:000003D8       TlsAlloc
 0002:0000100C       tlsBuffer
 0001:000003E0       TlsFree
 0001:000003E8       TlsGetValue
 0002:00000000       TlsIndex
 0002:FFBA6004       TlsLast
 0002:00000020       TlsProc
 0001:000003F0       TlsSetValue
 0001:0005005C       TMetaColumn.Create
 0001:000500F8       TMetaColumn.CreateW
 0001:00050194       TMetaColumn.Destroy
 0001:000501BC       TMetaIndexColumn.Create
 0001:00050274       TMetaIndexColumn.CreateW
 0001:0005032C       TMetaIndexColumn.Destroy
 0001:00050354       TMetaProcedure.Create
 0001:000503DC       TMetaProcedure.CreateW
 0001:00050464       TMetaProcedure.Destroy
 0001:0005048C       TMetaProcedureParam.Create
 0001:000504D8       TMetaProcedureParam.CreateW
 0001:00050524       TMetaProcedureParam.Destroy
 0001:0004FBAC       TMetaTable.Create
 0001:0004FDC4       TMetaTable.CreateW
 0001:0005002C       TMetaTable.Destroy
 0001:0000DD18       ToAnsiChar
 0001:0000DCD4       ToAnsiChar
 0001:000240A4       TObjectNameParser.Create
 0001:00024660       TObjectNameParser.DecodeObjectFullName
 0001:000245EC       TObjectNameParser.Destroy
 0001:000249F4       TObjectNameParser.EncodeObjectFullName
 0001:00024D64       TObjectNameParser.GetQuotedObjectName
 0001:00016270       TOdbcApiIntfImpl.CheckAvailableProxy
 0001:000162C0       TOdbcApiIntfImpl.FireVSDebugEvent
 0001:000162DC       TOdbcApiIntfImpl.ODBCGetTryWaitValue
 0001:000162F0       TOdbcApiIntfImpl.ODBCSetTryWaitValue
 0001:00016440       TOdbcApiIntfImpl.SQLAllocConnect
 0001:00016460       TOdbcApiIntfImpl.SQLAllocEnv
 0001:0001647C       TOdbcApiIntfImpl.SQLAllocHandle
 0001:000164A8       TOdbcApiIntfImpl.SQLAllocHandleStd
 0001:000164D4       TOdbcApiIntfImpl.SQLAllocStmt
 0001:000164F4       TOdbcApiIntfImpl.SQLBindCol
 0001:0001652C       TOdbcApiIntfImpl.SQLBindParam
 0001:00016570       TOdbcApiIntfImpl.SQLBindParameter
 0001:000165BC       TOdbcApiIntfImpl.SQLBrowseConnect
 0001:000165F4       TOdbcApiIntfImpl.SQLBulkOperations
 0001:00016614       TOdbcApiIntfImpl.SQLCancel
 0001:00016630       TOdbcApiIntfImpl.SQLCloseCursor
 0001:0001664C       TOdbcApiIntfImpl.SQLColAttribute
 0001:00016688       TOdbcApiIntfImpl.SQLColAttributeInt
 0001:000166C4       TOdbcApiIntfImpl.SQLColAttributes
 0001:00016700       TOdbcApiIntfImpl.SQLColAttributeString
 0001:0001673C       TOdbcApiIntfImpl.SQLColumnPrivileges
 0001:00016784       TOdbcApiIntfImpl.SQLColumns
 0001:000167CC       TOdbcApiIntfImpl.SQLConnect
 0001:0001680C       TOdbcApiIntfImpl.SQLCopyDesc
 0001:0001682C       TOdbcApiIntfImpl.SQLDataSources
 0001:0001686C       TOdbcApiIntfImpl.SQLDescribeCol
 0001:000168B0       TOdbcApiIntfImpl.SQLDescribeParam
 0001:000168E8       TOdbcApiIntfImpl.SQLDisconnect
 0001:00016904       TOdbcApiIntfImpl.SQLDriverConnect
 0001:00016948       TOdbcApiIntfImpl.SQLDrivers
 0001:00016988       TOdbcApiIntfImpl.SQLEndTran
 0001:000169B4       TOdbcApiIntfImpl.SQLError
 0001:000169F4       TOdbcApiIntfImpl.SQLExecDirect
 0001:00016A20       TOdbcApiIntfImpl.SQLExecute
 0001:00016A3C       TOdbcApiIntfImpl.SQLExtendedFetch
 0001:00016A70       TOdbcApiIntfImpl.SQLFetch
 0001:00016A8C       TOdbcApiIntfImpl.SQLFetchScroll
 0001:00016AB8       TOdbcApiIntfImpl.SQLForeignKeys
 0001:00016B10       TOdbcApiIntfImpl.SQLFreeConnect
 0001:00016B2C       TOdbcApiIntfImpl.SQLFreeEnv
 0001:00016B48       TOdbcApiIntfImpl.SQLFreeHandle
 0001:00016B68       TOdbcApiIntfImpl.SQLFreeStmt
 0001:00016B88       TOdbcApiIntfImpl.SQLFunctionSupported
 0001:00016BA8       TOdbcApiIntfImpl.SQLGetConnectAttr
 0001:00016BDC       TOdbcApiIntfImpl.SQLGetConnectOption
 0001:00016C08       TOdbcApiIntfImpl.SQLGetCursorName
 0001:00016C38       TOdbcApiIntfImpl.SQLGetData
 0001:00016C70       TOdbcApiIntfImpl.SQLGetDescField
 0001:00016CA8       TOdbcApiIntfImpl.SQLGetDescRec
 0001:00016CF4       TOdbcApiIntfImpl.SQLGetDiagField
 0001:00016D34       TOdbcApiIntfImpl.SQLGetDiagRec
 0001:00016D74       TOdbcApiIntfImpl.SQLGetEnvAttr
 0001:00016DA8       TOdbcApiIntfImpl.SQLGetFunctions
 0001:00016DD4       TOdbcApiIntfImpl.SQLGetInfo
 0001:00016E08       TOdbcApiIntfImpl.SQLGetInfoInt
 0001:00016E3C       TOdbcApiIntfImpl.SQLGetInfoSmallint
 0001:00016E70       TOdbcApiIntfImpl.SQLGetInfoString
 0001:00016EA4       TOdbcApiIntfImpl.SQLGetStmtAttr
 0001:00016ED8       TOdbcApiIntfImpl.SQLGetStmtOption
 0001:00016F04       TOdbcApiIntfImpl.SQLGetTypeInfo
 0001:00016F24       TOdbcApiIntfImpl.SQLMoreResults
 0001:00016F40       TOdbcApiIntfImpl.SQLNativeSql
 0001:00016F78       TOdbcApiIntfImpl.SQLNumParams
 0001:00016F98       TOdbcApiIntfImpl.SQLNumResultCols
 0001:00016FB8       TOdbcApiIntfImpl.SQLParamData
 0001:00016FD8       TOdbcApiIntfImpl.SQLParamOptions
 0001:00017004       TOdbcApiIntfImpl.SQLPrepare
 0001:00017030       TOdbcApiIntfImpl.SQLPrimaryKeys
 0001:00017070       TOdbcApiIntfImpl.SQLProcedureColumns
 0001:000170B8       TOdbcApiIntfImpl.SQLProcedures
 0001:000170F8       TOdbcApiIntfImpl.SQLPutData
 0001:00017124       TOdbcApiIntfImpl.SQLRowCount
 0001:00017144       TOdbcApiIntfImpl.SQLSetConnectAttr
 0001:00017174       TOdbcApiIntfImpl.SQLSetConnectOption
 0001:000171A0       TOdbcApiIntfImpl.SQLSetCursorName
 0001:000171CC       TOdbcApiIntfImpl.SQLSetDescField
 0001:00017200       TOdbcApiIntfImpl.SQLSetDescRec
 0001:0001724C       TOdbcApiIntfImpl.SQLSetEnvAttr
 0001:0001727C       TOdbcApiIntfImpl.SQLSetParam
 0001:000172C0       TOdbcApiIntfImpl.SQLSetPos
 0001:000172F0       TOdbcApiIntfImpl.SQLSetScrollOptions
 0001:00017320       TOdbcApiIntfImpl.SQLSetStmtAttr
 0001:00017350       TOdbcApiIntfImpl.SQLSetStmtOption
 0001:0001737C       TOdbcApiIntfImpl.SQLSpecialColumns
 0001:000173C8       TOdbcApiIntfImpl.SQLStatistics
 0001:00017410       TOdbcApiIntfImpl.SQLTablePrivileges
 0001:00017450       TOdbcApiIntfImpl.SQLTables
 0001:00017498       TOdbcApiIntfImpl.SQLTransact
 0001:0001630C       TOdbcApiIntfImpl.SQL_ADD_RECORD
 0001:0001632C       TOdbcApiIntfImpl.SQL_DELETE_RECORD
 0001:0001634C       TOdbcApiIntfImpl.SQL_FUNC_EXISTS
 0001:00016370       TOdbcApiIntfImpl.SQL_LEN_BINARY_ATTR
 0001:0001638C       TOdbcApiIntfImpl.SQL_LEN_DATA_AT_EXEC
 0001:000163A8       TOdbcApiIntfImpl.SQL_LOCK_RECORD
 0001:000163D4       TOdbcApiIntfImpl.SQL_POSITION_TO
 0001:000163F4       TOdbcApiIntfImpl.SQL_REFRESH_RECORD
 0001:00016420       TOdbcApiIntfImpl.SQL_UPDATE_RECORD
 0001:000174C4       TOdbcApiIntfImpl.TraceCloseLogFile
 0001:000174D8       TOdbcApiIntfImpl.TraceOpenLogFile
 0001:00017504       TOdbcApiIntfImpl.TraceReturn
 0001:00017524       TOdbcApiIntfImpl.TraceVersion
 0001:00017538       TOdbcApiIntfImpl.TraceVSControl
 0001:00011240       TOdbcApiProxy.BeginLock
 0001:000110C8       TOdbcApiProxy.Destroy
 0001:0001124C       TOdbcApiProxy.EndLock
 0001:00016004       TOdbcApiProxy.FireVSDebugEvent
 0001:00016230       TOdbcApiProxy.GetOdbcApiIntf
 0001:00011130       TOdbcApiProxy.NotImplemented
 0001:00016044       TOdbcApiProxy.ODBCGetTryWaitValue
 0001:00016090       TOdbcApiProxy.ODBCSetTryWaitValue
 0001:00016180       TOdbcApiProxy.SetOdbcDriverLevel
 0001:00011258       TOdbcApiProxy.SQLAllocConnect
 0001:00011274       TOdbcApiProxy.SQLAllocEnv
 0001:000112E8       TOdbcApiProxy.SQLAllocHandle
 0001:00011290       TOdbcApiProxy.SQLAllocHandleStd
 0001:00011384       TOdbcApiProxy.SQLAllocStmt
 0001:000113A0       TOdbcApiProxy.SQLBindCol
 0001:000113F8       TOdbcApiProxy.SQLBindParam
 0001:00011460       TOdbcApiProxy.SQLBindParameter
 0001:000114DC       TOdbcApiProxy.SQLBrowseConnect
 0001:00011658       TOdbcApiProxy.SQLBulkOperations
 0001:000116A0       TOdbcApiProxy.SQLCancel
 0001:000116D8       TOdbcApiProxy.SQLCloseCursor
 0001:00011728       TOdbcApiProxy.SQLColAttribute
 0001:00011908       TOdbcApiProxy.SQLColAttributeInt
 0001:00011950       TOdbcApiProxy.SQLColAttributes
 0001:0001192C       TOdbcApiProxy.SQLColAttributeString
 0001:00011ADC       TOdbcApiProxy.SQLColumnPrivileges
 0001:00011C54       TOdbcApiProxy.SQLColumns
 0001:00011E08       TOdbcApiProxy.SQLConnect
 0001:00011F78       TOdbcApiProxy.SQLCopyDesc
 0001:00011FB0       TOdbcApiProxy.SQLDataSources
 0001:0001216C       TOdbcApiProxy.SQLDescribeCol
 0001:000122E4       TOdbcApiProxy.SQLDescribeParam
 0001:0001234C       TOdbcApiProxy.SQLDisconnect
 0001:00012388       TOdbcApiProxy.SQLDriverConnect
 0001:00012554       TOdbcApiProxy.SQLDrivers
 0001:00012768       TOdbcApiProxy.SQLEndTran
 0001:000127FC       TOdbcApiProxy.SQLError
 0001:0001299C       TOdbcApiProxy.SQLExecDirect
 0001:00012A64       TOdbcApiProxy.SQLExecute
 0001:00012A9C       TOdbcApiProxy.SQLExtendedFetch
 0001:00012B00       TOdbcApiProxy.SQLFetch
 0001:00012B3C       TOdbcApiProxy.SQLFetchScroll
 0001:00012B90       TOdbcApiProxy.SQLForeignKeys
 0001:00012D5C       TOdbcApiProxy.SQLFreeConnect
 0001:00012D9C       TOdbcApiProxy.SQLFreeEnv
 0001:00012EA4       TOdbcApiProxy.SQLFreeHandle
 0001:00012F2C       TOdbcApiProxy.SQLFreeStmt
 0001:00013A78       TOdbcApiProxy.SQLFunctionSupported
 0001:00012F6C       TOdbcApiProxy.SQLGetConnectAttr
 0001:00013194       TOdbcApiProxy.SQLGetConnectOption
 0001:00013274       TOdbcApiProxy.SQLGetCursorName
 0001:000133C4       TOdbcApiProxy.SQLGetData
 0001:00013424       TOdbcApiProxy.SQLGetDescField
 0001:00013598       TOdbcApiProxy.SQLGetDescRec
 0001:00013710       TOdbcApiProxy.SQLGetDiagField
 0001:00013868       TOdbcApiProxy.SQLGetDiagRec
 0001:00013A1C       TOdbcApiProxy.SQLGetEnvAttr
 0001:00013AA4       TOdbcApiProxy.SQLGetFunctions
 0001:00014498       TOdbcApiProxy.SQLGetInfo
 0001:00014624       TOdbcApiProxy.SQLGetInfoInt
 0001:0001463C       TOdbcApiProxy.SQLGetInfoSmallint
 0001:00014654       TOdbcApiProxy.SQLGetInfoString
 0001:00014670       TOdbcApiProxy.SQLGetStmtAttr
 0001:000147EC       TOdbcApiProxy.SQLGetStmtOption
 0001:00014848       TOdbcApiProxy.SQLGetTypeInfo
 0001:000148A0       TOdbcApiProxy.SQLMoreResults
 0001:000148B8       TOdbcApiProxy.SQLNativeSql
 0001:00014A1C       TOdbcApiProxy.SQLNumParams
 0001:00014A60       TOdbcApiProxy.SQLNumResultCols
 0001:00014AA8       TOdbcApiProxy.SQLParamData
 0001:00014AEC       TOdbcApiProxy.SQLParamOptions
 0001:00014B40       TOdbcApiProxy.SQLPrepare
 0001:00014C0C       TOdbcApiProxy.SQLPrimaryKeys
 0001:00014D70       TOdbcApiProxy.SQLProcedureColumns
 0001:00014F14       TOdbcApiProxy.SQLProcedures
 0001:00015078       TOdbcApiProxy.SQLPutData
 0001:000150C8       TOdbcApiProxy.SQLRowCount
 0001:00015108       TOdbcApiProxy.SQLSetConnectAttr
 0001:00015230       TOdbcApiProxy.SQLSetConnectOption
 0001:000152A8       TOdbcApiProxy.SQLSetCursorName
 0001:00015384       TOdbcApiProxy.SQLSetDescField
 0001:00015478       TOdbcApiProxy.SQLSetDescRec
 0001:000154F0       TOdbcApiProxy.SQLSetEnvAttr
 0001:00015548       TOdbcApiProxy.SQLSetParam
 0001:000155B0       TOdbcApiProxy.SQLSetPos
 0001:00015608       TOdbcApiProxy.SQLSetScrollOptions
 0001:00015668       TOdbcApiProxy.SQLSetStmtAttr
 0001:0001578C       TOdbcApiProxy.SQLSetStmtOption
 0001:000157E8       TOdbcApiProxy.SQLSpecialColumns
 0001:00015974       TOdbcApiProxy.SQLStatistics
 0001:00015B14       TOdbcApiProxy.SQLTablePrivileges
 0001:00015C74       TOdbcApiProxy.SQLTables
 0001:00015E48       TOdbcApiProxy.SQLTransact
 0001:000160E4       TOdbcApiProxy.SQL_ADD_RECORD
 0001:000160F0       TOdbcApiProxy.SQL_DELETE_RECORD
 0001:000160FC       TOdbcApiProxy.SQL_FUNC_EXISTS
 0001:00016128       TOdbcApiProxy.SQL_LEN_BINARY_ATTR
 0001:00016130       TOdbcApiProxy.SQL_LEN_DATA_AT_EXEC
 0001:00016138       TOdbcApiProxy.SQL_LOCK_RECORD
 0001:00016150       TOdbcApiProxy.SQL_POSITION_TO
 0001:0001615C       TOdbcApiProxy.SQL_REFRESH_RECORD
 0001:00016174       TOdbcApiProxy.SQL_UPDATE_RECORD
 0001:00015E98       TOdbcApiProxy.TraceCloseLogFile
 0001:00015EE4       TOdbcApiProxy.TraceOpenLogFile
 0001:00015F40       TOdbcApiProxy.TraceReturn
 0001:00015F78       TOdbcApiProxy.TraceVersion
 0001:00015FC0       TOdbcApiProxy.TraceVSControl
 0001:0004FABC       TOdbcBindCol.Create
 0001:0004FAF8       TOdbcBindCol.Destroy
 0001:0004FB40       TOdbcBindParam.Create
 0001:0004FB7C       TOdbcBindParam.Destroy
 0001:0000597C       TParamFix.GetData
 0001:00005714       TParamFix.GetDataSize
 0001:0000738C       TParamsFix.ParseSQL
 0001:0001FDF4       TRegExpr.Compile
 0001:00020008       TRegExpr.CompileRegExpr
 0001:0001F604       TRegExpr.Create
 0001:0001F714       TRegExpr.Destroy
 0001:0001FF60       TRegExpr.EmitC
 0001:0001FF24       TRegExpr.EmitNode
 0001:000239E8       TRegExpr.Error
 0001:0001EAA0       TRegExpr.ErrorMsg
 0001:00022FD8       TRegExpr.Exec
 0001:00022FE4       TRegExpr.Exec
 0001:00022FC0       TRegExpr.Exec
 0001:00023248       TRegExpr.ExecNext
 0001:00022FEC       TRegExpr.ExecPos
 0001:00023070       TRegExpr.ExecPrim
 0001:00022B5C       TRegExpr.FillFirstCharSet
 0001:00021CEC       TRegExpr.GetCompilerErrorPos
 0001:0001F77C       TRegExpr.GetExpression
 0001:00023290       TRegExpr.GetInputString
 0001:00023444       TRegExpr.GetLinePairedSeparator
 0001:0001F8FC       TRegExpr.GetMatch
 0001:0001F8C4       TRegExpr.GetMatchLen
 0001:0001F88C       TRegExpr.GetMatchPos
 0001:0001FCEC       TRegExpr.GetModifier
 0001:0001F948       TRegExpr.GetModifierStr
 0001:0001F85C       TRegExpr.GetSubExprMatchCount
 0001:0001FF84       TRegExpr.InsertOperator
 0001:0001FDD8       TRegExpr.InvalidateProgramm
 0001:0001F75C       TRegExpr.InvertCaseFunction
 0001:0001FE14       TRegExpr.IsProgrammOk
 0001:0001F5E0       TRegExpr.LastError
 0001:00022018       TRegExpr.MatchPrim
 0001:0001FF04       TRegExpr.OpTail
 0001:00021230       TRegExpr.ParseAtom
 0001:00020470       TRegExpr.ParseBranch
 0001:0001FAE0       TRegExpr.ParseModifiersStr
 0001:000206C4       TRegExpr.ParsePiece
 0001:000202AC       TRegExpr.ParseReg
 0001:00021FFC       TRegExpr.regnext
 0001:00021D0C       TRegExpr.regrepeat
 0001:00023778       TRegExpr.Replace
 0001:00023980       TRegExpr.Replace
 0001:00023884       TRegExpr.ReplaceEx
 0001:0001F7A4       TRegExpr.SetExpression
 0001:000232C0       TRegExpr.SetInputString
 0001:000233AC       TRegExpr.SetLinePairedSeparator
 0001:00023380       TRegExpr.SetLineSeparators
 0001:0001FD60       TRegExpr.SetModifier
 0001:0001FCC4       TRegExpr.SetModifierStr
 0001:000236A0       TRegExpr.Split
 0001:00023528       TRegExpr.Substitute
 0001:0001FEC8       TRegExpr.Tail
 0001:0001F5F4       TRegExpr.VersionMajor
 0001:0001F5FC       TRegExpr.VersionMinor
 0002:00000B0C       TRegExprVersionMajor
 0002:00000B10       TRegExprVersionMinor
 0001:00041B20       TSqlCommandOdbc.AddError
 0001:00041BA4       TSqlCommandOdbc.BuildStoredProcSQL
 0001:00043B08       TSqlCommandOdbc.Cancel
 0001:00041AAC       TSqlCommandOdbc.ClearParams
 0001:00041B6C       TSqlCommandOdbc.close
 0001:0004190C       TSqlCommandOdbc.CloseStmt
 0001:00041704       TSqlCommandOdbc.Create
 0001:00041AF4       TSqlCommandOdbc.Destroy
 0001:0004501C       TSqlCommandOdbc.DoAllocateParams
 0001:00041798       TSqlCommandOdbc.DoAllocateStmt
 0001:000420C0       TSqlCommandOdbc.DoExecute
 0001:000432C4       TSqlCommandOdbc.DoExecuteImmediate
 0001:000450A8       TSqlCommandOdbc.DoExpandParams
 0001:00045108       TSqlCommandOdbc.DoPrepare
 0001:00041DD0       TSqlCommandOdbc.DoSQLMoreResults
 0001:000427F0       TSqlCommandOdbc.DoUnprepareStmt
 0001:0004275C       TSqlCommandOdbc.execute
 0001:00043A48       TSqlCommandOdbc.ExecuteImmediate
 0001:00043B4C       TSqlCommandOdbc.GetConnectionHandle
 0001:00043C68       TSqlCommandOdbc.getErrorMessage
 0001:00043CDC       TSqlCommandOdbc.getErrorMessageLen
 0001:00043BFC       TSqlCommandOdbc.GetLockTimeout
 0001:00043D38       TSqlCommandOdbc.getNextCursor
 0001:00043F50       TSqlCommandOdbc.GetOption
 0001:000449E4       TSqlCommandOdbc.getParameter
 0001:00045004       TSqlCommandOdbc.getRowsAffected
 0001:00041B44       TSqlCommandOdbc.OdbcCheck
 0001:00045480       TSqlCommandOdbc.prepare
 0001:00043B60       TSqlCommandOdbc.SetLockTimeout
 0001:000455E4       TSqlCommandOdbc.SetOption
 0001:000462E0       TSqlCommandOdbc.setParameter
 0001:00028998       TSqlCommandOdbc3.execute
 0001:00028A30       TSqlCommandOdbc3.executeImmediate
 0001:00028B4C       TSqlCommandOdbc3.getErrorMessage
 0001:00028B64       TSqlCommandOdbc3.getErrorMessageLen
 0001:00028B7C       TSqlCommandOdbc3.getNextCursor
 0001:00028B90       TSqlCommandOdbc3.GetOption
 0001:00028844       TSqlCommandOdbc3.prepare
 0001:00028C80       TSqlCommandOdbc3.SetOption
 0001:00002638       TSQLConnectionFix.CloneConnection
 0001:0000287C       TSQLConnectionFix.Execute
 0001:00002B24       TSQLConnectionFix.GetQuoteChar
 0001:00034508       TSqlConnectionOdbc.AllocHStmt
 0001:00034E84       TSqlConnectionOdbc.beginTransaction
 0001:0003B7B4       TSqlConnectionOdbc.CheckDbmsTransactionSupport
 0001:00035BBC       TSqlConnectionOdbc.CheckHCon
 0001:0003B650       TSqlConnectionOdbc.CheckTransactionSupport
 0001:00035A8C       TSqlConnectionOdbc.ClearConnectionOptions
 0001:00033240       TSqlConnectionOdbc.CloneOdbcConnection
 0001:000354BC       TSqlConnectionOdbc.commit
 0001:00035E80       TSqlConnectionOdbc.connect
 0001:00032BE4       TSqlConnectionOdbc.Create
 0001:00033BC4       TSqlConnectionOdbc.CreateRegExpObjectNameParser
 0001:00034058       TSqlConnectionOdbc.DbxCallBackSendMsg
 0001:00034270       TSqlConnectionOdbc.DbxCallBackSendMsgFmt
 0001:00033C78       TSqlConnectionOdbc.DecodeObjectFullName
 0001:00032C74       TSqlConnectionOdbc.Destroy
 0001:0003AE64       TSqlConnectionOdbc.disconnect
 0001:00032CA8       TSqlConnectionOdbc.DoDestroy
 0001:00033E48       TSqlConnectionOdbc.EncodeObjectFullName
 0001:00034434       TSqlConnectionOdbc.FindFreeConnection
 0001:00034A38       TSqlConnectionOdbc.FreeHStmt
 0001:00034D00       TSqlConnectionOdbc.GetCatalog
 0001:000416C8       TSqlConnectionOdbc.GetConnectionHandle
 0001:00034E14       TSqlConnectionOdbc.GetCurrentCatalog
 0001:00034CB0       TSqlConnectionOdbc.GetCurrentConnectionHandle
 0001:00034BD0       TSqlConnectionOdbc.GetCurrentDbxConStmt
 0001:00034C90       TSqlConnectionOdbc.GetCurrentDbxConStmt
 0001:00041664       TSqlConnectionOdbc.GetCursorPreserved
 0001:00041564       TSqlConnectionOdbc.GetDbmsName
 0001:00041460       TSqlConnectionOdbc.GetDbmsType
 0001:000415AC       TSqlConnectionOdbc.GetDbmsVersionBuild
 0001:0004157C       TSqlConnectionOdbc.GetDbmsVersionMajor
 0001:0004158C       TSqlConnectionOdbc.GetDbmsVersionMinor
 0001:0004159C       TSqlConnectionOdbc.GetDbmsVersionRelease
 0001:000415BC       TSqlConnectionOdbc.GetDbmsVersionString
 0001:000416F4       TSqlConnectionOdbc.GetDecimalSeparator
 0001:00033804       TSqlConnectionOdbc.GetDefaultConnectionOptions
 0001:000416B8       TSqlConnectionOdbc.GetEnvironmentHandle
 0001:0003B58C       TSqlConnectionOdbc.getErrorMessage
 0001:0003B5F8       TSqlConnectionOdbc.getErrorMessageLen
 0001:00041674       TSqlConnectionOdbc.GetIsSystemODBCManager
 0001:00041554       TSqlConnectionOdbc.GetLastOdbcSqlState
 0001:0003B7CC       TSqlConnectionOdbc.GetMetaDataOption
 0001:000416D8       TSqlConnectionOdbc.GetOdbcApiIntf
 0001:0004164C       TSqlConnectionOdbc.GetOdbcConnectString
 0001:00041480       TSqlConnectionOdbc.GetOdbcConnectStrings
 0001:00041688       TSqlConnectionOdbc.GetOdbcDriverLevel
 0001:000415D4       TSqlConnectionOdbc.GetOdbcDriverName
 0001:00041470       TSqlConnectionOdbc.GetOdbcDriverType
 0001:00041620       TSqlConnectionOdbc.GetOdbcDriverVersionBuild
 0001:000415F0       TSqlConnectionOdbc.GetOdbcDriverVersionMajor
 0001:00041600       TSqlConnectionOdbc.GetOdbcDriverVersionMinor
 0001:00041610       TSqlConnectionOdbc.GetOdbcDriverVersionRelease
 0001:00041630       TSqlConnectionOdbc.GetOdbcDriverVersionString
 0001:0003D664       TSqlConnectionOdbc.GetOption
 0001:00033FC0       TSqlConnectionOdbc.GetQuotedObjectName
 0001:0003EEFC       TSqlConnectionOdbc.getSQLCommand
 0001:0003EFF8       TSqlConnectionOdbc.getSQLMetaData
 0001:000416A8       TSqlConnectionOdbc.GetStatementsPerConnection
 0001:00041698       TSqlConnectionOdbc.GetSupportsSqlPrimaryKeys
 0001:00033998       TSqlConnectionOdbc.GetUnquotedName
 0001:000338A8       TSqlConnectionOdbc.GetUnquotedName
 0001:0003381C       TSqlConnectionOdbc.GetUnquotedNameLen
 0001:00033AA0       TSqlConnectionOdbc.ObjectIsStoredProc
 0001:00034CC8       TSqlConnectionOdbc.OdbcCheck
 0001:00033C24       TSqlConnectionOdbc.ReleaseRegExpObjectNameParser
 0001:00038710       TSqlConnectionOdbc.RetrieveDbmsOptions
 0001:00038B30       TSqlConnectionOdbc.RetrieveDriverName
 0001:000357BC       TSqlConnectionOdbc.rollback
 0001:000336A0       TSqlConnectionOdbc.SetCurrentDbxConStmt
 0001:000336C4       TSqlConnectionOdbc.SetLoginTimeout
 0001:00033764       TSqlConnectionOdbc.SetNetworkTimeout
 0001:0003F774       TSqlConnectionOdbc.SetOption
 0001:00032D94       TSqlConnectionOdbc.SetVendorLib
 0001:00032FC8       TSqlConnectionOdbc.SynchronizeInTransaction
 0001:000412BC       TSqlConnectionOdbc.TransactionCheck
 0001:00027C78       TSqlConnectionOdbc3.connect
 0001:00027D0C       TSqlConnectionOdbc3.connect
 0001:00027C10       TSqlConnectionOdbc3.Create
 0001:00027C48       TSqlConnectionOdbc3.Destroy
 0001:00027DCC       TSqlConnectionOdbc3.getErrorMessage
 0001:00027DF8       TSqlConnectionOdbc3.getErrorMessageLen
 0001:00027E1C       TSqlConnectionOdbc3.GetMetaDataReader
 0001:00028178       TSqlConnectionOdbc3.GetOption
 0001:00028704       TSqlConnectionOdbc3.getSQLCommand
 0001:000287A4       TSqlConnectionOdbc3.getSQLMetaData
 0001:00028660       TSqlConnectionOdbc3.SetOption
 0001:0004EF8C       TSqlCursorMetaData.BindInteger
 0001:0004EC7C       TSqlCursorMetaData.BindSmallint
 0001:0004E694       TSqlCursorMetaData.ClearMetaData
 0001:0004E5EC       TSqlCursorMetaData.Create
 0001:0004E76C       TSqlCursorMetaData.DbgColumnName
 0001:0004E7A4       TSqlCursorMetaData.DbgPhysColumnName
 0001:0004E968       TSqlCursorMetaData.DescribeAllocBindString
 0001:0004EAE4       TSqlCursorMetaData.DescribeAllocBindWString
 0001:0004E664       TSqlCursorMetaData.Destroy
 0001:0004F284       TSqlCursorMetaData.getBcd
 0001:0004F2B0       TSqlCursorMetaData.getBlob
 0001:0004F2C4       TSqlCursorMetaData.getBlobSize
 0001:0004F2E0       TSqlCursorMetaData.getBytes
 0001:0004F308       TSqlCursorMetaData.getColumnCount
 0001:0004F330       TSqlCursorMetaData.getColumnLength
 0001:0004F394       TSqlCursorMetaData.getColumnName
 0001:0004F3E4       TSqlCursorMetaData.getColumnNameLength
 0001:0004F42C       TSqlCursorMetaData.getColumnPrecision
 0001:0004F4C4       TSqlCursorMetaData.getColumnScale
 0001:0004F524       TSqlCursorMetaData.getColumnType
 0001:0004F574       TSqlCursorMetaData.getDate
 0001:0004F59C       TSqlCursorMetaData.getDouble
 0001:0004F5C8       TSqlCursorMetaData.getErrorMessage
 0001:0004F63C       TSqlCursorMetaData.getErrorMessageLen
 0001:0004F7BC       TSqlCursorMetaData.getInt64
 0001:0004F694       TSqlCursorMetaData.getLong
 0001:0004F6BC       TSqlCursorMetaData.GetOption
 0001:0004E760       TSqlCursorMetaData.GetPhysColumnAnsiString
 0001:0004E6B8       TSqlCursorMetaData.GetPhysColumnNumber
 0001:0004E764       TSqlCursorMetaData.GetPhysColumnWideString
 0001:0004F6C8       TSqlCursorMetaData.getShort
 0001:0004F6F0       TSqlCursorMetaData.getString
 0001:0004F7EC       TSqlCursorMetaData.getTime
 0001:0004F814       TSqlCursorMetaData.getTimeStamp
 0001:0004F754       TSqlCursorMetaData.getWideString
 0001:0004F848       TSqlCursorMetaData.isAutoIncrement
 0001:0004F858       TSqlCursorMetaData.isBlobSizeExact
 0001:0004F868       TSqlCursorMetaData.isNullable
 0001:0004E720       TSqlCursorMetaData.IsPhysColumnStringType
 0001:0004E744       TSqlCursorMetaData.IsPhysColumnWideStringType
 0001:0004F878       TSqlCursorMetaData.isReadOnly
 0001:0004F88C       TSqlCursorMetaData.isSearchable
 0001:0004F89C       TSqlCursorMetaData.next
 0001:0004F96C       TSqlCursorMetaData.OdbcCheck
 0001:0004E8EC       TSqlCursorMetaData.ParseTableName
 0001:0004E840       TSqlCursorMetaData.ParseTableNameBase
 0001:0004E7C4       TSqlCursorMetaData.remap
 0001:0004F8C0       TSqlCursorMetaData.SetOption
 0001:0005231C       TSqlCursorMetaDataColumns.Clear
 0001:00051EC0       TSqlCursorMetaDataColumns.Create
 0001:000522F0       TSqlCursorMetaDataColumns.Destroy
 0001:00052398       TSqlCursorMetaDataColumns.FetchColumns
 0001:00052DE0       TSqlCursorMetaDataColumns.getLong
 0001:000530D4       TSqlCursorMetaDataColumns.GetPhysColumnAnsiString
 0001:00053208       TSqlCursorMetaDataColumns.GetPhysColumnWideString
 0001:00052F48       TSqlCursorMetaDataColumns.getShort
 0001:0005333C       TSqlCursorMetaDataColumns.next
 0001:000295EC       TSqlCursorMetaDataColumns3.getColumnName
 0001:0002967C       TSqlCursorMetaDataColumns3.getErrorMessage
 0001:000296AC       TSqlCursorMetaDataColumns3.getErrorMessageLen
 0001:0002A824       TSqlCursorMetaDataColumnsDbx34.Create
 0001:0002AA98       TSqlCursorMetaDataColumnsDbx34.getLong
 0001:0002AB5C       TSqlCursorMetaDataColumnsDbx34.getShort
 0001:0002A198       TSqlCursorMetaDataEmpty.Create
 0001:0002A108       TSqlCursorMetaDataEmpty.Create
 0001:0002A32C       TSqlCursorMetaDataEmpty.Create
 0001:0002A47C       TSqlCursorMetaDataEmpty.getBcd
 0001:0002A490       TSqlCursorMetaDataEmpty.getBlob
 0001:0002A4A4       TSqlCursorMetaDataEmpty.getBlobSize
 0001:0002A4B8       TSqlCursorMetaDataEmpty.getBytes
 0001:0002A4CC       TSqlCursorMetaDataEmpty.getColumnCount
 0001:0002A6FC       TSqlCursorMetaDataEmpty.getColumnLength
 0001:0002A590       TSqlCursorMetaDataEmpty.getColumnName
 0001:0002A4F0       TSqlCursorMetaDataEmpty.getColumnNameLength
 0001:0002A710       TSqlCursorMetaDataEmpty.getColumnPrecision
 0001:0002A724       TSqlCursorMetaDataEmpty.getColumnScale
 0001:0002A678       TSqlCursorMetaDataEmpty.getColumnType
 0001:0002A6C0       TSqlCursorMetaDataEmpty.getDate
 0001:0002A6D4       TSqlCursorMetaDataEmpty.getDouble
 0001:0002A6E8       TSqlCursorMetaDataEmpty.getLong
 0001:0002A7D8       TSqlCursorMetaDataEmpty.getShort
 0001:0002A7B0       TSqlCursorMetaDataEmpty.getTime
 0001:0002A7C4       TSqlCursorMetaDataEmpty.getTimeStamp
 0001:0002A7F8       TSqlCursorMetaDataEmpty.getWideString
 0001:0002A79C       TSqlCursorMetaDataEmpty.isNullable
 0001:0002AE64       TSqlCursorMetaDataIndexColumnsDbx34.Create
 0001:0002AFF8       TSqlCursorMetaDataIndexColumnsDbx34.getLong
 0001:0002B068       TSqlCursorMetaDataIndexColumnsDbx34.getShort
 0001:000536BC       TSqlCursorMetaDataIndexes.Clear
 0001:00053380       TSqlCursorMetaDataIndexes.Create
 0001:00053690       TSqlCursorMetaDataIndexes.Destroy
 0001:00053974       TSqlCursorMetaDataIndexes.FetchIndexes
 0001:000550B4       TSqlCursorMetaDataIndexes.getLong
 0001:00054C6C       TSqlCursorMetaDataIndexes.GetPhysColumnAnsiString
 0001:00054E90       TSqlCursorMetaDataIndexes.GetPhysColumnWideString
 0001:00055214       TSqlCursorMetaDataIndexes.getShort
 0001:000553A0       TSqlCursorMetaDataIndexes.next
 0001:000296D0       TSqlCursorMetaDataIndexes3.getColumnName
 0001:00029760       TSqlCursorMetaDataIndexes3.getErrorMessage
 0001:00029790       TSqlCursorMetaDataIndexes3.getErrorMessageLen
 0001:0002ABE0       TSqlCursorMetaDataIndexesDbx34.Create
 0001:0002ADA4       TSqlCursorMetaDataIndexesDbx34.getShort
 0001:00055D50       TSqlCursorMetaDataProcedureParams.Create
 0001:000560F0       TSqlCursorMetaDataProcedureParams.Destroy
 0001:000562C0       TSqlCursorMetaDataProcedureParams.FetchProcedureParams
 0001:000575D0       TSqlCursorMetaDataProcedureParams.getLong
 0001:00057850       TSqlCursorMetaDataProcedureParams.GetPhysColumnAnsiString
 0001:00057944       TSqlCursorMetaDataProcedureParams.GetPhysColumnWideString
 0001:000576CC       TSqlCursorMetaDataProcedureParams.getShort
 0001:00057A38       TSqlCursorMetaDataProcedureParams.next
 0001:00029898       TSqlCursorMetaDataProcedureParams3.getColumnName
 0001:00029928       TSqlCursorMetaDataProcedureParams3.getErrorMessage
 0001:00029958       TSqlCursorMetaDataProcedureParams3.getErrorMessageLen
 0001:000553D8       TSqlCursorMetaDataProcedures.Create
 0001:000555F8       TSqlCursorMetaDataProcedures.Destroy
 0001:00055658       TSqlCursorMetaDataProcedures.FetchProcedures
 0001:00055A2C       TSqlCursorMetaDataProcedures.getLong
 0001:00055BD0       TSqlCursorMetaDataProcedures.GetPhysColumnAnsiString
 0001:00055C74       TSqlCursorMetaDataProcedures.GetPhysColumnWideString
 0001:00055B00       TSqlCursorMetaDataProcedures.getShort
 0001:00055D18       TSqlCursorMetaDataProcedures.next
 0001:000297B4       TSqlCursorMetaDataProcedures3.getColumnName
 0001:00029844       TSqlCursorMetaDataProcedures3.getErrorMessage
 0001:00029874       TSqlCursorMetaDataProcedures3.getErrorMessageLen
 0001:0005076C       TSqlCursorMetaDataTables.Clear
 0001:0005054C       TSqlCursorMetaDataTables.Create
 0001:00050740       TSqlCursorMetaDataTables.Destroy
 0001:00050D54       TSqlCursorMetaDataTables.FetchTables
 0001:00051DFC       TSqlCursorMetaDataTables.getColumnLength
 0001:00051A70       TSqlCursorMetaDataTables.getLong
 0001:00051BCC       TSqlCursorMetaDataTables.GetPhysColumnAnsiString
 0001:00051CD8       TSqlCursorMetaDataTables.GetPhysColumnWideString
 0001:00051E88       TSqlCursorMetaDataTables.next
 0001:0002955C       TSqlCursorMetaDataTables3.getColumnName
 0001:00029508       TSqlCursorMetaDataTables3.getErrorMessage
 0001:00029538       TSqlCursorMetaDataTables3.getErrorMessageLen
 0001:00029E68       TSqlCursorMetaDataTablesDbx34.Create
 0001:00029FA8       TSqlCursorMetaDataTablesDbx34.GetPhysColumnWideString
 0001:0004C0B4       TSqlCursorOdbc.AddError
 0001:00049C94       TSqlCursorOdbc.BindResultSet
 0001:0004BFF4       TSqlCursorOdbc.CheckFetchCacheColumns
 0001:000487D8       TSqlCursorOdbc.ClearCursor
 0001:0004872C       TSqlCursorOdbc.Create
 0001:00048844       TSqlCursorOdbc.Destroy
 0001:0004BE0C       TSqlCursorOdbc.DoFetchLateBoundData
 0001:0004C1F0       TSqlCursorOdbc.DoFetchLongData
 0001:0004BEDC       TSqlCursorOdbc.FetchLateBoundData
 0001:0004C868       TSqlCursorOdbc.FetchLongData
 0001:0004C8C8       TSqlCursorOdbc.getBcd
 0001:0004C954       TSqlCursorOdbc.getBlob
 0001:0004CB44       TSqlCursorOdbc.getBlobSize
 0001:0004CCD8       TSqlCursorOdbc.getBytes
 0001:0004CD7C       TSqlCursorOdbc.getColumnCount
 0001:0004CD94       TSqlCursorOdbc.getColumnLength
 0001:0004D1CC       TSqlCursorOdbc.getColumnName
 0001:0004D1F8       TSqlCursorOdbc.getColumnNameLength
 0001:0004D230       TSqlCursorOdbc.getColumnPrecision
 0001:0004D338       TSqlCursorOdbc.getColumnScale
 0001:0004D3C8       TSqlCursorOdbc.getColumnType
 0001:0004D41C       TSqlCursorOdbc.getDate
 0001:0004D4E4       TSqlCursorOdbc.getDouble
 0001:0004D560       TSqlCursorOdbc.getErrorMessage
 0001:0004D5E0       TSqlCursorOdbc.getErrorMessageLen
 0001:0004D640       TSqlCursorOdbc.getLong
 0001:0004D6B4       TSqlCursorOdbc.GetOption
 0001:0004D6C0       TSqlCursorOdbc.getShort
 0001:0004D748       TSqlCursorOdbc.getString
 0001:0004D94C       TSqlCursorOdbc.getTime
 0001:0004D9DC       TSqlCursorOdbc.getTimeStamp
 0001:0004DAB4       TSqlCursorOdbc.isAutoIncrement
 0001:0004DBF0       TSqlCursorOdbc.isBlobSizeExact
 0001:0004DC20       TSqlCursorOdbc.isNullable
 0001:0004DC50       TSqlCursorOdbc.isReadOnly
 0001:0004DCB0       TSqlCursorOdbc.isSearchable
 0001:0004DF74       TSqlCursorOdbc.next
 0001:00048994       TSqlCursorOdbc.OdbcCheck
 0001:0004E550       TSqlCursorOdbc.SetOption
 0001:00028DC4       TSqlCursorOdbc3.getColumnName
 0001:00028D50       TSqlCursorOdbc3.getColumnNameLength
 0001:00028D20       TSqlCursorOdbc3.getErrorMessage
 0001:00028D38       TSqlCursorOdbc3.getErrorMessageLen
 0001:00028DF4       TSqlCursorOdbc3.getInt64
 0001:00028E80       TSqlCursorOdbc3.getWideString
 0001:000322E0       TSqlDriverOdbc.AllocHCon
 0001:000323D8       TSqlDriverOdbc.AllocHEnv
 0001:00030D14       TSqlDriverOdbc.AssignFields
 0001:00030CE0       TSqlDriverOdbc.ClearFields
 0001:00030BF8       TSqlDriverOdbc.Create
 0001:00030C9C       TSqlDriverOdbc.Destroy
 0001:0003293C       TSqlDriverOdbc.Drivers
 0001:0003234C       TSqlDriverOdbc.FreeHCon
 0001:00032584       TSqlDriverOdbc.FreeHEnv
 0001:00032B20       TSqlDriverOdbc.GetOdbcDrivers
 0001:0003263C       TSqlDriverOdbc.GetOption
 0001:0003279C       TSqlDriverOdbc.getSQLConnection
 0001:00030D38       TSqlDriverOdbc.OdbcCheck
 0001:000311E4       TSqlDriverOdbc.RetrieveOdbcErrorInfo
 0001:0003281C       TSqlDriverOdbc.SetOption
 0001:00027B58       TSqlDriverOdbc3.Create
 0001:00027BCC       TSqlDriverOdbc3.getSQLConnection
 0001:0004767C       TSQLMetaDataOdbc.Create
 0001:000476D8       TSQLMetaDataOdbc.Destroy
 0001:00047E48       TSQLMetaDataOdbc.DoGetTables
 0001:00047708       TSQLMetaDataOdbc.getColumns
 0001:00047848       TSQLMetaDataOdbc.getErrorMessage
 0001:000478BC       TSQLMetaDataOdbc.getErrorMessageLen
 0001:00047914       TSQLMetaDataOdbc.getIndices
 0001:00047A5C       TSQLMetaDataOdbc.getObjectList
 0001:00047A7C       TSQLMetaDataOdbc.GetOption
 0001:00047BEC       TSQLMetaDataOdbc.getProcedureParams
 0001:00047D28       TSQLMetaDataOdbc.getProcedures
 0001:00047F60       TSQLMetaDataOdbc.getTables
 0001:00047F90       TSQLMetaDataOdbc.SetOption
 0001:000292F4       TSQLMetaDataOdbc3.getColumns
 0001:00028FF4       TSQLMetaDataOdbc3.getErrorMessage
 0001:00029020       TSQLMetaDataOdbc3.getErrorMessageLen
 0001:000293B8       TSQLMetaDataOdbc3.getIndices
 0001:000291D4       TSQLMetaDataOdbc3.getObjectList
 0001:00029044       TSQLMetaDataOdbc3.GetOption
 0001:00029448       TSQLMetaDataOdbc3.getProcedureParams
 0001:00029224       TSQLMetaDataOdbc3.getProcedures
 0001:000291F4       TSQLMetaDataOdbc3.getTables
 0001:00029134       TSQLMetaDataOdbc3.SetOption
 0001:00008A04       TSQLStoredProc.PrepareStatement
 0001:0000F27C       TStringHash.Add
 0001:0000F37C       TStringHash.BeginLock
 0001:0000F1D8       TStringHash.Clear
 0001:0000F140       TStringHash.Create
 0001:0000F1A0       TStringHash.Destroy
 0001:0000F384       TStringHash.EndLock
 0001:0000F334       TStringHash.Find
 0001:0000F248       TStringHash.HashOf
 0001:0000F2DC       TStringHash.Remove
 0001:0000F314       TStringHash.ValueOf
 0001:00005D28       TWideStringFieldFix.GetDataSize
 0001:00009524       UnhookCode
 0001:00058630       UnHookIAT_LoadLibrary
 0001:00000514       UninitializeModule
 0001:00008770       UnInstallFix
 0001:00011064       UnLoadOdbcDriverManager
 0001:000210E0       UnQuoteChar
 0001:0000B2F0       UrlMon
 0001:0001B8C4       ValueToStr
 0001:000389E0       VersionStringToNumeric
 0001:000006FC       VirtualProtect
 0001:000006F4       VirtualProtect
 0001:00000704       WaitForSingleObject
 0001:0001D0D0       WCharFromChar
 0001:0000070C       WideCharToMultiByte
 0001:000461E0       WideCharToUtf8
 0002:000010F8       WideStringField_GetAsVariant
 0002:000010F0       WideStringField_GetAsWideString
 0002:000010E8       WideStringField_GetDataSize
 0001:0001CFF8       WideStringLengthFromStr
 0001:0001D05C       WideStringLengthFromStrings
 0001:0000078C       Windows
 0001:0000B328       WinInet
 0002:00001160       WM_ASACALLBACK
 0002:00001162       WM_ASACALLBACK_SUPPORTED
 0001:00005EA0       WriteProp
 0001:0001D260       WStrComp
 0001:0001D338       WStrCopy
 0001:0001D310       WStrCopy
 0001:0001D28C       WStrIComp
 0001:0001D2D8       WStrLComp
 0001:0001D354       WStrLCopy
 0001:0001D240       WStrLen
 0001:000005F4       _CreateMutex
 0002:000011A4       _FreeLibrary
 0002:000011A8       _GetProcAddress
 0002:0000119C       _LoadLibraryA
 0002:000011A0       _LoadLibraryW
 0002:00001138       _RegisterDbXpressLibs


  Address         Publics by Value

 0002:FFBA6004       TlsLast
 0001:000003C0       FreeLibrary
 0001:000003C8       LocalAlloc
 0001:000003D0       LocalFree
 0001:000003D8       TlsAlloc
 0001:000003E0       TlsFree
 0001:000003E8       TlsGetValue
 0001:000003F0       TlsSetValue
 0001:000003F8       AllocTlsBuffer
 0001:00000404       GetTlsSize
 0001:0000040C       InitThreadTLS
 0001:00000450       InitProcessTLS
 0001:0000047C       ExitThreadTLS
 0001:000004A4       ExitProcessTLS
 0001:000004C8       @GetTls
 0001:00000508       InitializeModule
 0001:00000514       UninitializeModule
 0001:00000538       @InitPkg
 0001:0000059C       @PackageLoad
 0001:000005A8       @PackageUnload
 0001:000005B4       Finalization
 0001:000005E4       SysInit
 0001:000005EC       CloseHandle
 0001:000005F4       _CreateMutex
 0001:000005FC       CreateMutex
 0001:0000061C       DeleteCriticalSection
 0001:00000624       EnterCriticalSection
 0001:0000062C       FindClose
 0001:00000634       FindFirstFileW
 0001:0000063C       FindNextFileW
 0001:00000644       FlushInstructionCache
 0001:0000064C       FreeLibrary
 0001:00000654       GetACP
 0001:0000065C       GetCurrentProcess
 0001:00000664       GetCurrentProcessId
 0001:0000066C       GetCurrentThreadId
 0001:00000674       GetEnvironmentVariableA
 0001:0000067C       GetFileAttributesW
 0001:00000684       GetLastError
 0001:0000068C       GetModuleHandle
 0001:00000694       GetProcAddress
 0001:0000069C       GetTempFileName
 0001:000006A4       GetTempPath
 0001:000006AC       GetVersion
 0001:000006B4       InitializeCriticalSection
 0001:000006BC       IsBadReadPtr
 0001:000006C4       LeaveCriticalSection
 0001:000006CC       LoadLibrary
 0001:000006D4       MultiByteToWideChar
 0001:000006DC       OutputDebugStringA
 0001:000006E4       OutputDebugStringW
 0001:000006EC       SetEnvironmentVariableA
 0001:000006F4       VirtualProtect
 0001:000006FC       VirtualProtect
 0001:00000704       WaitForSingleObject
 0001:0000070C       WideCharToMultiByte
 0001:00000714       CharLower
 0001:0000071C       CharToOemA
 0001:00000724       CharUpper
 0001:0000072C       GetActiveWindow
 0001:00000734       OemToCharA
 0001:0000073C       RegisterWindowMessageA
 0001:00000744       SendMessage
 0001:0000074C       SetCursor
 0001:00000754       CopyMemory
 0001:0000075C       Finalization
 0001:0000078C       Windows
 0001:00000B24       Finalization
 0001:00000B54       Messages
 0001:00001A34       GetParamData
 0001:000023F4       TDataSetProviderFix.InternalGetRecords
 0001:0000257C       TDataSetProviderFix.Reset
 0001:000025E4       TDataSetProviderFix.CheckDataSet
 0001:00002638       TSQLConnectionFix.CloneConnection
 0001:0000287C       TSQLConnectionFix.Execute
 0001:00002B24       TSQLConnectionFix.GetQuoteChar
 0001:00002B8C       TCustomSQLDataSetFixD7.AddQuoteCharToObjectName
 0001:00002C5C       TCustomSQLDataSetFixD7.GetQueryFromType
 0001:00002F08       CheckDetail
 0001:00002FAC       TCustomSQLDataSetFixD7.PrepareStatement
 0001:000030CC       FieldsInQuery
 0001:0000320C       TCustomSQLDataSetFixD7.PSGetDefaultOrder
 0001:00003340       SetSchemaOption
 0001:00003810       GetTableScope
 0001:00003840       TCustomSQLDataSetFixD7.OpenSchema
 0001:00003AF4       CalcUnits
 0001:00003C08       SetProcedureParams
 0001:000041FC       SetQueryParams
 0001:00004514       TCustomSQLDataSetFixD7.ExecuteStatement
 0001:00004654       NormalizeBcdData
 0001:00004724       GetBlobSize
 0001:0000478C       TCustomSQLDataSetFixD7.GetFieldData
 0001:00004A74       LoadFieldDef
 0001:00004B14       TCustomSQLDataSetFixD7.AddFieldDesc
 0001:00004F80       NativeToDateTime
 0001:0000500C       DateTimeToNative
 0001:00005054       BufferToByteArray
 0001:00005108       ByteArrayToBuffer
 0001:00005198       TDataSetFix.DataConvert
 0001:000053AC       ReadDataFromBlobStream
 0001:0000552C       ReadDataFromBlobField
 0001:0000557C       TDataSetFix.GetFieldData
 0001:00005714       TParamFix.GetDataSize
 0001:000058FC       CopyWideString
 0001:0000597C       TParamFix.GetData
 0001:00005D28       TWideStringFieldFix.GetDataSize
 0001:00005EA0       WriteProp
 0001:00005EDC       AddExtraFieldProps
 0001:00006030       AddFieldDesc
 0001:00006104       ComputeInfoCount
 0001:00006190       AddMinMax
 0001:00006450       TDataPacketWriterFix.AddColumn
 0001:00006C6C       NextPiece
 0001:00006D70       FixParams
 0001:00006ED4       GetConnectionForStatement
 0001:00006F6C       TCustomSQLDataSetFixD7.CheckStatement
 0001:000071F4       IsNameDelimiter
 0001:00007218       NameDelimiter
 0001:00007228       IsLiteral
 0001:00007248       StripChar
 0001:000072B4       StripLiterals
 0001:00007328       isDigit
 0001:0000738C       TParamsFix.ParseSQL
 0001:000075EC       NextTokenIs
 0001:000076A8       GetSQLToken
 0001:00007AE4       StartToken
 0001:00007B00       NextSQLTokenFix
 0001:00007EB0       IsMultiTableQueryEx
 0001:00008164       IsMultiTableQueryFix
 0001:000081B4       GetTableNameFromSQLFix
 0001:000081DC       GetNativeAddr
 0001:00008200       JumpFromCode
 0001:000082C4       RestoreSavedCode
 0001:0000839C       InstallFix
 0001:00008770       UnInstallFix
 0001:0000893C       CalcUnits
 0001:00008A04       TSQLStoredProc.PrepareStatement
 0001:00008E98       Finalization
 0001:00008EEC       Dbx23Fix
 0001:00008F84       SizeOfCode
 0001:000092D0       SizeOfProc
 0001:00009314       SaveOldFunction
 0001:0000938C       HookCode
 0001:000094BC       HookProc
 0001:00009524       UnhookCode
 0001:000095FC       GetNativeAddr
 0001:00009640       JumpFromCode
 0001:00009730       RestoreSavedCode
 0001:0000981C       IsJumpFromCode
 0001:0000986C       TIATPatch.NextFunctionName
 0001:000098B0       TIATPatch.ListContainsIAT
 0001:000098FC       TIATPatch.CompareLibraryNames
 0001:000099DC       TIATPatch.UpdateEntry
 0001:00009A50       TIATPatch.UpdatePatch
 0001:00009AA8       TIATPatch.EnumIATList
 0001:00009CD8       TIATPatch.BuildIATPatchList
 0001:00009D6C       TIATPatch.Unpatch
 0001:00009E9C       TIATPatch.Patch
 0001:0000A0D4       TIATPatch.Find
 0001:0000A218       TIATPatch.Delete
 0001:0000A304       TIATPatch.Clear
 0001:0000A434       TIATPatch.GetPatchRecord
 0001:0000A494       TIATPatch.GetUnpatchOnFree
 0001:0000A4E8       TIATPatch.SetUnpatchOnFree
 0001:0000A53C       TIATPatch.GetCount
 0001:0000A594       TIATPatch.Create
 0001:0000A5FC       TIATPatch.Destroy
 0001:0000A698       GetVirtualMethodAddress
 0001:0000A6C4       SetVirtualMethodAddress
 0001:0000A758       FindVirtualMethodIndex
 0001:0000A7D0       GetVirtualMethodOffset
 0001:0000A7F8       FxtGetStubAddress
 0001:0000A834       Finalization
 0001:0000A864       DbxOpenOdbcApiHook
 0001:0000A86C       FIX_TSTRINGFIELD_SETASANSISTRING
 0001:0000A970       INSTALL_FIX_TSTRINGFIELD_SETASANSISTRING
 0001:0000A9B4       FIX_TFIELDS_FINDFIELD
 0001:0000AAB0       INSTALL_FIX_TFIELDS_FINDFIELD
 0001:0000AAF0       FIX_TINTEGERFIELD_GETISNULL
 0001:0000AB3C       INSTALL_FIX_TINTEGERFIELD_GETISNULL
 0001:0000AB7C       TBlobField_SetData
 0001:0000ABE4       FIX_TBLOBFIELD_SETVARVALUE
 0001:0000AD38       INSTALL_FIX_TBLOBFIELD_SETVARVALUE
 0001:0000AD78       FIX_TSTRINGFIELD_GETVALUE
 0001:0000AEB8       INSTALL_FIX_TSTRINGFIELD_GETVALUE
 0001:0000AEF8       FIX_TFIELD_ASSIGNVALUE
 0001:0000AF84       INSTALL_FIX_TFIELD_ASSIGNVALUE
 0001:0000AFBC       FIX_TWIDESTRINGFIELD_GETDATASIZE
 0001:0000AFE0       INSTALL_FIX_TWIDESTRINGFIELD_GETDATASIZE
 0001:0000B020       FIX_TWIDESTRINGFIELD_GETASWIDESTRING
 0001:0000B04C       INSTALL_FIX_TWIDESTRINGFIELD_GETASWIDESTRING
 0001:0000B08C       FIX_TWIDESTRINGFIELD_GETASVARIANT
 0001:0000B0F4       INSTALL_FIX_TWIDESTRINGFIELD_GETASVARIANT
 0001:0000B134       INSTALL_FIXES
 0001:0000B188       Finalization
 0001:0000B1C0       DbxDBFix
 0001:0000B1D4       IsDbxDrvFixed
 0001:0000B1E8       Finalization
 0001:0000B218       DbxXXDrv
 0001:0000B220       Finalization
 0001:0000B250       DbxOpenOdbcTypes
 0001:0000B270       SHGetMalloc
 0001:0000B278       SHGetPathFromIDListW
 0001:0000B280       SHGetSpecialFolderLocation
 0001:0000B288       Finalization
 0001:0000B2B8       ShlObj
 0001:0000B2C0       Finalization
 0001:0000B2F0       UrlMon
 0001:0000B2F8       Finalization
 0001:0000B328       WinInet
 0001:0000B330       Finalization
 0001:0000B360       RegStr
 0001:0000B368       Finalization
 0001:0000B398       ShellAPI
 0001:0000B3A0       Finalization
 0001:0000B3D0       CommCtrl
 0001:0000B3D8       min
 0001:0000B3E0       max
 0001:0000B3E8       Pos
 0001:0000B438       PosEx
 0001:0000B4B0       AnsiToOEM
 0001:0000B4EC       OemToAnsi
 0001:0000B528       LoadStringFromFileA
 0001:0000B608       LoadStringFromFileW
 0001:0000B740       GetOptionValue
 0001:0000BA94       PointerOffset
 0001:0000BA9C       CompareMemory
 0001:0000BAE8       GetTemporaryFileName
 0001:0000BC0C       GetTemporaryFolder
 0001:0000BDD8       is_prepared_alias
 0001:0000BEE4       is_prepared_alias_word
 0001:0000C04C       ExtractFilePathW
 0001:0000C0A8       GetValueAsWorkFolder
 0001:0000C170       GetValueAsTempFolder
 0001:0000C224       GetValueAsShellFolderKey
 0001:0000CC28       GetValueAsSpecialWinFolder
 0001:0000D1DC       ExpandRegPathW
 0001:0000D264       IsLeftKey
 0001:0000D35C       GetValueAsRegistry
 0001:0000D820       PrepareFileNameAliases
 0001:0000DBD8       PrepareFileNameAliases
 0001:0000DC64       ArrScanByte
 0001:0000DC80       ArrScanWord
 0001:0000DC9C       ArrScanDWord
 0001:0000DCB8       ArrScanPointer
 0001:0000DCD4       ToAnsiChar
 0001:0000DD18       ToAnsiChar
 0001:0000DD5C       PosChar
 0001:0000DD88       PosChar
 0001:0000DE0C       PosChar
 0001:0000DE90       PosChar
 0001:0000DEB8       PosCharEx
 0001:0000DF00       PosCharEx
 0001:0000DFA0       PosCharEx
 0001:0000E04C       PosCharEx
 0001:0000E09C       DupeStringW
 0001:0000E13C       DupeStringA
 0001:0000E1D0       DupeString
 0001:0000E1E8       DupeWideChar
 0001:0000E274       DupeAnsiChar
 0001:0000E2F4       StringCharReplace
 0001:0000E3A4       StringCharReplace
 0001:0000E434       StringCharReplace
 0001:0000E4E8       StringCharReplace
 0001:0000E588       StringCharModify
 0001:0000E5EC       StringCharModify
 0001:0000E654       StringCharModify
 0001:0000E6B8       StringCharModify
 0001:0000E734       dbg
 0001:0000E748       dbg
 0001:0000E75C       GetCompilerVersion
 0001:0000E79C       Finalization
 0001:0000E7CC       DbxOpenOdbcFuncs
 0001:0000F088       SQL_SUCCEEDED
 0001:0000F140       TStringHash.Create
 0001:0000F1A0       TStringHash.Destroy
 0001:0000F1D8       TStringHash.Clear
 0001:0000F248       TStringHash.HashOf
 0001:0000F27C       TStringHash.Add
 0001:0000F2DC       TStringHash.Remove
 0001:0000F314       TStringHash.ValueOf
 0001:0000F334       TStringHash.Find
 0001:0000F37C       TStringHash.BeginLock
 0001:0000F384       TStringHash.EndLock
 0001:0000F390       ExtractNextLibName
 0001:0000F444       DoGetProcAddress
 0001:0000F45C       DoGetProcAddressEx
 0001:0000F510       LoadOdbcDriverManager
 0001:00011064       UnLoadOdbcDriverManager
[...]
 22307 0001:000541F7 22308 0001:000541FC 22309 0001:0005420B 22311 0001:00054220
 22312 0001:00054233 22314 0001:0005423D 22315 0001:00054242 22317 0001:00054251
 22319 0001:0005425F 22326 0001:000542A9 22328 0001:000542BB 22334 0001:0005439C
 22336 0001:000543B8 22338 0001:000543E4 22339 0001:000543EA 22340 0001:000543F9
 22341 0001:00054407 22343 0001:00054412 22345 0001:0005441D 22346 0001:00054426
 22348 0001:0005443E 22351 0001:00054464 22352 0001:00054470 22354 0001:00054489
 22355 0001:00054494 22358 0001:000544DD 22361 0001:000544E8 22364 0001:000544F1
 22365 0001:000544FC 22367 0001:00054505 22369 0001:0005450C 22370 0001:00054512
 22373 0001:00054523 22377 0001:00054536 22379 0001:00054547 22381 0001:00054557
 22383 0001:00054561 22385 0001:00054567 22389 0001:00054587 22395 0001:00054591
 22399 0001:000545D9 22400 0001:000545E7 22402 0001:000545F2 22404 0001:00054605
 22405 0001:00054610 22407 0001:00054619 22408 0001:0005461F 22410 0001:00054630
 22411 0001:00054635 22413 0001:00054645 22415 0001:00054671 22416 0001:00054681
 22417 0001:00054687 22420 0001:00054698 22381 0001:0005469D 22427 0001:000546A7
 22312 0001:000546BA 22430 0001:000546C4 22431 0001:000546D7 22432 0001:000546DC
 22433 0001:000546EB 22434 0001:00054702 22435 0001:00054707 22437 0001:00054716
 22127 0001:0005471C 22441 0001:00054728 22443 0001:00054747 22445 0001:0005475A
 22446 0001:0005476E 22447 0001:00054782 22448 0001:00054796 22441 0001:0005479C
 22449 0001:000547A4 22451 0001:000547C7 22453 0001:000547DB 22454 0001:000547F2
 22456 0001:0005480C 22457 0001:00054823 22459 0001:0005483D 22460 0001:00054854
 22462 0001:0005486E 22463 0001:00054885 22464 0001:0005489C 22465 0001:000548AD
 22449 0001:000548B3 22469 0001:000548BF 22471 0001:000548CE 22472 0001:000548D6
 22473 0001:000548DC 22474 0001:000548EA 22475 0001:000548F0 22476 0001:000548FE
 22477 0001:00054904 22478 0001:00054912 22479 0001:00054918 22480 0001:00054926
 22481 0001:0005492C 22482 0001:0005493A 22483 0001:00054940 22484 0001:0005494E
 22485 0001:0005495A 22486 0001:00054968 22488 0001:00054974 22489 0001:00054983
 22490 0001:00054992 22491 0001:000549A1 22492 0001:000549B0 22493 0001:000549BF
 22494 0001:000549CE 22497 0001:000549DD 22500 0001:000549F9 22501 0001:00054A01
 22507 0001:00054A09 22508 0001:00054A11 22509 0001:00054A19 22510 0001:00054A21
 22511 0001:00054A29 22512 0001:00054A31 22513 0001:00054A39 22514 0001:00054A41
 22515 0001:00054A49 22516 0001:00054A51 22517 0001:00054A59 22519 0001:00054A61
 22522 0001:00054A6A 22523 0001:00054A81 22526 0001:00054A94 22533 0001:00054AE2
 22539 0001:00054C6C 22540 0001:00054C8F 22541 0001:00054C99 22543 0001:00054CA4
 22546 0001:00054CE3 22549 0001:00054D16 22551 0001:00054D1E 22552 0001:00054D2D
 22554 0001:00054D40 22559 0001:00054D56 22562 0001:00054D7D 22564 0001:00054D85
 22565 0001:00054D94 22567 0001:00054DA7 22572 0001:00054DBD 22573 0001:00054DC9
 22575 0001:00054DD9 22578 0001:00054DEC 22581 0001:00054DF9 22586 0001:00054E1D
 22590 0001:00054E33 22592 0001:00054E40 22594 0001:00054E4D 22597 0001:00054E58
 22598 0001:00054E89 22604 0001:00054E90 22605 0001:00054EB3 22606 0001:00054EBD
 22608 0001:00054EC8 22611 0001:00054F07 22614 0001:00054F3A 22616 0001:00054F42
 22617 0001:00054F51 22619 0001:00054F64 22624 0001:00054F7A 22627 0001:00054FA1
 22629 0001:00054FA9 22630 0001:00054FB8 22632 0001:00054FCB 22637 0001:00054FE1
 22638 0001:00054FED 22640 0001:00054FFD 22643 0001:00055010 22646 0001:0005501D
 22651 0001:00055041 22655 0001:00055057 22657 0001:00055064 22659 0001:00055071
 22662 0001:0005507C 22663 0001:000550AD 22666 0001:000550B4 22668 0001:000550CF
 22670 0001:000550D5 22671 0001:000550DA 22673 0001:000550DF 22674 0001:000550ED
 22676 0001:00055103 22677 0001:00055105 22680 0001:00055110 22681 0001:0005511B
 22684 0001:00055124 22690 0001:00055154 22692 0001:00055174 22694 0001:00055176
 22695 0001:0005517D 22696 0001:00055184 22697 0001:0005518D 22698 0001:0005519B
 22706 0001:000551C9 22710 0001:00055214 22712 0001:0005522F 22714 0001:00055235
 22715 0001:0005523A 22717 0001:0005523F 22718 0001:0005524D 22720 0001:00055267
 22721 0001:00055269 22724 0001:00055279 22725 0001:00055289 22729 0001:00055292
 22730 0001:000552A2 22733 0001:000552AB 22739 0001:000552DB 22741 0001:000552FB
 22743 0001:000552FD 22744 0001:00055304 22745 0001:0005530D 22746 0001:00055315
 22747 0001:00055323 22755 0001:00055351 22758 0001:000553A0 22760 0001:000553A8
 22761 0001:000553AB 22763 0001:000553BA 22764 0001:000553C8 22767 0001:000553CC
 22772 0001:000553D1 22819 0001:000553D8 22821 0001:000553F0 22823 0001:000553FD
 22824 0001:00055403 22826 0001:00055409 22830 0001:0005540D 22831 0001:00055415
 22832 0001:0005542C 22833 0001:00055446 22835 0001:00055460 22836 0001:0005546D
 22837 0001:00055475 22839 0001:0005547E 22840 0001:0005548E 22841 0001:00055495
 22843 0001:0005549F 22844 0001:000554AF 22845 0001:000554B6 22847 0001:000554C0
 22848 0001:000554D0 22849 0001:000554D7 22851 0001:000554E1 22852 0001:000554F1
 22853 0001:000554FA 22855 0001:00055504 22856 0001:00055514 22857 0001:0005551D
 22859 0001:00055527 22860 0001:00055537 22861 0001:00055540 22869 0001:00055563
 22874 0001:000555F8 22876 0001:00055604 22878 0001:0005560B 22880 0001:00055614
 22881 0001:00055623 22882 0001:0005562F 22878 0001:00055630 22883 0001:00055635
 22885 0001:0005563D 22890 0001:00055654 22912 0001:00055658 22914 0001:00055684
 22915 0001:00055689 22916 0001:0005568E 22917 0001:00055693 22918 0001:00055698
 22919 0001:000556A0 22922 0001:000556A5 22923 0001:000556B1 22927 0001:000556E3
 22928 0001:000556EC 22932 0001:000556FA 22933 0001:000556FF 22934 0001:00055704
 22936 0001:00055711 22937 0001:00055719 22938 0001:00055725 22941 0001:0005572A
 22952 0001:00055740 22956 0001:0005575E 22957 0001:00055772 22960 0001:00055779
 22965 0001:00055796 22966 0001:0005579B 22968 0001:000557AA 22969 0001:000557AF
 22970 0001:000557BE 22971 0001:000557D3 22972 0001:000557E8 22973 0001:000557FD
 22975 0001:00055812 22976 0001:00055817 22977 0001:0005581C 22979 0001:00055821
 22980 0001:00055833 22982 0001:00055840 22983 0001:00055847 22984 0001:0005584E
 22986 0001:00055855 22989 0001:0005585F 22990 0001:00055864 22992 0001:00055873
 22993 0001:0005588F 22995 0001:0005589B 22996 0001:000558B1 22997 0001:000558C7
 22999 0001:000558DD 22986 0001:000558EA 23004 0001:000558F4 23006 0001:000558FF
 23007 0001:00055904 23008 0001:00055907 23009 0001:00055912 23010 0001:00055915
 23011 0001:00055920 23013 0001:00055923 23014 0001:0005592F 23015 0001:0005593B
 23017 0001:00055954 23018 0001:0005595C 23019 0001:00055964 23021 0001:0005596C
 23024 0001:00055975 23025 0001:00055989 23028 0001:0005599C 23036 0001:000559CE
 23039 0001:00055A2C 23040 0001:00055A32 23042 0001:00055A34 23043 0001:00055A42
 23045 0001:00055A51 23047 0001:00055A57 23050 0001:00055A69 23051 0001:00055A74
 23056 0001:00055A7D 23057 0001:00055A86 23061 0001:00055A8F 23062 0001:00055A98
 23070 0001:00055AA1 23073 0001:00055AAC 23075 0001:00055ACC 23077 0001:00055ACE
 23078 0001:00055AD5 23079 0001:00055ADC 23080 0001:00055AEA 23088 0001:00055AF6
 23091 0001:00055B00 23092 0001:00055B06 23094 0001:00055B08 23095 0001:00055B16
 23097 0001:00055B25 23099 0001:00055B2B 23102 0001:00055B3C 23103 0001:00055B44
 23107 0001:00055B4D 23108 0001:00055B55 23112 0001:00055B5E 23113 0001:00055B66
 23122 0001:00055B71 23126 0001:00055B7C 23128 0001:00055B9C 23130 0001:00055B9E
 23131 0001:00055BA5 23132 0001:00055BAC 23133 0001:00055BBA 23141 0001:00055BC6
 23146 0001:00055BD0 23147 0001:00055BF3 23148 0001:00055BFD 23150 0001:00055C04
 23152 0001:00055C17 23154 0001:00055C24 23156 0001:00055C31 23159 0001:00055C3C
 23160 0001:00055C6D 23165 0001:00055C74 23166 0001:00055C97 23167 0001:00055CA1
 23169 0001:00055CA8 23171 0001:00055CBB 23173 0001:00055CC8 23175 0001:00055CD5
 23178 0001:00055CE0 23179 0001:00055D11 23182 0001:00055D18 23184 0001:00055D20
 23185 0001:00055D23 23187 0001:00055D32 23188 0001:00055D40 23191 0001:00055D44
 23196 0001:00055D49 23350 0001:00055D50 23352 0001:00055D68 23354 0001:00055D75
 23355 0001:00055D7B 23357 0001:00055D81 23361 0001:00055D85 23362 0001:00055D8D
 23363 0001:00055DA4 23364 0001:00055DBE 23366 0001:00055DD8 23367 0001:00055DE5
 23368 0001:00055DED 23370 0001:00055DF6 23371 0001:00055E06 23372 0001:00055E0D
 23374 0001:00055E17 23375 0001:00055E27 23376 0001:00055E2E 23378 0001:00055E38
 23379 0001:00055E48 23380 0001:00055E4F 23382 0001:00055E59 23383 0001:00055E69
 23384 0001:00055E70 23386 0001:00055E7A 23387 0001:00055E8A 23388 0001:00055E93
 23390 0001:00055E9D 23391 0001:00055EAD 23392 0001:00055EB6 23394 0001:00055EC0
 23395 0001:00055ED0 23396 0001:00055ED9 23398 0001:00055EE3 23399 0001:00055EF3
 23400 0001:00055EFA 23402 0001:00055F04 23403 0001:00055F14 23404 0001:00055F1D
 23406 0001:00055F27 23407 0001:00055F37 23408 0001:00055F40 23410 0001:00055F4A
 23411 0001:00055F5A 23412 0001:00055F63 23414 0001:00055F6D 23415 0001:00055F7D
 23416 0001:00055F86 23418 0001:00055F90 23419 0001:00055FA0 23420 0001:00055FA9
 23428 0001:00055FCC 23433 0001:000560F0 23435 0001:000560FC 23437 0001:00056103
 23439 0001:0005610C 23440 0001:0005611B 23441 0001:00056127 23437 0001:00056128
 23442 0001:0005612D 23444 0001:00056135 23446 0001:0005613C 23448 0001:00056145
 23449 0001:00056154 23450 0001:00056160 23446 0001:00056161 23451 0001:00056166
 23453 0001:0005616E 23458 0001:00056185 23530 0001:0005618C 23531 0001:000561A8
 23532 0001:000561BC 23534 0001:000561D2 23535 0001:000561ED 23537 0001:000561FF
 23538 0001:00056206 23539 0001:00056215 23541 0001:0005621B 23542 0001:0005622A
 23543 0001:00056238 23544 0001:0005624B 23545 0001:00056254 23547 0001:00056258
 23548 0001:00056273 23549 0001:00056279 23551 0001:0005628C 23555 0001:00056296
 23558 0001:000562BB 23560 0001:000562C0 23565 0001:000562EB 23566 0001:000562F0
 23567 0001:000562F5 23568 0001:000562FA 23569 0001:000562FF 23570 0001:00056304
 23571 0001:0005630C 23574 0001:00056314 23575 0001:00056324 23580 0001:000563C0
 23581 0001:000563CF 23585 0001:000563DD 23586 0001:000563E5 23587 0001:000563ED
 23589 0001:000563FA 23590 0001:00056405 23591 0001:00056411 23594 0001:00056419
 23596 0001:00056432 23597 0001:00056434 23600 0001:00056442 23603 0001:00056444
 23605 0001:0005644C 23607 0001:00056455 23608 0001:00056470 23610 0001:0005647A
 23612 0001:00056483 23613 0001:0005649E 23615 0001:000564A8 23617 0001:000564BE
 23618 0001:000564DA 23620 0001:000564EC 23623 0001:0005652E 23624 0001:00056546
 23625 0001:00056553 23628 0001:0005655D 23630 0001:00056568 23632 0001:00056576
 23633 0001:00056592 23637 0001:0005659D 23638 0001:000565A3 23639 0001:000565AB
 23641 0001:000565B0 23642 0001:000565BF 23644 0001:000565C1 23645 0001:000565D1
 23648 0001:000565DB 23649 0001:000565EB 23654 0001:0005668F 23659 0001:000566D3
 23660 0001:000566D8 23662 0001:000566E7 23663 0001:000566F6 23664 0001:0005670B
 23665 0001:00056718 23666 0001:0005672D 23667 0001:00056742 23668 0001:00056757
 23669 0001:0005676C 23670 0001:00056781 23672 0001:00056796 23673 0001:000567AB
 23674 0001:000567C0 23675 0001:000567D5 23681 0001:000567EA 23682 0001:000567F0
 23683 0001:000567F6 23684 0001:000567FB 23687 0001:00056800 23688 0001:00056815
 23689 0001:00056823 23690 0001:00056838 23692 0001:0005684B 23693 0001:00056852
 23696 0001:0005685B 23697 0001:0005686D 23699 0001:0005687F 23705 0001:00056890
 23708 0001:0005689A 23709 0001:0005689F 23717 0001:000568AE 23718 0001:000568B4
 23720 0001:000568C0 23721 0001:000568C2 23724 0001:000568E3 23729 0001:000568F4
 23733 0001:000568F9 23735 0001:00056904 23736 0001:0005691F 23737 0001:0005692C
 23738 0001:0005693D 23740 0001:0005694A 23741 0001:0005694D 23743 0001:00056975
 23745 0001:0005697C 23747 0001:00056985 23749 0001:0005698E 23751 0001:00056997
 23756 0001:0005699E 23757 0001:000569A4 23759 0001:000569AD 23761 0001:000569B3
 23762 0001:000569B9 23764 0001:000569C1 23766 0001:000569C9 23767 0001:000569CF
 23770 0001:000569D8 23771 0001:000569E5 23773 0001:000569F9 23775 0001:000569FF
 23778 0001:00056A26 23779 0001:00056A30 23781 0001:00056A6C 23782 0001:00056A77
 23783 0001:00056A82 23785 0001:00056A8F 23786 0001:00056A96 23788 0001:00056A9E
 23789 0001:00056AA4 23790 0001:00056AAA 23791 0001:00056AAD 23795 0001:00056AB5
 23796 0001:00056ABB 23797 0001:00056AC1 23799 0001:00056AC6 23802 0001:00056ACB
 23705 0001:00056ADC 23813 0001:00056AE6 23819 0001:00056B71 23824 0001:00056B73
 23828 0001:00056BCD 23830 0001:00056BD2 23832 0001:00056BDA 23833 0001:00056BE3
 23842 0001:00056BFB 23844 0001:00056C07 23846 0001:00056C39 23849 0001:00056C48
 23850 0001:00056C53 23852 0001:00056C75 23854 0001:00056C91 23855 0001:00056C97
 23856 0001:00056C9A 23857 0001:00056CD9 23858 0001:00056CE6 23859 0001:00056CE9
 23861 0001:00056D16 23863 0001:00056D1F 23865 0001:00056D28 23867 0001:00056D31
 23869 0001:00056D3A 23872 0001:00056D41 23873 0001:00056D4F 23874 0001:00056D5D
 23875 0001:00056D6C 23876 0001:00056D78 23877 0001:00056D86 23878 0001:00056D8C
 23879 0001:00056D9C 23882 0001:00056E2A 23883 0001:00056E36 23885 0001:00056E4B
 23888 0001:00056E60 23891 0001:00056E75 23893 0001:00056E8A 23895 0001:00056E9F
 23897 0001:00056EB4 23899 0001:00056EC9 23901 0001:00056EDE 23903 0001:00056EF3
 23905 0001:00056F46 23907 0001:00056F5B 23909 0001:00056FAE 23911 0001:00056FC3
 23913 0001:00056FD8 23915 0001:00056FED 23917 0001:00057002 23919 0001:00057017
 23921 0001:0005702C 23923 0001:00057041 23925 0001:00057053 23927 0001:00057065
 23929 0001:00057077 23931 0001:00057089 23933 0001:0005709B 23936 0001:000570AD
 23938 0001:000570BF 23941 0001:000570CF 23942 0001:000570DF 23943 0001:000570E7
 23850 0001:000570E8 23951 0001:000570F4 23952 0001:00057100 23958 0001:0005712E
 23959 0001:00057138 23960 0001:00057142 23961 0001:0005714C 23962 0001:00057156
 23963 0001:00057160 23965 0001:00057177 23966 0001:00057186 23967 0001:00057194
 23968 0001:000571A2 23969 0001:000571B0 23963 0001:000571B1 23970 0001:000571B9
 23972 0001:000571D0 23973 0001:000571DF 23974 0001:000571ED 23975 0001:000571FB
 23970 0001:000571FC 23979 0001:00057204 23981 0001:0005720F 23982 0001:00057217
 23983 0001:0005721D 23984 0001:0005722B 23985 0001:00057231 23986 0001:0005723F
 23987 0001:00057245 23988 0001:00057253 23989 0001:00057259 23990 0001:00057267
 23992 0001:0005726D 23993 0001:0005727C 23994 0001:0005728B 23995 0001:0005729A
 23996 0001:000572A9 23998 0001:000572C5 23999 0001:000572CD 24000 0001:000572D5
 24001 0001:000572DD 24002 0001:000572E5 24004 0001:000572ED 24007 0001:000572F6
 24008 0001:0005730D 24011 0001:00057320 24018 0001:00057378 24021 0001:000575D0
 24022 0001:000575D6 24024 0001:000575D8 24025 0001:000575E6 24027 0001:000575F5
 24029 0001:000575FB 24032 0001:00057613 24033 0001:0005761E 24037 0001:00057627
 24038 0001:00057635 24042 0001:0005763E 24043 0001:0005764C 24047 0001:00057655
 24048 0001:0005765C 24057 0001:00057667 24061 0001:00057672 24063 0001:00057692
 24065 0001:00057694 24066 0001:0005769B 24067 0001:000576A2 24068 0001:000576AB
 24069 0001:000576B9 24077 0001:000576C5 24081 0001:000576CC 24082 0001:000576D2
 24084 0001:000576D4 24085 0001:000576E2 24087 0001:000576F5 24089 0001:000576FF
 24092 0001:0005773B 24093 0001:0005774B 24097 0001:00057757 24098 0001:00057767
 24102 0001:00057773 24103 0001:00057783 24107 0001:0005778C 24108 0001:0005779C
 24112 0001:000577A5 24113 0001:000577B5 24117 0001:000577BE 24118 0001:000577CE
 24122 0001:000577D7 24123 0001:000577DF 24132 0001:000577EA 24136 0001:000577F5
 24138 0001:00057815 24140 0001:00057817 24141 0001:0005781E 24142 0001:00057826
 24143 0001:0005782F 24144 0001:0005783D 24152 0001:00057849 24157 0001:00057850
 24158 0001:00057873 24159 0001:0005787D 24160 0001:0005788E 24162 0001:00057890
 24164 0001:000578C3 24166 0001:000578D3 24168 0001:000578E3 24170 0001:000578F3
 24172 0001:00057900 24175 0001:0005790B 24176 0001:0005793C 24181 0001:00057944
 24182 0001:00057967 24183 0001:00057971 24184 0001:00057982 24186 0001:00057984
 24188 0001:000579B7 24190 0001:000579C7 24192 0001:000579D7 24194 0001:000579E7
 24196 0001:000579F4 24199 0001:000579FF 24200 0001:00057A30 24203 0001:00057A38
 24205 0001:00057A40 24206 0001:00057A43 24208 0001:00057A52 24209 0001:00057A60
 24212 0001:00057A64 24217 0001:00057A69 24224 0001:00057A70 24225 0001:00057A79
 24227 0001:00057A83 24228 0001:00057A85 24229 0001:00057A88 24231 0001:00057A8D
 24232 0001:00057A93 24234 0001:00057A9B 24235 0001:00057A9E 24236 0001:00057AA1
 24240 0001:00057AAA 24245 0001:00057AB0 24248 0001:00057ABA 24249 0001:00057ABC
 24250 0001:00057AC2 24251 0001:00057AC9 24246 0001:00057AD5 24259 0001:00057ADC
 24260 0001:00057AE1 24263 0001:00057AE8 24264 0001:00057AF3 24265 0001:00057AF9
 24266 0001:00057B10 24269 0001:00057B14 24270 0001:00057B1D 24271 0001:00057B2F
 24277 0001:00057B38 24278 0001:00057B43 24280 0001:00057B48 24281 0001:00057B4A
 24282 0001:00057B4D 24285 0001:00057B51 24287 0001:00057B5D 24289 0001:00057B60
 24282 0001:00057B63 24291 0001:00057B67 24296 0001:00057B70 24297 0001:00057B8D
 24298 0001:00057B9B 24317 0001:00057BB0 24324 0001:00057BB8 24325 0001:00057BD8
 24327 0001:00057BEE 24331 0001:00057BFE 24332 0001:00057C0C 24333 0001:00057C0F
 24335 0001:00057C13 24336 0001:00057C18 24337 0001:00057C2C 24339 0001:00057C30
 24340 0001:00057C3A 24342 0001:00057C42 24333 0001:00057C45 24345 0001:00057C6C
 24351 0001:00057C74 24354 0001:00057C7E 24360 0001:00057C80 24363 0001:00057C8A
 24388 0001:00057C8C 24389 0001:00057CAB 24390 0001:00057CB2 24391 0001:00057CBA
 24392 0001:00057CDF 24393 0001:00057D04 24395 0001:00057D29 24396 0001:00057D4E
 24397 0001:00057D73 24398 0001:00057D98 24401 0001:00057DBD 24402 0001:00057DE8
 24413 0001:00057DF5 24415 0001:00057E28 24416 0001:00057E4D 24417 0001:00057E72
 24418 0001:00057E97 24420 0001:00057EBC 24421 0001:00057EC8 24434 0001:00057EFE
 24440 0001:00058184 24445 0001:000581F4 24436 0001:0005821C 24437 0001:00058225
 24439 0001:0005822A

Line numbers for DbxOpenOdbcStatic(DbxOpenOdbcStatic.pas) segment .text

    83 0001:0005822C    84 0001:00058236    90 0001:00058238    91 0001:00058251
    92 0001:00058280    94 0001:00058288    95 0001:000582B5   101 0001:000582D4
   102 0001:000582EF   103 0001:00058329   105 0001:00058331   106 0001:00058366
   112 0001:00058388   113 0001:0005838E   114 0001:0005839F   116 0001:000583A8
   117 0001:000583AB   127 0001:000583B0   128 0001:000583CA   129 0001:000583D8
   130 0001:000583FE   132 0001:0005842F   134 0001:00058446   136 0001:00058453
   138 0001:00058459   139 0001:00058461   272 0001:00058466   274 0001:00058475
   277 0001:00058485   279 0001:00058494   283 0001:000584A1   285 0001:000584B0
   288 0001:000584BD   290 0001:000584CC   294 0001:000584D9   296 0001:000584E8
   299 0001:000584F5   301 0001:00058504   305 0001:00058511   306 0001:0005853B
   308 0001:000585F0   313 0001:000585F8   315 0001:00058609   316 0001:00058610
   319 0001:00058616   320 0001:00058627   325 0001:00058630   327 0001:00058639
   328 0001:00058640   330 0001:00058648   331 0001:00058654   332 0001:0005865E
   334 0001:00058666   337 0001:00058670   338 0001:00058677   340 0001:0005867F
   341 0001:00058689   342 0001:00058693   343 0001:0005869D   345 0001:000586A7
   351 0001:000586A8   354 0001:000586B6   364 0001:0005872A   365 0001:00058736
   367 0001:0005873F   368 0001:00058747   371 0001:00058748   375 0001:0005874D
   376 0001:0005875E   386 0001:000587EA   387 0001:000587F6   389 0001:000587FF
   390 0001:00058807   393 0001:00058808   395 0001:0005880D   405 0001:000588D0
   407 0001:00058903   397 0001:00058908   398 0001:00058917   399 0001:0005891C
   400 0001:00058926   402 0001:0005894D   404 0001:00058972

Line numbers for dbxoodbc_emb(.\..\..\..\source\packages\pkg\dbxoodbc.dpk) segment .text

    77 0001:00058BD4

Bound resource files

dbxoodbc_man_icn.res
dbxoodbc_ver.res
C:\TEMP\dtfF32.tmp


Program entry point at 0001:00058BD4
