
 Start         Length     Name                   Class
 0001:00000000 0000AF50H .text                   CODE
 0002:00000000 00000690H .data                   DATA
 0002:00000690 00000105H .bss                    BSS


Detailed map of segments

 0001:00000000 0000024E C=CODE     S=.text    G=(none)   M=System   ACBP=A9
 0001:00000250 000001EC C=CODE     S=.text    G=(none)   M=SysInit  ACBP=A9
 0001:0000043C 000000A8 C=CODE     S=.text    G=(none)   M=Windows  ACBP=A9
 0001:000004E4 0000000E C=CODE     S=.text    G=(none)   M=Types    ACBP=A9
 0001:000004F4 000000EE C=CODE     S=.text    G=(none)   M=SysUtils ACBP=A9
 0001:000005E4 0000000E C=CODE     S=.text    G=(none)   M=SysConst ACBP=A9
 0001:000005F4 0000012E C=CODE     S=.text    G=(none)   M=Classes  ACBP=A9
 0001:00000724 0000000E C=CODE     S=.text    G=(none)   M=ActiveX  ACBP=A9
 0001:00000734 00000038 C=CODE     S=.text    G=(none)   M=Messages ACBP=A9
 0001:0000076C 0000001E C=CODE     S=.text    G=(none)   M=TypInfo  ACBP=A9
 0001:0000078C 000000B6 C=CODE     S=.text    G=(none)   M=Variants ACBP=A9
 0001:00000844 0000000E C=CODE     S=.text    G=(none)   M=VarUtils ACBP=A9
 0001:00000854 0000000E C=CODE     S=.text    G=(none)   M=RTLConsts ACBP=A9
 0001:00000864 0000000E C=CODE     S=.text    G=(none)   M=DBClient ACBP=A9
 0001:00000874 0000000E C=CODE     S=.text    G=(none)   M=SqlTimSt ACBP=A9
 0001:00000884 0000000E C=CODE     S=.text    G=(none)   M=DBConsts ACBP=A9
 0001:00000894 0000000E C=CODE     S=.text    G=(none)   M=DateUtils ACBP=A9
 0001:000008A4 0000000E C=CODE     S=.text    G=(none)   M=Math     ACBP=A9
 0001:000008B4 0000000E C=CODE     S=.text    G=(none)   M=Midas    ACBP=A9
 0001:000008C4 00000036 C=CODE     S=.text    G=(none)   M=DBCommon ACBP=A9
 0001:000008FC 00000616 C=CODE     S=.text    G=(none)   M=DB       ACBP=A9
 0001:00000F14 0000003E C=CODE     S=.text    G=(none)   M=FMTBcd   ACBP=A9
 0001:00000F54 0000000E C=CODE     S=.text    G=(none)   M=MaskUtils ACBP=A9
 0001:00000F64 0000000E C=CODE     S=.text    G=(none)   M=ComObj   ACBP=A9
 0001:00000F74 0000000E C=CODE     S=.text    G=(none)   M=ComConst ACBP=A9
 0001:00000F84 0000000E C=CODE     S=.text    G=(none)   M=DSIntf   ACBP=A9
 0001:00000F94 0000000E C=CODE     S=.text    G=(none)   M=MidConst ACBP=A9
 0001:00000FA4 00000046 C=CODE     S=.text    G=(none)   M=Provider ACBP=A9
 0001:00000FEC 0000000E C=CODE     S=.text    G=(none)   M=DataBkr  ACBP=A9
 0001:00000FFC 0000000E C=CODE     S=.text    G=(none)   M=DBXpress ACBP=A9
 0001:0000100C 00000296 C=CODE     S=.text    G=(none)   M=SqlExpr  ACBP=A9
 0001:000012A4 0000000E C=CODE     S=.text    G=(none)   M=DBConnAdmin ACBP=A9
 0001:000012B4 0000000E C=CODE     S=.text    G=(none)   M=IniFiles ACBP=A9
 0001:000012C4 0000000E C=CODE     S=.text    G=(none)   M=SqlConst ACBP=A9
 0001:000012D4 0000000E C=CODE     S=.text    G=(none)   M=Registry ACBP=A9
 0001:000012E4 000077D7 C=CODE     S=.text    G=(none)   M=Dbx23Fix ACBP=A9
 0001:00008ABC 00001970 C=CODE     S=.text    G=(none)   M=DbxOpenOdbcApiHook ACBP=A9
 0001:0000A42C 00000965 C=CODE     S=.text    G=(none)   M=DbxDBFix ACBP=A9
 0001:0000AD94 0000004C C=CODE     S=.text    G=(none)   M=DbxXXDrv ACBP=A9
 0001:0000ADE0 0000016D C=CODE     S=.text    G=(none)   M=dbxoodbc ACBP=A9
 0002:00000000 0000002C C=DATA     S=.data    G=DGROUP   M=SysInit  ACBP=A9
 0002:0000002C 000000CC C=DATA     S=.data    G=DGROUP   M=Dbx23Fix ACBP=A9
 0002:000000F8 00000540 C=DATA     S=.data    G=DGROUP   M=DbxOpenOdbcApiHook ACBP=A9
 0002:00001000 00000010 C=BSS      S=.bss     G=DGROUP   M=SysInit  ACBP=A9
 0002:00001010 00000004 C=BSS      S=.bss     G=DGROUP   M=Windows  ACBP=A9
 0002:00001014 00000004 C=BSS      S=.bss     G=DGROUP   M=Messages ACBP=A9
 0002:00001018 0000009C C=BSS      S=.bss     G=DGROUP   M=Dbx23Fix ACBP=A9
 0002:000010B4 00000004 C=BSS      S=.bss     G=DGROUP   M=DbxOpenOdbcApiHook ACBP=A9
 0002:000010B8 00000048 C=BSS      S=.bss     G=DGROUP   M=DbxDBFix ACBP=A9
 0002:00001100 00000004 C=BSS      S=.bss     G=DGROUP   M=DbxXXDrv ACBP=A9


  Address         Publics by Name

 0002:000010B8       .1
 0002:00001008       .1
 0002:00001100       .1
 0002:00001014       .1
 0002:000010B4       .2
 0002:00001018       .2
 0002:00001010       .3
 0001:0000AF28       @GetPackageInfoTable
 0001:00000388       @InitPkg
 0001:0000AF30       @PackageLoad
 0001:000003EC       @PackageLoad
 0001:000003F8       @PackageUnload
 0001:0000AF3C       @PackageUnload
 0001:00005A9C       AddExtraFieldProps
 0001:00005BF0       AddFieldDesc
 0001:00005D50       AddMinMax
 0001:00000288       AllocTlsBuffer
 0002:0000002C       bFixedSqlExpr
 0002:00000030       bFixedUnicode
 0002:000010D4       BlobField_SetVarValue
 0001:00004C14       BufferToByteArray
 0001:00004CC8       ByteArrayToBuffer
 0001:000084FC       CalcUnits
 0001:000036B4       CalcUnits
 0001:00002AC8       CheckDetail
 0001:00005CC4       ComputeInfoCount
 0001:000004A4       CopyMemory
 0001:000054BC       CopyWideString
 0001:00004BCC       DateTimeToNative
 0001:00008AAC       Dbx23Fix
 0001:0000AD80       DbxDBFix
 0001:0000AF48       dbxoodbc
 0001:0000A424       DbxOpenOdbcApiHook
 0001:0000ADD8       DbxXXDrv
 0001:0000043C       DeleteCriticalSection
 0001:00000444       EnterCriticalSection
 0001:00000334       ExitProcessTLS
 0001:0000030C       ExitThreadTLS
 0002:000000CC       ExtraFieldProps
 0002:000010C4       FieldAccess_FindField
 0001:00002C8C       FieldsInQuery
 0002:000010E4       Field_AssignValue
 0001:0000AD48       Finalization
 0001:000004AC       Finalization
 0001:0000ADA8       Finalization
 0001:00008A58       Finalization
 0001:00000734       Finalization
 0001:00000404       Finalization
 0001:0000A3F4       Finalization
 0001:0000A318       FindVirtualMethodIndex
 0001:00006930       FixParams
 0001:0000A7A4       FIX_TBLOBFIELD_SETVARVALUE
 0001:0000A574       FIX_TFIELDS_FINDFIELD
 0001:0000AAB8       FIX_TFIELD_ASSIGNVALUE
 0001:0000A6B0       FIX_TINTEGERFIELD_GETISNULL
 0001:0000A938       FIX_TSTRINGFIELD_GETVALUE
 0001:0000A42C       FIX_TSTRINGFIELD_SETASANSISTRING
 0001:0000AC4C       FIX_TWIDESTRINGFIELD_GETASVARIANT
 0001:0000ABE0       FIX_TWIDESTRINGFIELD_GETASWIDESTRING
 0001:0000AB7C       FIX_TWIDESTRINGFIELD_GETDATASIZE
 0001:0000044C       FlushInstructionCache
 0001:00000250       FreeLibrary
 0001:0000A3B8       FxtGetStubAddress
 0001:000042E4       GetBlobSize
 0001:00006A94       GetConnectionForStatement
 0001:00000454       GetCurrentProcess
 0001:0000045C       GetModuleHandle
 0001:000091BC       GetNativeAddr
 0001:00007D9C       GetNativeAddr
 0001:000015F4       GetParamData
 0001:00000464       GetProcAddress
 0001:00007268       GetSQLToken
 0001:00007D74       GetTableNameFromSQLFix
 0001:000033D0       GetTableScope
 0001:00000294       GetTlsSize
 0001:0000046C       GetVersion
 0001:0000A258       GetVirtualMethodAddress
 0001:0000A390       GetVirtualMethodOffset
 0002:00001004       HInstance
 0001:00008F4C       HookCode
 0001:0000907C       HookProc
 0001:00000474       InitializeCriticalSection
 0001:00000358       InitializeModule
 0001:000002E0       InitProcessTLS
 0001:0000029C       InitThreadTLS
 0001:00007F5C       InstallFix
 0001:0000ACF4       INSTALL_FIXES
 0001:0000A8F8       INSTALL_FIX_TBLOBFIELD_SETVARVALUE
 0001:0000A670       INSTALL_FIX_TFIELDS_FINDFIELD
 0001:0000AB44       INSTALL_FIX_TFIELD_ASSIGNVALUE
 0001:0000A6FC       INSTALL_FIX_TINTEGERFIELD_GETISNULL
 0001:0000AA78       INSTALL_FIX_TSTRINGFIELD_GETVALUE
 0001:0000A530       INSTALL_FIX_TSTRINGFIELD_SETASANSISTRING
 0001:0000ACB4       INSTALL_FIX_TWIDESTRINGFIELD_GETASVARIANT
 0001:0000AC0C       INSTALL_FIX_TWIDESTRINGFIELD_GETASWIDESTRING
 0001:0000ABA0       INSTALL_FIX_TWIDESTRINGFIELD_GETDATASIZE
 0002:000010CC       IntegerField_GetIsNull
 0001:0000AD94       IsDbxDrvFixed
 0001:00006EE8       isDigit
 0001:000093DC       IsJumpFromCode
 0001:00006DE8       IsLiteral
 0001:00007A70       IsMultiTableQueryEx
 0001:00007D24       IsMultiTableQueryFix
 0001:00006DB4       IsNameDelimiter
 0002:00001064       jmp_GetTableNameFromSQL
 0002:0000105C       jmp_IsMultiTableQuery
 0002:00001054       jmp_NextSQLToken
 0002:00001074       jmp_TCustomSQLDataSet_AddFieldDesc
 0002:00001044       jmp_TCustomSQLDataSet_ExecuteStatement
 0002:0000107C       jmp_TCustomSQLDataSet_GetFieldData1
 0002:0000103C       jmp_TCustomSQLDataSet_OpenSchema
 0002:0000102C       jmp_TCustomSQLDataSet_PrepareStatement
 0002:00001034       jmp_TCustomSQLDataSet_PSGetDefaultOrder
 0002:000010AC       jmp_TDataPacketWriterFix_AddColumn
 0002:0000101C       jmp_TDataSetProvider_InternalGetRecords
 0002:00001084       jmp_TDataSet_DataConvert
 0002:0000108C       jmp_TDataSet_GetFieldData2
 0002:0000104C       jmp_TParams_ParseSQL
 0002:0000109C       jmp_TParam_GetData
 0002:00001094       jmp_TParam_GetDataSize
 0002:00001024       jmp_TSQLConnection_CloneConnection
 0002:0000106C       jmp_TSQLConnection_Execute
 0002:000010A4       jmp_TWideStringField_GetDataSize
 0001:00009200       JumpFromCode
 0001:00007DC0       JumpFromCode
 0001:0000047C       LeaveCriticalSection
 0001:00004634       LoadFieldDef
 0001:00000484       LoadLibrary
 0001:00000258       LocalAlloc
 0001:00000260       LocalFree
 0001:00000764       Messages
 0002:00000004       Module
 0002:00001000       ModuleIsLib
 0002:00001001       ModuleIsPackage
 0001:00006DD8       NameDelimiter
 0001:00004B40       NativeToDateTime
 0001:0000682C       NextPiece
 0001:000076C0       NextSQLTokenFix
 0001:000071AC       NextTokenIs
 0001:00004214       NormalizeBcdData
 0002:000000F8       Opcodes1
 0002:000002F8       Opcodes2
 0002:000004F8       Opcodes3
 0002:00000034       PacketTypeMap
 0001:000050EC       ReadDataFromBlobField
 0001:00004F6C       ReadDataFromBlobStream
 0001:000092F0       RestoreSavedCode
 0001:00007E84       RestoreSavedCode
 0001:00008ED4       SaveOldFunction
 0001:0000049C       SetCursor
 0001:000037C8       SetProcedureParams
 0001:00003DBC       SetQueryParams
 0001:00002F00       SetSchemaOption
 0001:0000A284       SetVirtualMethodAddress
 0001:00008B44       SizeOfCode
 0001:00008E90       SizeOfProc
 0001:000076A4       StartToken
 0002:000010DC       StringField_GetValue
 0002:000010BC       StringField_SetAsAnsiString
 0001:00006E08       StripChar
 0001:00006E74       StripLiterals
 0001:00000434       SysInit
 0001:0000A73C       TBlobField_SetData
 0001:000046D4       TCustomSQLDataSetFixD7.AddFieldDesc
 0001:0000274C       TCustomSQLDataSetFixD7.AddQuoteCharToObjectName
 0001:00006B2C       TCustomSQLDataSetFixD7.CheckStatement
 0001:000040D4       TCustomSQLDataSetFixD7.ExecuteStatement
 0001:0000434C       TCustomSQLDataSetFixD7.GetFieldData
 0001:0000281C       TCustomSQLDataSetFixD7.GetQueryFromType
 0001:00003400       TCustomSQLDataSetFixD7.OpenSchema
 0001:00002B6C       TCustomSQLDataSetFixD7.PrepareStatement
 0001:00002DCC       TCustomSQLDataSetFixD7.PSGetDefaultOrder
 0001:00006010       TDataPacketWriterFix.AddColumn
 0001:00004D58       TDataSetFix.DataConvert
 0001:0000513C       TDataSetFix.GetFieldData
 0001:000021A4       TDataSetProviderFix.CheckDataSet
 0001:00001FB4       TDataSetProviderFix.InternalGetRecords
 0001:0000213C       TDataSetProviderFix.Reset
 0001:00009898       TIATPatch.BuildIATPatchList
 0001:00009EC4       TIATPatch.Clear
 0001:000094BC       TIATPatch.CompareLibraryNames
 0001:0000A154       TIATPatch.Create
 0001:00009DD8       TIATPatch.Delete
 0001:0000A1BC       TIATPatch.Destroy
 0001:00009668       TIATPatch.EnumIATList
 0001:00009C94       TIATPatch.Find
 0001:0000A0FC       TIATPatch.GetCount
 0001:00009FF4       TIATPatch.GetPatchRecord
 0001:0000A054       TIATPatch.GetUnpatchOnFree
 0001:00009470       TIATPatch.ListContainsIAT
 0001:0000942C       TIATPatch.NextFunctionName
 0001:00009A5C       TIATPatch.Patch
 0001:0000A0A8       TIATPatch.SetUnpatchOnFree
 0001:0000992C       TIATPatch.Unpatch
 0001:0000959C       TIATPatch.UpdateEntry
 0001:00009610       TIATPatch.UpdatePatch
 0001:00000268       TlsAlloc
 0002:0000100C       tlsBuffer
 0001:00000270       TlsFree
 0001:00000278       TlsGetValue
 0002:00000000       TlsIndex
 0002:FFBF4000       TlsLast
 0002:0000001C       TlsProc
 0001:00000280       TlsSetValue
 0001:0000553C       TParamFix.GetData
 0001:000052D4       TParamFix.GetDataSize
 0001:00006F4C       TParamsFix.ParseSQL
 0001:000021F8       TSQLConnectionFix.CloneConnection
 0001:0000243C       TSQLConnectionFix.Execute
 0001:000026E4       TSQLConnectionFix.GetQuoteChar
 0001:000085C4       TSQLStoredProc.PrepareStatement
 0001:000058E8       TWideStringFieldFix.GetDataSize
 0001:000090E4       UnhookCode
 0001:00000364       UninitializeModule
 0001:00008330       UnInstallFix
 0001:0000048C       VirtualProtect
 0001:00000494       VirtualProtect
 0002:000010F8       WideStringField_GetAsVariant
 0002:000010F0       WideStringField_GetAsWideString
 0002:000010E8       WideStringField_GetDataSize
 0001:000004DC       Windows
 0001:00005A60       WriteProp


  Address         Publics by Value

 0002:FFBF4000       TlsLast
 0001:00000250       FreeLibrary
 0001:00000258       LocalAlloc
 0001:00000260       LocalFree
 0001:00000268       TlsAlloc
 0001:00000270       TlsFree
 0001:00000278       TlsGetValue
 0001:00000280       TlsSetValue
 0001:00000288       AllocTlsBuffer
 0001:00000294       GetTlsSize
 0001:0000029C       InitThreadTLS
 0001:000002E0       InitProcessTLS
 0001:0000030C       ExitThreadTLS
 0001:00000334       ExitProcessTLS
 0001:00000358       InitializeModule
 0001:00000364       UninitializeModule
 0001:00000388       @InitPkg
 0001:000003EC       @PackageLoad
 0001:000003F8       @PackageUnload
 0001:00000404       Finalization
 0001:00000434       SysInit
 0001:0000043C       DeleteCriticalSection
 0001:00000444       EnterCriticalSection
 0001:0000044C       FlushInstructionCache
 0001:00000454       GetCurrentProcess
 0001:0000045C       GetModuleHandle
 0001:00000464       GetProcAddress
 0001:0000046C       GetVersion
 0001:00000474       InitializeCriticalSection
 0001:0000047C       LeaveCriticalSection
 0001:00000484       LoadLibrary
 0001:0000048C       VirtualProtect
 0001:00000494       VirtualProtect
 0001:0000049C       SetCursor
 0001:000004A4       CopyMemory
 0001:000004AC       Finalization
 0001:000004DC       Windows
 0001:00000734       Finalization
 0001:00000764       Messages
 0001:000015F4       GetParamData
 0001:00001FB4       TDataSetProviderFix.InternalGetRecords
 0001:0000213C       TDataSetProviderFix.Reset
 0001:000021A4       TDataSetProviderFix.CheckDataSet
 0001:000021F8       TSQLConnectionFix.CloneConnection
 0001:0000243C       TSQLConnectionFix.Execute
 0001:000026E4       TSQLConnectionFix.GetQuoteChar
 0001:0000274C       TCustomSQLDataSetFixD7.AddQuoteCharToObjectName
 0001:0000281C       TCustomSQLDataSetFixD7.GetQueryFromType
 0001:00002AC8       CheckDetail
 0001:00002B6C       TCustomSQLDataSetFixD7.PrepareStatement
 0001:00002C8C       FieldsInQuery
 0001:00002DCC       TCustomSQLDataSetFixD7.PSGetDefaultOrder
 0001:00002F00       SetSchemaOption
 0001:000033D0       GetTableScope
 0001:00003400       TCustomSQLDataSetFixD7.OpenSchema
 0001:000036B4       CalcUnits
 0001:000037C8       SetProcedureParams
 0001:00003DBC       SetQueryParams
 0001:000040D4       TCustomSQLDataSetFixD7.ExecuteStatement
 0001:00004214       NormalizeBcdData
 0001:000042E4       GetBlobSize
 0001:0000434C       TCustomSQLDataSetFixD7.GetFieldData
 0001:00004634       LoadFieldDef
 0001:000046D4       TCustomSQLDataSetFixD7.AddFieldDesc
 0001:00004B40       NativeToDateTime
 0001:00004BCC       DateTimeToNative
 0001:00004C14       BufferToByteArray
 0001:00004CC8       ByteArrayToBuffer
 0001:00004D58       TDataSetFix.DataConvert
 0001:00004F6C       ReadDataFromBlobStream
 0001:000050EC       ReadDataFromBlobField
 0001:0000513C       TDataSetFix.GetFieldData
 0001:000052D4       TParamFix.GetDataSize
 0001:000054BC       CopyWideString
 0001:0000553C       TParamFix.GetData
 0001:000058E8       TWideStringFieldFix.GetDataSize
 0001:00005A60       WriteProp
 0001:00005A9C       AddExtraFieldProps
 0001:00005BF0       AddFieldDesc
 0001:00005CC4       ComputeInfoCount
 0001:00005D50       AddMinMax
 0001:00006010       TDataPacketWriterFix.AddColumn
 0001:0000682C       NextPiece
 0001:00006930       FixParams
 0001:00006A94       GetConnectionForStatement
 0001:00006B2C       TCustomSQLDataSetFixD7.CheckStatement
 0001:00006DB4       IsNameDelimiter
 0001:00006DD8       NameDelimiter
 0001:00006DE8       IsLiteral
 0001:00006E08       StripChar
 0001:00006E74       StripLiterals
 0001:00006EE8       isDigit
 0001:00006F4C       TParamsFix.ParseSQL
 0001:000071AC       NextTokenIs
 0001:00007268       GetSQLToken
 0001:000076A4       StartToken
 0001:000076C0       NextSQLTokenFix
 0001:00007A70       IsMultiTableQueryEx
 0001:00007D24       IsMultiTableQueryFix
 0001:00007D74       GetTableNameFromSQLFix
 0001:00007D9C       GetNativeAddr
 0001:00007DC0       JumpFromCode
 0001:00007E84       RestoreSavedCode
 0001:00007F5C       InstallFix
 0001:00008330       UnInstallFix
 0001:000084FC       CalcUnits
 0001:000085C4       TSQLStoredProc.PrepareStatement
 0001:00008A58       Finalization
 0001:00008AAC       Dbx23Fix
 0001:00008B44       SizeOfCode
 0001:00008E90       SizeOfProc
 0001:00008ED4       SaveOldFunction
 0001:00008F4C       HookCode
 0001:0000907C       HookProc
 0001:000090E4       UnhookCode
 0001:000091BC       GetNativeAddr
 0001:00009200       JumpFromCode
 0001:000092F0       RestoreSavedCode
 0001:000093DC       IsJumpFromCode
 0001:0000942C       TIATPatch.NextFunctionName
 0001:00009470       TIATPatch.ListContainsIAT
 0001:000094BC       TIATPatch.CompareLibraryNames
 0001:0000959C       TIATPatch.UpdateEntry
 0001:00009610       TIATPatch.UpdatePatch
 0001:00009668       TIATPatch.EnumIATList
 0001:00009898       TIATPatch.BuildIATPatchList
 0001:0000992C       TIATPatch.Unpatch
 0001:00009A5C       TIATPatch.Patch
 0001:00009C94       TIATPatch.Find
 0001:00009DD8       TIATPatch.Delete
 0001:00009EC4       TIATPatch.Clear
 0001:00009FF4       TIATPatch.GetPatchRecord
 0001:0000A054       TIATPatch.GetUnpatchOnFree
 0001:0000A0A8       TIATPatch.SetUnpatchOnFree
 0001:0000A0FC       TIATPatch.GetCount
 0001:0000A154       TIATPatch.Create
 0001:0000A1BC       TIATPatch.Destroy
 0001:0000A258       GetVirtualMethodAddress
 0001:0000A284       SetVirtualMethodAddress
 0001:0000A318       FindVirtualMethodIndex
 0001:0000A390       GetVirtualMethodOffset
 0001:0000A3B8       FxtGetStubAddress
 0001:0000A3F4       Finalization
 0001:0000A424       DbxOpenOdbcApiHook
 0001:0000A42C       FIX_TSTRINGFIELD_SETASANSISTRING
 0001:0000A530       INSTALL_FIX_TSTRINGFIELD_SETASANSISTRING
 0001:0000A574       FIX_TFIELDS_FINDFIELD
 0001:0000A670       INSTALL_FIX_TFIELDS_FINDFIELD
 0001:0000A6B0       FIX_TINTEGERFIELD_GETISNULL
 0001:0000A6FC       INSTALL_FIX_TINTEGERFIELD_GETISNULL
 0001:0000A73C       TBlobField_SetData
 0001:0000A7A4       FIX_TBLOBFIELD_SETVARVALUE
 0001:0000A8F8       INSTALL_FIX_TBLOBFIELD_SETVARVALUE
 0001:0000A938       FIX_TSTRINGFIELD_GETVALUE
 0001:0000AA78       INSTALL_FIX_TSTRINGFIELD_GETVALUE
 0001:0000AAB8       FIX_TFIELD_ASSIGNVALUE
 0001:0000AB44       INSTALL_FIX_TFIELD_ASSIGNVALUE
 0001:0000AB7C       FIX_TWIDESTRINGFIELD_GETDATASIZE
 0001:0000ABA0       INSTALL_FIX_TWIDESTRINGFIELD_GETDATASIZE
 0001:0000ABE0       FIX_TWIDESTRINGFIELD_GETASWIDESTRING
 0001:0000AC0C       INSTALL_FIX_TWIDESTRINGFIELD_GETASWIDESTRING
 0001:0000AC4C       FIX_TWIDESTRINGFIELD_GETASVARIANT
 0001:0000ACB4       INSTALL_FIX_TWIDESTRINGFIELD_GETASVARIANT
 0001:0000ACF4       INSTALL_FIXES
 0001:0000AD48       Finalization
 0001:0000AD80       DbxDBFix
 0001:0000AD94       IsDbxDrvFixed
 0001:0000ADA8       Finalization
 0001:0000ADD8       DbxXXDrv
 0001:0000AF28       @GetPackageInfoTable
 0001:0000AF30       @PackageLoad
 0001:0000AF3C       @PackageUnload
 0001:0000AF48       dbxoodbc
 0002:00000000       TlsIndex
 0002:00000004       Module
 0002:0000001C       TlsProc
 0002:0000002C       bFixedSqlExpr
 0002:00000030       bFixedUnicode
 0002:00000034       PacketTypeMap
 0002:000000CC       ExtraFieldProps
 0002:000000F8       Opcodes1
 0002:000002F8       Opcodes2
 0002:000004F8       Opcodes3
 0002:00001000       ModuleIsLib
 0002:00001001       ModuleIsPackage
 0002:00001004       HInstance
 0002:00001008       .1
 0002:0000100C       tlsBuffer
 0002:00001010       .3
 0002:00001014       .1
 0002:00001018       .2
 0002:0000101C       jmp_TDataSetProvider_InternalGetRecords
 0002:00001024       jmp_TSQLConnection_CloneConnection
 0002:0000102C       jmp_TCustomSQLDataSet_PrepareStatement
 0002:00001034       jmp_TCustomSQLDataSet_PSGetDefaultOrder
 0002:0000103C       jmp_TCustomSQLDataSet_OpenSchema
 0002:00001044       jmp_TCustomSQLDataSet_ExecuteStatement
 0002:0000104C       jmp_TParams_ParseSQL
 0002:00001054       jmp_NextSQLToken
 0002:0000105C       jmp_IsMultiTableQuery
 0002:00001064       jmp_GetTableNameFromSQL
 0002:0000106C       jmp_TSQLConnection_Execute
 0002:00001074       jmp_TCustomSQLDataSet_AddFieldDesc
 0002:0000107C       jmp_TCustomSQLDataSet_GetFieldData1
 0002:00001084       jmp_TDataSet_DataConvert
 0002:0000108C       jmp_TDataSet_GetFieldData2
 0002:00001094       jmp_TParam_GetDataSize
 0002:0000109C       jmp_TParam_GetData
 0002:000010A4       jmp_TWideStringField_GetDataSize
 0002:000010AC       jmp_TDataPacketWriterFix_AddColumn
 0002:000010B4       .2
 0002:000010B8       .1
 0002:000010BC       StringField_SetAsAnsiString
 0002:000010C4       FieldAccess_FindField
 0002:000010CC       IntegerField_GetIsNull
 0002:000010D4       BlobField_SetVarValue
 0002:000010DC       StringField_GetValue
 0002:000010E4       Field_AssignValue
 0002:000010E8       WideStringField_GetDataSize
 0002:000010F0       WideStringField_GetAsWideString
 0002:000010F8       WideStringField_GetAsVariant
 0002:00001100       .1


Line numbers for SysInit(SysInit.pas) segment .text

    93 0001:00000250   102 0001:00000258   105 0001:00000260   108 0001:00000268
   111 0001:00000270   114 0001:00000278   117 0001:00000280   128 0001:00000288
   129 0001:00000290   285 0001:00000294   286 0001:00000299   293 0001:0000029C
   294 0001:0000029D   295 0001:000002A4   299 0001:000002A8   300 0001:000002BB
   301 0001:000002C2   302 0001:000002C6   304 0001:000002D2   305 0001:000002DE
   310 0001:000002E0   312 0001:000002E9   313 0001:000002F3   314 0001:000002F8
   315 0001:00000308   321 0001:0000030C   323 0001:00000315   324 0001:0000031E
   325 0001:00000329   326 0001:0000032D   328 0001:00000333   332 0001:00000334
   334 0001:0000033D   335 0001:00000342   336 0001:0000034B   337 0001:00000356
   423 0001:00000358   424 0001:00000362   428 0001:00000364   429 0001:0000036E
   430 0001:0000037F   431 0001:00000385   495 0001:00000388   496 0001:00000393
   497 0001:0000039A   498 0001:000003A1   499 0001:000003A6   500 0001:000003AE
   501 0001:000003B6   502 0001:000003BB   503 0001:000003C4   504 0001:000003CD
   505 0001:000003D2   506 0001:000003D9   507 0001:000003DD   508 0001:000003E2
   509 0001:000003E5   540 0001:000003EC   541 0001:000003F6   545 0001:000003F8
   546 0001:00000402   840 0001:00000434   840 0001:0000043B

Line numbers for Dbx23Fix(Dbx23Fix.pas) segment .text

   294 0001:000015F4   295 0001:00001617   298 0001:0000161B   300 0001:0000162F
   301 0001:00001653   304 0001:0000165F   306 0001:0000168E   698 0001:00001FB4
   699 0001:00001FC9   700 0001:00001FD7   702 0001:00001FDC   704 0001:00001FE4
   706 0001:00001FF7   708 0001:00002009   709 0001:00002017   711 0001:00002021
   713 0001:0000202C   714 0001:0000203A   715 0001:00002042   717 0001:0000204D
   718 0001:0000205B   719 0001:0000206F   720 0001:0000207D   722 0001:00002098
   723 0001:000020A6   725 0001:000020C5   727 0001:000020D7   729 0001:000020EA
   731 0001:000020FA   735 0001:0000211F   736 0001:00002127   738 0001:00002131
   741 0001:0000213C   742 0001:0000213F   743 0001:00002146   745 0001:0000214F
   746 0001:0000215A   747 0001:00002165   749 0001:0000216C   750 0001:00002180
   751 0001:0000218F   752 0001:0000219A   753 0001:000021A2   756 0001:000021A4
   757 0001:000021B7   758 0001:000021F4   862 0001:000021F8   863 0001:00002217
   864 0001:00002222   866 0001:00002227   867 0001:00002229   868 0001:00002239
   869 0001:00002240   870 0001:00002247   871 0001:0000224B   872 0001:0000225C
   873 0001:00002267   874 0001:00002281   875 0001:00002292   876 0001:000022A3
   877 0001:000022B4   879 0001:000022CC   881 0001:000022E8   882 0001:000022EE
   884 0001:00002304   885 0001:00002310   886 0001:00002316   887 0001:00002322
   888 0001:00002335   890 0001:00002355   891 0001:00002361   894 0001:00002386
   895 0001:00002396   896 0001:00002399   897 0001:000023B2   896 0001:000023CA
   899 0001:000023CF   901 0001:0000240F  1209 0001:0000243C  1210 0001:00002467
  1211 0001:0000246C  1212 0001:0000247D  1214 0001:0000248B  1216 0001:00002495
  1217 0001:000024A3  1218 0001:000024AA  1220 0001:000024B9  1221 0001:000024DD
  1224 0001:000024E8  1225 0001:00002501  1227 0001:00002503  1228 0001:00002514
  1230 0001:0000251E  1231 0001:00002527  1232 0001:0000253D  1233 0001:00002542
  1234 0001:00002555  1235 0001:00002559  1236 0001:00002569  1237 0001:0000257C
  1238 0001:00002581  1239 0001:00002594  1240 0001:000025A4  1241 0001:000025A9
  1242 0001:000025BC  1245 0001:000025C7  1247 0001:000025CB  1250 0001:000025D3
  1251 0001:00002615  1252 0001:00002640  1247 0001:00002641  1254 0001:00002644
  1255 0001:0000264F  1258 0001:00002669  1259 0001:00002670  1260 0001:00002676
  1262 0001:00002680  1263 0001:00002688  1265 0001:000026CC  1272 0001:000026E4
  1275 0001:000026EC  1276 0001:000026F9  1277 0001:000026FF  1278 0001:00002704
  1279 0001:0000271E  1280 0001:0000272A  1281 0001:00002739  1283 0001:00002746
  1293 0001:0000274C  1297 0001:00002768  1298 0001:00002770  1299 0001:00002782
  1300 0001:0000278E  1301 0001:000027A4  1302 0001:000027A9  1303 0001:000027B4
  1304 0001:000027D9  1305 0001:000027DE  1306 0001:000027E9  1309 0001:00002811
  1316 0001:0000281C  1320 0001:0000283C  1322 0001:00002858  1323 0001:00002865
  1326 0001:0000286A  1330 0001:00002881  1331 0001:0000288A  1334 0001:000028C4
  1335 0001:000028E1  1336 0001:000028EA  1338 0001:0000290E  1339 0001:00002917
  1343 0001:0000292B  1344 0001:0000293F  1346 0001:00002979  1348 0001:00002996
  1362 0001:000029AA  1363 0001:000029B3  1366 0001:000029F0  1369 0001:00002A10
  1371 0001:00002A3A  1373 0001:00002A59  1377 0001:00002A88  1383 0001:00002AC8
  1387 0001:00002AE1  1388 0001:00002AEA  1389 0001:00002AFA  1390 0001:00002B15
  1393 0001:00002B4A  1397 0001:00002B6C  1401 0001:00002B87  1402 0001:00002B99
  1403 0001:00002BB1  1404 0001:00002BBB  1405 0001:00002BC6  1406 0001:00002BD8
  1407 0001:00002BF0  1408 0001:00002BFC  1410 0001:00002C1A  1411 0001:00002C36
  1414 0001:00002C87  1423 0001:00002C8C  1424 0001:00002CB6  1425 0001:00002CBA
  1426 0001:00002CC9  1427 0001:00002CD7  1428 0001:00002CE2  1429 0001:00002CF1
  1430 0001:00002CFF  1431 0001:00002D10  1432 0001:00002D1B  1434 0001:00002D2D
  1436 0001:00002D49  1437 0001:00002D4D  1439 0001:00002D59  1432 0001:00002D5A
  1441 0001:00002D6A  1444 0001:00002D87  1446 0001:00002DC4  1450 0001:00002DCC
  1454 0001:00002DE9  1455 0001:00002DF3  1456 0001:00002DF7  1457 0001:00002E0F
  1460 0001:00002E37  1461 0001:00002E43  1462 0001:00002E4F  1464 0001:00002E67
  1467 0001:00002EA3  1468 0001:00002EB3  1469 0001:00002ECC  1471 0001:00002ECE
  1462 0001:00002ECF  1475 0001:00002EF6  1493 0001:00002F00  1497 0001:00002F1D
  1498 0001:00002F1F  1499 0001:00002F33  1500 0001:00002F40  1501 0001:00002F4D
  1502 0001:00002F5A  1503 0001:00002F73  1504 0001:00002F8C  1506 0001:00002F96
  1507 0001:00002FB5  1508 0001:00002FBA  1510 0001:00002FC9  1511 0001:00002FD7
  1512 0001:00002FDD  1513 0001:00003007  1515 0001:0000301C  1516 0001:00003028
  1520 0001:00003050  1522 0001:00003055  1523 0001:00003086  1524 0001:0000308B
  1526 0001:0000309A  1527 0001:000030A8  1528 0001:000030AE  1529 0001:000030D8
  1531 0001:000030ED  1532 0001:000030F9  1536 0001:00003121  1538 0001:00003126
  1539 0001:00003157  1540 0001:0000315C  1541 0001:0000316B  1543 0001:00003184
  1544 0001:00003192  1545 0001:00003198  1546 0001:000031C2  1548 0001:000031D7
  1549 0001:000031E3  1553 0001:0000320B  1555 0001:00003210  1556 0001:00003241
  1557 0001:00003246  1558 0001:00003255  1560 0001:0000326F  1562 0001:00003277
  1563 0001:00003295  1564 0001:0000329B  1566 0001:000032A6  1567 0001:000032AE
  1568 0001:000032D2  1569 0001:000032D7  1591 0001:000032E6  1592 0001:000032F5
  1594 0001:00003309  1596 0001:00003311  1597 0001:0000332E  1598 0001:00003334
  1600 0001:0000333F  1602 0001:00003347  1603 0001:0000336B  1604 0001:00003370
  1607 0001:000033A1  1610 0001:000033D0  1611 0001:000033D7  1612 0001:000033D9
  1613 0001:000033DF  1614 0001:000033E2  1615 0001:000033E8  1616 0001:000033EB
  1617 0001:000033F1  1618 0001:000033F4  1619 0001:000033FA  1620 0001:000033FD
  1626 0001:00003400  1630 0001:0000341E  1631 0001:00003422  1632 0001:0000342E
  1633 0001:00003445  1634 0001:00003451  1636 0001:00003455  1637 0001:00003465
  1640 0001:0000346C  1643 0001:000034A6  1644 0001:000034BB  1648 0001:000034E6
  1651 0001:00003512  1657 0001:0000355B  1659 0001:00003582  1661 0001:0000358B
  1666 0001:000035B7  1672 0001:000035E2  1674 0001:00003609  1676 0001:0000360E
  1681 0001:00003644  1684 0001:00003679  1685 0001:0000367E  1688 0001:000036AE
  1695 0001:000036B4  1696 0001:000036E4  1697 0001:000036E8  1698 0001:000036F8
  1699 0001:000036FE  1702 0001:00003706  1703 0001:00003720  1705 0001:00003729
  1706 0001:0000372D  1707 0001:00003731  1708 0001:0000373E  1710 0001:00003744
  1711 0001:0000375C  1712 0001:00003764  1714 0001:0000376C  1700 0001:0000376D
  1716 0001:0000379B  1735 0001:000037C8  1736 0001:00003804  1737 0001:00003809
  1738 0001:00003828  1740 0001:00003844  1741 0001:00003849  1742 0001:00003857
  1743 0001:0000386B  1744 0001:0000387D  1745 0001:00003881  1746 0001:0000389F
  1747 0001:000038A1  1748 0001:000038AF  1749 0001:000038CE  1750 0001:000038D3
  1751 0001:00003906  1752 0001:0000390C  1754 0001:00003929  1756 0001:00003936
  1757 0001:0000393A  1758 0001:00003945  1759 0001:0000394F  1760 0001:00003959
  1761 0001:00003961  1762 0001:00003969  1764 0001:00003973  1765 0001:00003983
  1766 0001:00003997  1768 0001:000039AC  1770 0001:000039B2  1771 0001:000039DA
  1773 0001:000039E6  1775 0001:000039F0  1776 0001:000039F5  1777 0001:00003A00
  1778 0001:00003A14  1780 0001:00003A2C  1781 0001:00003A39  1782 0001:00003A4D
  1783 0001:00003A5D  1784 0001:00003A79  1786 0001:00003A83  1789 0001:00003ACE
  1790 0001:00003AD4  1791 0001:00003ADA  1794 0001:00003AEA  1796 0001:00003AF4
  1797 0001:00003B06  1803 0001:00003B12  1804 0001:00003B18  1807 0001:00003B1E
  1809 0001:00003B32  1810 0001:00003B38  1811 0001:00003B4E  1813 0001:00003B54
  1814 0001:00003B5A  1817 0001:00003B6E  1821 0001:00003B7F  1823 0001:00003BAE
  1824 0001:00003BB4  1825 0001:00003BCD  1826 0001:00003BD3  1828 0001:00003BEA
  1833 0001:00003C00  1834 0001:00003C11  1836 0001:00003C1D  1840 0001:00003C29
  1841 0001:00003C2D  1843 0001:00003C3E  1845 0001:00003C51  1846 0001:00003C5C
  1847 0001:00003C6F  1850 0001:00003C7F  1855 0001:00003C94  1856 0001:00003CB3
  1861 0001:00003CBB  1862 0001:00003CC6  1863 0001:00003CDD  1865 0001:00003CE4
  1868 0001:00003D2B  1869 0001:00003D30  1871 0001:00003D4B  1873 0001:00003D61
  1738 0001:00003D64  1874 0001:00003DB3  2014 0001:00003DBC  2015 0001:00003DE4
  2016 0001:00003DE9  2018 0001:00003E05  2019 0001:00003E0A  2020 0001:00003E27
  2021 0001:00003E35  2022 0001:00003E49  2023 0001:00003E5B  2024 0001:00003E62
  2025 0001:00003E80  2026 0001:00003E86  2027 0001:00003E88  2028 0001:00003E8D
  2029 0001:00003E9B  2030 0001:00003EBE  2031 0001:00003EC3  2032 0001:00003EF6
  2033 0001:00003F09  2034 0001:00003F0E  2036 0001:00003F15  2037 0001:00003F20
  2039 0001:00003F36  2042 0001:00003F85  2050 0001:00003F8B  2051 0001:00003F92
  2053 0001:00003FA9  2058 0001:00003FBE  2059 0001:00003FC0  2062 0001:00003FC7
  2064 0001:00003FCC  2066 0001:00003FE0  2068 0001:00003FF7  2071 0001:00003FFE
  2072 0001:00004002  2074 0001:00004006  2075 0001:00004011  2076 0001:0000401C
  2077 0001:00004020  2081 0001:0000402D  2083 0001:00004065  2084 0001:0000406A
  2086 0001:00004085  2088 0001:0000409B  2016 0001:0000409E  2089 0001:000040CC
  2094 0001:000040D4  2098 0001:000040D9  2100 0001:000040E8  2102 0001:000040FB
  2103 0001:00004106  2105 0001:00004127  2106 0001:00004132  2108 0001:00004149
  2110 0001:00004152  2111 0001:00004167  2112 0001:00004174  2113 0001:0000417D
  2114 0001:00004182  2115 0001:00004190  2116 0001:000041A1  2119 0001:000041B0
  2120 0001:000041CC  2121 0001:000041E6  2125 0001:000041F5  2126 0001:000041FF
  2127 0001:00004206  2130 0001:00004210  2136 0001:00004214  2137 0001:00004232
  2139 0001:0000423A  2140 0001:00004244  2142 0001:0000425B  2143 0001:00004260
  2145 0001:00004275  2147 0001:00004287  2148 0001:00004294  2149 0001:00004298
  2151 0001:000042A8  2153 0001:000042DC  2159 0001:000042E4  2160 0001:000042EB
  2161 0001:000042F0  2163 0001:000042F9  2164 0001:00004304  2165 0001:0000431B
  2166 0001:00004320  2167 0001:0000432B  2168 0001:00004332  2170 0001:00004337
  2171 0001:00004344  2180 0001:0000434C  2184 0001:0000436F  2185 0001:00004378
  2188 0001:0000438F  2190 0001:00004398  2191 0001:0000439A  2193 0001:0000439F
  2194 0001:000043A6  2195 0001:000043BD  2197 0001:000043C6  2199 0001:0000442F
  2202 0001:0000444B  2205 0001:00004467  2207 0001:00004483  2209 0001:0000449F
  2212 0001:000044BB  2213 0001:000044D2  2214 0001:000044DD  2216 0001:000044F8
  2218 0001:000044FE  2219 0001:00004509  2222 0001:00004515  2223 0001:00004520
  2225 0001:0000452A  2229 0001:0000453D  2231 0001:00004559  2233 0001:00004572
  2235 0001:0000458B  2237 0001:000045A4  2240 0001:000045BD  2241 0001:000045C6
  2242 0001:000045D0  2244 0001:000045D9  2248 0001:000045F1  2249 0001:000045F6
  2250 0001:00004601  2253 0001:0000462A  2261 0001:00004634  2264 0001:00004645
  2265 0001:00004648  2266 0001:0000465B  2267 0001:00004672  2280 0001:00004685
  2281 0001:00004698  2282 0001:000046AB  2283 0001:000046BE  2284 0001:000046C4
  2286 0001:000046CB  2298 0001:000046D4  2302 0001:00004703  2305 0001:00004718
  2306 0001:0000472D  2307 0001:00004738  2310 0001:0000473C  2311 0001:0000473D
  2308 0001:00004764  2313 0001:00004776  2316 0001:00004780  2317 0001:0000478F
  2319 0001:0000479F  2322 0001:000047A5  2324 0001:000047AB  2325 0001:000047AF
  2326 0001:000047B5  2330 0001:000047BB  2332 0001:000047C1  2334 0001:000047C7
  2336 0001:000047D5  2337 0001:000047DB  2340 0001:000047E1  2352 0001:000047E8
  2353 0001:000047EC  2355 0001:000047FC  2356 0001:0000480B  2357 0001:00004811
  2359 0001:00004815  2361 0001:0000482F  2362 0001:00004833  2363 0001:00004839
  2365 0001:0000484F  2366 0001:00004855  2368 0001:0000485B  2369 0001:00004862
  2372 0001:00004868  2373 0001:0000486A  2374 0001:0000486C  2375 0001:00004879
  2376 0001:0000488B  2377 0001:0000488F  2380 0001:000048E8  2381 0001:000048F1
  2382 0001:000048FA  2387 0001:000048FF  2391 0001:00004906  2392 0001:0000490E
  2397 0001:00004913  2399 0001:0000491F  2401 0001:00004926  2402 0001:0000492A
  2405 0001:00004930  2408 0001:0000493D  2409 0001:00004948  2413 0001:0000494E
  2414 0001:00004952  2418 0001:00004958  2419 0001:0000495C  2420 0001:0000496C
  2423 0001:0000497C  2426 0001:00004989  2427 0001:00004991  2428 0001:00004996
  2429 0001:000049A0  2430 0001:000049AA  2431 0001:000049B3  2432 0001:000049BC
  2433 0001:000049C2  2434 0001:000049CF  2435 0001:000049D5  2436 0001:000049E5
  2437 0001:000049EC  2438 0001:000049FC  2439 0001:00004A07  2442 0001:00004A17
  2443 0001:00004A1E  2444 0001:00004A2E  2446 0001:00004A3F  2447 0001:00004A56
  2448 0001:00004A76  2444 0001:00004A77  2452 0001:00004A7C  2454 0001:00004A89
  2455 0001:00004AA0  2457 0001:00004ABD  2458 0001:00004ADD  2452 0001:00004ADE
  2464 0001:00004B11  2472 0001:00004B40  2473 0001:00004B50  2476 0001:00004B5A
  2477 0001:00004B5F  2481 0001:00004B67  2482 0001:00004B6D  2485 0001:00004B76
  2486 0001:00004B84  2488 0001:00004BA5  2489 0001:00004BAA  2492 0001:00004BB4
  2493 0001:00004BC3  2498 0001:00004BCC  2499 0001:00004BD8  2500 0001:00004BE6
  2501 0001:00004BF1  2502 0001:00004BF8  2504 0001:00004BFF  2506 0001:00004C0A
  2513 0001:00004C14  2514 0001:00004C3C  2515 0001:00004C67  2516 0001:00004C6F
  2517 0001:00004C7D  2519 0001:00004C95  2521 0001:00004CC2  2526 0001:00004CC8
  2527 0001:00004CD5  2528 0001:00004CE6  2529 0001:00004CEE  2530 0001:00004CFC
  2531 0001:00004D06  2532 0001:00004D18  2534 0001:00004D43  2536 0001:00004D53
  2540 0001:00004D58  2541 0001:00004D7F  2543 0001:00004DE0  2544 0001:00004DE6
  2545 0001:00004E05  2547 0001:00004E16  2550 0001:00004E25  2551 0001:00004E2B
  2552 0001:00004E4E  2553 0001:00004E5F  2556 0001:00004EA0  2558 0001:00004EB4
  2559 0001:00004EBA  2560 0001:00004ECA  2562 0001:00004EDF  2563 0001:00004EE5
  2564 0001:00004EF9  2567 0001:00004F0A  2570 0001:00004F10  2571 0001:00004F1E
  2574 0001:00004F2F  2578 0001:00004F62  2593 0001:00004F6C  2594 0001:00004F75
  2595 0001:00004F86  2596 0001:00004F94  2597 0001:00004FA0  2598 0001:00004FB1
  2599 0001:00004FC2  2600 0001:00004FCE  2601 0001:00004FE0  2603 0001:00004FF9
  2604 0001:0000500F  2605 0001:00005017  2606 0001:00005021  2607 0001:0000502F
  2608 0001:0000503C  2609 0001:00005050  2610 0001:00005068  2611 0001:00005075
  2612 0001:0000507E  2613 0001:00005092  2615 0001:000050B0  2618 0001:000050CD
  2619 0001:000050D5  2621 0001:000050E5  2623 0001:000050EC  2624 0001:000050F0
  2625 0001:00005117  2626 0001:00005120  2627 0001:0000512C  2628 0001:00005136
  2630 0001:0000513C  2631 0001:00005175  2632 0001:0000517B  2635 0001:00005192
  2636 0001:0000519D  2638 0001:000051A3  2639 0001:000051B2  2640 0001:000051BD
  2641 0001:000051CF  2645 0001:000051DA  2649 0001:000051DC  2650 0001:000051E4
  2654 0001:000051FD  2656 0001:00005206  2657 0001:00005218  2658 0001:00005223
  2659 0001:00005236  2660 0001:0000523F  2661 0001:00005251  2662 0001:00005255
  2666 0001:0000526B  2667 0001:00005281  2668 0001:00005285  2673 0001:000052C9
  2676 0001:000052D4  2677 0001:000052F2  2678 0001:000052F4  2679 0001:00005372
  2680 0001:000053A5  2684 0001:000053C0  2686 0001:000053DD  2687 0001:000053E7
  2688 0001:000053F1  2691 0001:000053FB  2695 0001:00005405  2696 0001:0000540C
  2697 0001:00005413  2699 0001:0000541A  2700 0001:00005428  2701 0001:0000543A
  2702 0001:0000543E  2704 0001:00005455  2706 0001:00005459  2708 0001:000054B3
  2717 0001:000054BC  2718 0001:000054CF  2720 0001:000054E0  2722 0001:000054EC
  2724 0001:0000550E  2725 0001:00005536  2727 0001:0000553C  2728 0001:0000556D
  2729 0001:000055FC  2731 0001:00005633  2734 0001:0000566B  2735 0001:00005689
  2737 0001:00005696  2739 0001:000056A2  2740 0001:000056B5  2742 0001:000056C8
  2743 0001:000056DA  2744 0001:000056FE  2745 0001:00005722  2746 0001:0000574C
  2747 0001:00005772  2749 0001:00005793  2750 0001:000057A6  2751 0001:000057C2
  2754 0001:000057D8  2756 0001:000057EB  2757 0001:000057F8  2758 0001:00005806
  2760 0001:00005830  2765 0001:00005843  2769 0001:00005875  2771 0001:000058DE
  2774 0001:000058E8  2777 0001:000058EB  2778 0001:000058F9  2780 0001:00005908
  2782 0001:0000590A  2809 0001:00005A60  2810 0001:00005A69  2811 0001:00005A79
  2812 0001:00005A8A  2813 0001:00005A95  2820 0001:00005A9C  2821 0001:00005AA7
  2822 0001:00005AB6  2823 0001:00005AC4  2824 0001:00005ADB  2825 0001:00005AE9
  2826 0001:00005AF1  2827 0001:00005AFB  2826 0001:00005B0A  2828 0001:00005B0D
  2829 0001:00005B15  2830 0001:00005B1D  2832 0001:00005B32  2833 0001:00005B37
  2834 0001:00005B49  2835 0001:00005B69  2839 0001:00005BB0  2842 0001:00005BCD
  2844 0001:00005BDD  2849 0001:00005BF0  2850 0001:00005C12  2851 0001:00005C1E
  2852 0001:00005C50  2853 0001:00005C5F  2854 0001:00005C75  2855 0001:00005C78
  2856 0001:00005C7C  2857 0001:00005CBA  2862 0001:00005CC4  2863 0001:00005CE6
  2864 0001:00005CF1  2865 0001:00005D02  2866 0001:00005D10  2864 0001:00005D20
  2867 0001:00005D49  2870 0001:00005D50  2871 0001:00005D72  2873 0001:00005D94
  2876 0001:00005DAD  2878 0001:00005DD1  2882 0001:00005DFE  2885 0001:00005E26
  2887 0001:00005E4C  2891 0001:00005E77  2894 0001:00005E97  2896 0001:00005EBD
  2900 0001:00005EE8  2903 0001:00005F00  2905 0001:00005F45  2909 0001:00005FDC
  2914 0001:00006010  2915 0001:00006035  2917 0001:00006041  2919 0001:00006059
  2920 0001:0000606A  2923 0001:0000607F  2924 0001:00006084  2925 0001:00006089
  2926 0001:0000609C  2927 0001:000060AF  2928 0001:000060C4  2929 0001:000060D2
  2931 0001:00006131  2934 0001:0000613C  2935 0001:00006145  2936 0001:00006153
  2937 0001:00006158  2938 0001:0000615B  2942 0001:00006163  2943 0001:0000616D
  2944 0001:00006176  2945 0001:00006179  2946 0001:0000617E  2947 0001:00006185
  2951 0001:00006192  2952 0001:0000619C  2953 0001:000061A5  2954 0001:000061A8
  2955 0001:000061AD  2956 0001:000061B4  2959 0001:000061C1  2962 0001:000061E0
  2965 0001:000061F6  2968 0001:00006215  2970 0001:00006221  2971 0001:0000622D
  2973 0001:0000623D  2975 0001:00006243  2976 0001:00006255  2977 0001:0000625E
  2978 0001:0000627D  2979 0001:0000628D  2980 0001:000062B4  2981 0001:000062C0
  2982 0001:000062E6  2983 0001:000062EC  2984 0001:0000630E  2986 0001:00006322
  2987 0001:00006330  2989 0001:0000635E  2991 0001:0000636F  2992 0001:0000637D
  2994 0001:000063A9  2995 0001:000063B3  2996 0001:00006439  2997 0001:0000644B
  2998 0001:0000645D  2999 0001:0000646F  3000 0001:00006481  3001 0001:00006493
  3002 0001:000064A5  3003 0001:000064B7  3004 0001:000064C9  3006 0001:000064DB
  3008 0001:000064F9  3009 0001:0000650B  3011 0001:0000651A  3012 0001:00006523
  3013 0001:00006532  3016 0001:0000653C  3017 0001:00006545  3018 0001:00006554
  3020 0001:0000655E  3021 0001:0000656D  3022 0001:0000657C  3024 0001:0000658B
  3026 0001:00006593  3027 0001:00006599  3028 0001:000065B9  3029 0001:000065CD
  3030 0001:000065F6  3031 0001:000065FF  3032 0001:00006609  3034 0001:0000661B
  3035 0001:0000662C  3034 0001:0000663E  3037 0001:00006643  3042 0001:00006695
  3049 0001:0000682C  3050 0001:00006853  3051 0001:00006862  3052 0001:0000686D
  3053 0001:00006874  3056 0001:00006878  3057 0001:00006884  3059 0001:00006889
  3061 0001:0000689A  3063 0001:000068A0  3065 0001:000068AC  3066 0001:000068AF
  3070 0001:000068B2  3072 0001:000068B7  3073 0001:000068CC  3075 0001:000068D1
  3077 0001:000068D7  3078 0001:000068DA  3082 0001:000068DB  3083 0001:000068DC
  3054 0001:000068DF  3085 0001:00006907  3095 0001:00006930  3096 0001:00006967
  3097 0001:00006971  3098 0001:0000697D  3099 0001:00006981  3100 0001:0000698C
  3101 0001:0000699D  3103 0001:000069A5  3104 0001:000069C0  3105 0001:000069D1
  3106 0001:000069D5  3108 0001:000069F2  3109 0001:00006A06  3110 0001:00006A2B
  3101 0001:00006A3C  3112 0001:00006A44  3113 0001:00006A79  3119 0001:00006A94
  3120 0001:00006AAE  3124 0001:00006ABA  3126 0001:00006ACB  3127 0001:00006AD1
  3128 0001:00006AFC  3130 0001:00006B05  3133 0001:00006B24  3137 0001:00006B2C
  3141 0001:00006B52  3142 0001:00006B5F  3143 0001:00006B64  3144 0001:00006B70
  3145 0001:00006B87  3146 0001:00006B91  3147 0001:00006B9D  3148 0001:00006BA9
  3149 0001:00006BB5  3150 0001:00006BBF  3151 0001:00006BCB  3152 0001:00006BD3
  3153 0001:00006BDC  3154 0001:00006BF4  3155 0001:00006BF7  3157 0001:00006BFF
  3158 0001:00006C11  3160 0001:00006C29  3163 0001:00006C4C  3164 0001:00006C6E
  3165 0001:00006C7C  3167 0001:00006CBC  3170 0001:00006CC6  3172 0001:00006CD8
  3173 0001:00006CE2  3174 0001:00006CF1  3175 0001:00006D06  3177 0001:00006D12
  3178 0001:00006D24  3180 0001:00006D61  3185 0001:00006D99  3219 0001:00006DB4
  3223 0001:00006DC7  3227 0001:00006DD8  3232 0001:00006DDB  3234 0001:00006DE6
  3237 0001:00006DE8  3238 0001:00006DEB  3239 0001:00006E03  3247 0001:00006E08
  3248 0001:00006E0B  3249 0001:00006E1F  3250 0001:00006E39  3251 0001:00006E5A
  3252 0001:00006E70  3254 0001:00006E74  3255 0001:00006E80  3256 0001:00006E8C
  3257 0001:00006E98  3258 0001:00006EA6  3259 0001:00006EB0  3260 0001:00006EB7
  3262 0001:00006ECE  3264 0001:00006EE2  3269 0001:00006EE8  3270 0001:00006EEB
  3271 0001:00006EFB  3272 0001:00006F0E  3273 0001:00006F15  3274 0001:00006F1D
  3275 0001:00006F1E  3277 0001:00006F3A  3278 0001:00006F3C  3273 0001:00006F3E
  3282 0001:00006F48  3285 0001:00006F4C  3286 0001:00006F88  3287 0001:00006F92
  3288 0001:00006F9C  3289 0001:00006FAA  3290 0001:00006FAF  3291 0001:00006FB1
  3293 0001:00006FB5  3296 0001:00006FBC  3297 0001:00006FCD  3302 0001:00006FD4
  3307 0001:00007051  3310 0001:00007058  3311 0001:0000705C  3312 0001:0000706D
  3313 0001:00007074  3315 0001:0000707F  3316 0001:00007082  3308 0001:0000708E
  3319 0001:000070A3  3320 0001:000070A8  3322 0001:000070AE  3323 0001:000070C7
  3325 0001:000070CD  3326 0001:000070D9  3327 0001:000070DF  3328 0001:000070F2
  3329 0001:000070F9  3330 0001:000070FF  3331 0001:00007102  3332 0001:00007116
  3335 0001:0000711D  3338 0001:0000712F  3339 0001:00007144  3341 0001:00007148
  3345 0001:0000715E  3346 0001:00007169  3347 0001:0000716C  3348 0001:0000716E
  3349 0001:000071A2  3363 0001:000071AC  3364 0001:000071D4  3365 0001:000071DF
  3366 0001:000071F7  3367 0001:00007207  3369 0001:0000720B  3370 0001:00007221
  3372 0001:00007253  3378 0001:00007268  3379 0001:0000727F  3380 0001:0000728A
  3381 0001:00007291  3382 0001:000072A8  3383 0001:000072AF  3384 0001:000072B8
  3385 0001:000072BF  3386 0001:000072D8  3387 0001:000072DF  3388 0001:000072FF
  3389 0001:00007306  3390 0001:00007326  3391 0001:0000732D  3392 0001:0000733D
  3393 0001:00007344  3394 0001:00007354  3395 0001:0000735B  3396 0001:0000736B
  3397 0001:00007372  3398 0001:00007382  3399 0001:00007389  3401 0001:00007399
  3402 0001:000073AE  3404 0001:000073B5  3405 0001:000073BD  3406 0001:000073C7
  3407 0001:000073F1  3409 0001:000073F8  3410 0001:00007400  3411 0001:0000740A
  3415 0001:00007411  3416 0001:00007421  3417 0001:00007428  3418 0001:00007438
  3419 0001:0000743F  3420 0001:00007464  3421 0001:0000746B  3422 0001:0000747B
  3423 0001:00007482  3424 0001:00007492  3425 0001:00007499  3426 0001:000074A9
  3427 0001:000074AD  3428 0001:000074D2  3429 0001:000074D6  3430 0001:000074FB
  3431 0001:000074FF  3432 0001:0000750F  3433 0001:00007513  3434 0001:0000751C
  3435 0001:00007520  3436 0001:00007541  3442 0001:000076A4  3443 0001:000076A7
  3444 0001:000076B0  3445 0001:000076BE  3450 0001:000076C0  3451 0001:000076F6
  3452 0001:000076FB  3455 0001:000076FF  3458 0001:00007792  3459 0001:00007799
  3460 0001:0000779D  3461 0001:000077A2  3462 0001:000077CF  3464 0001:000077D6
  3465 0001:000077DB  3468 0001:000077E2  3469 0001:000077E4  3470 0001:000077F4
  3471 0001:00007801  3472 0001:00007819  3473 0001:0000781F  3474 0001:00007826
  3475 0001:0000782D  3476 0001:00007834  3477 0001:00007836  3482 0001:0000783B
  3483 0001:00007842  3484 0001:00007844  3486 0001:00007858  3488 0001:0000785C
  3490 0001:00007893  3491 0001:000078A5  3492 0001:000078B5  3493 0001:000078B7
  3499 0001:000078BC  3500 0001:000078C3  3501 0001:000078C5  3503 0001:000078E4
  3504 0001:000078F6  3505 0001:00007906  3506 0001:00007908  3512 0001:0000790D
  3514 0001:00007913  3515 0001:00007923  3516 0001:0000792F  3518 0001:00007934
  3522 0001:00007953  3524 0001:00007959  3525 0001:00007969  3526 0001:0000796B
  3529 0001:00007970  3530 0001:00007974  3535 0001:0000797B  3537 0001:00007981
  3538 0001:00007988  3539 0001:00007994  3540 0001:000079A4  3541 0001:000079A6
  3543 0001:000079A8  3547 0001:000079AF  3549 0001:000079B5  3550 0001:000079BC
  3551 0001:000079CC  3552 0001:000079DC  3553 0001:000079DE  3555 0001:000079E0
  3559 0001:000079E7  3561 0001:000079ED  3562 0001:000079FD  3563 0001:00007A09
  3566 0001:00007A0B  3567 0001:00007A0D  3568 0001:00007A15  3572 0001:00007A17
  3573 0001:00007A1E  3453 0001:00007A20  3576 0001:00007A44  3598 0001:00007A70
  3599 0001:00007A98  3600 0001:00007AA0  3601 0001:00007AAA  3602 0001:00007AAE
  3604 0001:00007AB1  3605 0001:00007AC8  3606 0001:00007AD3  3607 0001:00007ADD
  3610 0001:00007AE6  3612 0001:00007AFD  3614 0001:00007B02  3615 0001:00007B1D
  3619 0001:00007B22  3620 0001:00007B2A  3622 0001:00007B32  3624 0001:00007B40
  3627 0001:00007B4D  3628 0001:00007B64  3625 0001:00007B7C  3630 0001:00007B89
  3632 0001:00007B9A  3633 0001:00007B9E  3636 0001:00007BA3  3637 0001:00007BAD
  3638 0001:00007BB0  3639 0001:00007BC8  3645 0001:00007BD0  3644 0001:00007BD1
  3646 0001:00007BDB  3648 0001:00007BE1  3649 0001:00007BE5  3652 0001:00007BEA
  3654 0001:00007BEE  3655 0001:00007BF2  3661 0001:00007BF7  3664 0001:00007C19
  3665 0001:00007C1D  3668 0001:00007C22  3671 0001:00007C30  3672 0001:00007C47
  3674 0001:00007C4C  3675 0001:00007C50  3681 0001:00007C52  3683 0001:00007C58
  3684 0001:00007C65  3689 0001:00007C9B  3691 0001:00007C9F  3693 0001:00007CA1
  3696 0001:00007CB5  3698 0001:00007CEB  3703 0001:00007D24  3704 0001:00007D3A
  3705 0001:00007D42  3706 0001:00007D6F  3709 0001:00007D74  3710 0001:00007D7A
  3711 0001:00007D81  3712 0001:00007D90  3713 0001:00007D97  3743 0001:00007D9C
  3747 0001:00007DB5  3749 0001:00007DBC  3756 0001:00007DC0  3757 0001:00007DCF
  3758 0001:00007DD3  3759 0001:00007DD7  3760 0001:00007DE5  3762 0001:00007DEF
  3764 0001:00007DFA  3770 0001:00007E0F  3771 0001:00007E1D  3772 0001:00007E21
  3773 0001:00007E2E  3775 0001:00007E31  3776 0001:00007E34  3779 0001:00007E3D
  3782 0001:00007E4E  3783 0001:00007E61  3790 0001:00007E7D  3797 0001:00007E84
  3798 0001:00007E92  3799 0001:00007E96  3801 0001:00007EA9  3802 0001:00007EB4
  3804 0001:00007EC2  3810 0001:00007ED7  3811 0001:00007EE5  3813 0001:00007EF2
  3816 0001:00007F0D  3817 0001:00007F20  3824 0001:00007F39  3826 0001:00007F4C
  3827 0001:00007F54  3902 0001:00007F5C  3912 0001:00007F68  3916 0001:00007F7C
  3929 0001:00007F92  3932 0001:00007FB7  3935 0001:00007FDC  3940 0001:00008001
  3948 0001:00008026  3953 0001:0000803A  3957 0001:0000804E  3961 0001:00008062
  3966 0001:00008076  3974 0001:0000809E  3978 0001:000080CA  3979 0001:000080DB
  3980 0001:000080E9  3982 0001:00008107  3984 0001:00008117  3985 0001:00008128
  3986 0001:00008136  3988 0001:00008154  3990 0001:00008164  3993 0001:0000818C
  3996 0001:000081B8  3997 0001:000081C9  3998 0001:000081D7  4000 0001:000081F5
  4002 0001:00008205  4003 0001:00008216  4004 0001:00008224  4006 0001:00008242
  4009 0001:00008252  4012 0001:0000827A  4015 0001:000082A6  4018 0001:000082D2
  4021 0001:000082FE  4026 0001:0000832A  4035 0001:00008330  4043 0001:00008336
  4047 0001:00008345  4057 0001:00008354  4058 0001:00008363  4059 0001:00008372
  4062 0001:00008381  4066 0001:00008390  4069 0001:0000839F  4072 0001:000083AE
  4075 0001:000083BD  4079 0001:000083CC  4083 0001:000083DB  4085 0001:000083EA
  4086 0001:000083FB  4087 0001:00008409  4089 0001:00008427  4091 0001:00008437
  4092 0001:00008444  4093 0001:00008453  4094 0001:00008464  4095 0001:00008472
  4097 0001:00008490  4100 0001:000084A0  4101 0001:000084AD  4102 0001:000084BC
  4103 0001:000084CB  4104 0001:000084DA  4107 0001:000084E9  4108 0001:000084F0
  4109 0001:000084F7  4317 0001:000084FC  4318 0001:0000852B  4319 0001:0000852C
  4320 0001:0000853C  4321 0001:00008542  4324 0001:0000854A  4325 0001:00008564
  4327 0001:0000856D  4328 0001:00008571  4329 0001:00008575  4331 0001:0000857B
  4332 0001:00008583  4334 0001:0000858A  4322 0001:0000858B  4336 0001:000085B9
  4363 0001:000085C4  4364 0001:000085F3  4366 0001:000085FA  4369 0001:0000860D
  4370 0001:00008610  4371 0001:00008621  4373 0001:0000862B  4374 0001:00008639
  4375 0001:00008642  4376 0001:00008646  4378 0001:0000864B  4379 0001:0000864D
  4380 0001:00008652  4382 0001:00008685  4385 0001:0000869D  4386 0001:000086AD
  4387 0001:000086B9  4388 0001:000086C3  4389 0001:000086C9  4390 0001:000086EC
  4391 0001:000086F3  4392 0001:000086F9  4393 0001:000086FF  4394 0001:0000870F
  4395 0001:00008732  4396 0001:00008741  4397 0001:00008756  4399 0001:00008765
  4400 0001:0000876D  4401 0001:00008778  4402 0001:00008782  4403 0001:0000878C
  4404 0001:00008794  4405 0001:0000879C  4407 0001:000087A2  4408 0001:000087A4
  4409 0001:000087BC  4411 0001:000087C6  4413 0001:000087D0  4414 0001:000087DB
  4415 0001:000087F1  4417 0001:0000880B  4418 0001:00008818  4419 0001:00008824
  4420 0001:0000882C  4421 0001:00008842  4423 0001:0000884C  4426 0001:00008894
  4427 0001:0000889A  4429 0001:000088B9  4430 0001:000088C0  4431 0001:000088D1
  4432 0001:000088D8  4434 0001:000088E7  4439 0001:000088F5  4440 0001:000088FE
  4442 0001:0000890A  4446 0001:00008916  4447 0001:0000891C  4449 0001:00008925
  4450 0001:00008930  4451 0001:0000893B  4452 0001:00008946  4455 0001:00008956
  4460 0001:0000896D  4461 0001:00008987  4466 0001:0000898F  4467 0001:0000899C
  4470 0001:000089A1  4473 0001:000089E6  4474 0001:000089F0  4382 0001:000089F1
  4476 0001:000089FA  4479 0001:00008A16  4488 0001:00008A4E  4496 0001:00008A58
  4497 0001:00008A7B  4503 0001:00008AAA  4493 0001:00008AAC  4494 0001:00008AB5
  4495 0001:00008ABA

Line numbers for DbxOpenOdbcApiHook(DbxOpenOdbcApiHook.pas) segment .text

   328 0001:00008B44   329 0001:00008B50   330 0001:00008B5E   331 0001:00008B64
   333 0001:00008B6E   334 0001:00008B72   335 0001:00008B76   336 0001:00008B7D
   338 0001:00008B82   339 0001:00008B8C   340 0001:00008B93   341 0001:00008B9A
   342 0001:00008BA3   343 0001:00008BAA   344 0001:00008BB0   345 0001:00008BBE
   346 0001:00008BCB   347 0001:00008BCF   348 0001:00008BD5   350 0001:00008BDC
   351 0001:00008BE6   352 0001:00008BF5   353 0001:00008BFB   356 0001:00008C04
   358 0001:00008C13   360 0001:00008C1D   361 0001:00008C25   362 0001:00008C32
   364 0001:00008C39   365 0001:00008C48   366 0001:00008C51   367 0001:00008C57
   369 0001:00008C60   371 0001:00008C69   374 0001:00008C6E   376 0001:00008C7D
   377 0001:00008C8C   378 0001:00008C9B   379 0001:00008CA7   380 0001:00008CAE
   383 0001:00008CB7   385 0001:00008CC6   386 0001:00008D31   387 0001:00008D38
   388 0001:00008D41   389 0001:00008D4A   390 0001:00008D53   391 0001:00008D5C
   392 0001:00008D65   393 0001:00008D6E   394 0001:00008D77   395 0001:00008D80
   397 0001:00008D87   398 0001:00008D90   400 0001:00008DB1   404 0001:00008DD1
   405 0001:00008DF0   406 0001:00008DF9   407 0001:00008E04   410 0001:00008E0F
   411 0001:00008E2E   412 0001:00008E3C   415 0001:00008E47   416 0001:00008E4D
   418 0001:00008E58   424 0001:00008E61   426 0001:00008E79   428 0001:00008E86
   433 0001:00008E90   434 0001:00008E99   436 0001:00008E9E   437 0001:00008EA9
   438 0001:00008EAF   440 0001:00008EBD   441 0001:00008EC6   442 0001:00008ECF
   448 0001:00008ED4   449 0001:00008EE0   450 0001:00008EE5   451 0001:00008EEB
   453 0001:00008EF1   454 0001:00008EFC   455 0001:00008F05   451 0001:00008F0B
   458 0001:00008F11   462 0001:00008F1F   463 0001:00008F28   464 0001:00008F3D
   465 0001:00008F46   475 0001:00008F4C   476 0001:00008F5E   477 0001:00008F62
   478 0001:00008F67   479 0001:00008F75   480 0001:00008F7B   481 0001:00008F87
   484 0001:00008F94   485 0001:00008FAC   486 0001:00008FB1   487 0001:00008FC9
   497 0001:00008FCE   500 0001:00008FD6   501 0001:00008FEC   502 0001:00008FF2
   508 0001:00008FFB   510 0001:00009011   511 0001:00009025   518 0001:00009039
   520 0001:00009053   521 0001:00009059   522 0001:00009061   524 0001:0000906D
   525 0001:00009074   531 0001:0000907C   532 0001:0000908B   533 0001:0000908F
   534 0001:0000909B   535 0001:000090A1   536 0001:000090AD   538 0001:000090B3
   539 0001:000090C3   541 0001:000090C9   542 0001:000090DD   551 0001:000090E4
   552 0001:000090F0   553 0001:000090F4   554 0001:000090FE   555 0001:0000910C
   556 0001:00009117   558 0001:00009121   559 0001:00009127   560 0001:0000912D
   561 0001:00009136   562 0001:0000913F   565 0001:00009146   573 0001:00009159
   579 0001:00009167   581 0001:0000917C   588 0001:0000918F   590 0001:000091A9
   592 0001:000091B5   608 0001:000091BC   609 0001:000091C5   611 0001:000091CB
   614 0001:000091E9   618 0001:000091F9   625 0001:00009200   626 0001:0000920F
   627 0001:00009213   628 0001:00009219   629 0001:00009228   631 0001:00009232
   633 0001:0000923E   634 0001:00009249   637 0001:00009255   643 0001:0000926A
   644 0001:00009278   645 0001:0000927E   646 0001:0000928E   649 0001:00009294
   650 0001:0000929A   655 0001:000092A9   658 0001:000092BA   659 0001:000092CD
   666 0001:000092E9   673 0001:000092F0   674 0001:000092FF   675 0001:00009303
   677 0001:00009323   678 0001:0000932E   680 0001:0000933C   686 0001:00009351
   687 0001:0000935F   689 0001:0000936F   692 0001:0000938B   693 0001:0000939E
   700 0001:000093B7   702 0001:000093CA   703 0001:000093D2   706 0001:000093DC
   707 0001:000093E8   708 0001:000093F4   710 0001:000093FA   713 0001:00009400
   718 0001:00009425   730 0001:0000942C   732 0001:00009438   735 0001:00009443
   737 0001:0000945F   739 0001:00009465   741 0001:0000946C   745 0001:00009470
   747 0001:0000947F   750 0001:00009483   753 0001:00009489   755 0001:0000948F
   758 0001:00009495   761 0001:0000949F   763 0001:000094A3   766 0001:000094A5
   755 0001:000094AE   769 0001:000094B7   772 0001:000094BC   774 0001:000094F8
   776 0001:00009510   779 0001:00009561   780 0001:00009597   784 0001:0000959C
   786 0001:000095AB   789 0001:000095B1   792 0001:000095C8   794 0001:000095D2
   796 0001:000095E7   798 0001:000095F6   802 0001:000095FC   806 0001:00009602
   807 0001:00009609   811 0001:00009610   813 0001:0000961F   816 0001:00009625
   818 0001:00009631   821 0001:00009637   823 0001:00009645   818 0001:0000964E
   826 0001:00009654   830 0001:0000965A   831 0001:00009661   843 0001:00009668
   846 0001:0000969B   849 0001:000096BE   851 0001:000096C4   853 0001:000096D0
   855 0001:000096DC   858 0001:000096E7   860 0001:000096F2   866 0001:00009706
   868 0001:00009712   871 0001:00009733   873 0001:0000973F   875 0001:00009747
   878 0001:00009757   883 0001:00009761   886 0001:00009767   889 0001:00009787
   892 0001:00009797   894 0001:0000979C   898 0001:000097A2   900 0001:000097B0
   903 0001:000097B6   906 0001:000097CA   909 0001:000097DE   911 0001:000097EB
   913 0001:000097F3   915 0001:000097FE   920 0001:00009806   880 0001:0000980A
   925 0001:0000981E   927 0001:0000983C   863 0001:00009840   931 0001:0000988E
   934 0001:00009898   937 0001:000098C5   940 0001:000098E1   942 0001:00009926
   947 0001:0000992C   950 0001:00009959   953 0001:00009965   955 0001:00009973
   957 0001:00009984   960 0001:0000998E   962 0001:0000999C   967 0001:000099AC
   969 0001:000099B8   971 0001:000099CD   973 0001:000099E1   964 0001:000099E9
   977 0001:00009A02   982 0001:00009A1F   985 0001:00009A55   991 0001:00009A5C
   994 0001:00009A95   997 0001:00009AA1   999 0001:00009AAF  1001 0001:00009AB6
  1004 0001:00009AE0  1006 0001:00009AF1  1009 0001:00009AF7  1011 0001:00009B05
  1016 0001:00009B1B  1018 0001:00009B2C  1020 0001:00009B32  1025 0001:00009B3B
  1027 0001:00009B50  1030 0001:00009B5A  1032 0001:00009B67  1034 0001:00009B75
  1036 0001:00009BA3  1038 0001:00009BB8  1040 0001:00009BC4  1042 0001:00009BD2
  1044 0001:00009BF9  1047 0001:00009C17  1052 0001:00009C2D  1058 0001:00009C33
  1061 0001:00009C44  1064 0001:00009C8A  1068 0001:00009C94  1071 0001:00009CCA
  1074 0001:00009CD6  1076 0001:00009CE4  1078 0001:00009CE9  1081 0001:00009D06
  1084 0001:00009D35  1087 0001:00009D65  1089 0001:00009D76  1092 0001:00009D78
  1078 0001:00009D7B  1095 0001:00009D8D  1098 0001:00009DD3  1103 0001:00009DD8
  1106 0001:00009DE7  1109 0001:00009DF3  1111 0001:00009E01  1113 0001:00009E12
  1115 0001:00009E20  1120 0001:00009E30  1122 0001:00009E3C  1124 0001:00009E51
  1126 0001:00009E6B  1117 0001:00009E73  1130 0001:00009E8C  1134 0001:00009EA9
  1137 0001:00009EBD  1143 0001:00009EC4  1146 0001:00009ED0  1149 0001:00009EDC
  1151 0001:00009EEA  1153 0001:00009EF8  1156 0001:00009F15  1158 0001:00009F26
  1163 0001:00009F36  1165 0001:00009F42  1167 0001:00009F57  1169 0001:00009F71
  1160 0001:00009F79  1173 0001:00009F92  1175 0001:00009FA2  1153 0001:00009FA5
  1178 0001:00009FBB  1182 0001:00009FDB  1185 0001:00009FEF  1188 0001:00009FF4
  1191 0001:0000A000  1194 0001:0000A00C  1196 0001:0000A01A  1199 0001:0000A038
  1202 0001:0000A04F  1205 0001:0000A054  1208 0001:0000A05D  1211 0001:0000A069
  1213 0001:0000A077  1216 0001:0000A08D  1219 0001:0000A0A4  1222 0001:0000A0A8
  1225 0001:0000A0B4  1228 0001:0000A0C0  1230 0001:0000A0CE  1233 0001:0000A0E4
  1236 0001:0000A0F8  1239 0001:0000A0FC  1242 0001:0000A105  1245 0001:0000A111
  1247 0001:0000A11F  1250 0001:0000A138  1253 0001:0000A14F  1256 0001:0000A154
  1259 0001:0000A16C  1262 0001:0000A176  1265 0001:0000A182  1268 0001:0000A194
  1270 0001:0000A1B6  1273 0001:0000A1BC  1276 0001:0000A1CD  1278 0001:0000A1DB
  1280 0001:0000A1E9  1283 0001:0000A204  1286 0001:0000A217  1289 0001:0000A230
  1292 0001:0000A254  1309 0001:0000A258  1310 0001:0000A264  1311 0001:0000A26A
  1312 0001:0000A274  1313 0001:0000A27F  1324 0001:0000A284  1325 0001:0000A293
  1326 0001:0000A299  1327 0001:0000A2A3  1329 0001:0000A2AB  1335 0001:0000A2C0
  1336 0001:0000A2CE  1339 0001:0000A2E3  1340 0001:0000A2F6  1347 0001:0000A312
  1350 0001:0000A318  1351 0001:0000A327  1352 0001:0000A335  1354 0001:0000A33C
  1355 0001:0000A34C  1356 0001:0000A356  1352 0001:0000A359  1357 0001:0000A362
  1359 0001:0000A378  1367 0001:0000A387  1370 0001:0000A390  1371 0001:0000A39C
  1372 0001:0000A3B1  1375 0001:0000A3B8  1376 0001:0000A3C4  1377 0001:0000A3CA
  1379 0001:0000A3D2  1380 0001:0000A3D5  1383 0001:0000A3E5  1384 0001:0000A3ED
  1386 0001:0000A424  1386 0001:0000A42B

Line numbers for DbxDBFix(DbxDBFix.pas) segment .text

   433 0001:0000A42C   436 0001:0000A45F   439 0001:0000A46E   440 0001:0000A479
   441 0001:0000A489   442 0001:0000A497   443 0001:0000A4A3   446 0001:0000A4B0
   447 0001:0000A4B9   449 0001:0000A4C7   450 0001:0000A4DC   451 0001:0000A4E8
   452 0001:0000A4FE   455 0001:0000A528   459 0001:0000A530   463 0001:0000A539
   465 0001:0000A546   466 0001:0000A54C   468 0001:0000A560   469 0001:0000A56D
   484 0001:0000A574   485 0001:0000A580   488 0001:0000A589   490 0001:0000A59F
   494 0001:0000A5AD   496 0001:0000A5C3   488 0001:0000A5C6   498 0001:0000A5CB
   499 0001:0000A5D4   501 0001:0000A5DE   502 0001:0000A5E9   504 0001:0000A5FC
   505 0001:0000A60A   509 0001:0000A63D   510 0001:0000A653   513 0001:0000A659
   502 0001:0000A65C   515 0001:0000A661   518 0001:0000A669   520 0001:0000A670
   521 0001:0000A677   522 0001:0000A67D   525 0001:0000A699   527 0001:0000A6AD
   536 0001:0000A6B0   540 0001:0000A6B9   542 0001:0000A6C9   543 0001:0000A6D0
   546 0001:0000A6E2   549 0001:0000A6F6   551 0001:0000A6FC   552 0001:0000A703
   553 0001:0000A709   556 0001:0000A725   558 0001:0000A739   571 0001:0000A73C
   573 0001:0000A749   574 0001:0000A765   575 0001:0000A773   577 0001:0000A78E
   579 0001:0000A79E   582 0001:0000A7A4   585 0001:0000A7CC   586 0001:0000A7E4
   587 0001:0000A7F4   589 0001:0000A800   590 0001:0000A80B   591 0001:0000A819
   595 0001:0000A82A   598 0001:0000A844   603 0001:0000A854   608 0001:0000A868
   620 0001:0000A883   625 0001:0000A8A9   630 0001:0000A8F4   632 0001:0000A8F8
   633 0001:0000A8FF   634 0001:0000A905   637 0001:0000A921   639 0001:0000A935
   651 0001:0000A938   654 0001:0000A96B   655 0001:0000A976   657 0001:0000A97F
   658 0001:0000A98B   659 0001:0000A996   660 0001:0000A9A6   662 0001:0000A9AC
   663 0001:0000A9BE   664 0001:0000A9C9   665 0001:0000A9D4   670 0001:0000A9E1
   671 0001:0000A9EA   673 0001:0000A9FA   674 0001:0000AA00   676 0001:0000AA12
   678 0001:0000AA18   679 0001:0000AA32   680 0001:0000AA48   684 0001:0000AA73
   686 0001:0000AA78   687 0001:0000AA7F   688 0001:0000AA85   691 0001:0000AAA1
   693 0001:0000AAB5   702 0001:0000AAB8   705 0001:0000AADA   707 0001:0000AAE4
   721 0001:0000AB0C   724 0001:0000AB3D   726 0001:0000AB44   727 0001:0000AB4B
   728 0001:0000AB51   730 0001:0000AB6D   731 0001:0000AB77   738 0001:0000AB7C
   739 0001:0000AB85   740 0001:0000AB99   742 0001:0000ABA0   743 0001:0000ABA7
   744 0001:0000ABAD   747 0001:0000ABC9   749 0001:0000ABDD   756 0001:0000ABE0
   757 0001:0000ABEC   758 0001:0000AC05   760 0001:0000AC0C   761 0001:0000AC13
   762 0001:0000AC19   765 0001:0000AC35   767 0001:0000AC49   776 0001:0000AC4C
   777 0001:0000AC6B   778 0001:0000ACAE   780 0001:0000ACB4   781 0001:0000ACBB
   782 0001:0000ACC1   785 0001:0000ACDD   787 0001:0000ACF1   911 0001:0000ACF4
   929 0001:0000ACFB   932 0001:0000AD03   936 0001:0000AD0B   940 0001:0000AD13
   944 0001:0000AD1B   948 0001:0000AD23   952 0001:0000AD2B   956 0001:0000AD33
   960 0001:0000AD3B   975 0001:0000AD43   980 0001:0000AD48   982 0001:0000AD7D
   977 0001:0000AD80   978 0001:0000AD89   979 0001:0000AD90

Line numbers for DbxXXDrv(DbxXXDrv.pas) segment .text

   129 0001:0000AD94   137 0001:0000AD98   140 0001:0000ADA5   143 0001:0000ADD8
   143 0001:0000ADDF

Line numbers for dbxoodbc(.\..\..\..\source\packages\pkg\dbxoodbc.dpk) segment .text

    77 0001:0000AF48

Bound resource files

dbxoodbc_man_icn.res
dbxoodbc_ver.res
C:\TEMP\dtfF30.tmp


Program entry point at 0001:0000AF48
