
 Start         Length     Name                   Class
 0001:00401000 00040540H .text                   CODE
 0002:00442000 000002D4H .itext                  ICODE
 0003:00443000 000005E0H .data                   DATA
 0004:00444000 00000044H .bss                    BSS
 0005:00000000 00000000H .tls                    TLS
 0006:00400000 00000000H .pdata                  PDATA


Detailed map of segments

 0001:00000000 00000238 C=CODE     S=.text    G=(none)   M=System   ACBP=A9
 0001:00000238 00000CEC C=CODE     S=.text    G=(none)   M=SysInit  ACBP=A9
 0001:00000F24 00000008 C=CODE     S=.text    G=(none)   M=System.UITypes ACBP=A9
 0001:00000F2C 00000194 C=CODE     S=.text    G=(none)   M=Winapi.Windows ACBP=A9
 0001:000010C0 00000024 C=CODE     S=.text    G=(none)   M=Winapi.PsAPI ACBP=A9
 0001:000010E4 00000008 C=CODE     S=.text    G=(none)   M=System.Character ACBP=A9
 0001:000010EC 00000008 C=CODE     S=.text    G=(none)   M=System.Internal.ExcUtils ACBP=A9
 0001:000010F4 000000E0 C=CODE     S=.text    G=(none)   M=System.SysUtils ACBP=A9
 0001:000011D4 00000008 C=CODE     S=.text    G=(none)   M=System.VarUtils ACBP=A9
 0001:000011DC 00000008 C=CODE     S=.text    G=(none)   M=System.Variants ACBP=A9
 0001:000011E4 00000008 C=CODE     S=.text    G=(none)   M=System.Math ACBP=A9
 0001:000011EC 00000010 C=CODE     S=.text    G=(none)   M=System.Rtti ACBP=A9
 0001:000011FC 00000008 C=CODE     S=.text    G=(none)   M=System.TypInfo ACBP=A9
 0001:00001204 00000010 C=CODE     S=.text    G=(none)   M=System.Generics.Defaults ACBP=A9
 0001:00001214 00000070 C=CODE     S=.text    G=(none)   M=System.Classes ACBP=A9
 0001:00001284 00000030 C=CODE     S=.text    G=(none)   M=Data.DBXClassRegistry ACBP=A9
 0001:000012B4 00000008 C=CODE     S=.text    G=(none)   M=System.TimeSpan ACBP=A9
 0001:000012BC 00000010 C=CODE     S=.text    G=(none)   M=System.DateUtils ACBP=A9
 0001:000012CC 00000008 C=CODE     S=.text    G=(none)   M=System.StrUtils ACBP=A9
 0001:000012D4 00000008 C=CODE     S=.text    G=(none)   M=Data.SqlTimSt ACBP=A9
 0001:000012DC 00000008 C=CODE     S=.text    G=(none)   M=Data.FmtBcd ACBP=A9
 0001:000012E4 00000008 C=CODE     S=.text    G=(none)   M=Data.DB  ACBP=A9
 0001:000012EC 00000008 C=CODE     S=.text    G=(none)   M=System.SyncObjs ACBP=A9
 0001:000012F4 00000030 C=CODE     S=.text    G=(none)   M=Data.DBXPlatform ACBP=A9
 0001:00001324 00000008 C=CODE     S=.text    G=(none)   M=System.IOUtils ACBP=A9
 0001:0000132C 00000008 C=CODE     S=.text    G=(none)   M=System.IniFiles ACBP=A9
 0001:00001334 00000008 C=CODE     S=.text    G=(none)   M=System.JSON ACBP=A9
 0001:0000133C 00000008 C=CODE     S=.text    G=(none)   M=System.JSON.Types ACBP=A9
 0001:00001344 00000008 C=CODE     S=.text    G=(none)   M=System.NetEncoding ACBP=A9
 0001:0000134C 00000008 C=CODE     S=.text    G=(none)   M=System.JSON.Utils ACBP=A9
 0001:00001354 00000008 C=CODE     S=.text    G=(none)   M=System.JSON.Readers ACBP=A9
 0001:0000135C 00000008 C=CODE     S=.text    G=(none)   M=System.JSON.Writers ACBP=A9
 0001:00001364 00000008 C=CODE     S=.text    G=(none)   M=System.Win.Registry ACBP=A9
 0001:0000136C 000002C8 C=CODE     S=.text    G=(none)   M=Data.DBXCommon ACBP=A9
 0001:00001634 00000018 C=CODE     S=.text    G=(none)   M=Data.DBXDynalinkNative ACBP=A9
 0001:0000164C 00000080 C=CODE     S=.text    G=(none)   M=Data.DBXDynalink ACBP=A9
 0001:000016CC 00000328 C=CODE     S=.text    G=(none)   M=Data.DBXMetaDataReader ACBP=A9
 0001:000019F4 000000C0 C=CODE     S=.text    G=(none)   M=Data.DBXMetaDataCommandFactory ACBP=A9
 0001:00001AB4 000377CC C=CODE     S=.text    G=(none)   M=Dbx34DrvDbms ACBP=A9
 0001:00039280 000056C8 C=CODE     S=.text    G=(none)   M=Dbx34Drv ACBP=A9
 0001:0003E948 0000000C C=CODE     S=.text    G=(none)   M=DbxXXDrv ACBP=A9
 0001:0003E954 00001750 C=CODE     S=.text    G=(none)   M=DbxOpenOdbcApiHook ACBP=A9
 0001:000400A4 00000008 C=CODE     S=.text    G=(none)   M=DbxDBFix ACBP=A9
 0001:000400AC 00000494 C=CODE     S=.text    G=(none)   M=.dbxoodbc ACBP=A9
 0002:00000000 00000008 C=ICODE    S=.itext   G=(none)   M=System   ACBP=A9
 0002:00000008 00000008 C=ICODE    S=.itext   G=(none)   M=SysInit  ACBP=A9
 0002:00000010 00000008 C=ICODE    S=.itext   G=(none)   M=System.UITypes ACBP=A9
 0002:00000018 00000018 C=ICODE    S=.itext   G=(none)   M=Winapi.Windows ACBP=A9
 0002:00000030 00000008 C=ICODE    S=.itext   G=(none)   M=Winapi.PsAPI ACBP=A9
 0002:00000038 00000008 C=ICODE    S=.itext   G=(none)   M=System.Character ACBP=A9
 0002:00000040 00000008 C=ICODE    S=.itext   G=(none)   M=System.Internal.ExcUtils ACBP=A9
 0002:00000048 00000028 C=ICODE    S=.itext   G=(none)   M=System.SysUtils ACBP=A9
 0002:00000070 00000008 C=ICODE    S=.itext   G=(none)   M=System.VarUtils ACBP=A9
 0002:00000078 00000008 C=ICODE    S=.itext   G=(none)   M=System.Variants ACBP=A9
 0002:00000080 00000008 C=ICODE    S=.itext   G=(none)   M=System.Math ACBP=A9
 0002:00000088 00000010 C=ICODE    S=.itext   G=(none)   M=System.Rtti ACBP=A9
 0002:00000098 00000008 C=ICODE    S=.itext   G=(none)   M=System.TypInfo ACBP=A9
 0002:000000A0 00000010 C=ICODE    S=.itext   G=(none)   M=System.Generics.Defaults ACBP=A9
 0002:000000B0 00000038 C=ICODE    S=.itext   G=(none)   M=System.Classes ACBP=A9
 0002:000000E8 00000008 C=ICODE    S=.itext   G=(none)   M=Data.DBXClassRegistry ACBP=A9
 0002:000000F0 00000008 C=ICODE    S=.itext   G=(none)   M=System.TimeSpan ACBP=A9
 0002:000000F8 00000010 C=ICODE    S=.itext   G=(none)   M=System.DateUtils ACBP=A9
 0002:00000108 00000008 C=ICODE    S=.itext   G=(none)   M=Data.SqlTimSt ACBP=A9
 0002:00000110 00000008 C=ICODE    S=.itext   G=(none)   M=Data.FmtBcd ACBP=A9
 0002:00000118 00000008 C=ICODE    S=.itext   G=(none)   M=Data.DB  ACBP=A9
 0002:00000120 00000008 C=ICODE    S=.itext   G=(none)   M=System.SyncObjs ACBP=A9
 0002:00000128 00000008 C=ICODE    S=.itext   G=(none)   M=System.IOUtils ACBP=A9
 0002:00000130 00000008 C=ICODE    S=.itext   G=(none)   M=System.IniFiles ACBP=A9
 0002:00000138 00000008 C=ICODE    S=.itext   G=(none)   M=System.JSON ACBP=A9
 0002:00000140 00000008 C=ICODE    S=.itext   G=(none)   M=System.JSON.Types ACBP=A9
 0002:00000148 00000008 C=ICODE    S=.itext   G=(none)   M=System.NetEncoding ACBP=A9
 0002:00000150 00000008 C=ICODE    S=.itext   G=(none)   M=System.JSON.Utils ACBP=A9
 0002:00000158 00000008 C=ICODE    S=.itext   G=(none)   M=System.JSON.Readers ACBP=A9
 0002:00000160 00000008 C=ICODE    S=.itext   G=(none)   M=System.JSON.Writers ACBP=A9
 0002:00000168 00000008 C=ICODE    S=.itext   G=(none)   M=System.Win.Registry ACBP=A9
 0002:00000170 00000010 C=ICODE    S=.itext   G=(none)   M=Data.DBXCommon ACBP=A9
 0002:00000180 00000008 C=ICODE    S=.itext   G=(none)   M=Data.DBXDynalink ACBP=A9
 0002:00000188 00000084 C=ICODE    S=.itext   G=(none)   M=Dbx34DrvDbms ACBP=A9
 0002:0000020C 000000A8 C=ICODE    S=.itext   G=(none)   M=Dbx34Drv ACBP=A9
 0002:000002B4 00000008 C=ICODE    S=.itext   G=(none)   M=DbxXXDrv ACBP=A9
 0002:000002BC 00000008 C=ICODE    S=.itext   G=(none)   M=DbxOpenOdbcApiHook ACBP=A9
 0002:000002C4 00000008 C=ICODE    S=.itext   G=(none)   M=DbxDBFix ACBP=A9
 0002:000002CC 00000008 C=ICODE    S=.itext   G=(none)   M=.dbxoodbc ACBP=A9
 0003:00000000 00000088 C=DATA     S=.data    G=DGROUP   M=SysInit  ACBP=A9
 0003:00000088 0000000C C=DATA     S=.data    G=DGROUP   M=Winapi.Windows ACBP=A9
 0003:00000094 00000004 C=DATA     S=.data    G=DGROUP   M=Dbx34Drv ACBP=A9
 0003:00000098 00000540 C=DATA     S=.data    G=DGROUP   M=DbxOpenOdbcApiHook ACBP=A9
 0004:00000000 00000020 C=BSS      S=.bss     G=DGROUP   M=SysInit  ACBP=A9
 0004:00000020 00000008 C=BSS      S=.bss     G=DGROUP   M=Winapi.Windows ACBP=A9
 0004:00000028 00000008 C=BSS      S=.bss     G=DGROUP   M=Winapi.PsAPI ACBP=A9
 0004:00000030 00000004 C=BSS      S=.bss     G=DGROUP   M=Dbx34DrvDbms ACBP=A9
 0004:00000034 00000004 C=BSS      S=.bss     G=DGROUP   M=Dbx34Drv ACBP=A9
 0004:00000038 00000004 C=BSS      S=.bss     G=DGROUP   M=DbxXXDrv ACBP=A9
 0004:0000003C 00000004 C=BSS      S=.bss     G=DGROUP   M=DbxOpenOdbcApiHook ACBP=A9
 0004:00000040 00000004 C=BSS      S=.bss     G=DGROUP   M=DbxDBFix ACBP=A9


  Address             Publics by Name

 0002:000002CC       .dbxoodbc..dbxoodbc
 0001:00040520       .dbxoodbc.@GetPackageInfoTable
 0001:00040528       .dbxoodbc.@PackageLoad
 0001:00040534       .dbxoodbc.@PackageUnload
 0002:00000118       Data.DB.Data.DB
 0001:000012E4       Data.DB.Finalization
 0002:000000E8       Data.DBXClassRegistry.Data.DBXClassRegistry
 0001:000012AC       Data.DBXClassRegistry.Finalization
 0001:00001284       Data.DBXClassRegistry.TClassRegistry.CreateInstance
 0001:0000128C       Data.DBXClassRegistry.TClassRegistry.GetClassRegistry
 0001:00001294       Data.DBXClassRegistry.TClassRegistry.HasClass
 0001:0000129C       Data.DBXClassRegistry.TClassRegistry.RegisterRegistryClass
 0001:000012A4       Data.DBXClassRegistry.TClassRegistry.UnregisterClass
 0002:00000178       Data.DBXCommon.Data.DBXCommon
 0001:0000162C       Data.DBXCommon.Finalization
 0001:00001544       Data.DBXCommon.TDBXCommand.Close
 0001:000014F4       Data.DBXCommon.TDBXCommand.CloseReader
 0001:000014BC       Data.DBXCommon.TDBXCommand.CreateParameter
 0001:000014C4       Data.DBXCommon.TDBXCommand.CreateParameterRow
 0001:000014CC       Data.DBXCommon.TDBXCommand.CreateParameters
 0001:0000153C       Data.DBXCommon.TDBXCommand.DerivedClearParameters
 0001:000014DC       Data.DBXCommon.TDBXCommand.ExecuteQuery
 0001:000014E4       Data.DBXCommon.TDBXCommand.ExecuteUpdate
 0001:000014EC       Data.DBXCommon.TDBXCommand.FreeOnExecute
 0001:0000161C       Data.DBXCommon.TDBXCommand.GetCommandTimeout
 0001:000014FC       Data.DBXCommon.TDBXCommand.GetCommandType
 0001:00001504       Data.DBXCommon.TDBXCommand.GetErrorEvent
 0001:0000150C       Data.DBXCommon.TDBXCommand.GetNextReader
 0001:00001514       Data.DBXCommon.TDBXCommand.GetParameters
 0001:0000151C       Data.DBXCommon.TDBXCommand.GetText
 0001:00001534       Data.DBXCommon.TDBXCommand.Open
 0001:00001524       Data.DBXCommon.TDBXCommand.Prepare
 0001:00001624       Data.DBXCommon.TDBXCommand.SetCommandTimeout
 0001:000014D4       Data.DBXCommon.TDBXCommand.SetCommandType
 0001:0000152C       Data.DBXCommon.TDBXCommand.SetText
 0001:00001444       Data.DBXCommon.TDBXConnection.BeginTransaction
 0001:0000143C       Data.DBXCommon.TDBXConnection.BeginTransaction
 0001:00001454       Data.DBXCommon.TDBXConnection.CommitFreeAndNil
 0001:0000144C       Data.DBXCommon.TDBXConnection.CommitTransaction
 0001:00001414       Data.DBXCommon.TDBXConnection.CreateCommand
 0001:0000140C       Data.DBXCommon.TDBXConnection.CreateMorphCommand
 0001:00001404       Data.DBXCommon.TDBXConnection.Destroy
 0001:00001474       Data.DBXCommon.TDBXConnection.GetConnectionProperties
 0001:0000148C       Data.DBXCommon.TDBXConnection.GetConnectionProperty
 0001:00001424       Data.DBXCommon.TDBXConnection.GetDatabaseMetaData
 0001:000014A4       Data.DBXCommon.TDBXConnection.GetDBXFormatter
 0001:0000147C       Data.DBXCommon.TDBXConnection.GetErrorEvent
 0001:00001484       Data.DBXCommon.TDBXConnection.GetIsOpen
 0001:0000142C       Data.DBXCommon.TDBXConnection.GetTraceFlags
 0001:00001434       Data.DBXCommon.TDBXConnection.GetTraceInfoEvent
 0001:0000141C       Data.DBXCommon.TDBXConnection.Open
 0001:0000145C       Data.DBXCommon.TDBXConnection.RollbackFreeAndNil
 0001:00001464       Data.DBXCommon.TDBXConnection.RollbackIncompleteFreeAndNil
 0001:0000146C       Data.DBXCommon.TDBXConnection.RollbackTransaction
 0001:0000149C       Data.DBXCommon.TDBXConnection.SetConnectionProperties
 0001:000014AC       Data.DBXCommon.TDBXConnection.SetDBXFormatter
 0001:00001494       Data.DBXCommon.TDBXConnection.SetErrorEvent
 0001:000014B4       Data.DBXCommon.TDBXConnection.SetTraceFlags
 0001:00001604       Data.DBXCommon.TDBXConnectionBuilder.GetConnectionProperties
 0002:00000170       Data.DBXCommon.TDBXConnectionFactory.Create@
 0001:0000136C       Data.DBXCommon.TDBXConnectionFactory.Destroy@
 0001:000015FC       Data.DBXCommon.TDBXContext.Error
 0001:000013B4       Data.DBXCommon.TDBXDriver.AddCommandFactory
 0001:000013BC       Data.DBXCommon.TDBXDriver.CreateMorphCommand
 0001:000013C4       Data.DBXCommon.TDBXDriver.GetDriverClass
 0001:000013CC       Data.DBXCommon.TDBXDriver.GetDriverName
 0001:000013D4       Data.DBXCommon.TDBXDriver.GetDriverProperties
 0001:000013DC       Data.DBXCommon.TDBXDriver.GetDriverPropertyNames
 0001:000013EC       Data.DBXCommon.TDBXDriver.InitDriverProperties
 0001:000013E4       Data.DBXCommon.TDBXDriver.SetDriverName
 0001:0000160C       Data.DBXCommon.TDBXDriverHelp.GetMetaDataReader
 0001:00001614       Data.DBXCommon.TDBXDriverHelp.SetMetaDataReader
 0001:000013F4       Data.DBXCommon.TDBXDriverRegistry.RegisterDriverClass
 0001:000013FC       Data.DBXCommon.TDBXDriverRegistry.UnregisterDriverClass
 0001:000015F4       Data.DBXCommon.TDBXMorphicCommand.CloseReader
 0001:0000154C       Data.DBXCommon.TDBXMorphicCommand.Create
 0001:0000157C       Data.DBXCommon.TDBXMorphicCommand.CreateParameterRow
 0001:00001554       Data.DBXCommon.TDBXMorphicCommand.CreateParameters
 0001:000015A4       Data.DBXCommon.TDBXMorphicCommand.DerivedClose
 0001:000015AC       Data.DBXCommon.TDBXMorphicCommand.DerivedExecuteQuery
 0001:000015B4       Data.DBXCommon.TDBXMorphicCommand.DerivedExecuteUpdate
 0001:000015BC       Data.DBXCommon.TDBXMorphicCommand.DerivedGetNextReader
 0001:000015C4       Data.DBXCommon.TDBXMorphicCommand.DerivedOpen
 0001:000015CC       Data.DBXCommon.TDBXMorphicCommand.DerivedPrepare
 0001:0000155C       Data.DBXCommon.TDBXMorphicCommand.Destroy
 0001:00001564       Data.DBXCommon.TDBXMorphicCommand.ExecuteQuery
 0001:0000156C       Data.DBXCommon.TDBXMorphicCommand.ExecuteUpdate
 0001:0000158C       Data.DBXCommon.TDBXMorphicCommand.FreeOnExecute
 0001:0000159C       Data.DBXCommon.TDBXMorphicCommand.GetNextReader
 0001:00001574       Data.DBXCommon.TDBXMorphicCommand.GetParameters
 0001:00001584       Data.DBXCommon.TDBXMorphicCommand.GetRowsAffected
 0001:00001594       Data.DBXCommon.TDBXMorphicCommand.Prepare
 0001:000015E4       Data.DBXCommon.TDBXMorphicCommand.SetCommandType
 0001:000015D4       Data.DBXCommon.TDBXMorphicCommand.SetMaxBlobSize
 0001:000015DC       Data.DBXCommon.TDBXMorphicCommand.SetRowSetSize
 0001:000015EC       Data.DBXCommon.TDBXMorphicCommand.SetText
 0001:00001374       Data.DBXCommon.TDBXProperties.Create
 0001:0000137C       Data.DBXCommon.TDBXProperties.Create
 0001:00001384       Data.DBXCommon.TDBXProperties.Destroy
 0001:0000138C       Data.DBXCommon.TDBXProperties.DoOnChange
 0001:00001394       Data.DBXCommon.TDBXProperties.GetLists
 0001:000013A4       Data.DBXCommon.TDBXProperties.GetProperties
 0001:0000139C       Data.DBXCommon.TDBXProperties.GetValue
 0001:000013AC       Data.DBXCommon.TDBXProperties.SetValue
 0002:00000180       Data.DBXDynalink.Data.DBXDynalink
 0001:000016C4       Data.DBXDynalink.Finalization
 0001:0000168C       Data.DBXDynalink.TDBXDynalinkConnection.Close
 0001:00001694       Data.DBXDynalink.TDBXDynalinkConnection.Commit
 0001:000016AC       Data.DBXDynalink.TDBXDynalinkConnection.Create
 0001:00001684       Data.DBXDynalink.TDBXDynalinkConnection.CreateAndBeginTransaction
 0001:000016B4       Data.DBXDynalink.TDBXDynalinkConnection.DerivedOpen
 0001:000016BC       Data.DBXDynalink.TDBXDynalinkConnection.GetVendorProperty
 0001:0000169C       Data.DBXDynalink.TDBXDynalinkConnection.Rollback
 0001:000016A4       Data.DBXDynalink.TDBXDynalinkConnection.SetTraceInfoEvent
 0001:0000164C       Data.DBXDynalink.TDBXDynalinkDriver.CheckResult
 0001:00001654       Data.DBXDynalink.TDBXDynalinkDriver.Close
 0001:0000165C       Data.DBXDynalink.TDBXDynalinkDriver.Destroy
 0001:00001664       Data.DBXDynalink.TDBXDynalinkDriver.GetDriverVersion
 0001:0000166C       Data.DBXDynalink.TDBXDynalinkDriverCommonLoader.Create
 0001:00001674       Data.DBXDynalink.TDBXDynalinkDriverCommonLoader.Load
 0001:0000167C       Data.DBXDynalink.TDBXDynalinkDriverCommonLoader.LoadDriverLibrary
 0001:0000163C       Data.DBXDynalinkNative.TDBXDynalinkDriverLoader.CreateDynalinkDriver
 0001:00001644       Data.DBXDynalinkNative.TDBXDynalinkDriverLoader.CreateMethodTable
 0001:00001634       Data.DBXDynalinkNative.TDBXDynalinkDriverNative.Create
 0001:00001A44       Data.DBXMetaDataCommandFactory.TDBXDataExpressProviderContext.Commit
 0001:00001A04       Data.DBXMetaDataCommandFactory.TDBXDataExpressProviderContext.Create
 0001:00001A2C       Data.DBXMetaDataCommandFactory.TDBXDataExpressProviderContext.CreateRowStorage
 0001:00001A24       Data.DBXMetaDataCommandFactory.TDBXDataExpressProviderContext.CreateTableStorage
 0001:00001A0C       Data.DBXMetaDataCommandFactory.TDBXDataExpressProviderContext.Destroy
 0001:00001A1C       Data.DBXMetaDataCommandFactory.TDBXDataExpressProviderContext.ExecuteQuery
 0001:00001A14       Data.DBXMetaDataCommandFactory.TDBXDataExpressProviderContext.GetPlatformTypeName
 0001:00001A54       Data.DBXMetaDataCommandFactory.TDBXDataExpressProviderContext.GetVendorProperty
 0001:00001A4C       Data.DBXMetaDataCommandFactory.TDBXDataExpressProviderContext.Rollback
 0001:00001A3C       Data.DBXMetaDataCommandFactory.TDBXDataExpressProviderContext.StartSerializedTransaction
 0001:00001A34       Data.DBXMetaDataCommandFactory.TDBXDataExpressProviderContext.StartTransaction
 0001:00001A5C       Data.DBXMetaDataCommandFactory.TDBXMetaDataCommand.Create
 0001:00001A94       Data.DBXMetaDataCommandFactory.TDBXMetaDataCommand.DerivedClose
 0001:00001AA4       Data.DBXMetaDataCommandFactory.TDBXMetaDataCommand.DerivedExecuteQuery
 0001:00001AAC       Data.DBXMetaDataCommandFactory.TDBXMetaDataCommand.DerivedExecuteUpdate
 0001:00001A84       Data.DBXMetaDataCommandFactory.TDBXMetaDataCommand.DerivedGetNextReader
 0001:00001A8C       Data.DBXMetaDataCommandFactory.TDBXMetaDataCommand.DerivedOpen
 0001:00001A9C       Data.DBXMetaDataCommandFactory.TDBXMetaDataCommand.DerivedPrepare
 0001:00001A64       Data.DBXMetaDataCommandFactory.TDBXMetaDataCommand.Destroy
 0001:00001A7C       Data.DBXMetaDataCommandFactory.TDBXMetaDataCommand.GetRowsAffected
 0001:00001A74       Data.DBXMetaDataCommandFactory.TDBXMetaDataCommand.SetMaxBlobSize
 0001:00001A6C       Data.DBXMetaDataCommandFactory.TDBXMetaDataCommand.SetRowSetSize
 0001:000019F4       Data.DBXMetaDataCommandFactory.TDBXMetaDataCommandFactory.RegisterMetaDataCommandFactory
 0001:000019FC       Data.DBXMetaDataCommandFactory.TDBXMetaDataCommandFactory.UnRegisterMetaDataCommandFactory
 0001:000017FC       Data.DBXMetaDataReader.TDBXBaseMetaDataReader.AreCatalogFunctionsSupported
 0001:00001804       Data.DBXMetaDataReader.TDBXBaseMetaDataReader.AreCatalogsSupported
 0001:0000180C       Data.DBXMetaDataReader.TDBXBaseMetaDataReader.AreSchemasSupported
 0001:000017E4       Data.DBXMetaDataReader.TDBXBaseMetaDataReader.CompareVersion
 0001:000017AC       Data.DBXMetaDataReader.TDBXBaseMetaDataReader.Destroy
 0001:0000187C       Data.DBXMetaDataReader.TDBXBaseMetaDataReader.FetchCatalogs
 0001:0000185C       Data.DBXMetaDataReader.TDBXBaseMetaDataReader.FetchCollection
 0001:0000186C       Data.DBXMetaDataReader.TDBXBaseMetaDataReader.FetchCollectionWithStorage
 0001:000018A4       Data.DBXMetaDataReader.TDBXBaseMetaDataReader.FetchColumnConstraints
 0001:0000189C       Data.DBXMetaDataReader.TDBXBaseMetaDataReader.FetchColumns
 0001:00001874       Data.DBXMetaDataReader.TDBXBaseMetaDataReader.FetchDataTypes
 0001:000018C4       Data.DBXMetaDataReader.TDBXBaseMetaDataReader.FetchForeignKeyColumns
 0001:000018BC       Data.DBXMetaDataReader.TDBXBaseMetaDataReader.FetchForeignKeys
 0001:000018B4       Data.DBXMetaDataReader.TDBXBaseMetaDataReader.FetchIndexColumns
 0001:000018AC       Data.DBXMetaDataReader.TDBXBaseMetaDataReader.FetchIndexes
 0001:000018FC       Data.DBXMetaDataReader.TDBXBaseMetaDataReader.FetchPackageProcedureParameters
 0001:000018F4       Data.DBXMetaDataReader.TDBXBaseMetaDataReader.FetchPackageProcedures
 0001:000018EC       Data.DBXMetaDataReader.TDBXBaseMetaDataReader.FetchPackages
 0001:00001904       Data.DBXMetaDataReader.TDBXBaseMetaDataReader.FetchPackageSources
 0001:000018E4       Data.DBXMetaDataReader.TDBXBaseMetaDataReader.FetchProcedureParameters
 0001:000018D4       Data.DBXMetaDataReader.TDBXBaseMetaDataReader.FetchProcedures
 0001:000018DC       Data.DBXMetaDataReader.TDBXBaseMetaDataReader.FetchProcedureSources
 0001:0000191C       Data.DBXMetaDataReader.TDBXBaseMetaDataReader.FetchReservedWords
 0001:00001914       Data.DBXMetaDataReader.TDBXBaseMetaDataReader.FetchRoles
 0001:00001884       Data.DBXMetaDataReader.TDBXBaseMetaDataReader.FetchSchemas
 0001:000018CC       Data.DBXMetaDataReader.TDBXBaseMetaDataReader.FetchSynonyms
 0001:0000188C       Data.DBXMetaDataReader.TDBXBaseMetaDataReader.FetchTables
 0001:0000190C       Data.DBXMetaDataReader.TDBXBaseMetaDataReader.FetchUsers
 0001:00001894       Data.DBXMetaDataReader.TDBXBaseMetaDataReader.FetchViews
 0001:000017BC       Data.DBXMetaDataReader.TDBXBaseMetaDataReader.GetContext
 0001:00001924       Data.DBXMetaDataReader.TDBXBaseMetaDataReader.GetDataTypeDescriptions
 0001:00001844       Data.DBXMetaDataReader.TDBXBaseMetaDataReader.GetDataTypeHash
 0001:0000184C       Data.DBXMetaDataReader.TDBXBaseMetaDataReader.GetDataTypes
 0001:000017C4       Data.DBXMetaDataReader.TDBXBaseMetaDataReader.GetProductName
 0001:0000192C       Data.DBXMetaDataReader.TDBXBaseMetaDataReader.GetReservedWords
 0001:000017DC       Data.DBXMetaDataReader.TDBXBaseMetaDataReader.GetSqlDefaultParameterMarker
 0001:0000193C       Data.DBXMetaDataReader.TDBXBaseMetaDataReader.GetSqlForCatalogs
 0001:00001964       Data.DBXMetaDataReader.TDBXBaseMetaDataReader.GetSqlForColumnConstraints
 0001:0000195C       Data.DBXMetaDataReader.TDBXBaseMetaDataReader.GetSqlForColumns
 0001:00001934       Data.DBXMetaDataReader.TDBXBaseMetaDataReader.GetSqlForDataTypes
 0001:00001984       Data.DBXMetaDataReader.TDBXBaseMetaDataReader.GetSqlForForeignKeyColumns
 0001:0000197C       Data.DBXMetaDataReader.TDBXBaseMetaDataReader.GetSqlForForeignKeys
 0001:00001974       Data.DBXMetaDataReader.TDBXBaseMetaDataReader.GetSqlForIndexColumns
 0001:0000196C       Data.DBXMetaDataReader.TDBXBaseMetaDataReader.GetSqlForIndexes
 0001:000019BC       Data.DBXMetaDataReader.TDBXBaseMetaDataReader.GetSqlForPackageProcedureParameters
 0001:000019B4       Data.DBXMetaDataReader.TDBXBaseMetaDataReader.GetSqlForPackageProcedures
 0001:000019AC       Data.DBXMetaDataReader.TDBXBaseMetaDataReader.GetSqlForPackages
 0001:000019C4       Data.DBXMetaDataReader.TDBXBaseMetaDataReader.GetSqlForPackageSources
 0001:000019A4       Data.DBXMetaDataReader.TDBXBaseMetaDataReader.GetSqlForProcedureParameters
 0001:00001994       Data.DBXMetaDataReader.TDBXBaseMetaDataReader.GetSqlForProcedures
 0001:0000199C       Data.DBXMetaDataReader.TDBXBaseMetaDataReader.GetSqlForProcedureSources
 0001:000019DC       Data.DBXMetaDataReader.TDBXBaseMetaDataReader.GetSqlForReservedWords
 0001:000019D4       Data.DBXMetaDataReader.TDBXBaseMetaDataReader.GetSqlForRoles
 0001:00001944       Data.DBXMetaDataReader.TDBXBaseMetaDataReader.GetSqlForSchemas
 0001:0000198C       Data.DBXMetaDataReader.TDBXBaseMetaDataReader.GetSqlForSynonyms
 0001:0000194C       Data.DBXMetaDataReader.TDBXBaseMetaDataReader.GetSqlForTables
 0001:000019CC       Data.DBXMetaDataReader.TDBXBaseMetaDataReader.GetSqlForUsers
 0001:00001954       Data.DBXMetaDataReader.TDBXBaseMetaDataReader.GetSqlForViews
 0001:00001834       Data.DBXMetaDataReader.TDBXBaseMetaDataReader.GetSynonymType
 0001:00001824       Data.DBXMetaDataReader.TDBXBaseMetaDataReader.GetSystemTableType
 0001:0000182C       Data.DBXMetaDataReader.TDBXBaseMetaDataReader.GetSystemViewType
 0001:00001814       Data.DBXMetaDataReader.TDBXBaseMetaDataReader.GetTableType
 0001:000017CC       Data.DBXMetaDataReader.TDBXBaseMetaDataReader.GetVersion
 0001:0000181C       Data.DBXMetaDataReader.TDBXBaseMetaDataReader.GetViewType
 0001:000017EC       Data.DBXMetaDataReader.TDBXBaseMetaDataReader.IsQuotedIdentifiersSupported
 0001:000017F4       Data.DBXMetaDataReader.TDBXBaseMetaDataReader.IsSPReturnCodeSupported
 0001:00001864       Data.DBXMetaDataReader.TDBXBaseMetaDataReader.MakeStorage
 0001:0000183C       Data.DBXMetaDataReader.TDBXBaseMetaDataReader.MakeTableTypeString
 0001:00001854       Data.DBXMetaDataReader.TDBXBaseMetaDataReader.PopulateDataTypes
 0001:000017B4       Data.DBXMetaDataReader.TDBXBaseMetaDataReader.SetContext
 0001:000017D4       Data.DBXMetaDataReader.TDBXBaseMetaDataReader.SetVersion
 0001:000016CC       Data.DBXMetaDataReader.TDBXCustomMetaDataTable.Create
 0001:000016D4       Data.DBXMetaDataReader.TDBXDataTypeCursor.Create
 0001:000016DC       Data.DBXMetaDataReader.TDBXDataTypeDescription.Create
 0001:000016E4       Data.DBXMetaDataReader.TDBXDataTypeDescription.Create
 0001:000016EC       Data.DBXMetaDataReader.TDBXDataTypeDescription.SetUnicodeOptionSupported
 0001:000016F4       Data.DBXMetaDataReader.TDBXEmptyTableCursor.Create
 0001:00001704       Data.DBXMetaDataReader.TDBXMetaDataCollectionColumns.CreateCatalogsColumns
 0001:00001734       Data.DBXMetaDataReader.TDBXMetaDataCollectionColumns.CreateColumnConstraintsColumns
 0001:0000172C       Data.DBXMetaDataReader.TDBXMetaDataCollectionColumns.CreateColumnsColumns
 0001:000016FC       Data.DBXMetaDataReader.TDBXMetaDataCollectionColumns.CreateDataTypesColumns
 0001:00001754       Data.DBXMetaDataReader.TDBXMetaDataCollectionColumns.CreateForeignKeyColumnsColumns
 0001:0000174C       Data.DBXMetaDataReader.TDBXMetaDataCollectionColumns.CreateForeignKeysColumns
 0001:00001744       Data.DBXMetaDataReader.TDBXMetaDataCollectionColumns.CreateIndexColumnsColumns
 0001:0000173C       Data.DBXMetaDataReader.TDBXMetaDataCollectionColumns.CreateIndexesColumns
 0001:00001784       Data.DBXMetaDataReader.TDBXMetaDataCollectionColumns.CreatePackageProcedureParametersColumns
 0001:0000177C       Data.DBXMetaDataReader.TDBXMetaDataCollectionColumns.CreatePackageProceduresColumns
 0001:00001774       Data.DBXMetaDataReader.TDBXMetaDataCollectionColumns.CreatePackagesColumns
 0001:0000178C       Data.DBXMetaDataReader.TDBXMetaDataCollectionColumns.CreatePackageSourcesColumns
 0001:0000176C       Data.DBXMetaDataReader.TDBXMetaDataCollectionColumns.CreateProcedureParametersColumns
 0001:0000175C       Data.DBXMetaDataReader.TDBXMetaDataCollectionColumns.CreateProceduresColumns
 0001:00001764       Data.DBXMetaDataReader.TDBXMetaDataCollectionColumns.CreateProcedureSourcesColumns
 0001:000017A4       Data.DBXMetaDataReader.TDBXMetaDataCollectionColumns.CreateReservedWordsColumns
 0001:0000179C       Data.DBXMetaDataReader.TDBXMetaDataCollectionColumns.CreateRolesColumns
 0001:0000170C       Data.DBXMetaDataReader.TDBXMetaDataCollectionColumns.CreateSchemasColumns
 0001:00001724       Data.DBXMetaDataReader.TDBXMetaDataCollectionColumns.CreateSynonymsColumns
 0001:00001714       Data.DBXMetaDataReader.TDBXMetaDataCollectionColumns.CreateTablesColumns
 0001:00001794       Data.DBXMetaDataReader.TDBXMetaDataCollectionColumns.CreateUsersColumns
 0001:0000171C       Data.DBXMetaDataReader.TDBXMetaDataCollectionColumns.CreateViewsColumns
 0001:000019E4       Data.DBXMetaDataReader.TDBXReservedWordsCursor.Create
 0001:000019EC       Data.DBXMetaDataReader.TDBXTableTypeParser.ParseTableTypes
 0001:000012FC       Data.DBXPlatform.FreeObjectArray
 0001:000012F4       Data.DBXPlatform.IncrAfter
 0001:00001304       Data.DBXPlatform.TDBXObjectStore.SetObjectByName
 0001:00001314       Data.DBXPlatform.TDBXPlatform.CopyWideStringBuilder
 0001:0000130C       Data.DBXPlatform.TDBXPlatform.CreateWideStringBuilder
 0001:0000131C       Data.DBXPlatform.TDBXPlatform.FreeAndNilWideStringBuilder
 0002:00000110       Data.FmtBcd.Data.FmtBcd
 0001:000012DC       Data.FmtBcd.Finalization
 0002:00000108       Data.SqlTimSt.Data.SqlTimSt
 0001:000012D4       Data.SqlTimSt.Finalization
 0004:00000034       Dbx34Drv..71
 0001:00039280       Dbx34Drv..EDBXError
 0001:0003931C       Dbx34Drv..EDbxOODBCDriverError
 0001:00039C78       Dbx34Drv..TDBXCustomOpenODBCMetaDataReader
 0001:00039B84       Dbx34Drv..TDBXDataExpressProviderContextOpenOdbc
 0001:000398F4       Dbx34Drv..TDBXDynalinkConnectionOpenOdbc
 0001:0003981C       Dbx34Drv..TDBXDynalinkDriverLoaderOpenOdbc
 0001:00039A58       Dbx34Drv..TDBXMorphicCommandOpenOdbc
 0001:00039528       Dbx34Drv..TDbxOpenOdbcDriver
 0001:00039E90       Dbx34Drv..TDBXOpenODBCMetaDataCommand
 0001:0003A034       Dbx34Drv..TDBXOpenODBCMetaDataCommandFactory
 0001:0003A140       Dbx34Drv..TDBXOpenODBCMetaDataCommandFactoryCustom
 0001:0003A224       Dbx34Drv..TDBXOpenODBCMetaDataReader
 0001:000395FC       Dbx34Drv..TDBXOpenOdbcProperties
 0001:000393D0       Dbx34Drv..TDBXOpenOdbcPropertyNames
 0001:00039484       Dbx34Drv..TDBXPropertyNames
 0003:00000094       Dbx34Drv.bIsDbx34Drv
 0001:0003A7AC       Dbx34Drv.CheckGetVendorPropertyCommand
 0001:0003AA94       Dbx34Drv.CheckLibraryName
 0001:0003AA08       Dbx34Drv.CheckLibraryPath
 0001:0003A848       Dbx34Drv.CheckPathEnvironmet
 0001:0003AAE0       Dbx34Drv.CheckVendorLib
 0002:0000020C       Dbx34Drv.Dbx34Drv
 0001:0003A51C       Dbx34Drv.DBXStringArrayToErrorInfo
 0001:0003A420       Dbx34Drv.DBXStringArrayToNamedQueryParams
 0001:0003A668       Dbx34Drv.ErrorGetVendorPropertyCommand
 0001:0003E8B4       Dbx34Drv.Finalization
 0001:0003B734       Dbx34Drv.RaiseDriverVersionFailed
 0001:0003BFA4       Dbx34Drv.TDBXCustomOpenODBCMetaDataReader.CheckMetadata
 0001:0003C040       Dbx34Drv.TDBXCustomOpenODBCMetaDataReader.GetProductName
 0001:0003C0C0       Dbx34Drv.TDBXCustomOpenODBCMetaDataReader.GetSqlIdentifierQuoteChar
 0001:0003C084       Dbx34Drv.TDBXCustomOpenODBCMetaDataReader.GetSqlIdentifierQuotePrefix
 0001:0003C098       Dbx34Drv.TDBXCustomOpenODBCMetaDataReader.GetSqlIdentifierQuoteSuffix
 0001:0003C0D4       Dbx34Drv.TDBXCustomOpenODBCMetaDataReader.GetSqlProcedureQuoteChar
 0001:0003C0F8       Dbx34Drv.TDBXCustomOpenODBCMetaDataReader.GetUseAnsiStrings
 0001:0003BECC       Dbx34Drv.TDBXCustomOpenODBCMetaDataReader.InitMetadata
 0001:0003C0BC       Dbx34Drv.TDBXCustomOpenODBCMetaDataReader.IsDescendingIndexColumnsSupported
 0001:0003C0B8       Dbx34Drv.TDBXCustomOpenODBCMetaDataReader.IsDescendingIndexSupported
 0001:0003C0B0       Dbx34Drv.TDBXCustomOpenODBCMetaDataReader.IsLowerCaseIdentifiersSupported
 0001:0003C0E8       Dbx34Drv.TDBXCustomOpenODBCMetaDataReader.IsMultipleCommandsSupported
 0001:0003C0F0       Dbx34Drv.TDBXCustomOpenODBCMetaDataReader.IsNestedTransactionsSupported
 0001:0003C0AC       Dbx34Drv.TDBXCustomOpenODBCMetaDataReader.IsParameterMetadataSupported
 0001:0003C0F4       Dbx34Drv.TDBXCustomOpenODBCMetaDataReader.IsSetRowSizeSupported
 0001:0003C0EC       Dbx34Drv.TDBXCustomOpenODBCMetaDataReader.IsTransactionsSupported
 0001:0003C0B4       Dbx34Drv.TDBXCustomOpenODBCMetaDataReader.IsUpperCaseIdentifiersSupported
 0001:0003C028       Dbx34Drv.TDBXCustomOpenODBCMetaDataReader.SetContext
 0001:0003BDEC       Dbx34Drv.TDBXDynalinkConnectionOpenOdbc.Close
 0001:0003BDE0       Dbx34Drv.TDBXDynalinkConnectionOpenOdbc.DerivedClose
 0001:0003BDF4       Dbx34Drv.TDBXDynalinkConnectionOpenOdbc.DerivedCreateCommand
 0001:0003B72C       Dbx34Drv.TDBXDynalinkConnectionOpenOdbc.DerivedGetCommands
 0001:0003B730       Dbx34Drv.TDBXDynalinkConnectionOpenOdbc.DerivedGetCommandTypes
 0001:0003B7B8       Dbx34Drv.TDBXDynalinkConnectionOpenOdbc.DerivedOpen
 0001:0003BCF4       Dbx34Drv.TDBXDynalinkConnectionOpenOdbc.DoDerivedOpenAfter
 0001:0003B92C       Dbx34Drv.TDBXDynalinkConnectionOpenOdbc.DoDerivedOpenBefore
 0001:0003BDE4       Dbx34Drv.TDBXDynalinkConnectionOpenOdbc.GetDatabaseMetaData
 0001:0003B6F4       Dbx34Drv.TDBXDynalinkConnectionOpenOdbc.GetProductName
 0001:0003B6E0       Dbx34Drv.TDBXDynalinkConnectionOpenOdbc.GetProductVersion
 0001:0003BE08       Dbx34Drv.TDBXDynalinkConnectionOpenOdbc.GetVendorProperty
 0001:0003B6C8       Dbx34Drv.TDBXDynalinkDriverLoaderOpenOdbc.FreeOldLibrary
 0001:0003B42C       Dbx34Drv.TDBXDynalinkDriverLoaderOpenOdbc.LoadDriverLibraryAndMethodTable
 0001:0003BE84       Dbx34Drv.TDBXMorphicCommandOpenOdbc.Create
 0001:0003BEC4       Dbx34Drv.TDBXMorphicCommandOpenOdbc.DerivedExecuteQuery
 0001:0003AB28       Dbx34Drv.TDbxOpenOdbcDriver.Create
 0001:0003AC08       Dbx34Drv.TDbxOpenOdbcDriver.CreateCommandOpenOdbc
 0001:0003AC20       Dbx34Drv.TDbxOpenOdbcDriver.CreateConnection
 0001:0003ACF0       Dbx34Drv.TDbxOpenOdbcDriver.GetDriverPropertyNames
 0001:0003ACF8       Dbx34Drv.TDbxOpenOdbcDriver.GetDriverVersion
 0001:0003AC64       Dbx34Drv.TDbxOpenOdbcDriver.LoadDriverWithConnectionBuilder
 0001:0003C100       Dbx34Drv.TDBXOpenODBCMetaDataCommand.DerivedExecuteQuery
 0001:0003C314       Dbx34Drv.TDBXOpenODBCMetaDataCommandFactory.CreateCommand
 0001:0003C42C       Dbx34Drv.TDBXOpenODBCMetaDataCommandFactory.CreateMetaDataReader
 0001:0003C680       Dbx34Drv.TDBXOpenODBCMetaDataCommandFactory.CreateMetaDataReader
 0001:0003C11C       Dbx34Drv.TDBXOpenODBCMetaDataCommandFactory.GetMetaDataReaderClass
 0001:0003C3F4       Dbx34Drv.TDBXOpenODBCMetaDataCommandFactory.GetProductName
 0001:0003C124       Dbx34Drv.TDBXOpenODBCMetaDataCommandFactory.InitMetaDataReaderClass
 0001:0003C68C       Dbx34Drv.TDBXOpenODBCMetaDataCommandFactory.RegisterMetaDataCommandFactory
 0001:0003C694       Dbx34Drv.TDBXOpenODBCMetaDataCommandFactory.UnRegisterMetaDataCommandFactory
 0001:0003C108       Dbx34Drv.TDBXOpenODBCMetaDataCommandFactoryCustom.CreateMetaDataReader
 0001:0003C69C       Dbx34Drv.TDBXOpenODBCMetaDataReader.Create
 0001:0003C740       Dbx34Drv.TDBXOpenODBCMetaDataReader.FetchCatalogs
 0001:0003D01C       Dbx34Drv.TDBXOpenODBCMetaDataReader.FetchColumnConstraints
 0001:0003CEE4       Dbx34Drv.TDBXOpenODBCMetaDataReader.FetchColumns
 0001:0003C6D8       Dbx34Drv.TDBXOpenODBCMetaDataReader.FetchDataTypes
 0001:0003D154       Dbx34Drv.TDBXOpenODBCMetaDataReader.FetchForeignKeyColumns
 0001:0003D2A4       Dbx34Drv.TDBXOpenODBCMetaDataReader.FetchForeignKeys
 0001:0003D3D0       Dbx34Drv.TDBXOpenODBCMetaDataReader.FetchIndexColumns
 0001:0003D774       Dbx34Drv.TDBXOpenODBCMetaDataReader.FetchIndexes
 0001:0003E204       Dbx34Drv.TDBXOpenODBCMetaDataReader.FetchPackageProcedureParameters
 0001:0003E0C4       Dbx34Drv.TDBXOpenODBCMetaDataReader.FetchPackageProcedures
 0001:0003DF9C       Dbx34Drv.TDBXOpenODBCMetaDataReader.FetchPackages
 0001:0003E370       Dbx34Drv.TDBXOpenODBCMetaDataReader.FetchPackageSources
 0001:0003DE48       Dbx34Drv.TDBXOpenODBCMetaDataReader.FetchProcedureParameters
 0001:0003DAB8       Dbx34Drv.TDBXOpenODBCMetaDataReader.FetchProcedures
 0001:0003DBE8       Dbx34Drv.TDBXOpenODBCMetaDataReader.FetchProcedureSources
 0001:0003E654       Dbx34Drv.TDBXOpenODBCMetaDataReader.FetchReservedWords
 0001:0003E57C       Dbx34Drv.TDBXOpenODBCMetaDataReader.FetchRoles
 0001:0003C7C0       Dbx34Drv.TDBXOpenODBCMetaDataReader.FetchSchemas
 0001:0003DD20       Dbx34Drv.TDBXOpenODBCMetaDataReader.FetchSynonyms
 0001:0003C8E0       Dbx34Drv.TDBXOpenODBCMetaDataReader.FetchTables
 0001:0003E4A4       Dbx34Drv.TDBXOpenODBCMetaDataReader.FetchUsers
 0001:0003CDBC       Dbx34Drv.TDBXOpenODBCMetaDataReader.FetchViews
 0001:0003E788       Dbx34Drv.TDBXOpenODBCMetaDataReader.GetProductName
 0001:0003E7C0       Dbx34Drv.TDBXOpenODBCMetaDataReader.GetReservedWords
 0001:0003E7D4       Dbx34Drv.TDBXOpenODBCMetaDataReader.GetSqlForColumns
 0001:0003E7E0       Dbx34Drv.TDBXOpenODBCMetaDataReader.GetSqlForForeignKeyColumns
 0001:0003E7EC       Dbx34Drv.TDBXOpenODBCMetaDataReader.GetSqlForForeignKeys
 0001:0003E7F8       Dbx34Drv.TDBXOpenODBCMetaDataReader.GetSqlForIndexColumns
 0001:0003E804       Dbx34Drv.TDBXOpenODBCMetaDataReader.GetSqlForIndexes
 0001:0003E810       Dbx34Drv.TDBXOpenODBCMetaDataReader.GetSqlForPackageProcedureParameters
 0001:0003E81C       Dbx34Drv.TDBXOpenODBCMetaDataReader.GetSqlForPackageProcedures
 0001:0003E828       Dbx34Drv.TDBXOpenODBCMetaDataReader.GetSqlForPackages
 0001:0003E834       Dbx34Drv.TDBXOpenODBCMetaDataReader.GetSqlForPackageSources
 0001:0003E840       Dbx34Drv.TDBXOpenODBCMetaDataReader.GetSqlForProcedureParameters
 0001:0003E84C       Dbx34Drv.TDBXOpenODBCMetaDataReader.GetSqlForProcedures
 0001:0003E858       Dbx34Drv.TDBXOpenODBCMetaDataReader.GetSqlForProcedureSources
 0001:0003E864       Dbx34Drv.TDBXOpenODBCMetaDataReader.GetSqlForRoles
 0001:0003E870       Dbx34Drv.TDBXOpenODBCMetaDataReader.GetSqlForSchemas
 0001:0003E87C       Dbx34Drv.TDBXOpenODBCMetaDataReader.GetSqlForSynonyms
 0001:0003E888       Dbx34Drv.TDBXOpenODBCMetaDataReader.GetSqlForTables
 0001:0003E894       Dbx34Drv.TDBXOpenODBCMetaDataReader.GetSqlForUsers
 0001:0003E8A0       Dbx34Drv.TDBXOpenODBCMetaDataReader.GetSqlForViews
 0001:0003E8AC       Dbx34Drv.TDBXOpenODBCMetaDataReader.IsNestedTransactionsSupported
 0001:0003E8B0       Dbx34Drv.TDBXOpenODBCMetaDataReader.IsSetRowSizeSupported
 0001:0003AD34       Dbx34Drv.TDBXOpenOdbcProperties.Create
 0001:0003B09C       Dbx34Drv.TDBXOpenOdbcProperties.GetBlobSize
 0001:0003AEDC       Dbx34Drv.TDBXOpenOdbcProperties.GetConnectionString
 0001:0003B3B4       Dbx34Drv.TDBXOpenOdbcProperties.GetCustomString
 0001:0003AF64       Dbx34Drv.TDBXOpenOdbcProperties.GetDatabase
 0001:0003B240       Dbx34Drv.TDBXOpenOdbcProperties.GetDecimalSeparator
 0001:0003B190       Dbx34Drv.TDBXOpenOdbcProperties.GetOdbcTransIsolation
 0001:0003B034       Dbx34Drv.TDBXOpenOdbcProperties.GetPassWord
 0001:0003B2C8       Dbx34Drv.TDBXOpenOdbcProperties.GetTrimChar
 0001:0003AFCC       Dbx34Drv.TDBXOpenOdbcProperties.GetUserName
 0001:0003B118       Dbx34Drv.TDBXOpenOdbcProperties.SetBlobSize
 0001:0003AF24       Dbx34Drv.TDBXOpenOdbcProperties.SetConnectionString
 0001:0003B3F4       Dbx34Drv.TDBXOpenOdbcProperties.SetCustomString
 0001:0003AF9C       Dbx34Drv.TDBXOpenOdbcProperties.SetDatabase
 0001:0003B288       Dbx34Drv.TDBXOpenOdbcProperties.SetDecimalSeparator
 0001:0003B1EC       Dbx34Drv.TDBXOpenOdbcProperties.SetOdbcTransIsolation
 0001:0003B06C       Dbx34Drv.TDBXOpenOdbcProperties.SetPassWord
 0001:0003B33C       Dbx34Drv.TDBXOpenOdbcProperties.SetTrimChar
 0001:0003B004       Dbx34Drv.TDBXOpenOdbcProperties.SetUserName
 0004:00000030       Dbx34DrvDbms..52
 0001:00002F68       Dbx34DrvDbms..TDBXOpenODBCMetaDataCommandFactoryDataStorage
 0001:00002978       Dbx34DrvDbms..TDBXOpenODBCMetaDataCommandFactoryDB2
 0001:0000326C       Dbx34DrvDbms..TDBXOpenODBCMetaDataCommandFactoryFirebird
 0001:00002C5C       Dbx34DrvDbms..TDBXOpenODBCMetaDataCommandFactoryInformix
 0001:00003578       Dbx34DrvDbms..TDBXOpenODBCMetaDataCommandFactoryInterbase
 0001:00001DA8       Dbx34DrvDbms..TDBXOpenODBCMetaDataCommandFactoryMSSQL
 0001:00002094       Dbx34DrvDbms..TDBXOpenODBCMetaDataCommandFactoryMySQL
 0001:00001AB4       Dbx34DrvDbms..TDBXOpenODBCMetaDataCommandFactoryOracle
 0001:00003B78       Dbx34DrvDbms..TDBXOpenODBCMetaDataCommandFactoryPostgreSQL
 0001:00003884       Dbx34DrvDbms..TDBXOpenODBCMetaDataCommandFactorySQLite
 0001:00002380       Dbx34DrvDbms..TDBXOpenODBCMetaDataCommandFactorySybaseASA
 0001:0000267C       Dbx34DrvDbms..TDBXOpenODBCMetaDataCommandFactorySybaseASE
 0001:00003058       Dbx34DrvDbms..TDBXOpenODBCMetaDataReaderDataStorage
 0001:00002A58       Dbx34DrvDbms..TDBXOpenODBCMetaDataReaderDB2
 0001:00003358       Dbx34DrvDbms..TDBXOpenODBCMetaDataReaderFirebird
 0001:00002D48       Dbx34DrvDbms..TDBXOpenODBCMetaDataReaderInformix
 0001:00003664       Dbx34DrvDbms..TDBXOpenODBCMetaDataReaderInterbase
 0001:00001E8C       Dbx34DrvDbms..TDBXOpenODBCMetaDataReaderMSSQL
 0001:00002178       Dbx34DrvDbms..TDBXOpenODBCMetaDataReaderMySQL
 0001:00001B9C       Dbx34DrvDbms..TDBXOpenODBCMetaDataReaderOracle
 0001:00003C68       Dbx34DrvDbms..TDBXOpenODBCMetaDataReaderPostgreSQL
 0001:0000396C       Dbx34DrvDbms..TDBXOpenODBCMetaDataReaderSQLite
 0001:0000246C       Dbx34DrvDbms..TDBXOpenODBCMetaDataReaderSybaseASA
 0001:00002768       Dbx34DrvDbms..TDBXOpenODBCMetaDataReaderSybaseASE
 0002:00000188       Dbx34DrvDbms.Dbx34DrvDbms
 0001:000391FC       Dbx34DrvDbms.Finalization
 0001:0002C744       Dbx34DrvDbms.TDBXOpenODBCMetaDataCommandFactoryDataStorage.GetMetaDataReaderClass
 0001:0001F040       Dbx34DrvDbms.TDBXOpenODBCMetaDataCommandFactoryDB2.GetMetaDataReaderClass
 0001:0002CA80       Dbx34DrvDbms.TDBXOpenODBCMetaDataCommandFactoryFirebird.GetMetaDataReaderClass
 0001:00024024       Dbx34DrvDbms.TDBXOpenODBCMetaDataCommandFactoryInformix.GetMetaDataReaderClass
 0001:0003192C       Dbx34DrvDbms.TDBXOpenODBCMetaDataCommandFactoryInterbase.GetMetaDataReaderClass
 0001:00006CD4       Dbx34DrvDbms.TDBXOpenODBCMetaDataCommandFactoryMSSQL.GetMetaDataReaderClass
 0001:0000F164       Dbx34DrvDbms.TDBXOpenODBCMetaDataCommandFactoryMySQL.GetMetaDataReaderClass
 0001:00003E7C       Dbx34DrvDbms.TDBXOpenODBCMetaDataCommandFactoryOracle.GetMetaDataReaderClass
 0001:000367EC       Dbx34DrvDbms.TDBXOpenODBCMetaDataCommandFactoryPostgreSQL.GetMetaDataReaderClass
 0001:000367D8       Dbx34DrvDbms.TDBXOpenODBCMetaDataCommandFactorySQLite.GetMetaDataReaderClass
 0001:00013B54       Dbx34DrvDbms.TDBXOpenODBCMetaDataCommandFactorySybaseASA.GetMetaDataReaderClass
 0001:00019718       Dbx34DrvDbms.TDBXOpenODBCMetaDataCommandFactorySybaseASE.GetMetaDataReaderClass
 0001:0002C864       Dbx34DrvDbms.TDBXOpenODBCMetaDataReaderDataStorage.GetSqlForColumns
 0001:0002C9B8       Dbx34DrvDbms.TDBXOpenODBCMetaDataReaderDataStorage.GetSqlForIndexColumns
 0001:0002C914       Dbx34DrvDbms.TDBXOpenODBCMetaDataReaderDataStorage.GetSqlForIndexes
 0001:0002C74C       Dbx34DrvDbms.TDBXOpenODBCMetaDataReaderDataStorage.GetSqlForTables
 0001:00023A2C       Dbx34DrvDbms.TDBXOpenODBCMetaDataReaderDB2.GetDataTypeDescriptions
 0001:0001F048       Dbx34DrvDbms.TDBXOpenODBCMetaDataReaderDB2.GetProductName
 0001:00020198       Dbx34DrvDbms.TDBXOpenODBCMetaDataReaderDB2.GetReservedWords
 0001:0001F618       Dbx34DrvDbms.TDBXOpenODBCMetaDataReaderDB2.GetSqlForColumns
 0001:0001FD3C       Dbx34DrvDbms.TDBXOpenODBCMetaDataReaderDB2.GetSqlForIndexColumns
 0001:0001F99C       Dbx34DrvDbms.TDBXOpenODBCMetaDataReaderDB2.GetSqlForIndexes
 0001:0001F070       Dbx34DrvDbms.TDBXOpenODBCMetaDataReaderDB2.GetSqlForTables
 0001:00023A20       Dbx34DrvDbms.TDBXOpenODBCMetaDataReaderDB2.GetSqlProcedureQuoteChar
 0001:000239E8       Dbx34DrvDbms.TDBXOpenODBCMetaDataReaderDB2.GetSystemTableType
 0001:00023978       Dbx34DrvDbms.TDBXOpenODBCMetaDataReaderDB2.GetTableType
 0001:000239B0       Dbx34DrvDbms.TDBXOpenODBCMetaDataReaderDB2.GetViewType
 0001:0002CABC       Dbx34DrvDbms.TDBXOpenODBCMetaDataReaderFirebird.Destroy
 0001:00031254       Dbx34DrvDbms.TDBXOpenODBCMetaDataReaderFirebird.GetAllDataTypes
 0001:0003186C       Dbx34DrvDbms.TDBXOpenODBCMetaDataReaderFirebird.GetDataTypeDescriptions
 0001:0002CA88       Dbx34DrvDbms.TDBXOpenODBCMetaDataReaderFirebird.GetProductName
 0001:0002DD40       Dbx34DrvDbms.TDBXOpenODBCMetaDataReaderFirebird.GetReservedWords
 0001:0002CF18       Dbx34DrvDbms.TDBXOpenODBCMetaDataReaderFirebird.GetSqlForColumns
 0001:0002D824       Dbx34DrvDbms.TDBXOpenODBCMetaDataReaderFirebird.GetSqlForIndexColumns
 0001:0002D3CC       Dbx34DrvDbms.TDBXOpenODBCMetaDataReaderFirebird.GetSqlForIndexes
 0001:0002CAE8       Dbx34DrvDbms.TDBXOpenODBCMetaDataReaderFirebird.GetSqlForTables
 0001:000311A4       Dbx34DrvDbms.TDBXOpenODBCMetaDataReaderFirebird.IsDescendingIndexColumnsSupported
 0001:000311A8       Dbx34DrvDbms.TDBXOpenODBCMetaDataReaderFirebird.SetContext
 0001:0002407C       Dbx34DrvDbms.TDBXOpenODBCMetaDataReaderInformix.Destroy
 0001:0002BDE0       Dbx34DrvDbms.TDBXOpenODBCMetaDataReaderInformix.GetAllDataTypes
 0001:0002C640       Dbx34DrvDbms.TDBXOpenODBCMetaDataReaderInformix.GetDataTypeDescriptions
 0001:0002402C       Dbx34DrvDbms.TDBXOpenODBCMetaDataReaderInformix.GetProductName
 0001:00026128       Dbx34DrvDbms.TDBXOpenODBCMetaDataReaderInformix.GetReservedWords
 0001:0002467C       Dbx34DrvDbms.TDBXOpenODBCMetaDataReaderInformix.GetSqlForColumns
 0001:00024F58       Dbx34DrvDbms.TDBXOpenODBCMetaDataReaderInformix.GetSqlForIndexColumns
 0001:00024AC4       Dbx34DrvDbms.TDBXOpenODBCMetaDataReaderInformix.GetSqlForIndexes
 0001:000240A8       Dbx34DrvDbms.TDBXOpenODBCMetaDataReaderInformix.GetSqlForTables
 0001:0002BDA4       Dbx34DrvDbms.TDBXOpenODBCMetaDataReaderInformix.GetSynonymType
 0001:0002BD6C       Dbx34DrvDbms.TDBXOpenODBCMetaDataReaderInformix.GetSystemTableType
 0001:0002BCFC       Dbx34DrvDbms.TDBXOpenODBCMetaDataReaderInformix.GetTableType
 0001:0002BD34       Dbx34DrvDbms.TDBXOpenODBCMetaDataReaderInformix.GetViewType
 0001:0002BDDC       Dbx34DrvDbms.TDBXOpenODBCMetaDataReaderInformix.IsUpperCaseIdentifiersSupported
 0001:00031968       Dbx34DrvDbms.TDBXOpenODBCMetaDataReaderInterbase.Destroy
 0001:00036100       Dbx34DrvDbms.TDBXOpenODBCMetaDataReaderInterbase.GetAllDataTypes
 0001:00036718       Dbx34DrvDbms.TDBXOpenODBCMetaDataReaderInterbase.GetDataTypeDescriptions
 0001:00031934       Dbx34DrvDbms.TDBXOpenODBCMetaDataReaderInterbase.GetProductName
 0001:00032BEC       Dbx34DrvDbms.TDBXOpenODBCMetaDataReaderInterbase.GetReservedWords
 0001:00031DC4       Dbx34DrvDbms.TDBXOpenODBCMetaDataReaderInterbase.GetSqlForColumns
 0001:000326D0       Dbx34DrvDbms.TDBXOpenODBCMetaDataReaderInterbase.GetSqlForIndexColumns
 0001:00032278       Dbx34DrvDbms.TDBXOpenODBCMetaDataReaderInterbase.GetSqlForIndexes
 0001:00031994       Dbx34DrvDbms.TDBXOpenODBCMetaDataReaderInterbase.GetSqlForTables
 0001:00036050       Dbx34DrvDbms.TDBXOpenODBCMetaDataReaderInterbase.IsDescendingIndexColumnsSupported
 0001:00036054       Dbx34DrvDbms.TDBXOpenODBCMetaDataReaderInterbase.SetContext
 0001:0000E1B4       Dbx34DrvDbms.TDBXOpenODBCMetaDataReaderMSSQL.GetDataTypeDescriptions
 0001:00006CDC       Dbx34DrvDbms.TDBXOpenODBCMetaDataReaderMSSQL.GetProductName
 0001:00009994       Dbx34DrvDbms.TDBXOpenODBCMetaDataReaderMSSQL.GetReservedWords
 0001:00007640       Dbx34DrvDbms.TDBXOpenODBCMetaDataReaderMSSQL.GetSqlForColumns
 0001:00008F18       Dbx34DrvDbms.TDBXOpenODBCMetaDataReaderMSSQL.GetSqlForIndexColumns
 0001:000083F0       Dbx34DrvDbms.TDBXOpenODBCMetaDataReaderMSSQL.GetSqlForIndexes
 0001:00006D28       Dbx34DrvDbms.TDBXOpenODBCMetaDataReaderMSSQL.GetSqlForTables
 0001:0000E050       Dbx34DrvDbms.TDBXOpenODBCMetaDataReaderMSSQL.GetSqlIdentifierQuotePrefix
 0001:0000E074       Dbx34DrvDbms.TDBXOpenODBCMetaDataReaderMSSQL.GetSqlIdentifierQuoteSuffix
 0001:0000E178       Dbx34DrvDbms.TDBXOpenODBCMetaDataReaderMSSQL.GetSynonymType
 0001:0000E108       Dbx34DrvDbms.TDBXOpenODBCMetaDataReaderMSSQL.GetSystemTableType
 0001:0000E140       Dbx34DrvDbms.TDBXOpenODBCMetaDataReaderMSSQL.GetSystemViewType
 0001:0000E098       Dbx34DrvDbms.TDBXOpenODBCMetaDataReaderMSSQL.GetTableType
 0001:0000E0D0       Dbx34DrvDbms.TDBXOpenODBCMetaDataReaderMSSQL.GetViewType
 0001:00012E18       Dbx34DrvDbms.TDBXOpenODBCMetaDataReaderMySQL.GetDataTypeDescriptions
 0001:0000F16C       Dbx34DrvDbms.TDBXOpenODBCMetaDataReaderMySQL.GetProductName
 0001:000102F8       Dbx34DrvDbms.TDBXOpenODBCMetaDataReaderMySQL.GetReservedWords
 0001:0000F540       Dbx34DrvDbms.TDBXOpenODBCMetaDataReaderMySQL.GetSqlForColumns
 0001:0000FF54       Dbx34DrvDbms.TDBXOpenODBCMetaDataReaderMySQL.GetSqlForIndexColumns
 0001:0000FBA4       Dbx34DrvDbms.TDBXOpenODBCMetaDataReaderMySQL.GetSqlForIndexes
 0001:0000F198       Dbx34DrvDbms.TDBXOpenODBCMetaDataReaderMySQL.GetSqlForTables
 0001:00012C54       Dbx34DrvDbms.TDBXOpenODBCMetaDataReaderMySQL.GetSqlIdentifierQuoteChar
 0001:00012C0C       Dbx34DrvDbms.TDBXOpenODBCMetaDataReaderMySQL.GetSqlIdentifierQuotePrefix
 0001:00012C30       Dbx34DrvDbms.TDBXOpenODBCMetaDataReaderMySQL.GetSqlIdentifierQuoteSuffix
 0001:00012C78       Dbx34DrvDbms.TDBXOpenODBCMetaDataReaderMySQL.GetTableType
 0001:00012CC4       Dbx34DrvDbms.TDBXOpenODBCMetaDataReaderMySQL.IsDescendingIndexColumnsSupported
 0001:00012CCC       Dbx34DrvDbms.TDBXOpenODBCMetaDataReaderMySQL.IsMultipleCommandsSupported
 0001:00012CC8       Dbx34DrvDbms.TDBXOpenODBCMetaDataReaderMySQL.IsUpperCaseIdentifiersSupported
 0001:00012D7C       Dbx34DrvDbms.TDBXOpenODBCMetaDataReaderMySQL.PopulateDataTypes
 0001:00012CD0       Dbx34DrvDbms.TDBXOpenODBCMetaDataReaderMySQL.SetContext
 0001:00005FB4       Dbx34DrvDbms.TDBXOpenODBCMetaDataReaderOracle.GetDataTypeDescriptions
 0001:00003E84       Dbx34DrvDbms.TDBXOpenODBCMetaDataReaderOracle.GetProductName
 0001:000050C8       Dbx34DrvDbms.TDBXOpenODBCMetaDataReaderOracle.GetReservedWords
 0001:000044E4       Dbx34DrvDbms.TDBXOpenODBCMetaDataReaderOracle.GetSqlForColumns
 0001:00004C00       Dbx34DrvDbms.TDBXOpenODBCMetaDataReaderOracle.GetSqlForIndexColumns
 0001:00004804       Dbx34DrvDbms.TDBXOpenODBCMetaDataReaderOracle.GetSqlForIndexes
 0001:00003EB4       Dbx34DrvDbms.TDBXOpenODBCMetaDataReaderOracle.GetSqlForSchemas
 0001:00003F90       Dbx34DrvDbms.TDBXOpenODBCMetaDataReaderOracle.GetSqlForTables
 0001:00005E80       Dbx34DrvDbms.TDBXOpenODBCMetaDataReaderOracle.PopulateDataTypes
 0001:00038A80       Dbx34DrvDbms.TDBXOpenODBCMetaDataReaderPostgreSQL.GetReservedWords
 0001:00036D98       Dbx34DrvDbms.TDBXOpenODBCMetaDataReaderPostgreSQL.GetSqlForColumns
 0001:00037B94       Dbx34DrvDbms.TDBXOpenODBCMetaDataReaderPostgreSQL.GetSqlForIndexColumns
 0001:0003758C       Dbx34DrvDbms.TDBXOpenODBCMetaDataReaderPostgreSQL.GetSqlForIndexes
 0001:000367F4       Dbx34DrvDbms.TDBXOpenODBCMetaDataReaderPostgreSQL.GetSqlForTables
 0001:000367E0       Dbx34DrvDbms.TDBXOpenODBCMetaDataReaderSQLite.GetSqlForTables
 0001:00018B6C       Dbx34DrvDbms.TDBXOpenODBCMetaDataReaderSybaseASA.GetDataTypeDescriptions
 0001:00013B5C       Dbx34DrvDbms.TDBXOpenODBCMetaDataReaderSybaseASA.GetProductName
 0001:000162B0       Dbx34DrvDbms.TDBXOpenODBCMetaDataReaderSybaseASA.GetReservedWords
 0001:000142DC       Dbx34DrvDbms.TDBXOpenODBCMetaDataReaderSybaseASA.GetSqlForColumns
 0001:0001542C       Dbx34DrvDbms.TDBXOpenODBCMetaDataReaderSybaseASA.GetSqlForIndexColumns
 0001:000147C8       Dbx34DrvDbms.TDBXOpenODBCMetaDataReaderSybaseASA.GetSqlForIndexes
 0001:00013D10       Dbx34DrvDbms.TDBXOpenODBCMetaDataReaderSybaseASA.GetSqlForTables
 0001:00018AEC       Dbx34DrvDbms.TDBXOpenODBCMetaDataReaderSybaseASA.GetSystemTableType
 0001:00018B2C       Dbx34DrvDbms.TDBXOpenODBCMetaDataReaderSybaseASA.GetSystemViewType
 0001:00018A6C       Dbx34DrvDbms.TDBXOpenODBCMetaDataReaderSybaseASA.GetTableType
 0001:00018AAC       Dbx34DrvDbms.TDBXOpenODBCMetaDataReaderSybaseASA.GetViewType
 0001:00013BB0       Dbx34DrvDbms.TDBXOpenODBCMetaDataReaderSybaseASA.SetContext
 0001:0001E3F8       Dbx34DrvDbms.TDBXOpenODBCMetaDataReaderSybaseASE.GetDataTypeDescriptions
 0001:00019720       Dbx34DrvDbms.TDBXOpenODBCMetaDataReaderSybaseASE.GetProductName
 0001:0001A8DC       Dbx34DrvDbms.TDBXOpenODBCMetaDataReaderSybaseASE.GetReservedWords
 0001:00019ADC       Dbx34DrvDbms.TDBXOpenODBCMetaDataReaderSybaseASE.GetSqlForColumns
 0001:0001A3F4       Dbx34DrvDbms.TDBXOpenODBCMetaDataReaderSybaseASE.GetSqlForIndexColumns
 0001:0001A088       Dbx34DrvDbms.TDBXOpenODBCMetaDataReaderSybaseASE.GetSqlForIndexes
 0001:00019764       Dbx34DrvDbms.TDBXOpenODBCMetaDataReaderSybaseASE.GetSqlForTables
 0001:0001E3C0       Dbx34DrvDbms.TDBXOpenODBCMetaDataReaderSybaseASE.GetSystemTableType
 0001:0001E350       Dbx34DrvDbms.TDBXOpenODBCMetaDataReaderSybaseASE.GetTableType
 0001:0001E388       Dbx34DrvDbms.TDBXOpenODBCMetaDataReaderSybaseASE.GetViewType
 0004:00000040       DbxDBFix..1
 0002:000002C4       DbxDBFix.DbxDBFix
 0001:000400A4       DbxDBFix.Finalization
 0004:0000003C       DbxOpenOdbcApiHook..2
 0001:0003EA80       DbxOpenOdbcApiHook..TIATPatch
 0002:000002BC       DbxOpenOdbcApiHook.DbxOpenOdbcApiHook
 0001:0004009C       DbxOpenOdbcApiHook.Finalization
 0001:0004000C       DbxOpenOdbcApiHook.FindVirtualMethodIndex
 0001:00040084       DbxOpenOdbcApiHook.FxtGetStubAddress
 0001:0003F09C       DbxOpenOdbcApiHook.GetNativeAddr
 0001:0003FF78       DbxOpenOdbcApiHook.GetVirtualMethodAddress
 0001:0004006C       DbxOpenOdbcApiHook.GetVirtualMethodOffset
 0001:0003EE90       DbxOpenOdbcApiHook.HookCode
 0001:0003EFA0       DbxOpenOdbcApiHook.HookProc
 0001:0003F284       DbxOpenOdbcApiHook.IsJumpFromCode
 0001:0003F0C0       DbxOpenOdbcApiHook.JumpFromCode
 0003:00000098       DbxOpenOdbcApiHook.Opcodes1
 0003:00000298       DbxOpenOdbcApiHook.Opcodes2
 0003:00000498       DbxOpenOdbcApiHook.Opcodes3
 0001:0003F198       DbxOpenOdbcApiHook.RestoreSavedCode
 0001:0003EE48       DbxOpenOdbcApiHook.SaveOldFunction
 0001:0003FF84       DbxOpenOdbcApiHook.SetVirtualMethodAddress
 0001:0003EB60       DbxOpenOdbcApiHook.SizeOfCode
 0001:0003EE24       DbxOpenOdbcApiHook.SizeOfProc
 0001:0003F628       DbxOpenOdbcApiHook.TIATPatch.BuildIATPatchList
 0001:0003FC04       DbxOpenOdbcApiHook.TIATPatch.Clear
 0001:0003F300       DbxOpenOdbcApiHook.TIATPatch.CompareLibraryNames
 0001:0003FE84       DbxOpenOdbcApiHook.TIATPatch.Create
 0001:0003FB2C       DbxOpenOdbcApiHook.TIATPatch.Delete
 0001:0003FED8       DbxOpenOdbcApiHook.TIATPatch.Destroy
 0001:0003F448       DbxOpenOdbcApiHook.TIATPatch.EnumIATList
 0001:0003F9F8       DbxOpenOdbcApiHook.TIATPatch.Find
 0001:0003FE2C       DbxOpenOdbcApiHook.TIATPatch.GetCount
 0001:0003FD24       DbxOpenOdbcApiHook.TIATPatch.GetPatchRecord
 0001:0003FD84       DbxOpenOdbcApiHook.TIATPatch.GetUnpatchOnFree
 0001:0003F2E0       DbxOpenOdbcApiHook.TIATPatch.ListContainsIAT
 0001:0003F2AC       DbxOpenOdbcApiHook.TIATPatch.NextFunctionName
 0001:0003F7D8       DbxOpenOdbcApiHook.TIATPatch.Patch
 0001:0003FDDC       DbxOpenOdbcApiHook.TIATPatch.SetUnpatchOnFree
 0001:0003F6BC       DbxOpenOdbcApiHook.TIATPatch.Unpatch
 0001:0003F3C8       DbxOpenOdbcApiHook.TIATPatch.UpdateEntry
 0001:0003F414       DbxOpenOdbcApiHook.TIATPatch.UpdatePatch
 0001:0003EFE8       DbxOpenOdbcApiHook.UnhookCode
 0004:00000038       DbxXXDrv..1
 0002:000002B4       DbxXXDrv.DbxXXDrv
 0001:0003E94C       DbxXXDrv.Finalization
 0001:0003E948       DbxXXDrv.IsDbxDrvFixed
 0001:00000DFC       SysInit...
 0003:00000034       SysInit...
 0001:00000F04       SysInit...
 0001:00000EF4       SysInit...
 0001:00000E0C       SysInit...
 0001:00000ED0       SysInit...
 0001:00000E1C       SysInit...
 0001:00000EA8       SysInit...
 0001:00000E2C       SysInit...
 0001:00000E3C       SysInit...
 0001:00000E4C       SysInit...
 0001:00000E60       SysInit...
 0001:00000E90       SysInit...
 0004:00000018       SysInit..1
 0001:000008D0       SysInit.@InitPkg
 0001:00000934       SysInit.@PackageLoad
 0001:00000940       SysInit.@PackageUnload
 0001:000003B0       SysInit.@_dbkDummyProc
 0001:000003B4       SysInit.@_dbkFCallArgs
 0001:000007A4       SysInit.@_dbk_fcall_wrapper
 0001:0000094C       SysInit.@_delayLoadHelper2
 0001:00000C2C       SysInit.@_FUnloadDelayLoadedDLL2
 0001:00000D3C       SysInit.@_HrLoadAllImportsForDll
 0004:00000014       SysInit.@_pfnDliFailureHook2
 0004:00000010       SysInit.@_pfnDliNotifyHook2
 0001:000002A0       SysInit.AllocTlsBuffer
 0004:0000000C       SysInit.dbkFCallWrapperAddr
 0001:0000035C       SysInit.ExitProcessTLS
 0001:00000324       SysInit.ExitThreadTLS
 0001:00000F14       SysInit.Finalization
 0001:00000248       SysInit.FreeLibrary
 0001:00000280       SysInit.GetLastError
 0001:00000298       SysInit.GetProcAddress
 0001:000002AC       SysInit.GetTlsSize
 0004:00000004       SysInit.HInstance
 0001:00000380       SysInit.InitializeModule
 0001:000002F8       SysInit.InitProcessTLS
 0001:000002B4       SysInit.InitThreadTLS
 0001:00000238       SysInit.InterlockedExchange
 0001:00000288       SysInit.LoadLibraryA
 0001:00000250       SysInit.LocalAlloc
 0001:00000258       SysInit.LocalFree
 0003:00000008       SysInit.Module
 0004:00000000       SysInit.ModuleIsLib
 0004:00000001       SysInit.ModuleIsPackage
 0003:00000004       SysInit.PtrToNil
 0001:00000290       SysInit.RaiseException
 0001:00000DF4       SysInit.ShutdownDelayHelp2
 0002:00000008       SysInit.SysInit
 0001:00000260       SysInit.TlsAlloc
 0004:0000001C       SysInit.tlsBuffer
 0001:00000268       SysInit.TlsFree
 0001:00000270       SysInit.TlsGetValue
 0003:00000000       SysInit.TlsIndex
 0005:00000000       SysInit.TlsLast
 0003:00000024       SysInit.TlsProc
 0001:00000278       SysInit.TlsSetValue
 0001:0000038C       SysInit.UninitializeModule
 0004:FFFBC000       SysInit.__ImageBase
 0001:000001E8       System.@AddRefRecord
 0001:000000C0       System.@AfterConstruction
 0001:000000C8       System.@BeforeDestruction
 0001:000000B0       System.@ClassCreate
 0001:000000B8       System.@ClassDestroy
 0001:000000F8       System.@DoneExcept
 0001:00000218       System.@DynArrayAddRef
 0001:00000210       System.@DynArrayAsg
 0001:00000208       System.@DynArrayClear
 0001:000001F8       System.@DynArrayHigh
 0001:000001F0       System.@DynArrayLength
 0001:00000200       System.@DynArraySetLength
 0001:00000020       System.@FillChar
 0001:000001E0       System.@FinalizeArray
 0001:000001D8       System.@FinalizeRecord
 0001:00000010       System.@FreeMem
 0001:00000008       System.@GetMem
 0001:000000D0       System.@HandleAnyException
 0001:000000E0       System.@HandleFinally
 0001:000000D8       System.@HandleOnException
 0001:00000070       System.@IsClass
 0001:00000130       System.@LStrArrayClr
 0001:00000120       System.@LStrClr
 0001:00000160       System.@LStrFromPWChar
 0001:00000178       System.@LStrFromUStr
 0001:00000158       System.@LStrLen
 0001:00000170       System.@LStrSetLength
 0001:00000168       System.@LStrToPChar
 0001:00000100       System.@PackageLoad
 0001:00000108       System.@PackageUnload
 0001:000000F0       System.@RaiseAgain
 0001:000000E8       System.@RaiseExcept
 0001:00000110       System.@RunError
 0001:00000138       System.@UStrAddRef
 0001:00000128       System.@UStrArrayClr
 0001:00000140       System.@UStrAsg
 0001:000001A8       System.@UStrCat3
 0001:000001B0       System.@UStrCatN
 0001:00000118       System.@UStrClr
 0001:000001B8       System.@UStrCmp
 0001:000001C8       System.@UStrCopy
 0001:000001C0       System.@UStrEqual
 0001:00000198       System.@UStrFromLStr
 0001:00000188       System.@UStrFromPWChar
 0001:00000190       System.@UStrFromWArray
 0001:00000148       System.@UStrLAsg
 0001:00000150       System.@UStrLen
 0001:000001A0       System.@UStrSetLength
 0001:00000180       System.@UStrToPWChar
 0001:00000000       System.AllocMem
 0001:00000230       System.Finalization
 0001:00000018       System.Move
 0001:000001D0       System.Pos
 0001:00000220       System.RegisterModule
 0002:00000000       System.System
 0001:00000098       System.TObject.AfterConstruction
 0001:000000A0       System.TObject.BeforeDestruction
 0001:00000030       System.TObject.ClassName
 0001:00000028       System.TObject.ClassType
 0001:00000048       System.TObject.Create
 0001:00000090       System.TObject.DefaultHandler
 0001:00000050       System.TObject.Destroy
 0001:000000A8       System.TObject.Dispatch
 0001:00000060       System.TObject.Equals
 0001:00000058       System.TObject.Free
 0001:00000040       System.TObject.FreeInstance
 0001:00000068       System.TObject.GetHashCode
 0001:00000078       System.TObject.InheritsFrom
 0001:00000038       System.TObject.NewInstance
 0001:00000080       System.TObject.SafeCallException
 0001:00000088       System.TObject.ToString
 0001:00000228       System.UnregisterModule
 0001:000010E4       System.Character.Finalization
 0002:00000038       System.Character.System.Character
 0001:0000127C       System.Classes.Finalization
 0002:000000E0       System.Classes.System.Classes
 0002:000000D8       System.Classes.TBaseAsyncResult.Create@
 0001:00001274       System.Classes.TBaseAsyncResult.Destroy@
 0002:000000B8       System.Classes.TBinaryWriter.Create@
 0001:0000125C       System.Classes.TBinaryWriter.Destroy@
 0002:000000C8       System.Classes.TComponent.Create@
 0001:00001214       System.Classes.TComponent.Destroy@
 0001:0000121C       System.Classes.TList.Add
 0001:00001224       System.Classes.TList.Delete
 0001:0000122C       System.Classes.TList.Get
 0001:00001234       System.Classes.TList.Remove
 0002:000000D0       System.Classes.TLoginCredentialService.Create@
 0001:00001264       System.Classes.TLoginCredentialService.Destroy@
 0002:000000B0       System.Classes.TObserverMapping.Create@
 0001:0000126C       System.Classes.TObserverMapping.Destroy@
 0001:0000123C       System.Classes.TPersistent.Assign
 0001:00001244       System.Classes.TPersistent.AssignTo
 0001:0000124C       System.Classes.TPersistent.DefineProperties
 0002:000000C0       System.Classes.TThread.Create@
 0001:00001254       System.Classes.TThread.Destroy@
 0001:000012C4       System.DateUtils.Finalization
 0002:00000100       System.DateUtils.System.DateUtils
 0002:000000F8       System.DateUtils.TTimeZone.Create@
 0001:000012BC       System.DateUtils.TTimeZone.Destroy@
 0002:000000A8       System.Generics.Defaults.TIStringComparer.Create@
 0001:0000120C       System.Generics.Defaults.TIStringComparer.Destroy@
 0002:000000A0       System.Generics.Defaults.TStringComparer.Create@
 0001:00001204       System.Generics.Defaults.TStringComparer.Destroy@
 0001:0000132C       System.IniFiles.Finalization
 0002:00000130       System.IniFiles.System.IniFiles
 0001:000010EC       System.Internal.ExcUtils.Finalization
 0002:00000040       System.Internal.ExcUtils.System.Internal.ExcUtils
 0002:00000128       System.IOUtils.TPath.Create@
 0001:00001324       System.IOUtils.TPath.Destroy@
 0001:00001334       System.JSON.Finalization
 0002:00000138       System.JSON.System.JSON
 0001:00001354       System.JSON.Readers.Finalization
 0002:00000158       System.JSON.Readers.System.JSON.Readers
 0001:0000133C       System.JSON.Types.Finalization
 0002:00000140       System.JSON.Types.System.JSON.Types
 0002:00000150       System.JSON.Utils.TJsonTextUtils.Create@
 0001:0000134C       System.JSON.Utils.TJsonTextUtils.Destroy@
 0002:00000160       System.JSON.Writers.TJsonWriter.Create@
 0001:0000135C       System.JSON.Writers.TJsonWriter.Destroy@
 0001:000011E4       System.Math.Finalization
 0002:00000080       System.Math.System.Math
 0002:00000148       System.NetEncoding.TNetEncoding.Create@
 0001:00001344       System.NetEncoding.TNetEncoding.Destroy@
 0001:000011F4       System.Rtti.Finalization
 0002:00000090       System.Rtti.System.Rtti
 0002:00000088       System.Rtti.TRttiContext.Create@
 0001:000011EC       System.Rtti.TRttiContext.Destroy@
 0001:000012CC       System.StrUtils.PosEx
 0001:000012EC       System.SyncObjs.Finalization
 0002:00000120       System.SyncObjs.System.SyncObjs
 0001:00001174       System.SysUtils.Abort
 0001:00001134       System.SysUtils.BoolToStr
 0001:00001144       System.SysUtils.ChangeFileExt
 0001:00001104       System.SysUtils.CompareText
 0001:0000117C       System.SysUtils.Exception.Create
 0002:00000058       System.SysUtils.Exception.Create@
 0001:00001184       System.SysUtils.Exception.Destroy
 0001:000011A4       System.SysUtils.Exception.Destroy@
 0001:0000118C       System.SysUtils.Exception.GetBaseException
 0001:00001194       System.SysUtils.Exception.RaisingException
 0001:0000119C       System.SysUtils.Exception.ToString
 0001:00001154       System.SysUtils.ExtractFileName
 0001:0000114C       System.SysUtils.ExtractFilePath
 0001:0000113C       System.SysUtils.FileExists
 0001:000011CC       System.SysUtils.Finalization
 0001:000011B4       System.SysUtils.FreeAndNil
 0001:0000111C       System.SysUtils.IntToStr
 0001:0000110C       System.SysUtils.SameText
 0001:0000115C       System.SysUtils.StrEnd
 0001:0000116C       System.SysUtils.StrIComp
 0001:00001164       System.SysUtils.StrPLCopy
 0001:0000112C       System.SysUtils.StrToBoolDef
 0001:00001124       System.SysUtils.StrToIntDef
 0002:00000068       System.SysUtils.System.SysUtils
 0002:00000050       System.SysUtils.TEncoding.Create@
 0001:000011C4       System.SysUtils.TEncoding.Destroy@
 0002:00000048       System.SysUtils.TLanguages.Create@
 0001:000011BC       System.SysUtils.TLanguages.Destroy@
 0002:00000060       System.SysUtils.TOSVersion.Create@
 0001:000010F4       System.SysUtils.TOSVersion.Destroy@
 0001:00001114       System.SysUtils.Trim
 0001:000010FC       System.SysUtils.UpperCase
 0001:000011AC       System.SysUtils.Win32Platform
 0002:000000F0       System.TimeSpan.TTimeSpan.Create@
 0001:000012B4       System.TimeSpan.TTimeSpan.Destroy@
 0001:000011FC       System.TypInfo.Finalization
 0002:00000098       System.TypInfo.System.TypInfo
 0001:00000F24       System.UITypes.Finalization
 0002:00000010       System.UITypes.System.UITypes
 0001:000011DC       System.Variants.Finalization
 0002:00000078       System.Variants.System.Variants
 0001:000011D4       System.VarUtils.Finalization
 0002:00000070       System.VarUtils.System.VarUtils
 0002:00000168       System.Win.Registry.TRegistry.Create@
 0001:00001364       System.Win.Registry.TRegistry.Destroy@
 0004:00000028       Winapi.PsAPI..1
 0001:000010C0       Winapi.PsAPI.Finalization
 0004:0000002C       Winapi.PsAPI.hPSAPI
 0002:00000030       Winapi.PsAPI.Winapi.PsAPI
 0004:00000020       Winapi.Windows..2
 0001:0000105C       Winapi.Windows.CopyMemory
 0001:00000F2C       Winapi.Windows.DeleteCriticalSection
 0001:00000F34       Winapi.Windows.EnterCriticalSection
 0001:000010A0       Winapi.Windows.Finalization
 0001:00000F3C       Winapi.Windows.FlushInstructionCache
 0001:00000F44       Winapi.Windows.FreeLibrary
 0001:00000F4C       Winapi.Windows.GetCurrentProcess
 0001:00000F54       Winapi.Windows.GetEnvironmentVariableA
 0001:00000F5C       Winapi.Windows.GetEnvironmentVariableW
 0001:00000F64       Winapi.Windows.GetModuleHandle
 0001:00000F6C       Winapi.Windows.GetProcAddress
 0001:00000F74       Winapi.Windows.GetProcAddress
 0001:00001024       Winapi.Windows.GetVersion
 0001:0000102C       Winapi.Windows.GetVersionEx
 0004:00000024       Winapi.Windows.HtmlHelpModule
 0001:00001034       Winapi.Windows.InitializeCriticalSection
 0001:00001064       Winapi.Windows.InitVersionInfo
 0001:0000103C       Winapi.Windows.LeaveCriticalSection
 0001:00001044       Winapi.Windows.LoadLibrary
 0001:00001054       Winapi.Windows.VirtualProtect
 0001:0000104C       Winapi.Windows.VirtualProtect
 0003:00000088       Winapi.Windows.Win32MajorVersion
 0003:0000008C       Winapi.Windows.Win32MinorVersion
 0003:00000090       Winapi.Windows.Win32Platform
 0002:00000018       Winapi.Windows.Winapi.Windows


  Address             Publics by Value

 0001:00000000       System.AllocMem
 0001:00000008       System.@GetMem
 0001:00000010       System.@FreeMem
 0001:00000018       System.Move
 0001:00000020       System.@FillChar
 0001:00000028       System.TObject.ClassType
 0001:00000030       System.TObject.ClassName
 0001:00000038       System.TObject.NewInstance
 0001:00000040       System.TObject.FreeInstance
 0001:00000048       System.TObject.Create
 0001:00000050       System.TObject.Destroy
 0001:00000058       System.TObject.Free
 0001:00000060       System.TObject.Equals
 0001:00000068       System.TObject.GetHashCode
 0001:00000070       System.@IsClass
 0001:00000078       System.TObject.InheritsFrom
 0001:00000080       System.TObject.SafeCallException
 0001:00000088       System.TObject.ToString
 0001:00000090       System.TObject.DefaultHandler
 0001:00000098       System.TObject.AfterConstruction
 0001:000000A0       System.TObject.BeforeDestruction
 0001:000000A8       System.TObject.Dispatch
 0001:000000B0       System.@ClassCreate
 0001:000000B8       System.@ClassDestroy
 0001:000000C0       System.@AfterConstruction
 0001:000000C8       System.@BeforeDestruction
 0001:000000D0       System.@HandleAnyException
 0001:000000D8       System.@HandleOnException
 0001:000000E0       System.@HandleFinally
 0001:000000E8       System.@RaiseExcept
 0001:000000F0       System.@RaiseAgain
 0001:000000F8       System.@DoneExcept
 0001:00000100       System.@PackageLoad
 0001:00000108       System.@PackageUnload
 0001:00000110       System.@RunError
 0001:00000118       System.@UStrClr
 0001:00000120       System.@LStrClr
 0001:00000128       System.@UStrArrayClr
 0001:00000130       System.@LStrArrayClr
 0001:00000138       System.@UStrAddRef
 0001:00000140       System.@UStrAsg
 0001:00000148       System.@UStrLAsg
 0001:00000150       System.@UStrLen
 0001:00000158       System.@LStrLen
 0001:00000160       System.@LStrFromPWChar
 0001:00000168       System.@LStrToPChar
 0001:00000170       System.@LStrSetLength
 0001:00000178       System.@LStrFromUStr
 0001:00000180       System.@UStrToPWChar
 0001:00000188       System.@UStrFromPWChar
 0001:00000190       System.@UStrFromWArray
 0001:00000198       System.@UStrFromLStr
 0001:000001A0       System.@UStrSetLength
 0001:000001A8       System.@UStrCat3
 0001:000001B0       System.@UStrCatN
 0001:000001B8       System.@UStrCmp
 0001:000001C0       System.@UStrEqual
 0001:000001C8       System.@UStrCopy
 0001:000001D0       System.Pos
 0001:000001D8       System.@FinalizeRecord
 0001:000001E0       System.@FinalizeArray
 0001:000001E8       System.@AddRefRecord
 0001:000001F0       System.@DynArrayLength
 0001:000001F8       System.@DynArrayHigh
 0001:00000200       System.@DynArraySetLength
 0001:00000208       System.@DynArrayClear
 0001:00000210       System.@DynArrayAsg
 0001:00000218       System.@DynArrayAddRef
 0001:00000220       System.RegisterModule
 0001:00000228       System.UnregisterModule
 0001:00000230       System.Finalization
 0001:00000238       SysInit.InterlockedExchange
 0001:00000248       SysInit.FreeLibrary
 0001:00000250       SysInit.LocalAlloc
 0001:00000258       SysInit.LocalFree
 0001:00000260       SysInit.TlsAlloc
 0001:00000268       SysInit.TlsFree
 0001:00000270       SysInit.TlsGetValue
 0001:00000278       SysInit.TlsSetValue
 0001:00000280       SysInit.GetLastError
 0001:00000288       SysInit.LoadLibraryA
 0001:00000290       SysInit.RaiseException
 0001:00000298       SysInit.GetProcAddress
 0001:000002A0       SysInit.AllocTlsBuffer
 0001:000002AC       SysInit.GetTlsSize
 0001:000002B4       SysInit.InitThreadTLS
 0001:000002F8       SysInit.InitProcessTLS
 0001:00000324       SysInit.ExitThreadTLS
 0001:0000035C       SysInit.ExitProcessTLS
 0001:00000380       SysInit.InitializeModule
 0001:0000038C       SysInit.UninitializeModule
 0001:000003B0       SysInit.@_dbkDummyProc
 0001:000003B4       SysInit.@_dbkFCallArgs
 0001:000007A4       SysInit.@_dbk_fcall_wrapper
 0001:000008D0       SysInit.@InitPkg
 0001:00000934       SysInit.@PackageLoad
 0001:00000940       SysInit.@PackageUnload
 0001:0000094C       SysInit.@_delayLoadHelper2
 0001:00000C2C       SysInit.@_FUnloadDelayLoadedDLL2
 0001:00000D3C       SysInit.@_HrLoadAllImportsForDll
 0001:00000DF4       SysInit.ShutdownDelayHelp2
 0001:00000DFC       SysInit...
 0001:00000E0C       SysInit...
 0001:00000E1C       SysInit...
 0001:00000E2C       SysInit...
 0001:00000E3C       SysInit...
 0001:00000E4C       SysInit...
 0001:00000E60       SysInit...
 0001:00000E90       SysInit...
 0001:00000EA8       SysInit...
 0001:00000ED0       SysInit...
 0001:00000EF4       SysInit...
 0001:00000F04       SysInit...
 0001:00000F14       SysInit.Finalization
 0001:00000F24       System.UITypes.Finalization
 0001:00000F2C       Winapi.Windows.DeleteCriticalSection
 0001:00000F34       Winapi.Windows.EnterCriticalSection
 0001:00000F3C       Winapi.Windows.FlushInstructionCache
 0001:00000F44       Winapi.Windows.FreeLibrary
 0001:00000F4C       Winapi.Windows.GetCurrentProcess
 0001:00000F54       Winapi.Windows.GetEnvironmentVariableA
 0001:00000F5C       Winapi.Windows.GetEnvironmentVariableW
 0001:00000F64       Winapi.Windows.GetModuleHandle
 0001:00000F6C       Winapi.Windows.GetProcAddress
 0001:00000F74       Winapi.Windows.GetProcAddress
 0001:00001024       Winapi.Windows.GetVersion
 0001:0000102C       Winapi.Windows.GetVersionEx
 0001:00001034       Winapi.Windows.InitializeCriticalSection
 0001:0000103C       Winapi.Windows.LeaveCriticalSection
 0001:00001044       Winapi.Windows.LoadLibrary
 0001:0000104C       Winapi.Windows.VirtualProtect
 0001:00001054       Winapi.Windows.VirtualProtect
 0001:0000105C       Winapi.Windows.CopyMemory
 0001:00001064       Winapi.Windows.InitVersionInfo
 0001:000010A0       Winapi.Windows.Finalization
 0001:000010C0       Winapi.PsAPI.Finalization
 0001:000010E4       System.Character.Finalization
 0001:000010EC       System.Internal.ExcUtils.Finalization
 0001:000010F4       System.SysUtils.TOSVersion.Destroy@
 0001:000010FC       System.SysUtils.UpperCase
 0001:00001104       System.SysUtils.CompareText
 0001:0000110C       System.SysUtils.SameText
 0001:00001114       System.SysUtils.Trim
 0001:0000111C       System.SysUtils.IntToStr
 0001:00001124       System.SysUtils.StrToIntDef
 0001:0000112C       System.SysUtils.StrToBoolDef
 0001:00001134       System.SysUtils.BoolToStr
 0001:0000113C       System.SysUtils.FileExists
 0001:00001144       System.SysUtils.ChangeFileExt
 0001:0000114C       System.SysUtils.ExtractFilePath
 0001:00001154       System.SysUtils.ExtractFileName
 0001:0000115C       System.SysUtils.StrEnd
 0001:00001164       System.SysUtils.StrPLCopy
 0001:0000116C       System.SysUtils.StrIComp
 0001:00001174       System.SysUtils.Abort
 0001:0000117C       System.SysUtils.Exception.Create
 0001:00001184       System.SysUtils.Exception.Destroy
 0001:0000118C       System.SysUtils.Exception.GetBaseException
 0001:00001194       System.SysUtils.Exception.RaisingException
 0001:0000119C       System.SysUtils.Exception.ToString
 0001:000011A4       System.SysUtils.Exception.Destroy@
 0001:000011AC       System.SysUtils.Win32Platform
 0001:000011B4       System.SysUtils.FreeAndNil
 0001:000011BC       System.SysUtils.TLanguages.Destroy@
 0001:000011C4       System.SysUtils.TEncoding.Destroy@
 0001:000011CC       System.SysUtils.Finalization
 0001:000011D4       System.VarUtils.Finalization
 0001:000011DC       System.Variants.Finalization
 0001:000011E4       System.Math.Finalization
 0001:000011EC       System.Rtti.TRttiContext.Destroy@
 0001:000011F4       System.Rtti.Finalization
 0001:000011FC       System.TypInfo.Finalization
 0001:00001204       System.Generics.Defaults.TStringComparer.Destroy@
 0001:0000120C       System.Generics.Defaults.TIStringComparer.Destroy@
 0001:00001214       System.Classes.TComponent.Destroy@
 0001:0000121C       System.Classes.TList.Add
 0001:00001224       System.Classes.TList.Delete
 0001:0000122C       System.Classes.TList.Get
 0001:00001234       System.Classes.TList.Remove
 0001:0000123C       System.Classes.TPersistent.Assign
 0001:00001244       System.Classes.TPersistent.AssignTo
 0001:0000124C       System.Classes.TPersistent.DefineProperties
 0001:00001254       System.Classes.TThread.Destroy@
 0001:0000125C       System.Classes.TBinaryWriter.Destroy@
 0001:00001264       System.Classes.TLoginCredentialService.Destroy@
 0001:0000126C       System.Classes.TObserverMapping.Destroy@
 0001:00001274       System.Classes.TBaseAsyncResult.Destroy@
 0001:0000127C       System.Classes.Finalization
 0001:00001284       Data.DBXClassRegistry.TClassRegistry.CreateInstance
 0001:0000128C       Data.DBXClassRegistry.TClassRegistry.GetClassRegistry
 0001:00001294       Data.DBXClassRegistry.TClassRegistry.HasClass
 0001:0000129C       Data.DBXClassRegistry.TClassRegistry.RegisterRegistryClass
 0001:000012A4       Data.DBXClassRegistry.TClassRegistry.UnregisterClass
 0001:000012AC       Data.DBXClassRegistry.Finalization
 0001:000012B4       System.TimeSpan.TTimeSpan.Destroy@
 0001:000012BC       System.DateUtils.TTimeZone.Destroy@
 0001:000012C4       System.DateUtils.Finalization
 0001:000012CC       System.StrUtils.PosEx
 0001:000012D4       Data.SqlTimSt.Finalization
 0001:000012DC       Data.FmtBcd.Finalization
 0001:000012E4       Data.DB.Finalization
 0001:000012EC       System.SyncObjs.Finalization
 0001:000012F4       Data.DBXPlatform.IncrAfter
 0001:000012FC       Data.DBXPlatform.FreeObjectArray
 0001:00001304       Data.DBXPlatform.TDBXObjectStore.SetObjectByName
 0001:0000130C       Data.DBXPlatform.TDBXPlatform.CreateWideStringBuilder
 0001:00001314       Data.DBXPlatform.TDBXPlatform.CopyWideStringBuilder
 0001:0000131C       Data.DBXPlatform.TDBXPlatform.FreeAndNilWideStringBuilder
 0001:00001324       System.IOUtils.TPath.Destroy@
 0001:0000132C       System.IniFiles.Finalization
 0001:00001334       System.JSON.Finalization
 0001:0000133C       System.JSON.Types.Finalization
 0001:00001344       System.NetEncoding.TNetEncoding.Destroy@
 0001:0000134C       System.JSON.Utils.TJsonTextUtils.Destroy@
 0001:00001354       System.JSON.Readers.Finalization
 0001:0000135C       System.JSON.Writers.TJsonWriter.Destroy@
 0001:00001364       System.Win.Registry.TRegistry.Destroy@
 0001:0000136C       Data.DBXCommon.TDBXConnectionFactory.Destroy@
 0001:00001374       Data.DBXCommon.TDBXProperties.Create
 0001:0000137C       Data.DBXCommon.TDBXProperties.Create
 0001:00001384       Data.DBXCommon.TDBXProperties.Destroy
 0001:0000138C       Data.DBXCommon.TDBXProperties.DoOnChange
 0001:00001394       Data.DBXCommon.TDBXProperties.GetLists
 0001:0000139C       Data.DBXCommon.TDBXProperties.GetValue
 0001:000013A4       Data.DBXCommon.TDBXProperties.GetProperties
 0001:000013AC       Data.DBXCommon.TDBXProperties.SetValue
 0001:000013B4       Data.DBXCommon.TDBXDriver.AddCommandFactory
 0001:000013BC       Data.DBXCommon.TDBXDriver.CreateMorphCommand
 0001:000013C4       Data.DBXCommon.TDBXDriver.GetDriverClass
 0001:000013CC       Data.DBXCommon.TDBXDriver.GetDriverName
 0001:000013D4       Data.DBXCommon.TDBXDriver.GetDriverProperties
 0001:000013DC       Data.DBXCommon.TDBXDriver.GetDriverPropertyNames
 0001:000013E4       Data.DBXCommon.TDBXDriver.SetDriverName
 0001:000013EC       Data.DBXCommon.TDBXDriver.InitDriverProperties
 0001:000013F4       Data.DBXCommon.TDBXDriverRegistry.RegisterDriverClass
 0001:000013FC       Data.DBXCommon.TDBXDriverRegistry.UnregisterDriverClass
 0001:00001404       Data.DBXCommon.TDBXConnection.Destroy
 0001:0000140C       Data.DBXCommon.TDBXConnection.CreateMorphCommand
 0001:00001414       Data.DBXCommon.TDBXConnection.CreateCommand
 0001:0000141C       Data.DBXCommon.TDBXConnection.Open
 0001:00001424       Data.DBXCommon.TDBXConnection.GetDatabaseMetaData
 0001:0000142C       Data.DBXCommon.TDBXConnection.GetTraceFlags
 0001:00001434       Data.DBXCommon.TDBXConnection.GetTraceInfoEvent
 0001:0000143C       Data.DBXCommon.TDBXConnection.BeginTransaction
 0001:00001444       Data.DBXCommon.TDBXConnection.BeginTransaction
 0001:0000144C       Data.DBXCommon.TDBXConnection.CommitTransaction
 0001:00001454       Data.DBXCommon.TDBXConnection.CommitFreeAndNil
 0001:0000145C       Data.DBXCommon.TDBXConnection.RollbackFreeAndNil
 0001:00001464       Data.DBXCommon.TDBXConnection.RollbackIncompleteFreeAndNil
 0001:0000146C       Data.DBXCommon.TDBXConnection.RollbackTransaction
 0001:00001474       Data.DBXCommon.TDBXConnection.GetConnectionProperties
 0001:0000147C       Data.DBXCommon.TDBXConnection.GetErrorEvent
 0001:00001484       Data.DBXCommon.TDBXConnection.GetIsOpen
 0001:0000148C       Data.DBXCommon.TDBXConnection.GetConnectionProperty
 0001:00001494       Data.DBXCommon.TDBXConnection.SetErrorEvent
 0001:0000149C       Data.DBXCommon.TDBXConnection.SetConnectionProperties
 0001:000014A4       Data.DBXCommon.TDBXConnection.GetDBXFormatter
[...]
  1440 0001:0003C0D4  1441 0001:0003C0DA  1442 0001:0003C0E4  1446 0001:0003C0E8
  1447 0001:0003C0EA  1451 0001:0003C0EC  1452 0001:0003C0EE  1456 0001:0003C0F0
  1457 0001:0003C0F2  1461 0001:0003C0F4  1462 0001:0003C0F6  1466 0001:0003C0F8
  1467 0001:0003C0FF  1482 0001:0003C100  1483 0001:0003C105  1488 0001:0003C108
  1489 0001:0003C10B  1490 0001:0003C118  1496 0001:0003C11C  1497 0001:0003C121
  1506 0001:0003C124  1507 0001:0003C145  1509 0001:0003C15A  1510 0001:0003C179
  1512 0001:0003C1A3  1513 0001:0003C1B7  1514 0001:0003C1BB  1515 0001:0003C1E5
  1522 0001:0003C20B  1523 0001:0003C217  1525 0001:0003C225  1526 0001:0003C232
  1527 0001:0003C240  1528 0001:0003C24A  1530 0001:0003C25F  1533 0001:0003C277
  1539 0001:0003C287  1540 0001:0003C290  1542 0001:0003C29C  1560 0001:0003C314
  1561 0001:0003C337  1562 0001:0003C341  1563 0001:0003C34A  1564 0001:0003C350
  1567 0001:0003C353  1572 0001:0003C35C  1574 0001:0003C360  1575 0001:0003C36C
  1576 0001:0003C36F  1577 0001:0003C37D  1578 0001:0003C380  1579 0001:0003C38B
  1580 0001:0003C38F  1582 0001:0003C398  1583 0001:0003C3AC  1589 0001:0003C3B5
  1590 0001:0003C3CB  1593 0001:0003C3F4  1595 0001:0003C3F7  1596 0001:0003C403
  1601 0001:0003C42C  1602 0001:0003C44A  1603 0001:0003C451  1605 0001:0003C45D
  1607 0001:0003C46C  1609 0001:0003C47E  1610 0001:0003C4A3  1612 0001:0003C4AC
  1614 0001:0003C4B3  1615 0001:0003C4BD  1616 0001:0003C4E2  1617 0001:0003C4E6
  1618 0001:0003C50B  1620 0001:0003C50F  1621 0001:0003C523  1623 0001:0003C529
  1624 0001:0003C53A  1625 0001:0003C543  1626 0001:0003C554  1629 0001:0003C55B
  1631 0001:0003C560  1632 0001:0003C566  1633 0001:0003C56A  1634 0001:0003C573
  1635 0001:0003C57A  1636 0001:0003C57D  1640 0001:0003C680  1641 0001:0003C688
  1645 0001:0003C68C  1646 0001:0003C691  1651 0001:0003C694  1655 0001:0003C699
  1660 0001:0003C69C  1661 0001:0003C6AE  1662 0001:0003C6B2  1663 0001:0003C6BB
  1685 0001:0003C6D8  1686 0001:0003C6EE  1687 0001:0003C6F2  1688 0001:0003C6FA
  1689 0001:0003C716  1698 0001:0003C740  1699 0001:0003C754  1711 0001:0003C758
  1712 0001:0003C760  1714 0001:0003C777  1726 0001:0003C7C0  1727 0001:0003C7DE
  1729 0001:0003C7EA  1730 0001:0003C7F4  1731 0001:0003C803  1732 0001:0003C80B
  1733 0001:0003C80F  1734 0001:0003C822  1735 0001:0003C830  1736 0001:0003C83C
  1738 0001:0003C853  1759 0001:0003C858  1762 0001:0003C860  1765 0001:0003C877
  1783 0001:0003C8E0  1784 0001:0003C90D  1786 0001:0003C927  1787 0001:0003C92E
  1788 0001:0003C938  1789 0001:0003C947  1790 0001:0003C94F  1791 0001:0003C963
  1792 0001:0003C971  1793 0001:0003C989  1795 0001:0003C9A3  1799 0001:0003C9A8
  1800 0001:0003C9C2  1801 0001:0003C9D0  1802 0001:0003C9D7  1803 0001:0003C9E1
  1804 0001:0003C9F4  1805 0001:0003CA07  1806 0001:0003CA1A  1807 0001:0003CA2D
  1808 0001:0003CA40  1809 0001:0003CA58  1810 0001:0003CA65  1811 0001:0003CA75
  1812 0001:0003CA85  1813 0001:0003CA95  1814 0001:0003CAA5  1815 0001:0003CAB5
  1816 0001:0003CAC5  1817 0001:0003CAD5  1818 0001:0003CAED  1819 0001:0003CAF8
  1820 0001:0003CB06  1821 0001:0003CB14  1822 0001:0003CB22  1823 0001:0003CB30
  1824 0001:0003CB3E  1825 0001:0003CB4C  1827 0001:0003CB5A  1829 0001:0003CB78
  1830 0001:0003CB8E  1831 0001:0003CB96  1833 0001:0003CBB8  1835 0001:0003CBCF
  1840 0001:0003CBD4  1843 0001:0003CBDC  1846 0001:0003CBF3  1859 0001:0003CDBC
  1860 0001:0003CDDC  1862 0001:0003CDE8  1863 0001:0003CDEC  1864 0001:0003CDF6
  1865 0001:0003CE05  1866 0001:0003CE0D  1867 0001:0003CE20  1868 0001:0003CE2E
  1869 0001:0003CE40  1871 0001:0003CE57  1896 0001:0003CE5C  1904 0001:0003CE64
  1907 0001:0003CE7B  1920 0001:0003CEE4  1921 0001:0003CF07  1923 0001:0003CF10
  1924 0001:0003CF17  1925 0001:0003CF21  1926 0001:0003CF30  1927 0001:0003CF38
  1928 0001:0003CF4C  1929 0001:0003CF5A  1930 0001:0003CF6D  1932 0001:0003CF84
  1934 0001:0003CF89  1958 0001:0003CF91  1962 0001:0003CF99  1965 0001:0003CFB0
  1977 0001:0003D01C  1978 0001:0003D03C  1980 0001:0003D042  1981 0001:0003D046
  1982 0001:0003D050  1983 0001:0003D05F  1984 0001:0003D067  1985 0001:0003D07A
  1986 0001:0003D088  1987 0001:0003D09A  1989 0001:0003D0B1  2014 0001:0003D0B6
  2017 0001:0003D0BE  2020 0001:0003D0D5  2033 0001:0003D154  2034 0001:0003D174
  2036 0001:0003D17E  2037 0001:0003D182  2038 0001:0003D18C  2039 0001:0003D19B
  2040 0001:0003D1A3  2041 0001:0003D1B6  2042 0001:0003D1C4  2044 0001:0003D1EA
  2046 0001:0003D201  2081 0001:0003D206  2084 0001:0003D20E  2087 0001:0003D225
  2099 0001:0003D2A4  2100 0001:0003D2C4  2102 0001:0003D2CA  2103 0001:0003D2CE
  2104 0001:0003D2D8  2105 0001:0003D2E7  2106 0001:0003D2EF  2107 0001:0003D302
  2108 0001:0003D310  2109 0001:0003D322  2111 0001:0003D339  2136 0001:0003D33E
  2139 0001:0003D346  2142 0001:0003D35D  2154 0001:0003D3D0  2156 0001:0003D3FC
  2158 0001:0003D409  2159 0001:0003D410  2160 0001:0003D41A  2161 0001:0003D429
  2162 0001:0003D431  2163 0001:0003D445  2164 0001:0003D453  2165 0001:0003D46B
  2167 0001:0003D485  2171 0001:0003D48A  2172 0001:0003D497  2173 0001:0003D4A5
  2174 0001:0003D4AC  2175 0001:0003D4C4  2176 0001:0003D4D1  2177 0001:0003D4E1
  2178 0001:0003D4F1  2179 0001:0003D501  2180 0001:0003D519  2181 0001:0003D524
  2182 0001:0003D532  2183 0001:0003D540  2185 0001:0003D54E  2187 0001:0003D56C
  2188 0001:0003D582  2189 0001:0003D58A  2190 0001:0003D5A1  2192 0001:0003D5C3
  2194 0001:0003D5DA  2199 0001:0003D5DF  2200 0001:0003D5E7  2203 0001:0003D5FE
  2206 0001:0003D615  2218 0001:0003D774  2219 0001:0003D7A0  2221 0001:0003D7A9
  2222 0001:0003D7B0  2223 0001:0003D7BA  2224 0001:0003D7C9  2225 0001:0003D7D1
  2226 0001:0003D7E5  2227 0001:0003D7F3  2228 0001:0003D807  2230 0001:0003D821
  2234 0001:0003D826  2235 0001:0003D833  2236 0001:0003D841  2237 0001:0003D848
  2238 0001:0003D860  2239 0001:0003D86D  2240 0001:0003D87D  2241 0001:0003D88D
  2242 0001:0003D8A5  2243 0001:0003D8B0  2244 0001:0003D8BE  2246 0001:0003D8CC
  2248 0001:0003D8EA  2249 0001:0003D900  2250 0001:0003D908  2251 0001:0003D91F
  2253 0001:0003D941  2255 0001:0003D958  2260 0001:0003D95D  2261 0001:0003D965
  2264 0001:0003D97C  2267 0001:0003D993  2280 0001:0003DAB8  2281 0001:0003DAD8
  2283 0001:0003DADE  2284 0001:0003DAE2  2285 0001:0003DAEC  2286 0001:0003DAFB
  2287 0001:0003DB03  2288 0001:0003DB16  2289 0001:0003DB24  2290 0001:0003DB3A
  2292 0001:0003DB51  2319 0001:0003DB56  2322 0001:0003DB5E  2325 0001:0003DB75
  2339 0001:0003DBE8  2340 0001:0003DC08  2342 0001:0003DC0E  2343 0001:0003DC12
  2344 0001:0003DC1C  2345 0001:0003DC2B  2346 0001:0003DC33  2347 0001:0003DC46
  2348 0001:0003DC54  2349 0001:0003DC66  2351 0001:0003DC7D  2376 0001:0003DC82
  2384 0001:0003DC8A  2387 0001:0003DCA1  2399 0001:0003DD20  2400 0001:0003DD40
  2402 0001:0003DD46  2403 0001:0003DD4A  2404 0001:0003DD54  2405 0001:0003DD63
  2406 0001:0003DD6B  2407 0001:0003DD7E  2408 0001:0003DD8C  2409 0001:0003DD9E
  2411 0001:0003DDB5  2435 0001:0003DDBA  2438 0001:0003DDC2  2441 0001:0003DDD9
  2454 0001:0003DE48  2455 0001:0003DE6B  2457 0001:0003DE74  2458 0001:0003DE7B
  2459 0001:0003DE85  2460 0001:0003DE94  2461 0001:0003DE9C  2462 0001:0003DEB0
  2463 0001:0003DEBE  2464 0001:0003DED5  2466 0001:0003DEEC  2468 0001:0003DEF1
  2493 0001:0003DEF9  2497 0001:0003DF01  2500 0001:0003DF18  2513 0001:0003DF9C
  2514 0001:0003DFBC  2516 0001:0003DFC2  2517 0001:0003DFC6  2518 0001:0003DFD0
  2519 0001:0003DFDF  2520 0001:0003DFE7  2521 0001:0003DFFA  2522 0001:0003E008
  2523 0001:0003E01A  2525 0001:0003E031  2550 0001:0003E036  2553 0001:0003E03E
  2556 0001:0003E055  2569 0001:0003E0C4  2570 0001:0003E0E4  2572 0001:0003E0EA
  2573 0001:0003E0EE  2574 0001:0003E0F8  2575 0001:0003E107  2576 0001:0003E10F
  2577 0001:0003E122  2578 0001:0003E130  2579 0001:0003E14A  2581 0001:0003E161
  2610 0001:0003E166  2613 0001:0003E16E  2616 0001:0003E185  2629 0001:0003E204
  2630 0001:0003E227  2632 0001:0003E234  2633 0001:0003E23B  2634 0001:0003E245
  2635 0001:0003E254  2636 0001:0003E25C  2637 0001:0003E270  2638 0001:0003E27E
  2639 0001:0003E299  2641 0001:0003E2B0  2643 0001:0003E2B5  2671 0001:0003E2BD
  2675 0001:0003E2C5  2678 0001:0003E2DC  2690 0001:0003E370  2691 0001:0003E390
  2693 0001:0003E396  2694 0001:0003E39A  2695 0001:0003E3A4  2696 0001:0003E3B3
  2697 0001:0003E3BB  2698 0001:0003E3CE  2699 0001:0003E3DC  2700 0001:0003E3EE
  2702 0001:0003E405  2727 0001:0003E40A  2730 0001:0003E412  2733 0001:0003E429
  2742 0001:0003E4A4  2743 0001:0003E4BE  2745 0001:0003E4C4  2746 0001:0003E4C8
  2747 0001:0003E4DB  2748 0001:0003E4E9  2749 0001:0003E4F2  2751 0001:0003E509
  2768 0001:0003E50E  2771 0001:0003E516  2774 0001:0003E52D  2783 0001:0003E57C
  2784 0001:0003E596  2786 0001:0003E59C  2787 0001:0003E5A0  2788 0001:0003E5B3
  2789 0001:0003E5C1  2790 0001:0003E5CA  2792 0001:0003E5E1  2809 0001:0003E5E6
  2812 0001:0003E5EE  2815 0001:0003E605  2825 0001:0003E654  2826 0001:0003E671
  2828 0001:0003E67A  2829 0001:0003E681  2830 0001:0003E695  2831 0001:0003E6A3
  2832 0001:0003E6AD  2834 0001:0003E6C4  2849 0001:0003E6C9  2850 0001:0003E6D7
  2852 0001:0003E6DF  2857 0001:0003E6E5  2861 0001:0003E6FE  2863 0001:0003E71E
  2866 0001:0003E788  2867 0001:0003E78B  2868 0001:0003E797  2871 0001:0003E7C0
  2872 0001:0003E7C3  2875 0001:0003E7D0  2878 0001:0003E7D4  2879 0001:0003E7D7
  2880 0001:0003E7DE  2883 0001:0003E7E0  2884 0001:0003E7E3  2885 0001:0003E7EA
  2888 0001:0003E7EC  2889 0001:0003E7EF  2890 0001:0003E7F6  2893 0001:0003E7F8
  2894 0001:0003E7FB  2895 0001:0003E802  2898 0001:0003E804  2899 0001:0003E807
  2900 0001:0003E80E  2903 0001:0003E810  2904 0001:0003E813  2905 0001:0003E81A
  2908 0001:0003E81C  2909 0001:0003E81F  2910 0001:0003E826  2913 0001:0003E828
  2914 0001:0003E82B  2915 0001:0003E832  2918 0001:0003E834  2919 0001:0003E837
  2920 0001:0003E83E  2923 0001:0003E840  2924 0001:0003E843  2925 0001:0003E84A
  2928 0001:0003E84C  2929 0001:0003E84F  2930 0001:0003E856  2933 0001:0003E858
  2934 0001:0003E85B  2935 0001:0003E862  2938 0001:0003E864  2939 0001:0003E867
  2940 0001:0003E86E  2943 0001:0003E870  2944 0001:0003E873  2945 0001:0003E87A
  2948 0001:0003E87C  2949 0001:0003E87F  2950 0001:0003E886  2953 0001:0003E888
  2954 0001:0003E88B  2955 0001:0003E892  2958 0001:0003E894  2959 0001:0003E897
  2960 0001:0003E89E  2963 0001:0003E8A0  2964 0001:0003E8A3  2965 0001:0003E8AA
  2969 0001:0003E8AC  2970 0001:0003E8AE  2974 0001:0003E8B0  2975 0001:0003E8B2
  2998 0001:0003E8B4  3000 0001:0003E8D9  3002 0001:0003E8E3  3006 0001:0003E904

Line numbers for Dbx34Drv(Dbx34Drv.pas) segment .itext

  2986 0002:0000020C  2988 0002:00000228  2990 0002:00000238  2991 0002:0000023F
  2993 0002:00000249  2996 0002:00000270

Line numbers for DbxXXDrv(DbxXXDrv.pas) segment .text

   132 0001:0003E948   140 0001:0003E94A

Line numbers for DbxXXDrv(DbxXXDrv.pas) segment .itext

   143 0002:000002B4

Line numbers for DbxOpenOdbcApiHook(DbxOpenOdbcApiHook.pas) segment .text

   328 0001:0003EB60   329 0001:0003EB69   330 0001:0003EB7D   331 0001:0003EB7F
   333 0001:0003EB87   334 0001:0003EB8B   335 0001:0003EB8D   336 0001:0003EB94
   338 0001:0003EB99   339 0001:0003EB9C   340 0001:0003EB9D   341 0001:0003EBA3
   342 0001:0003EBAC   343 0001:0003EBB2   344 0001:0003EBB8   345 0001:0003EBC5
   346 0001:0003EBD0   347 0001:0003EBD2   348 0001:0003EBD6   350 0001:0003EBDC
   351 0001:0003EBDF   352 0001:0003EBEA   353 0001:0003EBEF   356 0001:0003EBF2
   358 0001:0003EBFD   360 0001:0003EC06   361 0001:0003EC09   362 0001:0003EC13
   364 0001:0003EC14   365 0001:0003EC24   366 0001:0003EC2D   367 0001:0003EC33
   369 0001:0003EC3C   371 0001:0003EC45   374 0001:0003EC4A   376 0001:0003EC59
   377 0001:0003EC68   378 0001:0003EC74   379 0001:0003EC7F   380 0001:0003EC86
   383 0001:0003EC89   385 0001:0003EC99   386 0001:0003ED05   387 0001:0003ED0C
   388 0001:0003ED15   389 0001:0003ED1E   390 0001:0003ED27   391 0001:0003ED30
   392 0001:0003ED39   393 0001:0003ED42   394 0001:0003ED4B   395 0001:0003ED54
   397 0001:0003ED5B   398 0001:0003ED64   400 0001:0003ED81   404 0001:0003ED9D
   405 0001:0003EDBD   406 0001:0003EDC0   407 0001:0003EDC5   410 0001:0003EDCA
   411 0001:0003EDE6   412 0001:0003EDEE   415 0001:0003EDF3   416 0001:0003EDF9
   418 0001:0003EDFE   424 0001:0003EE01   426 0001:0003EE14   428 0001:0003EE1B
   433 0001:0003EE24   434 0001:0003EE28   436 0001:0003EE2A   437 0001:0003EE31
   438 0001:0003EE33   440 0001:0003EE3D   441 0001:0003EE3F   442 0001:0003EE43
   448 0001:0003EE48   449 0001:0003EE52   450 0001:0003EE54   453 0001:0003EE57
   454 0001:0003EE60   455 0001:0003EE62   451 0001:0003EE64   458 0001:0003EE69
   462 0001:0003EE75   463 0001:0003EE7E   464 0001:0003EE88   465 0001:0003EE8A
   475 0001:0003EE90   476 0001:0003EE9C   477 0001:0003EEA0   478 0001:0003EEA5
   479 0001:0003EEB3   480 0001:0003EEB5   481 0001:0003EEBF   484 0001:0003EECC
   485 0001:0003EEE4   486 0001:0003EEE9   487 0001:0003EEFE   497 0001:0003EF03
   500 0001:0003EF08   501 0001:0003EF1E   502 0001:0003EF21   508 0001:0003EF27
   510 0001:0003EF3A   511 0001:0003EF4B   518 0001:0003EF5F   520 0001:0003EF76
   521 0001:0003EF7C   522 0001:0003EF84   524 0001:0003EF90   525 0001:0003EF94
   531 0001:0003EFA0   532 0001:0003EFAE   533 0001:0003EFB0   534 0001:0003EFB6
   535 0001:0003EFBA   536 0001:0003EFC0   538 0001:0003EFC4   539 0001:0003EFCB
   541 0001:0003EFCF   542 0001:0003EFDC   551 0001:0003EFE8   552 0001:0003EFF3
   553 0001:0003EFF7   554 0001:0003EFFF   555 0001:0003F00D   556 0001:0003F014
   558 0001:0003F01D   559 0001:0003F020   560 0001:0003F025   561 0001:0003F02C
   562 0001:0003F034   565 0001:0003F039   573 0001:0003F046   579 0001:0003F052
   581 0001:0003F061   588 0001:0003F06E   590 0001:0003F087   592 0001:0003F090
   611 0001:0003F09C   614 0001:0003F0B5   618 0001:0003F0BC   625 0001:0003F0C0
   626 0001:0003F0CF   627 0001:0003F0D3   628 0001:0003F0D7   629 0001:0003F0E5
   631 0001:0003F0EF   633 0001:0003F0F8   634 0001:0003F103   637 0001:0003F10C
   643 0001:0003F121   644 0001:0003F12F   645 0001:0003F133   646 0001:0003F140
   649 0001:0003F143   650 0001:0003F146   655 0001:0003F14F   658 0001:0003F160
   659 0001:0003F173   666 0001:0003F18C   673 0001:0003F198   674 0001:0003F1A7
   675 0001:0003F1AB   677 0001:0003F1CB   678 0001:0003F1D6   680 0001:0003F1E4
   686 0001:0003F1F9   687 0001:0003F207   689 0001:0003F217   692 0001:0003F233
   693 0001:0003F246   700 0001:0003F25F   702 0001:0003F272   703 0001:0003F277
   707 0001:0003F284   708 0001:0003F28C   710 0001:0003F28F   713 0001:0003F291
   718 0001:0003F2A8   730 0001:0003F2AC   732 0001:0003F2AF   735 0001:0003F2B6
   737 0001:0003F2D6   739 0001:0003F2DB   741 0001:0003F2DE   745 0001:0003F2E0
   747 0001:0003F2E1   750 0001:0003F2E3   753 0001:0003F2E7   755 0001:0003F2E9
   758 0001:0003F2ED   761 0001:0003F2F1   763 0001:0003F2F3   766 0001:0003F2F5
   755 0001:0003F2F8   769 0001:0003F2FC   772 0001:0003F300   774 0001:0003F334
   776 0001:0003F34C   779 0001:0003F39C   780 0001:0003F39E   784 0001:0003F3C8
   786 0001:0003F3CF   789 0001:0003F3D3   792 0001:0003F3E4   794 0001:0003F3E8
   796 0001:0003F3F6   798 0001:0003F405   802 0001:0003F409   806 0001:0003F40D
   807 0001:0003F40F   811 0001:0003F414   813 0001:0003F41B   816 0001:0003F41F
   818 0001:0003F425   821 0001:0003F429   823 0001:0003F434   818 0001:0003F437
   826 0001:0003F43B   830 0001:0003F43F   831 0001:0003F441   843 0001:0003F448
   846 0001:0003F47C   849 0001:0003F49C   851 0001:0003F49F   853 0001:0003F4AA
   855 0001:0003F4B2   858 0001:0003F4B7   860 0001:0003F4BB   866 0001:0003F4C9
   868 0001:0003F4CF   871 0001:0003F4EF   873 0001:0003F4F5   875 0001:0003F4FA
   878 0001:0003F507   883 0001:0003F511   886 0001:0003F517   889 0001:0003F537
   892 0001:0003F544   894 0001:0003F546   898 0001:0003F54C   900 0001:0003F558
   903 0001:0003F55C   906 0001:0003F56F   909 0001:0003F582   911 0001:0003F58F
   913 0001:0003F594   915 0001:0003F59F   920 0001:0003F5A7   880 0001:0003F5AA
   925 0001:0003F5B9   927 0001:0003F5D4   863 0001:0003F5D7   931 0001:0003F5EF
   934 0001:0003F628   937 0001:0003F659   940 0001:0003F671   942 0001:0003F690
   947 0001:0003F6BC   950 0001:0003F6EB   953 0001:0003F6F7   955 0001:0003F705
   957 0001:0003F716   960 0001:0003F71C   962 0001:0003F72A   967 0001:0003F73A
   969 0001:0003F73C   971 0001:0003F748   973 0001:0003F75B   964 0001:0003F762
   977 0001:0003F77C   982 0001:0003F799   985 0001:0003F7AD   991 0001:0003F7D8
   994 0001:0003F819   997 0001:0003F825   999 0001:0003F833  1001 0001:0003F837
  1004 0001:0003F85F  1006 0001:0003F870  1009 0001:0003F876  1011 0001:0003F881
  1016 0001:0003F896  1018 0001:0003F8A6  1020 0001:0003F8AA  1025 0001:0003F8B3
  1027 0001:0003F8C4  1030 0001:0003F8CC  1032 0001:0003F8D9  1034 0001:0003F8E7
  1036 0001:0003F915  1038 0001:0003F92A  1040 0001:0003F935  1042 0001:0003F937
  1044 0001:0003F95E  1047 0001:0003F97B  1052 0001:0003F991  1058 0001:0003F997
  1061 0001:0003F9A8  1064 0001:0003F9BC  1068 0001:0003F9F8  1071 0001:0003FA2F
  1074 0001:0003FA3B  1076 0001:0003FA49  1078 0001:0003FA4E  1081 0001:0003FA5F
  1084 0001:0003FA8D  1087 0001:0003FABC  1089 0001:0003FACC  1092 0001:0003FACE
  1078 0001:0003FACF  1095 0001:0003FADF  1098 0001:0003FAF3  1103 0001:0003FB2C
  1106 0001:0003FB3C  1109 0001:0003FB48  1111 0001:0003FB56  1113 0001:0003FB66
  1115 0001:0003FB74  1120 0001:0003FB83  1122 0001:0003FB85  1124 0001:0003FB91
  1126 0001:0003FBA8  1117 0001:0003FBAF  1130 0001:0003FBC9  1134 0001:0003FBE6
  1137 0001:0003FBFA  1143 0001:0003FC04  1146 0001:0003FC12  1149 0001:0003FC1E
  1151 0001:0003FC2C  1153 0001:0003FC3A  1156 0001:0003FC57  1158 0001:0003FC68
  1163 0001:0003FC78  1165 0001:0003FC7A  1167 0001:0003FC86  1169 0001:0003FC9F
  1160 0001:0003FCA6  1173 0001:0003FCC0  1175 0001:0003FCD0  1153 0001:0003FCD3
  1178 0001:0003FCE9  1182 0001:0003FD09  1185 0001:0003FD1D  1188 0001:0003FD24
  1191 0001:0003FD30  1194 0001:0003FD3C  1196 0001:0003FD4A  1199 0001:0003FD67
  1202 0001:0003FD7B  1205 0001:0003FD84  1208 0001:0003FD8D  1211 0001:0003FD99
  1213 0001:0003FDA7  1216 0001:0003FDBE  1219 0001:0003FDD2  1222 0001:0003FDDC
  1225 0001:0003FDE6  1228 0001:0003FDF2  1230 0001:0003FE00  1233 0001:0003FE13
  1236 0001:0003FE27  1239 0001:0003FE2C  1242 0001:0003FE35  1245 0001:0003FE41
  1247 0001:0003FE4F  1250 0001:0003FE68  1253 0001:0003FE7C  1256 0001:0003FE84
  1259 0001:0003FE96  1262 0001:0003FE9F  1265 0001:0003FEA8  1268 0001:0003FEB7
  1270 0001:0003FEBB  1273 0001:0003FED8  1276 0001:0003FEE9  1278 0001:0003FEF7
  1280 0001:0003FF05  1283 0001:0003FF21  1286 0001:0003FF34  1289 0001:0003FF4D
  1292 0001:0003FF64  1311 0001:0003FF78  1312 0001:0003FF7F  1313 0001:0003FF81
  1324 0001:0003FF84  1325 0001:0003FF8D  1326 0001:0003FF90  1327 0001:0003FF9A
  1329 0001:0003FFA2  1335 0001:0003FFB7  1336 0001:0003FFC5  1339 0001:0003FFD7
  1340 0001:0003FFEA  1347 0001:00040003  1350 0001:0004000C  1351 0001:00040016
  1352 0001:00040024  1354 0001:00040029  1355 0001:00040036  1356 0001:00040040
  1352 0001:00040041  1357 0001:00040049  1359 0001:0004005B  1367 0001:00040063
  1370 0001:0004006C  1371 0001:00040072  1372 0001:00040080  1376 0001:00040084
  1377 0001:00040086  1379 0001:0004008B  1380 0001:0004008C  1383 0001:00040096
  1384 0001:00040098

Line numbers for DbxOpenOdbcApiHook(DbxOpenOdbcApiHook.pas) segment .itext

  1386 0002:000002BC

Line numbers for DbxDBFix(DbxDBFix.pas) segment .itext

   982 0002:000002C4

Line numbers for .dbxoodbc(.\..\..\..\source\packages\pkg\dbxoodbc.dpk) segment .text

    77 0001:000400AB

Bound resource files

dbxoodbc_man_icn.res
dbxoodbc_ver.res
C:\Users\EDENWU~1\AppData\Local\Temp\dtf6017.tmp


Program entry point at 0002:000002CC
