
 Start         Length     Name                   Class
 0001:00000000 00009C34H .text                   CODE
 0002:00000000 0000063CH .data                   DATA
 0002:0000063C 0000010CH .bss                    BSS


Detailed map of segments

 0001:00000000 00000382 C=CODE     S=.text    G=(none)   M=SysInit  ACBP=A9
 0001:00000384 00000056 C=CODE     S=.text    G=(none)   M=Libc     ACBP=A9
 0001:000003DC 00000056 C=CODE     S=.text    G=(none)   M=KernelIoctl ACBP=A9
 0001:00000434 00000056 C=CODE     S=.text    G=(none)   M=KernelDefs ACBP=A9
 0001:0000048C 000079AD C=CODE     S=.text    G=(none)   M=Dbx23Fix ACBP=A9
 0001:00007E3C 00000C36 C=CODE     S=.text    G=(none)   M=DbxOpenOdbcApiHook ACBP=A9
 0001:00008A74 00000B07 C=CODE     S=.text    G=(none)   M=DbxDBFix ACBP=A9
 0001:0000957C 0000007E C=CODE     S=.text    G=(none)   M=DbxXXDrv ACBP=A9
 0001:000095FC 00000171 C=CODE     S=.text    G=(none)   M=dbxoodbc ACBP=A9
 0002:00000000 00000030 C=DATA     S=.data    G=DGROUP   M=SysInit  ACBP=A9
 0002:00000030 000000CC C=DATA     S=.data    G=DGROUP   M=Dbx23Fix ACBP=A9
 0002:000000FC 00000540 C=DATA     S=.data    G=DGROUP   M=DbxOpenOdbcApiHook ACBP=A9
 0002:00001CA4 00000014 C=BSS      S=.bss     G=DGROUP   M=SysInit  ACBP=A9
 0002:00001CB8 00000004 C=BSS      S=.bss     G=DGROUP   M=Libc     ACBP=A9
 0002:00001CBC 00000004 C=BSS      S=.bss     G=DGROUP   M=KernelIoctl ACBP=A9
 0002:00001CC0 00000004 C=BSS      S=.bss     G=DGROUP   M=KernelDefs ACBP=A9
 0002:00001CC4 0000009C C=BSS      S=.bss     G=DGROUP   M=Dbx23Fix ACBP=A9
 0002:00001D60 00000004 C=BSS      S=.bss     G=DGROUP   M=DbxOpenOdbcApiHook ACBP=A9
 0002:00001D64 00000048 C=BSS      S=.bss     G=DGROUP   M=DbxDBFix ACBP=A9
 0002:00001DAC 00000004 C=BSS      S=.bss     G=DGROUP   M=DbxXXDrv ACBP=A9


  Address         Publics by Name

 0002:00001CB4       .1
 0002:00001CBC       .1
 0002:00001D60       .1
 0002:00001D64       .1
 0002:00001DAC       .1
 0002:00001CC0       .2
 0002:00001CC4       .2
 0002:00001CB8       .3
 0001:000002E0       @ExitLib
 0001:00000308       @GetCallerEIP
 0001:00009724       @GetPackageInfoTable
 0001:000001C8       @InitPkg
 0001:00000250       @PackageLoad
 0001:00009738       @PackageLoad
 0001:00000274       @PackageUnload
 0001:00009750       @PackageUnload
 0002:000012F4       _GLOBAL_OFFSET_TABLE_
 0001:00004830       AddExtraFieldProps
 0001:000049C0       AddFieldDesc
 0001:00004B58       AddMinMax
 0002:00000030       bFixedSqlExpr
 0002:00000034       bFixedUnicode
 0002:00001D80       BlobField_SetVarValue
 0001:00003904       BufferToByteArray
 0001:000039D4       ByteArrayToBuffer
 0001:00001FB4       CalcUnits
 0001:000077BC       CalcUnits
 0001:00001160       CheckDetail
 0002:0000AA64       CodeSegSize
 0001:00004AB8       ComputeInfoCount
 0001:00000314       Copyright
 0001:0000425C       CopyWideString
 0001:000038A8       DateTimeToNative
 0001:00007E14       Dbx23Fix
 0001:00009554       DbxDBFix
 0001:00009768       dbxoodbc
 0001:00008A54       DbxOpenOdbcApiHook
 0001:000095DC       DbxXXDrv
 0001:FFFFE5F0       dladdr
 0001:FFFFE5E0       dlclose
 0002:00001CAC       DllProc
 0001:FFFFE5D0       dlopen
 0002:000000D0       ExtraFieldProps
 0002:00001D90       Field_AssignValue
 0002:00001D70       FieldAccess_FindField
 0001:00001380       FieldsInQuery
 0001:0000032C       Finalization
 0001:00000384       Finalization
 0001:000003DC       Finalization
 0001:00000434       Finalization
 0001:00007DB4       Finalization
 0001:00008A1C       Finalization
 0001:00009514       Finalization
 0001:000095A4       Finalization
 0001:00008910       FindVirtualMethodIndex
 0001:00008E74       FIX_TBLOBFIELD_SETVARVALUE
 0001:000091DC       FIX_TFIELD_ASSIGNVALUE
 0001:00008BE0       FIX_TFIELDS_FINDFIELD
 0001:00008D44       FIX_TINTEGERFIELD_GETISNULL
 0001:00009034       FIX_TSTRINGFIELD_GETVALUE
 0001:00008A74       FIX_TSTRINGFIELD_SETASANSISTRING
 0001:000093E0       FIX_TWIDESTRINGFIELD_GETASVARIANT
 0001:0000934C       FIX_TWIDESTRINGFIELD_GETASWIDESTRING
 0001:000092C0       FIX_TWIDESTRINGFIELD_GETDATASIZE
 0001:00005838       FixParams
 0001:FFFFE5E0       FreeLibrary
 0001:000089D0       FxtGetStubAddress
 0001:00002D38       GetBlobSize
 0001:000059B8       GetConnectionForStatement
 0001:00006F10       GetNativeAddr
 0001:00008554       GetNativeAddr
 0001:0000048C       GetParamData
 0001:000062B0       GetSQLToken
 0001:00006EC8       GetTableNameFromSQLFix
 0001:00001BFC       GetTableScope
 0001:000000D4       GetTextEnd
 0001:000000C0       GetTextStart
 0001:00000000       GetThisModuleHandle
 0001:00008824       GetVirtualMethodAddress
 0001:00008998       GetVirtualMethodOffset
 0002:00001CA8       HInstance
 0001:00008294       HookCode
 0001:000083E0       HookProc
 0001:000000E4       InitializeModule
 0001:00000298       InnerExitLib
 0001:00008FDC       INSTALL_FIX_TBLOBFIELD_SETVARVALUE
 0001:00009274       INSTALL_FIX_TFIELD_ASSIGNVALUE
 0001:00008CEC       INSTALL_FIX_TFIELDS_FINDFIELD
 0001:00008DA4       INSTALL_FIX_TINTEGERFIELD_GETISNULL
 0001:00009184       INSTALL_FIX_TSTRINGFIELD_GETVALUE
 0001:00008B84       INSTALL_FIX_TSTRINGFIELD_SETASANSISTRING
 0001:00009454       INSTALL_FIX_TWIDESTRINGFIELD_GETASVARIANT
 0001:00009388       INSTALL_FIX_TWIDESTRINGFIELD_GETASWIDESTRING
 0001:000092F4       INSTALL_FIX_TWIDESTRINGFIELD_GETDATASIZE
 0001:000094AC       INSTALL_FIXES
 0001:00007134       InstallFix
 0002:00001D78       IntegerField_GetIsNull
 0001:0000957C       IsDbxDrvFixed
 0001:00005EF8       isDigit
 0001:000087C4       IsJumpFromCode
 0001:00005DD0       IsLiteral
 0001:00006B68       IsMultiTableQueryEx
 0001:00006E60       IsMultiTableQueryFix
 0001:00005D70       IsNameDelimiter
 0002:00001D10       jmp_GetTableNameFromSQL
 0002:00001D08       jmp_IsMultiTableQuery
 0002:00001D00       jmp_NextSQLToken
 0002:00001D20       jmp_TCustomSQLDataSet_AddFieldDesc
 0002:00001CF0       jmp_TCustomSQLDataSet_ExecuteStatement
 0002:00001D28       jmp_TCustomSQLDataSet_GetFieldData1
 0002:00001CE8       jmp_TCustomSQLDataSet_OpenSchema
 0002:00001CD8       jmp_TCustomSQLDataSet_PrepareStatement
 0002:00001CE0       jmp_TCustomSQLDataSet_PSGetDefaultOrder
 0002:00001D58       jmp_TDataPacketWriterFix_AddColumn
 0002:00001D30       jmp_TDataSet_DataConvert
 0002:00001D38       jmp_TDataSet_GetFieldData2
 0002:00001CC8       jmp_TDataSetProvider_InternalGetRecords
 0002:00001D48       jmp_TParam_GetData
 0002:00001D40       jmp_TParam_GetDataSize
 0002:00001CF8       jmp_TParams_ParseSQL
 0002:00001CD0       jmp_TSQLConnection_CloneConnection
 0002:00001D18       jmp_TSQLConnection_Execute
 0002:00001D50       jmp_TWideStringField_GetDataSize
 0001:00006F48       JumpFromCode
 0001:000085A8       JumpFromCode
 0001:0000046C       KernelDefs
 0001:00000414       KernelIoctl
 0001:000003BC       Libc
 0001:00003228       LoadFieldDef
 0002:00000004       Module
 0002:00001CA4       ModuleIsLib
 0002:00001CA5       ModuleIsPackage
 0001:FFFFE620       mprotect
 0001:00005DB0       NameDelimiter
 0001:00003800       NativeToDateTime
 0001:000056F8       NextPiece
 0001:00006788       NextSQLTokenFix
 0001:000061E0       NextTokenIs
 0001:00002C50       NormalizeBcdData
 0002:000000FC       Opcodes1
 0002:000002FC       Opcodes2
 0002:000004FC       Opcodes3
 0002:00000038       PacketTypeMap
 0001:00003E44       ReadDataFromBlobField
 0001:00003CA4       ReadDataFromBlobStream
 0001:00000160       RegisterPCMap
 0001:00007030       RestoreSavedCode
 0001:000086B0       RestoreSavedCode
 0001:00008208       SaveOldFunction
 0001:00000A64       SetCursor
 0001:000020B8       SetProcedureParams
 0001:00002724       SetQueryParams
 0001:00001634       SetSchemaOption
 0001:00008864       SetVirtualMethodAddress
 0001:00007E3C       SizeOfCode
 0001:000081B0       SizeOfProc
 0001:0000675C       StartToken
 0002:00001D88       StringField_GetValue
 0002:00001D68       StringField_SetAsAnsiString
 0001:00005DFC       StripChar
 0001:00005E74       StripLiterals
 0001:00000364       SysInit
 0001:00008DFC       TBlobField_SetData
 0001:00003354       TCustomSQLDataSetFixD7.AddFieldDesc
 0001:00000EB0       TCustomSQLDataSetFixD7.AddQuoteCharToObjectName
 0001:00005A6C       TCustomSQLDataSetFixD7.CheckStatement
 0001:00002AA0       TCustomSQLDataSetFixD7.ExecuteStatement
 0001:00002DE0       TCustomSQLDataSetFixD7.GetFieldData
 0001:00000FB0       TCustomSQLDataSetFixD7.GetQueryFromType
 0001:00001C40       TCustomSQLDataSetFixD7.OpenSchema
 0001:00001218       TCustomSQLDataSetFixD7.PrepareStatement
 0001:000014EC       TCustomSQLDataSetFixD7.PSGetDefaultOrder
 0001:00004E38       TDataPacketWriterFix.AddColumn
 0001:00003A80       TDataSetFix.DataConvert
 0001:00003EA0       TDataSetFix.GetFieldData
 0001:00000764       TDataSetProviderFix.CheckDataSet
 0001:0000053C       TDataSetProviderFix.InternalGetRecords
 0001:000006E0       TDataSetProviderFix.Reset
 0002:000013B4       TextStartAdj
 0002:00000000       TlsIndex
 0001:000042E8       TParamFix.GetData
 0001:0000405C       TParamFix.GetDataSize
 0001:00005F68       TParamsFix.ParseSQL
 0001:000007C8       TSQLConnectionFix.CloneConnection
 0001:00000AA4       TSQLConnectionFix.Execute
 0001:00000DFC       TSQLConnectionFix.GetQuoteChar
 0001:00007898       TSQLStoredProc.PrepareStatement
 0001:000046B0       TWideStringFieldFix.GetDataSize
 0001:00008458       UnhookCode
 0001:00000108       UninitializeModule
 0001:000075BC       UnInstallFix
 0001:000001A4       UnregisterPCMap
 0002:00001DA4       WideStringField_GetAsVariant
 0002:00001D9C       WideStringField_GetAsWideString
 0002:00001D94       WideStringField_GetDataSize
 0001:000047D8       WriteProp


  Address         Publics by Value

 0001:FFFFE5D0       dlopen
 0001:FFFFE5E0       dlclose
 0001:FFFFE5E0       FreeLibrary
 0001:FFFFE5F0       dladdr
 0001:FFFFE620       mprotect
 0001:00000000       GetThisModuleHandle
 0001:000000C0       GetTextStart
 0001:000000D4       GetTextEnd
 0001:000000E4       InitializeModule
 0001:00000108       UninitializeModule
 0001:00000160       RegisterPCMap
 0001:000001A4       UnregisterPCMap
 0001:000001C8       @InitPkg
 0001:00000250       @PackageLoad
 0001:00000274       @PackageUnload
 0001:00000298       InnerExitLib
 0001:000002E0       @ExitLib
 0001:00000308       @GetCallerEIP
 0001:00000314       Copyright
 0001:0000032C       Finalization
 0001:00000364       SysInit
 0001:00000384       Finalization
 0001:000003BC       Libc
 0001:000003DC       Finalization
 0001:00000414       KernelIoctl
 0001:00000434       Finalization
 0001:0000046C       KernelDefs
 0001:0000048C       GetParamData
 0001:0000053C       TDataSetProviderFix.InternalGetRecords
 0001:000006E0       TDataSetProviderFix.Reset
 0001:00000764       TDataSetProviderFix.CheckDataSet
 0001:000007C8       TSQLConnectionFix.CloneConnection
 0001:00000A64       SetCursor
 0001:00000AA4       TSQLConnectionFix.Execute
 0001:00000DFC       TSQLConnectionFix.GetQuoteChar
 0001:00000EB0       TCustomSQLDataSetFixD7.AddQuoteCharToObjectName
 0001:00000FB0       TCustomSQLDataSetFixD7.GetQueryFromType
 0001:00001160       CheckDetail
 0001:00001218       TCustomSQLDataSetFixD7.PrepareStatement
 0001:00001380       FieldsInQuery
 0001:000014EC       TCustomSQLDataSetFixD7.PSGetDefaultOrder
 0001:00001634       SetSchemaOption
 0001:00001BFC       GetTableScope
 0001:00001C40       TCustomSQLDataSetFixD7.OpenSchema
 0001:00001FB4       CalcUnits
 0001:000020B8       SetProcedureParams
 0001:00002724       SetQueryParams
 0001:00002AA0       TCustomSQLDataSetFixD7.ExecuteStatement
 0001:00002C50       NormalizeBcdData
 0001:00002D38       GetBlobSize
 0001:00002DE0       TCustomSQLDataSetFixD7.GetFieldData
 0001:00003228       LoadFieldDef
 0001:00003354       TCustomSQLDataSetFixD7.AddFieldDesc
 0001:00003800       NativeToDateTime
 0001:000038A8       DateTimeToNative
 0001:00003904       BufferToByteArray
 0001:000039D4       ByteArrayToBuffer
 0001:00003A80       TDataSetFix.DataConvert
 0001:00003CA4       ReadDataFromBlobStream
 0001:00003E44       ReadDataFromBlobField
 0001:00003EA0       TDataSetFix.GetFieldData
 0001:0000405C       TParamFix.GetDataSize
 0001:0000425C       CopyWideString
 0001:000042E8       TParamFix.GetData
 0001:000046B0       TWideStringFieldFix.GetDataSize
 0001:000047D8       WriteProp
 0001:00004830       AddExtraFieldProps
 0001:000049C0       AddFieldDesc
 0001:00004AB8       ComputeInfoCount
 0001:00004B58       AddMinMax
 0001:00004E38       TDataPacketWriterFix.AddColumn
 0001:000056F8       NextPiece
 0001:00005838       FixParams
 0001:000059B8       GetConnectionForStatement
 0001:00005A6C       TCustomSQLDataSetFixD7.CheckStatement
 0001:00005D70       IsNameDelimiter
 0001:00005DB0       NameDelimiter
 0001:00005DD0       IsLiteral
 0001:00005DFC       StripChar
 0001:00005E74       StripLiterals
 0001:00005EF8       isDigit
 0001:00005F68       TParamsFix.ParseSQL
 0001:000061E0       NextTokenIs
 0001:000062B0       GetSQLToken
 0001:0000675C       StartToken
 0001:00006788       NextSQLTokenFix
 0001:00006B68       IsMultiTableQueryEx
 0001:00006E60       IsMultiTableQueryFix
 0001:00006EC8       GetTableNameFromSQLFix
 0001:00006F10       GetNativeAddr
 0001:00006F48       JumpFromCode
 0001:00007030       RestoreSavedCode
 0001:00007134       InstallFix
 0001:000075BC       UnInstallFix
 0001:000077BC       CalcUnits
 0001:00007898       TSQLStoredProc.PrepareStatement
 0001:00007DB4       Finalization
 0001:00007E14       Dbx23Fix
 0001:00007E3C       SizeOfCode
 0001:000081B0       SizeOfProc
 0001:00008208       SaveOldFunction
 0001:00008294       HookCode
 0001:000083E0       HookProc
 0001:00008458       UnhookCode
 0001:00008554       GetNativeAddr
 0001:000085A8       JumpFromCode
 0001:000086B0       RestoreSavedCode
 0001:000087C4       IsJumpFromCode
 0001:00008824       GetVirtualMethodAddress
 0001:00008864       SetVirtualMethodAddress
 0001:00008910       FindVirtualMethodIndex
 0001:00008998       GetVirtualMethodOffset
 0001:000089D0       FxtGetStubAddress
 0001:00008A1C       Finalization
 0001:00008A54       DbxOpenOdbcApiHook
 0001:00008A74       FIX_TSTRINGFIELD_SETASANSISTRING
 0001:00008B84       INSTALL_FIX_TSTRINGFIELD_SETASANSISTRING
 0001:00008BE0       FIX_TFIELDS_FINDFIELD
 0001:00008CEC       INSTALL_FIX_TFIELDS_FINDFIELD
 0001:00008D44       FIX_TINTEGERFIELD_GETISNULL
 0001:00008DA4       INSTALL_FIX_TINTEGERFIELD_GETISNULL
 0001:00008DFC       TBlobField_SetData
 0001:00008E74       FIX_TBLOBFIELD_SETVARVALUE
 0001:00008FDC       INSTALL_FIX_TBLOBFIELD_SETVARVALUE
 0001:00009034       FIX_TSTRINGFIELD_GETVALUE
 0001:00009184       INSTALL_FIX_TSTRINGFIELD_GETVALUE
 0001:000091DC       FIX_TFIELD_ASSIGNVALUE
 0001:00009274       INSTALL_FIX_TFIELD_ASSIGNVALUE
 0001:000092C0       FIX_TWIDESTRINGFIELD_GETDATASIZE
 0001:000092F4       INSTALL_FIX_TWIDESTRINGFIELD_GETDATASIZE
 0001:0000934C       FIX_TWIDESTRINGFIELD_GETASWIDESTRING
 0001:00009388       INSTALL_FIX_TWIDESTRINGFIELD_GETASWIDESTRING
 0001:000093E0       FIX_TWIDESTRINGFIELD_GETASVARIANT
 0001:00009454       INSTALL_FIX_TWIDESTRINGFIELD_GETASVARIANT
 0001:000094AC       INSTALL_FIXES
 0001:00009514       Finalization
 0001:00009554       DbxDBFix
 0001:0000957C       IsDbxDrvFixed
 0001:000095A4       Finalization
 0001:000095DC       DbxXXDrv
 0001:00009724       @GetPackageInfoTable
 0001:00009738       @PackageLoad
 0001:00009750       @PackageUnload
 0001:00009768       dbxoodbc
 0002:00000000       TlsIndex
 0002:00000004       Module
 0002:00000030       bFixedSqlExpr
 0002:00000034       bFixedUnicode
 0002:00000038       PacketTypeMap
 0002:000000D0       ExtraFieldProps
 0002:000000FC       Opcodes1
 0002:000002FC       Opcodes2
 0002:000004FC       Opcodes3
 0002:000012F4       _GLOBAL_OFFSET_TABLE_
 0002:000013B4       TextStartAdj
 0002:00001CA4       ModuleIsLib
 0002:00001CA5       ModuleIsPackage
 0002:00001CA8       HInstance
 0002:00001CAC       DllProc
 0002:00001CB4       .1
 0002:00001CB8       .3
 0002:00001CBC       .1
 0002:00001CC0       .2
 0002:00001CC4       .2
 0002:00001CC8       jmp_TDataSetProvider_InternalGetRecords
 0002:00001CD0       jmp_TSQLConnection_CloneConnection
 0002:00001CD8       jmp_TCustomSQLDataSet_PrepareStatement
 0002:00001CE0       jmp_TCustomSQLDataSet_PSGetDefaultOrder
 0002:00001CE8       jmp_TCustomSQLDataSet_OpenSchema
 0002:00001CF0       jmp_TCustomSQLDataSet_ExecuteStatement
 0002:00001CF8       jmp_TParams_ParseSQL
 0002:00001D00       jmp_NextSQLToken
 0002:00001D08       jmp_IsMultiTableQuery
 0002:00001D10       jmp_GetTableNameFromSQL
 0002:00001D18       jmp_TSQLConnection_Execute
 0002:00001D20       jmp_TCustomSQLDataSet_AddFieldDesc
 0002:00001D28       jmp_TCustomSQLDataSet_GetFieldData1
 0002:00001D30       jmp_TDataSet_DataConvert
 0002:00001D38       jmp_TDataSet_GetFieldData2
 0002:00001D40       jmp_TParam_GetDataSize
 0002:00001D48       jmp_TParam_GetData
 0002:00001D50       jmp_TWideStringField_GetDataSize
 0002:00001D58       jmp_TDataPacketWriterFix_AddColumn
 0002:00001D60       .1
 0002:00001D64       .1
 0002:00001D68       StringField_SetAsAnsiString
 0002:00001D70       FieldAccess_FindField
 0002:00001D78       IntegerField_GetIsNull
 0002:00001D80       BlobField_SetVarValue
 0002:00001D88       StringField_GetValue
 0002:00001D90       Field_AssignValue
 0002:00001D94       WideStringField_GetDataSize
 0002:00001D9C       WideStringField_GetAsWideString
 0002:00001DA4       WideStringField_GetAsVariant
 0002:00001DAC       .1
 0002:0000AA64       CodeSegSize


Line numbers for SysInit(SysInit.pas) segment .text

   183 0001:FFFFE5D0   192 0001:FFFFE5E0   195 0001:FFFFE5E0   198 0001:FFFFE5F0
   254 0001:00000000   255 0001:00000010   256 0001:00000041   257 0001:00000046
   258 0001:00000066   259 0001:0000006A   260 0001:00000084   410 0001:000000C0
   412 0001:000000C5   413 0001:000000C6   414 0001:000000CB   423 0001:000000D4
   424 0001:000000D9   425 0001:000000DE   429 0001:000000E4   430 0001:000000F0
   431 0001:000000FB   434 0001:00000108   435 0001:00000114   436 0001:0000011F
   437 0001:00000131   438 0001:00000149   487 0001:00000160   488 0001:0000016C
   492 0001:0000018B   495 0001:000001A4   496 0001:000001B0   497 0001:000001BA
   520 0001:000001C8   527 0001:000001DB   529 0001:000001E0   530 0001:000001EA
   531 0001:000001F1   532 0001:000001F8   533 0001:00000200   534 0001:00000209
   535 0001:0000020E   536 0001:00000213   537 0001:0000021C   538 0001:00000224
   539 0001:0000022C   540 0001:00000235   541 0001:0000023A   542 0001:0000023D
   546 0001:00000250   547 0001:0000025C   548 0001:00000267   551 0001:00000274
   552 0001:00000280   553 0001:0000028B   620 0001:00000298   621 0001:000002A5
   622 0001:000002A7   624 0001:000002B0   625 0001:000002B5   628 0001:000002BC
   629 0001:000002CF   636 0001:000002E0   637 0001:000002E1   638 0001:000002E3
   639 0001:000002E8   640 0001:000002EA   641 0001:000002EC   642 0001:000002ED
   643 0001:000002EE   644 0001:000002EF   645 0001:000002F0   646 0001:000002F1
   647 0001:000002F2   648 0001:000002F3   649 0001:000002F4   650 0001:000002F6
   651 0001:000002FB   652 0001:000002FE   653 0001:000002FF   654 0001:00000300
   655 0001:00000301   656 0001:00000302   657 0001:00000304   658 0001:00000305
   662 0001:00000308   663 0001:0000030B   817 0001:00000314   818 0001:00000320
   847 0001:00000364   847 0001:00000377

Line numbers for Dbx23Fix(Dbx23Fix.pas) segment .text

   294 0001:0000048C   295 0001:000004AD   298 0001:000004B1   300 0001:000004C5
   301 0001:000004E9   304 0001:000004F5   306 0001:0000051F   698 0001:0000053C
   700 0001:00000559   702 0001:0000055F   704 0001:00000567   706 0001:00000571
   708 0001:00000583   709 0001:00000591   711 0001:0000059B   713 0001:000005A7
   714 0001:000005B5   715 0001:000005C0   717 0001:000005CB   718 0001:000005D9
   720 0001:000005ED   722 0001:0000060B   723 0001:00000619   725 0001:00000633
   727 0001:00000645   729 0001:00000658   731 0001:00000668   735 0001:00000683
   736 0001:0000068B   738 0001:0000069C   741 0001:000006E0   742 0001:000006EF
   743 0001:000006F6   745 0001:000006FF   746 0001:0000070A   747 0001:00000715
   749 0001:0000071C   750 0001:00000730   751 0001:0000073F   752 0001:0000074A
   753 0001:00000752   756 0001:00000764   757 0001:00000775   758 0001:000007AE
   862 0001:000007C8   863 0001:000007ED   864 0001:000007F9   866 0001:00000801
   867 0001:00000804   868 0001:00000815   869 0001:0000081C   870 0001:00000823
   871 0001:00000827   872 0001:00000838   873 0001:00000843   874 0001:0000085E
   875 0001:0000086F   876 0001:00000880   877 0001:00000891   879 0001:000008A9
   881 0001:000008C6   882 0001:000008CC   884 0001:000008F8   885 0001:00000906
   886 0001:0000090C   887 0001:00000918   888 0001:0000092B   890 0001:00000961
   891 0001:0000096F   894 0001:00000995   895 0001:000009A6   896 0001:000009A9
   897 0001:000009C5   896 0001:000009E0   899 0001:000009E5   901 0001:00000A20
  1196 0001:00000A64  1197 0001:00000A74  1198 0001:00000A87  1199 0001:00000A92
  1200 0001:00000A9C  1209 0001:00000AA4  1210 0001:00000AD6  1211 0001:00000ADB
  1214 0001:00000AED  1216 0001:00000AF7  1217 0001:00000B05  1218 0001:00000B0C
  1220 0001:00000B1B  1221 0001:00000B40  1224 0001:00000B4C  1225 0001:00000B67
  1227 0001:00000B6C  1228 0001:00000B7C  1230 0001:00000B86  1231 0001:00000B90
  1232 0001:00000BC3  1233 0001:00000BCA  1234 0001:00000BE2  1235 0001:00000BE8
  1236 0001:00000BFB  1237 0001:00000C29  1238 0001:00000C30  1239 0001:00000C48
  1240 0001:00000C71  1241 0001:00000C78  1242 0001:00000C90  1245 0001:00000C9B
  1247 0001:00000CA5  1250 0001:00000CBC  1251 0001:00000D01  1252 0001:00000D2E
  1247 0001:00000D31  1254 0001:00000D36  1255 0001:00000D41  1258 0001:00000D56
  1259 0001:00000D5F  1260 0001:00000D65  1262 0001:00000D6F  1263 0001:00000D77
  1265 0001:00000DB6  1272 0001:00000DFC  1275 0001:00000E11  1276 0001:00000E1C
  1277 0001:00000E23  1278 0001:00000E28  1279 0001:00000E58  1280 0001:00000E64
  1281 0001:00000E73  1283 0001:00000E81  1293 0001:00000EB0  1297 0001:00000EC8
  1298 0001:00000ED0  1299 0001:00000EE2  1300 0001:00000EED  1301 0001:00000F18
  1302 0001:00000F1D  1303 0001:00000F28  1304 0001:00000F5F  1305 0001:00000F64
  1306 0001:00000F6F  1309 0001:00000F92  1316 0001:00000FB0  1320 0001:00000FCC
  1322 0001:00000FE8  1323 0001:00000FF6  1326 0001:00000FFB  1351 0001:0000100E
  1352 0001:00001017  1355 0001:0000104A  1366 0001:0000107A  1369 0001:0000109D
  1371 0001:000010C6  1373 0001:000010E9  1377 0001:00001114  1383 0001:00001160
  1387 0001:00001177  1388 0001:00001180  1389 0001:00001191  1390 0001:000011AD
  1393 0001:000011DD  1397 0001:00001218  1401 0001:00001231  1402 0001:00001243
  1403 0001:0000125C  1404 0001:00001266  1405 0001:00001271  1406 0001:00001283
  1407 0001:0000129B  1408 0001:000012A7  1410 0001:000012D7  1411 0001:00001305
  1414 0001:00001363  1423 0001:00001380  1424 0001:000013A7  1425 0001:000013AB
  1427 0001:000013BB  1428 0001:000013C6  1430 0001:000013D6  1431 0001:000013E7
  1432 0001:000013F2  1434 0001:00001409  1436 0001:00001426  1437 0001:0000142A
  1439 0001:00001436  1432 0001:00001439  1441 0001:00001444  1444 0001:0000145C
  1446 0001:00001494  1450 0001:000014EC  1454 0001:0000150B  1455 0001:00001515
  1456 0001:00001519  1457 0001:00001531  1460 0001:00001559  1461 0001:00001565
  1462 0001:00001572  1464 0001:0000158B  1467 0001:000015C7  1468 0001:000015D8
  1469 0001:000015F1  1471 0001:000015F3  1462 0001:000015F4  1475 0001:00001618
  1493 0001:00001634  1497 0001:0000164E  1498 0001:00001650  1499 0001:00001664
  1500 0001:00001671  1501 0001:0000167E  1502 0001:0000168B  1503 0001:000016A4
  1504 0001:000016BD  1506 0001:000016C7  1507 0001:000016F8  1508 0001:000016FD
  1511 0001:0000170C  1512 0001:00001712  1513 0001:0000174E  1515 0001:00001763
  1516 0001:0000176F  1520 0001:0000178F  1522 0001:0000179B  1523 0001:000017DE
  1524 0001:000017E3  1527 0001:000017F2  1528 0001:000017F8  1529 0001:00001834
  1531 0001:00001849  1532 0001:00001855  1536 0001:00001875  1538 0001:00001881
  1539 0001:000018C4  1540 0001:000018C9  1541 0001:000018D8  1544 0001:000018F1
  1545 0001:000018F7  1546 0001:00001933  1548 0001:00001948  1549 0001:00001954
  1553 0001:00001974  1555 0001:00001980  1556 0001:000019C3  1557 0001:000019C8
  1558 0001:000019D7  1560 0001:000019F1  1562 0001:000019F9  1563 0001:00001A18
  1564 0001:00001A1E  1566 0001:00001A29  1567 0001:00001A31  1568 0001:00001A67
  1569 0001:00001A6C  1594 0001:00001A7B  1596 0001:00001A83  1597 0001:00001AA2
  1598 0001:00001AA8  1600 0001:00001AB3  1602 0001:00001ABB  1603 0001:00001AF1
  1604 0001:00001AF6  1607 0001:00001B22  1610 0001:00001BFC  1611 0001:00001C0F
  1612 0001:00001C11  1613 0001:00001C17  1614 0001:00001C1A  1615 0001:00001C20
  1616 0001:00001C23  1617 0001:00001C29  1618 0001:00001C2C  1619 0001:00001C32
  1620 0001:00001C35  1626 0001:00001C40  1630 0001:00001C5C  1631 0001:00001C60
  1632 0001:00001C6C  1633 0001:00001C84  1634 0001:00001C90  1636 0001:00001C94
  1637 0001:00001CA4  1640 0001:00001CAB  1643 0001:00001CE9  1644 0001:00001CFF
  1648 0001:00001D3F  1651 0001:00001D7D  1657 0001:00001DD8  1659 0001:00001E11
  1661 0001:00001E1A  1666 0001:00001E58  1672 0001:00001E95  1674 0001:00001ECE
  1676 0001:00001ED7  1681 0001:00001F1F  1684 0001:00001F66  1685 0001:00001F6B
  1688 0001:00001F96  1695 0001:00001FB4  1696 0001:00001FE2  1697 0001:00001FE6
  1698 0001:00001FF6  1699 0001:00001FFC  1702 0001:00002004  1703 0001:0000201E
  1705 0001:00002027  1706 0001:0000202B  1707 0001:0000202F  1708 0001:0000203C
  1710 0001:00002042  1711 0001:0000205B  1712 0001:00002063  1714 0001:0000206B
  1700 0001:0000206C  1716 0001:00002096  1735 0001:000020B8  1736 0001:000020F0
  1737 0001:000020F5  1738 0001:00002114  1740 0001:00002130  1742 0001:00002135
  1743 0001:00002149  1744 0001:0000215B  1745 0001:00002162  1746 0001:00002183
  1747 0001:00002189  1748 0001:00002199  1749 0001:000021BC  1750 0001:000021C3
  1751 0001:000021F7  1752 0001:000021FD  1754 0001:0000221A  1756 0001:00002228
  1757 0001:00002230  1758 0001:0000223E  1759 0001:00002249  1760 0001:00002254
  1761 0001:0000225F  1762 0001:0000226A  1764 0001:00002275  1765 0001:00002288
  1766 0001:0000229C  1768 0001:000022B1  1770 0001:000022B7  1771 0001:000022DF
  1773 0001:000022EB  1775 0001:000022F5  1776 0001:000022FA  1777 0001:00002305
  1778 0001:00002319  1780 0001:00002331  1781 0001:0000233E  1782 0001:00002352
  1783 0001:00002362  1784 0001:00002380  1786 0001:0000238A  1789 0001:000023E1
  1790 0001:000023E7  1791 0001:000023ED  1794 0001:000023FF  1796 0001:00002409
  1797 0001:0000241B  1803 0001:00002427  1804 0001:0000242D  1807 0001:00002433
  1809 0001:00002447  1810 0001:0000244E  1811 0001:00002464  1813 0001:0000246B
  1814 0001:00002471  1817 0001:00002485  1821 0001:00002496  1823 0001:000024C5
  1824 0001:000024CC  1825 0001:000024E5  1826 0001:000024EC  1828 0001:00002503
  1833 0001:00002519  1834 0001:0000252A  1836 0001:00002536  1840 0001:00002542
  1841 0001:00002548  1843 0001:00002559  1845 0001:0000256C  1846 0001:00002577
  1847 0001:0000258A  1850 0001:0000259A  1855 0001:000025AF  1856 0001:000025CE
  1861 0001:000025D6  1862 0001:000025E3  1863 0001:000025FB  1865 0001:00002602
  1868 0001:0000266B  1869 0001:00002672  1871 0001:0000268A  1873 0001:000026A0
  1738 0001:000026A3  1874 0001:000026ED  2014 0001:00002724  2015 0001:00002748
  2016 0001:0000274D  2018 0001:00002769  2019 0001:0000276E  2021 0001:00002790
  2022 0001:000027A4  2023 0001:000027B6  2024 0001:000027BD  2025 0001:000027DE
  2026 0001:000027E4  2027 0001:000027E9  2028 0001:000027EE  2029 0001:000027FE
  2030 0001:00002821  2031 0001:00002828  2032 0001:0000285C  2033 0001:0000286F
  2034 0001:00002875  2036 0001:0000287C  2037 0001:00002887  2039 0001:0000289D
  2042 0001:000028F8  2050 0001:000028FE  2051 0001:00002905  2053 0001:0000291D
  2058 0001:00002933  2059 0001:00002938  2062 0001:0000293F  2064 0001:00002947
  2066 0001:0000295C  2068 0001:00002974  2071 0001:0000297D  2072 0001:00002983
  2074 0001:00002989  2075 0001:00002994  2076 0001:0000299F  2077 0001:000029A7
  2081 0001:000029B4  2083 0001:00002A0C  2084 0001:00002A13  2086 0001:00002A2B
  2088 0001:00002A41  2016 0001:00002A44  2089 0001:00002A6D  2094 0001:00002AA0
  2098 0001:00002AB1  2100 0001:00002AC0  2102 0001:00002AD2  2103 0001:00002ADB
  2105 0001:00002AFC  2106 0001:00002B0B  2108 0001:00002B22  2110 0001:00002B2B
  2111 0001:00002B54  2112 0001:00002B63  2113 0001:00002B6E  2114 0001:00002B75
  2115 0001:00002B83  2116 0001:00002B92  2119 0001:00002BA1  2120 0001:00002BCF
  2121 0001:00002BE7  2125 0001:00002BF6  2126 0001:00002C00  2127 0001:00002C07
  2130 0001:00002C11  2136 0001:00002C50  2137 0001:00002C6F  2139 0001:00002C77
  2140 0001:00002C84  2142 0001:00002C9B  2143 0001:00002CA0  2145 0001:00002CB5
  2147 0001:00002CC7  2148 0001:00002CD6  2149 0001:00002CDA  2151 0001:00002CEA
  2153 0001:00002D1A  2159 0001:00002D38  2160 0001:00002D4A  2161 0001:00002D4F
  2163 0001:00002D58  2164 0001:00002D61  2165 0001:00002D8A  2166 0001:00002D8F
  2167 0001:00002D9A  2168 0001:00002DA1  2170 0001:00002DA6  2171 0001:00002DB3
  2180 0001:00002DE0  2184 0001:00002E01  2185 0001:00002E0A  2188 0001:00002E22
  2190 0001:00002E2B  2191 0001:00002E2F  2193 0001:00002E34  2194 0001:00002E3B
  2195 0001:00002E68  2197 0001:00002E71  2199 0001:00002EE5  2202 0001:00002F17
  2205 0001:00002F49  2207 0001:00002F7B  2209 0001:00002FAD  2212 0001:00002FDF
  2213 0001:0000300C  2214 0001:00003019  2216 0001:00003036  2218 0001:0000303F
  2219 0001:0000304D  2222 0001:0000305E  2223 0001:0000306C  2225 0001:0000307B
  2229 0001:00003090  2231 0001:000030C2  2233 0001:000030F4  2235 0001:00003126
  2237 0001:00003155  2240 0001:00003184  2241 0001:0000318E  2242 0001:00003197
  2244 0001:000031A0  2248 0001:000031D4  2249 0001:000031D9  2250 0001:000031E4
  2253 0001:0000320C  2261 0001:00003228  2264 0001:0000323E  2265 0001:00003241
  2266 0001:0000326A  2267 0001:00003297  2280 0001:000032C0  2281 0001:000032E9
  2282 0001:00003312  2283 0001:0000333B  2284 0001:00003341  2286 0001:00003348
  2298 0001:00003354  2302 0001:00003381  2305 0001:00003397  2306 0001:000033AC
  2307 0001:000033B7  2310 0001:000033BB  2311 0001:000033BC  2308 0001:000033E4
  2313 0001:000033F6  2316 0001:000033FD  2317 0001:0000340D  2319 0001:0000341A
  2322 0001:00003420  2324 0001:00003427  2325 0001:0000342B  2326 0001:00003431
  2330 0001:00003437  2332 0001:0000343E  2334 0001:00003444  2336 0001:00003453
  2337 0001:00003459  2340 0001:0000345F  2352 0001:00003466  2353 0001:0000346A
  2355 0001:0000347A  2356 0001:00003487  2357 0001:00003491  2359 0001:00003499
  2361 0001:000034A7  2362 0001:000034AB  2363 0001:000034B1  2365 0001:000034C7
  2366 0001:000034CD  2368 0001:000034D3  2369 0001:000034DA  2372 0001:000034E0
  2373 0001:000034E5  2374 0001:000034EA  2375 0001:000034F7  2376 0001:00003509
  2377 0001:0000350D  2380 0001:00003571  2381 0001:00003578  2382 0001:00003581
  2387 0001:0000358D  2391 0001:00003597  2392 0001:000035A0  2397 0001:000035A9
  2399 0001:000035B5  2401 0001:000035BC  2402 0001:000035C0  2405 0001:000035C6
  2408 0001:000035D3  2409 0001:000035DF  2413 0001:000035E8  2414 0001:000035EF
  2418 0001:000035F8  2419 0001:000035FF  2420 0001:0000360D  2423 0001:0000361E
  2426 0001:0000362B  2427 0001:00003633  2428 0001:00003638  2429 0001:00003642
  2430 0001:0000364C  2431 0001:00003656  2432 0001:00003660  2433 0001:00003666
  2434 0001:00003673  2435 0001:00003679  2436 0001:00003689  2437 0001:00003690
  2438 0001:000036A0  2439 0001:000036AB  2442 0001:000036BB  2443 0001:000036C2
  2444 0001:000036D2  2446 0001:000036E6  2447 0001:000036FD  2448 0001:0000371D
  2444 0001:0000371E  2452 0001:00003725  2454 0001:00003735  2455 0001:0000374C
  2457 0001:0000376A  2458 0001:0000378A  2452 0001:0000378B  2464 0001:000037BB
  2472 0001:00003800  2473 0001:0000381B  2476 0001:00003825  2477 0001:0000382A
  2481 0001:00003832  2482 0001:00003838  2486 0001:00003841  2488 0001:0000385A
  2489 0001:0000385F  2492 0001:00003870  2493 0001:0000387F  2498 0001:000038A8
  2499 0001:000038C0  2500 0001:000038CE  2501 0001:000038DB  2502 0001:000038E2
  2504 0001:000038E9  2506 0001:000038F4  2513 0001:00003904  2514 0001:0000392D
  2515 0001:00003958  2517 0001:00003963  2519 0001:00003978  2521 0001:000039A0
  2526 0001:000039D4  2527 0001:000039EF  2528 0001:00003A00  2530 0001:00003A0B
  2531 0001:00003A19  2532 0001:00003A2B  2534 0001:00003A52  2536 0001:00003A62
  2540 0001:00003A80  2541 0001:00003AA4  2543 0001:00003B0D  2544 0001:00003B13
  2545 0001:00003B36  2547 0001:00003B4B  2550 0001:00003B54  2551 0001:00003B5A
  2552 0001:00003B7D  2553 0001:00003B8E  2556 0001:00003BD1  2558 0001:00003BDF
  2559 0001:00003BE5  2560 0001:00003BF5  2562 0001:00003C0A  2563 0001:00003C10
  2564 0001:00003C22  2567 0001:00003C33  2570 0001:00003C39  2571 0001:00003C45
  2574 0001:00003C56  2578 0001:00003C84  2593 0001:00003CA4  2594 0001:00003CB8
  2596 0001:00003CCA  2597 0001:00003CD6  2598 0001:00003CEA  2599 0001:00003CFB
  2600 0001:00003D07  2601 0001:00003D19  2603 0001:00003D32  2604 0001:00003D48
  2605 0001:00003D50  2607 0001:00003D5A  2608 0001:00003D67  2609 0001:00003D7B
  2610 0001:00003D8F  2611 0001:00003DA4  2612 0001:00003DAD  2613 0001:00003DC1
  2615 0001:00003DDA  2618 0001:00003DF2  2619 0001:00003DFA  2621 0001:00003E0D
  2623 0001:00003E44  2624 0001:00003E54  2625 0001:00003E7B  2626 0001:00003E84
  2627 0001:00003E90  2628 0001:00003E9A  2630 0001:00003EA0  2631 0001:00003ED7
  2632 0001:00003EDD  2635 0001:00003EF6  2636 0001:00003F01  2638 0001:00003F07
  2639 0001:00003F16  2640 0001:00003F22  2641 0001:00003F34  2645 0001:00003F40
  2649 0001:00003F44  2650 0001:00003F4E  2654 0001:00003F6A  2656 0001:00003F73
  2657 0001:00003F85  2658 0001:00003F90  2659 0001:00003FA4  2660 0001:00003FAD
  2661 0001:00003FBF  2662 0001:00003FC5  2666 0001:00003FDE  2667 0001:00003FF5
  2668 0001:00003FFB  2673 0001:0000403E  2676 0001:0000405C  2677 0001:00004078
  2678 0001:0000407A  2679 0001:00004103  2680 0001:00004137  2684 0001:00004152
  2686 0001:0000416F  2687 0001:00004179  2688 0001:00004183  2691 0001:0000418D
  2695 0001:00004197  2696 0001:0000419E  2697 0001:000041A5  2699 0001:000041AC
  2700 0001:000041B8  2701 0001:000041CA  2702 0001:000041CE  2704 0001:000041E5
  2706 0001:000041E9  2708 0001:0000423F  2717 0001:0000425C  2718 0001:0000426D
  2720 0001:0000427E  2722 0001:0000428A  2724 0001:000042AC  2725 0001:000042CF
  2727 0001:000042E8  2728 0001:00004316  2729 0001:000043B0  2731 0001:000043E8
  2734 0001:00004420  2735 0001:0000443E  2737 0001:0000444B  2739 0001:00004457
  2740 0001:0000446A  2742 0001:0000447D  2743 0001:0000448F  2744 0001:000044B3
  2745 0001:000044D7  2746 0001:00004501  2747 0001:00004527  2749 0001:00004548
  2750 0001:0000455B  2751 0001:00004577  2754 0001:0000458D  2756 0001:000045A0
  2758 0001:000045AD  2760 0001:000045D2  2765 0001:000045E5  2769 0001:00004617
  2771 0001:0000467C  2774 0001:000046B0  2777 0001:000046BF  2778 0001:000046CD
  2780 0001:000046DD  2782 0001:000046DF  2809 0001:000047D8  2810 0001:000047F4
  2811 0001:00004805  2812 0001:00004816  2813 0001:00004822  2820 0001:00004830
  2821 0001:00004847  2823 0001:00004857  2825 0001:0000486F  2826 0001:00004877
  2827 0001:00004882  2826 0001:00004892  2828 0001:00004895  2829 0001:0000489D
  2830 0001:000048A5  2832 0001:000048C2  2833 0001:000048C9  2834 0001:000048DB
  2835 0001:000048FB  2839 0001:00004954  2842 0001:0000496C  2844 0001:0000497C
  2849 0001:000049C0  2850 0001:000049E0  2851 0001:000049EC  2852 0001:00004A20
  2853 0001:00004A2F  2854 0001:00004A45  2855 0001:00004A48  2856 0001:00004A50
  2857 0001:00004A9B  2862 0001:00004AB8  2863 0001:00004AD7  2864 0001:00004AE2
  2865 0001:00004AF3  2866 0001:00004B00  2864 0001:00004B18  2867 0001:00004B3C
  2870 0001:00004B58  2871 0001:00004B77  2873 0001:00004B9D  2876 0001:00004BB3
  2878 0001:00004BDC  2882 0001:00004C0A  2885 0001:00004C30  2887 0001:00004C57
  2891 0001:00004C85  2894 0001:00004CA3  2896 0001:00004CCA  2900 0001:00004CF8
  2903 0001:00004D10  2905 0001:00004D56  2909 0001:00004DEB  2914 0001:00004E38
  2915 0001:00004E5B  2917 0001:00004E67  2919 0001:00004E7F  2920 0001:00004E90
  2923 0001:00004EA5  2924 0001:00004EAA  2925 0001:00004EAF  2926 0001:00004EC5
  2927 0001:00004EDB  2928 0001:00004EF3  2929 0001:00004F01  2931 0001:00004F6F
  2934 0001:00004F7A  2935 0001:00004F83  2936 0001:00004F92  2937 0001:00004F97
  2938 0001:00004F9A  2942 0001:00004FA5  2943 0001:00004FB1  2944 0001:00004FBA
  2945 0001:00004FC6  2946 0001:00004FCE  2947 0001:00004FD7  2951 0001:00004FE7
  2952 0001:00004FF3  2953 0001:00004FFC  2954 0001:00005008  2955 0001:00005010
  2956 0001:00005019  2959 0001:00005029  2962 0001:00005049  2965 0001:00005060
  2968 0001:0000507F  2970 0001:0000508E  2971 0001:0000509A  2973 0001:000050AA
  2975 0001:000050B0  2976 0001:000050C2  2977 0001:000050CB  2978 0001:000050EB
  2979 0001:000050FC  2980 0001:00005126  2981 0001:00005132  2982 0001:00005159
  2983 0001:0000515F  2984 0001:00005182  2986 0001:00005194  2987 0001:000051A3
  2989 0001:000051D2  2991 0001:000051E4  2992 0001:000051F3  2994 0001:00005220
  2995 0001:0000522A  2996 0001:000052BA  2997 0001:000052CD  2998 0001:000052E0
  2999 0001:000052F3  3000 0001:00005306  3001 0001:00005319  3002 0001:0000532C
  3003 0001:0000533F  3004 0001:00005352  3006 0001:00005365  3008 0001:0000538B
  3009 0001:0000539E  3011 0001:000053B1  3012 0001:000053BD  3013 0001:000053CD
  3016 0001:000053D7  3017 0001:000053E3  3018 0001:000053F3  3020 0001:000053FD
  3021 0001:0000540D  3022 0001:0000541D  3024 0001:0000542D  3026 0001:00005435
  3027 0001:0000543B  3028 0001:00005462  3029 0001:00005474  3030 0001:000054A1
  3031 0001:000054AA  3032 0001:000054B4  3034 0001:000054C6  3035 0001:000054DD
  3034 0001:000054F4  3037 0001:000054FB  3042 0001:00005549  3049 0001:000056F8
  3050 0001:0000571D  3051 0001:0000572D  3052 0001:00005736  3053 0001:0000573D
  3056 0001:00005747  3057 0001:00005753  3059 0001:0000575E  3061 0001:00005772
  3063 0001:00005778  3065 0001:00005787  3066 0001:0000578D  3070 0001:00005792
  3072 0001:00005797  3073 0001:000057B1  3075 0001:000057B9  3077 0001:000057BF
  3078 0001:000057C5  3082 0001:000057C8  3083 0001:000057C9  3054 0001:000057CC
  3085 0001:000057F6  3095 0001:00005838  3096 0001:0000586C  3097 0001:00005879
  3098 0001:00005888  3099 0001:0000588C  3100 0001:00005897  3101 0001:000058A9
  3103 0001:000058B1  3104 0001:000058CC  3105 0001:000058DF  3106 0001:000058E5
  3108 0001:00005902  3109 0001:00005917  3110 0001:0000593E  3101 0001:00005950
  3112 0001:00005958  3113 0001:00005988  3119 0001:000059B8  3120 0001:000059D0
  3124 0001:000059DC  3126 0001:000059F2  3127 0001:000059F8  3128 0001:00005A24
  3130 0001:00005A30  3133 0001:00005A4E  3137 0001:00005A6C  3141 0001:00005A90
  3142 0001:00005A9D  3143 0001:00005AA4  3144 0001:00005AB0  3145 0001:00005AC8
  3146 0001:00005AD2  3147 0001:00005ADE  3148 0001:00005AEA  3149 0001:00005AF6
  3150 0001:00005B00  3151 0001:00005B0C  3152 0001:00005B14  3153 0001:00005B1D
  3154 0001:00005B36  3155 0001:00005B39  3157 0001:00005B43  3158 0001:00005B55
  3160 0001:00005B6E  3163 0001:00005BA3  3165 0001:00005BC6  3167 0001:00005C00
  3170 0001:00005C13  3172 0001:00005C3A  3173 0001:00005C44  3174 0001:00005C51
  3175 0001:00005C7F  3177 0001:00005C8B  3178 0001:00005C9D  3180 0001:00005CDA
  3185 0001:00005D0D  3218 0001:00005D70  3219 0001:00005D7C  3223 0001:00005D8F
  3227 0001:00005DB0  3232 0001:00005DBF  3234 0001:00005DCA  3237 0001:00005DD0
  3238 0001:00005DDF  3239 0001:00005DF8  3247 0001:00005DFC  3248 0001:00005E0B
  3249 0001:00005E1F  3250 0001:00005E39  3251 0001:00005E5A  3252 0001:00005E70
  3254 0001:00005E74  3255 0001:00005E8C  3256 0001:00005E98  3258 0001:00005EA4
  3259 0001:00005EAE  3260 0001:00005EB5  3262 0001:00005EC7  3264 0001:00005EDB
  3269 0001:00005EF8  3270 0001:00005F08  3271 0001:00005F18  3272 0001:00005F2B
  3273 0001:00005F32  3274 0001:00005F3A  3275 0001:00005F3B  3277 0001:00005F57
  3278 0001:00005F59  3273 0001:00005F5B  3282 0001:00005F63  3285 0001:00005F68
  3286 0001:00005F9E  3287 0001:00005FA9  3288 0001:00005FB6  3289 0001:00005FC4
  3290 0001:00005FC9  3291 0001:00005FCD  3293 0001:00005FD1  3296 0001:00005FD8
  3297 0001:00005FE9  3302 0001:00005FF0  3307 0001:0000606F  3310 0001:00006076
  3311 0001:0000607A  3312 0001:0000608B  3313 0001:00006092  3315 0001:0000609D
  3316 0001:000060A1  3308 0001:000060AD  3319 0001:000060C4  3320 0001:000060C9
  3322 0001:000060CF  3323 0001:000060E8  3325 0001:000060EE  3326 0001:000060FA
  3327 0001:00006100  3328 0001:00006113  3329 0001:0000611A  3330 0001:00006120
  3331 0001:00006123  3332 0001:00006137  3335 0001:0000613E  3338 0001:00006152
  3339 0001:00006167  3341 0001:0000616B  3345 0001:00006181  3346 0001:0000618C
  3347 0001:00006190  3348 0001:00006192  3349 0001:000061C1  3363 0001:000061E0
  3364 0001:00006205  3365 0001:00006210  3366 0001:00006228  3367 0001:00006239
  3369 0001:0000623F  3370 0001:00006258  3372 0001:00006286  3378 0001:000062B0
  3379 0001:000062CA  3380 0001:000062D5  3381 0001:000062DE  3382 0001:000062F6
  3383 0001:000062FF  3384 0001:00006308  3385 0001:00006311  3386 0001:0000632B
  3387 0001:00006334  3388 0001:00006356  3389 0001:0000635F  3390 0001:00006381
  3391 0001:0000638A  3392 0001:0000639B  3393 0001:000063A4  3394 0001:000063B5
  3395 0001:000063BE  3396 0001:000063CF  3397 0001:000063D8  3398 0001:000063E9
  3399 0001:000063F2  3401 0001:00006407  3402 0001:0000641D  3404 0001:00006426
  3405 0001:00006431  3406 0001:0000643B  3407 0001:00006467  3409 0001:00006470
  3410 0001:0000647B  3411 0001:00006485  3415 0001:0000648E  3416 0001:0000649F
  3417 0001:000064A8  3418 0001:000064B9  3419 0001:000064C2  3420 0001:000064E9
  3421 0001:000064F2  3422 0001:00006503  3423 0001:0000650C  3424 0001:0000651D
  3425 0001:00006526  3426 0001:00006537  3427 0001:00006540  3428 0001:00006567
  3429 0001:0000656D  3430 0001:00006594  3431 0001:0000659A  3432 0001:000065AB
  3433 0001:000065B1  3434 0001:000065BA  3435 0001:000065C0  3436 0001:000065DF
  3442 0001:0000675C  3443 0001:0000676B  3444 0001:00006774  3445 0001:00006782
  3450 0001:00006788  3451 0001:000067BB  3452 0001:000067C0  3455 0001:000067C4
  3458 0001:00006857  3459 0001:0000685E  3460 0001:00006865  3461 0001:0000686A
  3462 0001:00006899  3464 0001:000068A0  3465 0001:000068A5  3468 0001:000068AC
  3469 0001:000068AE  3470 0001:000068BE  3471 0001:000068CB  3472 0001:000068E4
  3473 0001:000068EA  3474 0001:000068F3  3475 0001:000068FA  3476 0001:00006903
  3477 0001:00006907  3482 0001:0000690C  3483 0001:00006913  3484 0001:00006915
  3486 0001:00006925  3488 0001:0000692C  3490 0001:00006964  3491 0001:00006976
  3492 0001:00006986  3493 0001:0000698A  3499 0001:0000698F  3500 0001:00006996
  3501 0001:00006998  3503 0001:000069B7  3504 0001:000069C9  3505 0001:000069D9
  3506 0001:000069DD  3512 0001:000069E2  3514 0001:000069E8  3515 0001:000069F8
  3516 0001:00006A05  3518 0001:00006A0A  3522 0001:00006A29  3524 0001:00006A2F
  3525 0001:00006A3F  3526 0001:00006A43  3529 0001:00006A48  3530 0001:00006A4C
  3535 0001:00006A53  3537 0001:00006A59  3538 0001:00006A60  3539 0001:00006A6C
  3540 0001:00006A7C  3541 0001:00006A80  3543 0001:00006A85  3547 0001:00006A8C
  3549 0001:00006A92  3550 0001:00006A99  3551 0001:00006AA9  3552 0001:00006AB9
  3553 0001:00006ABD  3555 0001:00006ABF  3559 0001:00006AC6  3561 0001:00006ACC
  3562 0001:00006ADC  3563 0001:00006AE9  3566 0001:00006AEB  3567 0001:00006AEF
  3568 0001:00006AF7  3572 0001:00006AF9  3573 0001:00006B00  3453 0001:00006B02
  3576 0001:00006B22  3598 0001:00006B68  3599 0001:00006B92  3600 0001:00006B9A
  3601 0001:00006BA5  3602 0001:00006BA9  3604 0001:00006BAF  3605 0001:00006BC7
  3606 0001:00006BD6  3607 0001:00006BE1  3610 0001:00006BEB  3612 0001:00006C03
  3614 0001:00006C09  3615 0001:00006C25  3619 0001:00006C2A  3620 0001:00006C33
  3622 0001:00006C3E  3624 0001:00006C4E  3627 0001:00006C5B  3628 0001:00006C73
  3625 0001:00006C8E  3630 0001:00006C9D  3632 0001:00006CAE  3633 0001:00006CB2
  3636 0001:00006CB7  3637 0001:00006CC2  3638 0001:00006CC8  3639 0001:00006CE0
  3645 0001:00006CE8  3644 0001:00006CEB  3646 0001:00006CF8  3648 0001:00006D00
  3649 0001:00006D04  3652 0001:00006D09  3654 0001:00006D11  3655 0001:00006D15
  3661 0001:00006D1A  3664 0001:00006D3E  3665 0001:00006D42  3668 0001:00006D47
  3671 0001:00006D55  3672 0001:00006D6D  3674 0001:00006D73  3675 0001:00006D77
  3681 0001:00006D79  3683 0001:00006D7F  3684 0001:00006D8D  3689 0001:00006DC4
  3691 0001:00006DC8  3693 0001:00006DCA  3696 0001:00006DDF  3698 0001:00006E10
  3703 0001:00006E60  3704 0001:00006E7A  3705 0001:00006E82  3706 0001:00006EAC
  3709 0001:00006EC8  3710 0001:00006EDA  3711 0001:00006EE1  3712 0001:00006EF0
  3713 0001:00006EF7  3740 0001:00006F10  3743 0001:00006F1C  3747 0001:00006F35
  3749 0001:00006F3C  3756 0001:00006F48  3757 0001:00006F63  3758 0001:00006F67
  3759 0001:00006F6B  3760 0001:00006F79  3762 0001:00006F83  3767 0001:00006F8E
  3771 0001:00006FB1  3772 0001:00006FB5  3773 0001:00006FC2  3775 0001:00006FC8
  3776 0001:00006FCE  3779 0001:00006FDD  3786 0001:00006FE9  3790 0001:00007013
  3797 0001:00007030  3798 0001:00007049  3799 0001:0000704D  3801 0001:00007060
  3807 0001:0000706B  3811 0001:0000708E  3813 0001:0000709B  3820 0001:000070B1
  3824 0001:000070D8  3826 0001:000070E3  3827 0001:000070F2  3902 0001:00007134
  3912 0001:00007146  3916 0001:0000715F  3929 0001:00007180  3932 0001:000071B6
  3935 0001:000071EC  3940 0001:00007222  3948 0001:00007258  3953 0001:00007271
  3957 0001:0000728A  3961 0001:000072A3  3966 0001:000072BC  3974 0001:000072F2
  3978 0001:00007328  3980 0001:0000733A  3982 0001:00007353  3984 0001:00007363
  3986 0001:00007375  3988 0001:0000738E  3990 0001:0000739E  3993 0001:000073CC
  3996 0001:00007402  3998 0001:00007414  4000 0001:0000742D  4002 0001:0000743D
  4004 0001:0000744F  4006 0001:00007468  4009 0001:00007478  4012 0001:000074A6
  4015 0001:000074DC  4018 0001:00007512  4021 0001:00007548  4026 0001:0000757E
  4035 0001:000075BC  4043 0001:000075CE  4047 0001:000075DF  4057 0001:000075F0
  4058 0001:00007601  4059 0001:00007612  4062 0001:00007623  4066 0001:00007634
  4069 0001:00007645  4072 0001:00007656  4075 0001:00007667  4079 0001:00007678
  4083 0001:00007689  4085 0001:0000769A  4087 0001:000076AC  4089 0001:000076C5
  4091 0001:000076D5  4092 0001:000076E3  4093 0001:000076F4  4095 0001:00007706
  4097 0001:0000771F  4100 0001:0000772F  4101 0001:0000773D  4102 0001:0000774E
  4103 0001:0000775F  4104 0001:00007770  4107 0001:00007781  4108 0001:0000778A
  4109 0001:00007793  4317 0001:000077BC  4318 0001:000077EA  4319 0001:000077EE
  4320 0001:000077FE  4321 0001:00007804  4324 0001:0000780C  4325 0001:00007826
  4327 0001:0000782F  4328 0001:00007833  4329 0001:00007837  4331 0001:0000783D
  4332 0001:00007845  4334 0001:0000784D  4322 0001:0000784E  4336 0001:00007878
  4363 0001:00007898  4364 0001:000078C4  4366 0001:000078CB  4369 0001:000078DE
  4370 0001:000078E1  4371 0001:000078F2  4374 0001:000078FC  4375 0001:00007908
  4376 0001:0000790E  4378 0001:00007916  4379 0001:00007918  4380 0001:0000791D
  4382 0001:00007962  4385 0001:0000797A  4386 0001:0000798A  4387 0001:00007996
  4388 0001:000079A0  4389 0001:000079A6  4390 0001:000079C9  4391 0001:000079D0
  4392 0001:000079D6  4393 0001:000079DC  4394 0001:000079EC  4395 0001:00007A0F
  4396 0001:00007A1E  4397 0001:00007A33  4399 0001:00007A43  4400 0001:00007A4B
  4401 0001:00007A59  4402 0001:00007A64  4403 0001:00007A6F  4404 0001:00007A7A
  4405 0001:00007A85  4407 0001:00007A8B  4408 0001:00007A90  4409 0001:00007AA8
  4411 0001:00007AB4  4413 0001:00007ABE  4414 0001:00007AC9  4415 0001:00007ADF
  4417 0001:00007AF9  4418 0001:00007B06  4419 0001:00007B12  4420 0001:00007B1A
  4421 0001:00007B30  4423 0001:00007B3A  4426 0001:00007B8D  4427 0001:00007B93
  4429 0001:00007BB2  4430 0001:00007BB9  4431 0001:00007BCA  4432 0001:00007BD1
  4434 0001:00007BE0  4439 0001:00007BEE  4440 0001:00007BF7  4442 0001:00007C03
  4446 0001:00007C0F  4447 0001:00007C15  4449 0001:00007C1E  4450 0001:00007C29
  4451 0001:00007C34  4452 0001:00007C3F  4455 0001:00007C4F  4460 0001:00007C66
  4461 0001:00007C80  4466 0001:00007C88  4467 0001:00007C95  4470 0001:00007C9C
  4474 0001:00007CF6  4382 0001:00007CF7  4476 0001:00007D00  4479 0001:00007D14
  4488 0001:00007D4E  4496 0001:00007DB4  4497 0001:00007DD6  4503 0001:00007E01
  4493 0001:00007E14  4494 0001:00007E29  4495 0001:00007E2E

Line numbers for DbxOpenOdbcApiHook(DbxOpenOdbcApiHook.pas) segment .text

   328 0001:00007E3C   330 0001:00007E53   331 0001:00007E59   333 0001:00007E63
   334 0001:00007E67   335 0001:00007E6B   336 0001:00007E72   338 0001:00007E77
   339 0001:00007E81   340 0001:00007E88   341 0001:00007E8F   342 0001:00007E98
   343 0001:00007E9F   344 0001:00007EA5   345 0001:00007EB3   346 0001:00007EC0
   347 0001:00007EC4   348 0001:00007ECA   350 0001:00007ED1   351 0001:00007EDB
   352 0001:00007EEA   353 0001:00007EF0   356 0001:00007EF9   358 0001:00007F08
   360 0001:00007F12   361 0001:00007F1A   362 0001:00007F27   364 0001:00007F2E
   365 0001:00007F3D   366 0001:00007F46   367 0001:00007F4C   369 0001:00007F55
   371 0001:00007F5E   374 0001:00007F63   376 0001:00007F72   377 0001:00007F81
   378 0001:00007F90   379 0001:00007F9C   380 0001:00007FA3   383 0001:00007FAC
   385 0001:00007FBB   386 0001:00008031   387 0001:00008038   388 0001:00008041
   389 0001:0000804A   390 0001:00008053   391 0001:0000805C   392 0001:00008065
   393 0001:0000806E   394 0001:00008077   395 0001:00008080   397 0001:00008087
   398 0001:00008090   400 0001:000080B1   404 0001:000080D1   405 0001:000080F0
   406 0001:000080F9   407 0001:00008104   410 0001:0000810F   411 0001:0000812E
   412 0001:0000813C   415 0001:00008147   416 0001:0000814D   418 0001:00008158
   424 0001:00008161   426 0001:00008171   428 0001:00008185   433 0001:000081B0
   434 0001:000081C5   436 0001:000081CA   437 0001:000081D5   438 0001:000081DB
   440 0001:000081E9   441 0001:000081F2   442 0001:000081FB   448 0001:00008208
   449 0001:00008220   450 0001:00008225   451 0001:0000822B   453 0001:00008231
   454 0001:0000823C   455 0001:00008245   451 0001:0000824B   460 0001:00008251
   462 0001:0000825F   463 0001:00008268   464 0001:0000827D   465 0001:00008286
   475 0001:00008294   476 0001:000082B1   477 0001:000082B5   479 0001:000082BA
   480 0001:000082C0   481 0001:000082CC   490 0001:000082D9   491 0001:000082FF
   492 0001:00008304   493 0001:0000832A   497 0001:0000832F   500 0001:00008337
   501 0001:0000834D   502 0001:00008353   514 0001:0000835C   518 0001:0000837E
   520 0001:00008390   521 0001:00008396   522 0001:0000839E   524 0001:000083B1
   525 0001:000083B8   531 0001:000083E0   532 0001:000083FB   533 0001:000083FF
   534 0001:0000840A   535 0001:00008410   536 0001:0000841B   538 0001:00008421
   539 0001:0000842F   541 0001:00008435   542 0001:00008449   551 0001:00008458
   552 0001:0000846F   553 0001:00008473   555 0001:0000847D   556 0001:00008488
   558 0001:00008492   559 0001:00008498   560 0001:0000849E   561 0001:000084A7
   562 0001:000084B0   568 0001:000084B7   575 0001:000084D8   584 0001:000084E6
   588 0001:00008507   590 0001:00008519   592 0001:0000852C   608 0001:00008554
   609 0001:00008569   611 0001:0000856F   614 0001:0000858D   618 0001:0000859D
   625 0001:000085A8   626 0001:000085C3   627 0001:000085C7   628 0001:000085CD
   629 0001:000085DC   631 0001:000085E6   633 0001:000085F2   634 0001:000085FD
   640 0001:00008609   644 0001:0000862C   645 0001:00008632   646 0001:00008642
   649 0001:00008648   650 0001:0000864E   655 0001:0000865D   662 0001:00008669
   666 0001:00008693   673 0001:000086B0   674 0001:000086CA   675 0001:000086CE
   677 0001:000086EE   683 0001:000086F9   687 0001:0000871C   689 0001:0000872C
   696 0001:00008743   700 0001:0000876A   702 0001:00008775   703 0001:00008784
   706 0001:000087C4   707 0001:000087DC   708 0001:000087E8   710 0001:000087EE
   713 0001:000087F4   718 0001:00008819  1309 0001:00008824  1310 0001:0000883C
  1311 0001:00008842  1312 0001:0000884C  1313 0001:00008857  1324 0001:00008864
  1325 0001:0000887F  1326 0001:00008885  1327 0001:0000888F  1332 0001:00008897
  1336 0001:000088BA  1343 0001:000088CA  1347 0001:000088F4  1350 0001:00008910
  1352 0001:0000892A  1354 0001:00008931  1356 0001:00008941  1352 0001:00008944
  1357 0001:0000894D  1359 0001:0000895B  1367 0001:00008971  1370 0001:00008998
  1371 0001:000089B0  1372 0001:000089C5  1375 0001:000089D0  1376 0001:000089E8
  1377 0001:000089EE  1379 0001:000089F6  1380 0001:000089F9  1383 0001:00008A09
  1384 0001:00008A11  1386 0001:00008A54  1386 0001:00008A67

Line numbers for DbxDBFix(DbxDBFix.pas) segment .text

   433 0001:00008A74   436 0001:00008AA5   439 0001:00008AB4   440 0001:00008ABF
   441 0001:00008ACF   442 0001:00008ADD   443 0001:00008AE9   446 0001:00008AF6
   447 0001:00008AFF   449 0001:00008B0D   450 0001:00008B22   451 0001:00008B2E
   452 0001:00008B44   455 0001:00008B69   459 0001:00008B84   463 0001:00008B99
   465 0001:00008BA7   466 0001:00008BAD   468 0001:00008BC5   469 0001:00008BD3
   484 0001:00008BE0   485 0001:00008BF8   488 0001:00008C01   490 0001:00008C17
   494 0001:00008C25   496 0001:00008C3B   488 0001:00008C3E   498 0001:00008C43
   499 0001:00008C4C   501 0001:00008C56   502 0001:00008C61   504 0001:00008C74
   505 0001:00008C82   509 0001:00008CB5   510 0001:00008CCB   513 0001:00008CD1
   502 0001:00008CD4   515 0001:00008CD9   518 0001:00008CE1   520 0001:00008CEC
   521 0001:00008CFF   522 0001:00008D05   525 0001:00008D23   527 0001:00008D39
   536 0001:00008D44   540 0001:00008D59   542 0001:00008D69   543 0001:00008D70
   546 0001:00008D82   549 0001:00008D96   551 0001:00008DA4   552 0001:00008DB7
   553 0001:00008DBD   556 0001:00008DDB   558 0001:00008DF1   571 0001:00008DFC
   573 0001:00008E15   575 0001:00008E31   577 0001:00008E47   579 0001:00008E57
   582 0001:00008E74   585 0001:00008E9A   586 0001:00008EB2   587 0001:00008EC2
   589 0001:00008ECE   591 0001:00008ED9   595 0001:00008EEA   598 0001:00008EFF
   603 0001:00008F0F   608 0001:00008F23   620 0001:00008F3E   625 0001:00008F64
   630 0001:00008FAA   632 0001:00008FDC   633 0001:00008FEF   634 0001:00008FF5
   637 0001:00009013   639 0001:00009029   651 0001:00009034   654 0001:00009065
   655 0001:00009070   657 0001:00009079   658 0001:00009085   659 0001:00009090
   660 0001:000090A0   662 0001:000090A6   663 0001:000090B8   664 0001:000090C3
   665 0001:000090CE   670 0001:000090DB   671 0001:000090E4   673 0001:000090F4
   674 0001:000090FA   676 0001:0000910C   678 0001:00009112   679 0001:0000912C
   680 0001:00009142   684 0001:00009168   686 0001:00009184   687 0001:00009197
   688 0001:0000919D   691 0001:000091BB   693 0001:000091D1   702 0001:000091DC
   705 0001:000091FC   707 0001:00009206   721 0001:0000922E   724 0001:0000925A
   726 0001:00009274   727 0001:00009287   728 0001:0000928D   730 0001:000092AB
   731 0001:000092B6   738 0001:000092C0   739 0001:000092D5   740 0001:000092E9
   742 0001:000092F4   743 0001:00009307   744 0001:0000930D   747 0001:0000932B
   749 0001:00009341   756 0001:0000934C   757 0001:00009364   758 0001:0000937D
   760 0001:00009388   761 0001:0000939B   762 0001:000093A1   765 0001:000093BF
   767 0001:000093D5   776 0001:000093E0   777 0001:000093FD   778 0001:0000943B
   780 0001:00009454   781 0001:00009467   782 0001:0000946D   785 0001:0000948B
   787 0001:000094A1   911 0001:000094AC   929 0001:000094BF   932 0001:000094C7
   936 0001:000094CF   940 0001:000094D7   944 0001:000094DF   948 0001:000094E7
   952 0001:000094EF   956 0001:000094F7   960 0001:000094FF   975 0001:00009507
   980 0001:00009514   982 0001:00009542   977 0001:00009554   978 0001:00009569
   979 0001:00009570

Line numbers for DbxXXDrv(DbxXXDrv.pas) segment .text

   129 0001:0000957C   137 0001:0000958C   140 0001:0000959A   143 0001:000095DC
   143 0001:000095EF

Line numbers for dbxoodbc(./../../../source/packages/pkg/dbxoodbc.dpk) segment .text

    77 0001:00009768

Bound resource files

dbxoodbc_man_icn.res
dbxoodbc_ver.res
0Kaaaa


Program entry point at 0001:00009768
