
 Start         Length     Name                   Class
 0001:00401000 0009F324H .text                   CODE
 0002:004A1000 000003DCH .itext                  ICODE
 0003:004A2000 00000EC0H .data                   DATA
 0004:004A3000 000000E4H .bss                    BSS
 0005:00000000 00000000H .tls                    TLS


Detailed map of segments

 0001:00000000 000004B6 C=CODE     S=.text    G=(none)   M=System   ACBP=A9
 0001:000004B8 00000203 C=CODE     S=.text    G=(none)   M=SysInit  ACBP=A9
 0001:000006BC 00000228 C=CODE     S=.text    G=(none)   M=Windows  ACBP=A9
 0001:000008E4 000001C6 C=CODE     S=.text    G=(none)   M=SysUtils ACBP=A9
 0001:00000AAC 00000006 C=CODE     S=.text    G=(none)   M=StrUtils ACBP=A9
 0001:00000AB4 00000086 C=CODE     S=.text    G=(none)   M=Classes  ACBP=A9
 0001:00000B3C 00000006 C=CODE     S=.text    G=(none)   M=TypInfo  ACBP=A9
 0001:00000B44 0000005E C=CODE     S=.text    G=(none)   M=Variants ACBP=A9
 0001:00000BA4 00000006 C=CODE     S=.text    G=(none)   M=VarUtils ACBP=A9
 0001:00000BAC 0000002E C=CODE     S=.text    G=(none)   M=ClassRegistry ACBP=A9
 0001:00000BDC 0000005E C=CODE     S=.text    G=(none)   M=DB       ACBP=A9
 0001:00000C3C 00000006 C=CODE     S=.text    G=(none)   M=WideStrings ACBP=A9
 0001:00000C44 00000006 C=CODE     S=.text    G=(none)   M=WideStrUtils ACBP=A9
 0001:00000C4C 00000006 C=CODE     S=.text    G=(none)   M=FMTBcd   ACBP=A9
 0001:00000C54 00000006 C=CODE     S=.text    G=(none)   M=SqlTimSt ACBP=A9
 0001:00000C5C 00000006 C=CODE     S=.text    G=(none)   M=DateUtils ACBP=A9
 0001:00000C64 00000006 C=CODE     S=.text    G=(none)   M=ComObj   ACBP=A9
 0001:00000C6C 00000296 C=CODE     S=.text    G=(none)   M=DBXCommon ACBP=A9
 0001:00000F04 0000003E C=CODE     S=.text    G=(none)   M=Registry ACBP=A9
 0001:00000F44 00000006 C=CODE     S=.text    G=(none)   M=IniFiles ACBP=A9
 0001:00000F4C 0000002E C=CODE     S=.text    G=(none)   M=DBXPlatform ACBP=A9
 0001:00000F7C 0000000E C=CODE     S=.text    G=(none)   M=DBClient ACBP=A9
 0001:00000F8C 00000006 C=CODE     S=.text    G=(none)   M=DSIntf   ACBP=A9
 0001:00000F94 00000006 C=CODE     S=.text    G=(none)   M=Provider ACBP=A9
 0001:00000F9C 0000007E C=CODE     S=.text    G=(none)   M=DBXDynalink ACBP=A9
 0001:0000101C 00000016 C=CODE     S=.text    G=(none)   M=DBXDynalinkNative ACBP=A9
 0001:00001034 00000306 C=CODE     S=.text    G=(none)   M=DBXMetaDataReader ACBP=A9
 0001:0000133C 00000056 C=CODE     S=.text    G=(none)   M=DBXMetaDataCommand ACBP=A9
 0001:00001394 00000066 C=CODE     S=.text    G=(none)   M=DBXMetaDataCommandFactory ACBP=A9
 0001:000013FC 00037CDC C=CODE     S=.text    G=(none)   M=Dbx34DrvDbms ACBP=A9
 0001:000390D8 0000198E C=CODE     S=.text    G=(none)   M=DbxOpenOdbcApiHook ACBP=A9
 0001:0003AA68 00000006 C=CODE     S=.text    G=(none)   M=SqlExpr  ACBP=A9
 0001:0003AA70 00000A63 C=CODE     S=.text    G=(none)   M=DbxDBFix ACBP=A9
 0001:0003B4D4 00000042 C=CODE     S=.text    G=(none)   M=DbxXXDrv ACBP=A9
 0001:0003B518 00005E88 C=CODE     S=.text    G=(none)   M=Dbx34Drv ACBP=A9
 0001:000413A0 0000002E C=CODE     S=.text    G=(none)   M=DbxOpenOdbcTypes ACBP=A9
 0001:000413D0 00000076 C=CODE     S=.text    G=(none)   M=AnsiStrings ACBP=A9
 0001:00041448 0000000E C=CODE     S=.text    G=(none)   M=SyncObjs ACBP=A9
 0001:00041458 00000016 C=CODE     S=.text    G=(none)   M=ShlObj   ACBP=A9
 0001:00041470 00003C76 C=CODE     S=.text    G=(none)   M=DbxOpenOdbcFuncs ACBP=A9
 0001:000450E8 0000BC80 C=CODE     S=.text    G=(none)   M=OdbcApi  ACBP=A9
 0001:00050D68 00000F46 C=CODE     S=.text    G=(none)   M=DbxOpenOdbcDbx3Types ACBP=A9
 0001:00051CB0 00001DF7 C=CODE     S=.text    G=(none)   M=DbxOpenOdbcInterface ACBP=A9
 0001:00053AA8 0000358A C=CODE     S=.text    G=(none)   M=DbxOpenOdbcTrace ACBP=A9
 0001:00057034 00001B96 C=CODE     S=.text    G=(none)   M=DbxOpenOdbcUtils ACBP=A9
 0001:00058BCC 00005FE2 C=CODE     S=.text    G=(none)   M=RegExpr  ACBP=A9
 0001:0005EBB0 000019A2 C=CODE     S=.text    G=(none)   M=DbxObjectParser ACBP=A9
 0001:00060554 000004D6 C=CODE     S=.text    G=(none)   M=DbxOpenOdbcCallback ACBP=A9
 0001:00060A2C 000000EE C=CODE     S=.text    G=(none)   M=DbxOpenOdbcASA ACBP=A9
 0001:00060B1C 00006DFE C=CODE     S=.text    G=(none)   M=DbxOpenOdbc3 ACBP=A9
 0001:0006791C 00036F20 C=CODE     S=.text    G=(none)   M=DbxOpenOdbc ACBP=A9
 0001:0009E83C 000007DD C=CODE     S=.text    G=(none)   M=DbxOpenOdbcStatic ACBP=A9
 0001:0009F01C 00000307 C=CODE     S=.text    G=(none)   M=.dbxoodbc_emb ACBP=A9
 0002:00000000 00000006 C=ICODE    S=.itext   G=(none)   M=System   ACBP=A9
 0002:00000008 00000011 C=ICODE    S=.itext   G=(none)   M=Windows  ACBP=A9
 0002:0000001C 00000006 C=ICODE    S=.itext   G=(none)   M=SysUtils ACBP=A9
 0002:00000024 00000006 C=ICODE    S=.itext   G=(none)   M=Classes  ACBP=A9
 0002:0000002C 00000006 C=ICODE    S=.itext   G=(none)   M=TypInfo  ACBP=A9
 0002:00000034 00000006 C=ICODE    S=.itext   G=(none)   M=Variants ACBP=A9
 0002:0000003C 00000006 C=ICODE    S=.itext   G=(none)   M=VarUtils ACBP=A9
 0002:00000044 00000006 C=ICODE    S=.itext   G=(none)   M=ClassRegistry ACBP=A9
 0002:0000004C 00000006 C=ICODE    S=.itext   G=(none)   M=DB       ACBP=A9
 0002:00000054 00000006 C=ICODE    S=.itext   G=(none)   M=WideStrings ACBP=A9
 0002:0000005C 00000006 C=ICODE    S=.itext   G=(none)   M=FMTBcd   ACBP=A9
 0002:00000064 00000006 C=ICODE    S=.itext   G=(none)   M=SqlTimSt ACBP=A9
 0002:0000006C 00000006 C=ICODE    S=.itext   G=(none)   M=ComObj   ACBP=A9
 0002:00000074 00000006 C=ICODE    S=.itext   G=(none)   M=DBXCommon ACBP=A9
 0002:0000007C 00000006 C=ICODE    S=.itext   G=(none)   M=Registry ACBP=A9
 0002:00000084 00000006 C=ICODE    S=.itext   G=(none)   M=IniFiles ACBP=A9
 0002:0000008C 00000006 C=ICODE    S=.itext   G=(none)   M=DBClient ACBP=A9
 0002:00000094 00000006 C=ICODE    S=.itext   G=(none)   M=DSIntf   ACBP=A9
 0002:0000009C 00000006 C=ICODE    S=.itext   G=(none)   M=Provider ACBP=A9
 0002:000000A4 00000006 C=ICODE    S=.itext   G=(none)   M=DBXDynalink ACBP=A9
 0002:000000AC 00000082 C=ICODE    S=.itext   G=(none)   M=Dbx34DrvDbms ACBP=A9
 0002:00000130 00000008 C=ICODE    S=.itext   G=(none)   M=DbxOpenOdbcApiHook ACBP=A9
 0002:00000138 00000006 C=ICODE    S=.itext   G=(none)   M=SqlExpr  ACBP=A9
 0002:00000140 00000011 C=ICODE    S=.itext   G=(none)   M=DbxDBFix ACBP=A9
 0002:00000154 00000008 C=ICODE    S=.itext   G=(none)   M=DbxXXDrv ACBP=A9
 0002:0000015C 000000A8 C=ICODE    S=.itext   G=(none)   M=Dbx34Drv ACBP=A9
 0002:00000204 00000008 C=ICODE    S=.itext   G=(none)   M=DbxOpenOdbcTypes ACBP=A9
 0002:0000020C 00000006 C=ICODE    S=.itext   G=(none)   M=AnsiStrings ACBP=A9
 0002:00000214 00000006 C=ICODE    S=.itext   G=(none)   M=SyncObjs ACBP=A9
 0002:0000021C 00000008 C=ICODE    S=.itext   G=(none)   M=DbxOpenOdbcFuncs ACBP=A9
 0002:00000224 00000020 C=ICODE    S=.itext   G=(none)   M=OdbcApi  ACBP=A9
 0002:00000244 00000008 C=ICODE    S=.itext   G=(none)   M=DbxOpenOdbcDbx3Types ACBP=A9
 0002:0000024C 00000008 C=ICODE    S=.itext   G=(none)   M=DbxOpenOdbcInterface ACBP=A9
 0002:00000254 00000008 C=ICODE    S=.itext   G=(none)   M=DbxOpenOdbcTrace ACBP=A9
 0002:0000025C 00000008 C=ICODE    S=.itext   G=(none)   M=DbxOpenOdbcUtils ACBP=A9
 0002:00000264 00000008 C=ICODE    S=.itext   G=(none)   M=RegExpr  ACBP=A9
 0002:0000026C 00000008 C=ICODE    S=.itext   G=(none)   M=DbxObjectParser ACBP=A9
 0002:00000274 00000008 C=ICODE    S=.itext   G=(none)   M=DbxOpenOdbcCallback ACBP=A9
 0002:0000027C 00000020 C=ICODE    S=.itext   G=(none)   M=DbxOpenOdbcASA ACBP=A9
 0002:0000029C 00000042 C=ICODE    S=.itext   G=(none)   M=DbxOpenOdbc3 ACBP=A9
 0002:000002E0 0000000F C=ICODE    S=.itext   G=(none)   M=DbxOpenOdbc ACBP=A9
 0002:000002F0 000000E4 C=ICODE    S=.itext   G=(none)   M=DbxOpenOdbcStatic ACBP=A9
 0002:000003D4 00000005 C=ICODE    S=.itext   G=(none)   M=.dbxoodbc_emb ACBP=A9
 0003:00000000 00000030 C=DATA     S=.data    G=DGROUP   M=SysInit  ACBP=A9
 0003:00000030 00000540 C=DATA     S=.data    G=DGROUP   M=DbxOpenOdbcApiHook ACBP=A9
 0003:00000570 00000001 C=DATA     S=.data    G=DGROUP   M=Dbx34Drv ACBP=A9
 0003:00000574 00000006 C=DATA     S=.data    G=DGROUP   M=DbxOpenOdbcFuncs ACBP=A9
 0003:0000057C 00000009 C=DATA     S=.data    G=DGROUP   M=OdbcApi  ACBP=A9
 0003:00000588 000000C3 C=DATA     S=.data    G=DGROUP   M=DbxOpenOdbcDbx3Types ACBP=A9
 0003:0000064C 00000178 C=DATA     S=.data    G=DGROUP   M=DbxOpenOdbcInterface ACBP=A9
 0003:000007C4 00000274 C=DATA     S=.data    G=DGROUP   M=DbxOpenOdbcTrace ACBP=A9
 0003:00000A38 00000049 C=DATA     S=.data    G=DGROUP   M=RegExpr  ACBP=A9
 0003:00000A84 0000022C C=DATA     S=.data    G=DGROUP   M=DbxObjectParser ACBP=A9
 0003:00000CB0 00000008 C=DATA     S=.data    G=DGROUP   M=DbxOpenOdbcASA ACBP=A9
 0003:00000CB8 00000004 C=DATA     S=.data    G=DGROUP   M=DbxOpenOdbc3 ACBP=A9
 0003:00000CBC 0000019A C=DATA     S=.data    G=DGROUP   M=DbxOpenOdbc ACBP=A9
 0003:00000E58 00000008 C=DATA     S=.data    G=DGROUP   M=DbxOpenOdbcStatic ACBP=A9
 0004:00000000 0000000C C=BSS      S=.bss     G=DGROUP   M=SysInit  ACBP=A9
 0004:0000000C 00000008 C=BSS      S=.bss     G=DGROUP   M=Windows  ACBP=A9
 0004:00000014 00000004 C=BSS      S=.bss     G=DGROUP   M=Dbx34DrvDbms ACBP=A9
 0004:00000018 00000004 C=BSS      S=.bss     G=DGROUP   M=DbxOpenOdbcApiHook ACBP=A9
 0004:0000001C 00000038 C=BSS      S=.bss     G=DGROUP   M=DbxDBFix ACBP=A9
 0004:00000054 00000004 C=BSS      S=.bss     G=DGROUP   M=DbxXXDrv ACBP=A9
 0004:00000058 00000004 C=BSS      S=.bss     G=DGROUP   M=Dbx34Drv ACBP=A9
 0004:0000005C 00000004 C=BSS      S=.bss     G=DGROUP   M=DbxOpenOdbcTypes ACBP=A9
 0004:00000060 00000004 C=BSS      S=.bss     G=DGROUP   M=DbxOpenOdbcFuncs ACBP=A9
 0004:00000064 00000008 C=BSS      S=.bss     G=DGROUP   M=OdbcApi  ACBP=A9
 0004:0000006C 00000004 C=BSS      S=.bss     G=DGROUP   M=DbxOpenOdbcDbx3Types ACBP=A9
 0004:00000070 00000014 C=BSS      S=.bss     G=DGROUP   M=DbxOpenOdbcInterface ACBP=A9
 0004:00000084 00000004 C=BSS      S=.bss     G=DGROUP   M=DbxOpenOdbcTrace ACBP=A9
 0004:00000088 00000004 C=BSS      S=.bss     G=DGROUP   M=DbxOpenOdbcUtils ACBP=A9
 0004:0000008C 00000004 C=BSS      S=.bss     G=DGROUP   M=RegExpr  ACBP=A9
 0004:00000090 00000004 C=BSS      S=.bss     G=DGROUP   M=DbxObjectParser ACBP=A9
 0004:00000094 00000004 C=BSS      S=.bss     G=DGROUP   M=DbxOpenOdbcCallback ACBP=A9
 0004:00000098 00000008 C=BSS      S=.bss     G=DGROUP   M=DbxOpenOdbcASA ACBP=A9
 0004:000000A0 0000002C C=BSS      S=.bss     G=DGROUP   M=DbxOpenOdbc3 ACBP=A9
 0004:000000CC 00000004 C=BSS      S=.bss     G=DGROUP   M=DbxOpenOdbc ACBP=A9
 0004:000000D0 00000014 C=BSS      S=.bss     G=DGROUP   M=DbxOpenOdbcStatic ACBP=A9
 0005:00000000 00000004 C=TLS      S=.tls     G=(none)   M=DbxOpenOdbcTrace ACBP=A9


  Address             Publics by Name

 0002:000003D4       .dbxoodbc_emb..dbxoodbc_emb
 0001:0009F304       .dbxoodbc_emb.@GetPackageInfoTable
 0001:0009F30C       .dbxoodbc_emb.@PackageLoad
 0001:0009F318       .dbxoodbc_emb.@PackageUnload
 0001:00041410       AnsiStrings.AnsiCompareText
 0001:00041408       AnsiStrings.AnsiLowerCase
 0001:00041420       AnsiStrings.AnsiPos
 0002:0000020C       AnsiStrings.AnsiStrings
 0001:00041400       AnsiStrings.AnsiUpperCase
 0001:000413F0       AnsiStrings.CompareText
 0001:00041438       AnsiStrings.ExtractFileExt
 0001:00041430       AnsiStrings.ExtractFileName
 0001:00041428       AnsiStrings.ExtractFilePath
 0001:00041440       AnsiStrings.Finalization
 0001:000413D0       AnsiStrings.Format
 0001:000413E8       AnsiStrings.LowerCase
 0001:000413F8       AnsiStrings.SameText
 0001:000413D8       AnsiStrings.StringReplace
 0001:00041418       AnsiStrings.Trim
 0001:000413E0       AnsiStrings.UpperCase
 0002:00000024       Classes.Classes
 0001:00000B34       Classes.Finalization
 0001:00000B2C       Classes.TFileStream.Create
 0001:00000AB4       Classes.TList.Add
 0001:00000ABC       Classes.TList.Delete
 0001:00000AC4       Classes.TList.Get
 0001:00000ACC       Classes.TList.IndexOf
 0001:00000AD4       Classes.TList.Put
 0001:00000ADC       Classes.TList.Remove
 0001:00000AE4       Classes.TList.SetCount
 0001:00000AEC       Classes.TPersistent.Assign
 0001:00000AF4       Classes.TPersistent.AssignTo
 0001:00000AFC       Classes.TPersistent.DefineProperties
 0001:00000B24       Classes.TStream.SetPosition
 0001:00000B1C       Classes.TStringList.Create
 0001:00000B14       Classes.TStringList.SetSorted
 0001:00000B04       Classes.TStrings.BeginUpdate
 0001:00000B0C       Classes.TStrings.EndUpdate
 0002:00000044       ClassRegistry.ClassRegistry
 0001:00000BD4       ClassRegistry.Finalization
 0001:00000BAC       ClassRegistry.TClassRegistry.CreateInstance
 0001:00000BB4       ClassRegistry.TClassRegistry.GetClassRegistry
 0001:00000BBC       ClassRegistry.TClassRegistry.HasClass
 0001:00000BC4       ClassRegistry.TClassRegistry.RegisterRegistryClass
 0001:00000BCC       ClassRegistry.TClassRegistry.UnregisterClass
 0002:0000006C       ComObj.ComObj
 0001:00000C64       ComObj.Finalization
 0001:00000C5C       DateUtils.EncodeDateTime
 0002:0000004C       DB.DB
 0001:00000C34       DB.Finalization
 0001:00000BDC       DB.RegisterFields
 0001:00000C1C       DB.TBlobField.SetData
 0001:00000C24       DB.TBlobField.SetVarValue
 0001:00000C2C       DB.TDataSet.DataConvert
 0001:00000BEC       DB.TField.AssignValue
 0001:00000BF4       DB.TField.GetData
 0001:00000BFC       DB.TField.GetIsNull
 0001:00000C04       DB.TField.SetData
 0001:00000BE4       DB.TFields.FindField
 0001:00000C0C       DB.TStringField.GetValue
 0001:00000C14       DB.TStringField.SetAsString
 0002:0000008C       DBClient.DBClient
 0001:00000F84       DBClient.Finalization
 0001:00000F7C       DBClient.TCustomClientDataSet.DataConvert
 0004:00000058       Dbx34Drv..81
 0001:0003B518       Dbx34Drv..EDBXError
 0001:0003B5A8       Dbx34Drv..EDbxOODBCDriverError
 0001:0003BF20       Dbx34Drv..TDBXCustomOpenODBCMetaDataReader
 0001:0003BE38       Dbx34Drv..TDBXDataExpressProviderContextOpenOdbc
 0001:0003B6F8       Dbx34Drv..TDBXDataTypes
 0001:0003BBC8       Dbx34Drv..TDBXDynalinkConnectionOpenOdbc
 0001:0003BAFC       Dbx34Drv..TDBXDynalinkDriverLoaderOpenOdbc
 0001:0003BD1C       Dbx34Drv..TDBXMorphicCommandOpenOdbc
 0001:0003B820       Dbx34Drv..TDbxOpenOdbcDriver
 0001:0003C118       Dbx34Drv..TDBXOpenODBCMetaDataCommand
 0001:0003C278       Dbx34Drv..TDBXOpenODBCMetaDataCommandFactory
 0001:0003C344       Dbx34Drv..TDBXOpenODBCMetaDataCommandFactoryCustom
 0001:0003C41C       Dbx34Drv..TDBXOpenODBCMetaDataReader
 0001:0003B8E8       Dbx34Drv..TDBXOpenOdbcProperties
 0001:0003B650       Dbx34Drv..TDBXOpenOdbcPropertyNames
 0001:0003B788       Dbx34Drv..TDBXPropertyNames
 0003:00000570       Dbx34Drv.bIsDbx34Drv
 0001:0003C9BC       Dbx34Drv.CheckGetVendorPropertyCommand
 0001:0003CCF0       Dbx34Drv.CheckLibraryName
 0001:0003CC50       Dbx34Drv.CheckLibraryPath
 0001:0003CA5C       Dbx34Drv.CheckPathEnvironmet
 0001:0003CD50       Dbx34Drv.CheckVendorLib
 0002:0000015C       Dbx34Drv.Dbx34Drv
 0001:0003C710       Dbx34Drv.DBXStringArrayToErrorInfo
 0001:0003C5FC       Dbx34Drv.DBXStringArrayToNamedQueryParams
 0001:0003C870       Dbx34Drv.ErrorGetVendorPropertyCommand
 0001:0004130C       Dbx34Drv.Finalization
 0001:0003DB50       Dbx34Drv.RaiseDriverVersionFailed
 0001:0003E484       Dbx34Drv.TDBXCustomOpenODBCMetaDataReader.CheckMetadata
 0001:0003E558       Dbx34Drv.TDBXCustomOpenODBCMetaDataReader.GetProductName
 0001:0003E648       Dbx34Drv.TDBXCustomOpenODBCMetaDataReader.GetSqlIdentifierQuoteChar
 0001:0003E5A4       Dbx34Drv.TDBXCustomOpenODBCMetaDataReader.GetSqlIdentifierQuotePrefix
 0001:0003E5C4       Dbx34Drv.TDBXCustomOpenODBCMetaDataReader.GetSqlIdentifierQuoteSuffix
 0001:0003E668       Dbx34Drv.TDBXCustomOpenODBCMetaDataReader.GetSqlProcedureQuoteChar
 0001:0003E6D8       Dbx34Drv.TDBXCustomOpenODBCMetaDataReader.GetUseAnsiStrings
 0001:0003E398       Dbx34Drv.TDBXCustomOpenODBCMetaDataReader.InitMetadata
 0001:0003E634       Dbx34Drv.TDBXCustomOpenODBCMetaDataReader.IsDescendingIndexColumnsSupported
 0001:0003E620       Dbx34Drv.TDBXCustomOpenODBCMetaDataReader.IsDescendingIndexSupported
 0001:0003E5F8       Dbx34Drv.TDBXCustomOpenODBCMetaDataReader.IsLowerCaseIdentifiersSupported
 0001:0003E688       Dbx34Drv.TDBXCustomOpenODBCMetaDataReader.IsMultipleCommandsSupported
 0001:0003E6B0       Dbx34Drv.TDBXCustomOpenODBCMetaDataReader.IsNestedTransactionsSupported
 0001:0003E5E4       Dbx34Drv.TDBXCustomOpenODBCMetaDataReader.IsParameterMetadataSupported
 0001:0003E6C4       Dbx34Drv.TDBXCustomOpenODBCMetaDataReader.IsSetRowSizeSupported
 0001:0003E69C       Dbx34Drv.TDBXCustomOpenODBCMetaDataReader.IsTransactionsSupported
 0001:0003E60C       Dbx34Drv.TDBXCustomOpenODBCMetaDataReader.IsUpperCaseIdentifiersSupported
 0001:0003E52C       Dbx34Drv.TDBXCustomOpenODBCMetaDataReader.SetContext
 0001:0003E374       Dbx34Drv.TDBXDataExpressProviderContextOpenOdbc.SetConnection
 0001:0003E240       Dbx34Drv.TDBXDynalinkConnectionOpenOdbc.Close
 0001:0003E218       Dbx34Drv.TDBXDynalinkConnectionOpenOdbc.DerivedClose
 0001:0003E254       Dbx34Drv.TDBXDynalinkConnectionOpenOdbc.DerivedCreateCommand
 0001:0003DB2C       Dbx34Drv.TDBXDynalinkConnectionOpenOdbc.DerivedGetCommands
 0001:0003DB40       Dbx34Drv.TDBXDynalinkConnectionOpenOdbc.DerivedGetCommandTypes
 0001:0003DBD8       Dbx34Drv.TDBXDynalinkConnectionOpenOdbc.DerivedOpen
 0001:0003E124       Dbx34Drv.TDBXDynalinkConnectionOpenOdbc.DoDerivedOpenAfter
 0001:0003DD5C       Dbx34Drv.TDBXDynalinkConnectionOpenOdbc.DoDerivedOpenBefore
 0001:0003E224       Dbx34Drv.TDBXDynalinkConnectionOpenOdbc.GetDatabaseMetaData
 0001:0003DAE8       Dbx34Drv.TDBXDynalinkConnectionOpenOdbc.GetProductName
 0001:0003DAC8       Dbx34Drv.TDBXDynalinkConnectionOpenOdbc.GetProductVersion
 0001:0003E280       Dbx34Drv.TDBXDynalinkConnectionOpenOdbc.GetVendorProperty
 0001:0003DAA0       Dbx34Drv.TDBXDynalinkDriverLoaderOpenOdbc.FreeOldLibrary
 0001:0003D7E0       Dbx34Drv.TDBXDynalinkDriverLoaderOpenOdbc.LoadDriverLibraryAndMethodTable
 0001:0003E308       Dbx34Drv.TDBXMorphicCommandOpenOdbc.Create
 0001:0003E358       Dbx34Drv.TDBXMorphicCommandOpenOdbc.DerivedExecuteQuery
 0001:0003CDAC       Dbx34Drv.TDbxOpenOdbcDriver.Create
 0001:0003CE70       Dbx34Drv.TDbxOpenOdbcDriver.CreateCommandOpenOdbc
 0001:0003CEA0       Dbx34Drv.TDbxOpenOdbcDriver.CreateConnection
 0001:0003CFA0       Dbx34Drv.TDbxOpenOdbcDriver.GetDriverPropertyNames
 0001:0003CFBC       Dbx34Drv.TDbxOpenOdbcDriver.GetDriverVersion
 0001:0003CF00       Dbx34Drv.TDbxOpenOdbcDriver.LoadDriverWithConnectionBuilder
 0001:0003E6F4       Dbx34Drv.TDBXOpenODBCMetaDataCommand.DerivedExecuteQuery
 0001:0003E958       Dbx34Drv.TDBXOpenODBCMetaDataCommandFactory.CreateCommand
 0001:0003EAAC       Dbx34Drv.TDBXOpenODBCMetaDataCommandFactory.CreateMetaDataReader
 0001:0003ED44       Dbx34Drv.TDBXOpenODBCMetaDataCommandFactory.CreateMetaDataReader
 0001:0003E734       Dbx34Drv.TDBXOpenODBCMetaDataCommandFactory.GetMetaDataReaderClass
 0001:0003EA68       Dbx34Drv.TDBXOpenODBCMetaDataCommandFactory.GetProductName
 0001:0003E74C       Dbx34Drv.TDBXOpenODBCMetaDataCommandFactory.InitMetaDataReaderClass
 0001:0003ED68       Dbx34Drv.TDBXOpenODBCMetaDataCommandFactory.RegisterMetaDataCommandFactory
 0001:0003ED7C       Dbx34Drv.TDBXOpenODBCMetaDataCommandFactory.UnRegisterMetaDataCommandFactory
 0001:0003E710       Dbx34Drv.TDBXOpenODBCMetaDataCommandFactoryCustom.CreateMetaDataReader
 0001:0003ED90       Dbx34Drv.TDBXOpenODBCMetaDataReader.Create
 0001:0003EE4C       Dbx34Drv.TDBXOpenODBCMetaDataReader.FetchCatalogs
 0001:0003F7A8       Dbx34Drv.TDBXOpenODBCMetaDataReader.FetchColumnConstraints
 0001:0003F660       Dbx34Drv.TDBXOpenODBCMetaDataReader.FetchColumns
 0001:0003EDD8       Dbx34Drv.TDBXOpenODBCMetaDataReader.FetchDataTypes
 0001:0003F8FC       Dbx34Drv.TDBXOpenODBCMetaDataReader.FetchForeignKeyColumns
 0001:0003FA68       Dbx34Drv.TDBXOpenODBCMetaDataReader.FetchForeignKeys
 0001:0003FBB0       Dbx34Drv.TDBXOpenODBCMetaDataReader.FetchIndexColumns
 0001:0003FF64       Dbx34Drv.TDBXOpenODBCMetaDataReader.FetchIndexes
 0001:00040AB0       Dbx34Drv.TDBXOpenODBCMetaDataReader.FetchPackageProcedureParameters
 0001:00040950       Dbx34Drv.TDBXOpenODBCMetaDataReader.FetchPackageProcedures
 0001:0004080C       Dbx34Drv.TDBXOpenODBCMetaDataReader.FetchPackages
 0001:00040C2C       Dbx34Drv.TDBXOpenODBCMetaDataReader.FetchPackageSources
 0001:000406A4       Dbx34Drv.TDBXOpenODBCMetaDataReader.FetchProcedureParameters
 0001:000402BC       Dbx34Drv.TDBXOpenODBCMetaDataReader.FetchProcedures
 0001:0004040C       Dbx34Drv.TDBXOpenODBCMetaDataReader.FetchProcedureSources
 0001:00040F4C       Dbx34Drv.TDBXOpenODBCMetaDataReader.FetchReservedWords
 0001:00040E64       Dbx34Drv.TDBXOpenODBCMetaDataReader.FetchRoles
 0001:0003EEDC       Dbx34Drv.TDBXOpenODBCMetaDataReader.FetchSchemas
 0001:00040560       Dbx34Drv.TDBXOpenODBCMetaDataReader.FetchSynonyms
 0001:0003F01C       Dbx34Drv.TDBXOpenODBCMetaDataReader.FetchTables
 0001:00040D7C       Dbx34Drv.TDBXOpenODBCMetaDataReader.FetchUsers
 0001:0003F518       Dbx34Drv.TDBXOpenODBCMetaDataReader.FetchViews
 0001:00041088       Dbx34Drv.TDBXOpenODBCMetaDataReader.GetProductName
 0001:000410CC       Dbx34Drv.TDBXOpenODBCMetaDataReader.GetReservedWords
 0001:000410EC       Dbx34Drv.TDBXOpenODBCMetaDataReader.GetSqlForColumns
 0001:00041108       Dbx34Drv.TDBXOpenODBCMetaDataReader.GetSqlForForeignKeyColumns
 0001:00041124       Dbx34Drv.TDBXOpenODBCMetaDataReader.GetSqlForForeignKeys
 0001:00041140       Dbx34Drv.TDBXOpenODBCMetaDataReader.GetSqlForIndexColumns
 0001:0004115C       Dbx34Drv.TDBXOpenODBCMetaDataReader.GetSqlForIndexes
 0001:00041178       Dbx34Drv.TDBXOpenODBCMetaDataReader.GetSqlForPackageProcedureParameters
 0001:00041194       Dbx34Drv.TDBXOpenODBCMetaDataReader.GetSqlForPackageProcedures
 0001:000411B0       Dbx34Drv.TDBXOpenODBCMetaDataReader.GetSqlForPackages
 0001:000411CC       Dbx34Drv.TDBXOpenODBCMetaDataReader.GetSqlForPackageSources
 0001:000411E8       Dbx34Drv.TDBXOpenODBCMetaDataReader.GetSqlForProcedureParameters
 0001:00041204       Dbx34Drv.TDBXOpenODBCMetaDataReader.GetSqlForProcedures
 0001:00041220       Dbx34Drv.TDBXOpenODBCMetaDataReader.GetSqlForProcedureSources
 0001:0004123C       Dbx34Drv.TDBXOpenODBCMetaDataReader.GetSqlForRoles
 0001:00041258       Dbx34Drv.TDBXOpenODBCMetaDataReader.GetSqlForSchemas
 0001:00041274       Dbx34Drv.TDBXOpenODBCMetaDataReader.GetSqlForSynonyms
 0001:00041290       Dbx34Drv.TDBXOpenODBCMetaDataReader.GetSqlForTables
 0001:000412AC       Dbx34Drv.TDBXOpenODBCMetaDataReader.GetSqlForUsers
 0001:000412C8       Dbx34Drv.TDBXOpenODBCMetaDataReader.GetSqlForViews
 0001:000412E4       Dbx34Drv.TDBXOpenODBCMetaDataReader.IsNestedTransactionsSupported
 0001:000412F8       Dbx34Drv.TDBXOpenODBCMetaDataReader.IsSetRowSizeSupported
 0001:0003D008       Dbx34Drv.TDBXOpenOdbcProperties.Create
 0001:0003D3E4       Dbx34Drv.TDBXOpenOdbcProperties.GetBlobSize
 0001:0003D1C4       Dbx34Drv.TDBXOpenOdbcProperties.GetConnectionString
 0001:0003D750       Dbx34Drv.TDBXOpenOdbcProperties.GetCustomString
 0001:0003D264       Dbx34Drv.TDBXOpenOdbcProperties.GetDatabase
 0001:0003D5B0       Dbx34Drv.TDBXOpenOdbcProperties.GetDecimalSeparator
 0001:0003D4E8       Dbx34Drv.TDBXOpenOdbcProperties.GetOdbcTransIsolation
 0001:0003D364       Dbx34Drv.TDBXOpenOdbcProperties.GetPassWord
 0001:0003D650       Dbx34Drv.TDBXOpenOdbcProperties.GetTrimChar
 0001:0003D2E4       Dbx34Drv.TDBXOpenOdbcProperties.GetUserName
 0001:0003D468       Dbx34Drv.TDBXOpenOdbcProperties.SetBlobSize
 0001:0003D214       Dbx34Drv.TDBXOpenOdbcProperties.SetConnectionString
 0001:0003D798       Dbx34Drv.TDBXOpenOdbcProperties.SetCustomString
 0001:0003D2A4       Dbx34Drv.TDBXOpenOdbcProperties.SetDatabase
 0001:0003D600       Dbx34Drv.TDBXOpenOdbcProperties.SetDecimalSeparator
 0001:0003D54C       Dbx34Drv.TDBXOpenOdbcProperties.SetOdbcTransIsolation
 0001:0003D3A4       Dbx34Drv.TDBXOpenOdbcProperties.SetPassWord
 0001:0003D6D0       Dbx34Drv.TDBXOpenOdbcProperties.SetTrimChar
 0001:0003D324       Dbx34Drv.TDBXOpenOdbcProperties.SetUserName
 0004:00000014       Dbx34DrvDbms..52
 0001:0000279C       Dbx34DrvDbms..TDBXOpenODBCMetaDataCommandFactoryDataStorage
 0001:000021F8       Dbx34DrvDbms..TDBXOpenODBCMetaDataCommandFactoryDB2
 0001:00002A78       Dbx34DrvDbms..TDBXOpenODBCMetaDataCommandFactoryFirebird
 0001:000024B4       Dbx34DrvDbms..TDBXOpenODBCMetaDataCommandFactoryInformix
 0001:00002D60       Dbx34DrvDbms..TDBXOpenODBCMetaDataCommandFactoryInterbase
 0001:000016C8       Dbx34DrvDbms..TDBXOpenODBCMetaDataCommandFactoryMSSQL
 0001:0000198C       Dbx34DrvDbms..TDBXOpenODBCMetaDataCommandFactoryMySQL
 0001:000013FC       Dbx34DrvDbms..TDBXOpenODBCMetaDataCommandFactoryOracle
 0001:00003314       Dbx34DrvDbms..TDBXOpenODBCMetaDataCommandFactoryPostgreSQL
 0001:00003048       Dbx34DrvDbms..TDBXOpenODBCMetaDataCommandFactorySQLite
 0001:00001C50       Dbx34DrvDbms..TDBXOpenODBCMetaDataCommandFactorySybaseASA
 0001:00001F24       Dbx34DrvDbms..TDBXOpenODBCMetaDataCommandFactorySybaseASE
 0001:00002880       Dbx34DrvDbms..TDBXOpenODBCMetaDataReaderDataStorage
 0001:000022CC       Dbx34DrvDbms..TDBXOpenODBCMetaDataReaderDB2
 0001:00002B58       Dbx34DrvDbms..TDBXOpenODBCMetaDataReaderFirebird
 0001:00002594       Dbx34DrvDbms..TDBXOpenODBCMetaDataReaderInformix
 0001:00002E40       Dbx34DrvDbms..TDBXOpenODBCMetaDataReaderInterbase
 0001:000017A0       Dbx34DrvDbms..TDBXOpenODBCMetaDataReaderMSSQL
 0001:00001A64       Dbx34DrvDbms..TDBXOpenODBCMetaDataReaderMySQL
 0001:000014D8       Dbx34DrvDbms..TDBXOpenODBCMetaDataReaderOracle
 0001:000033F8       Dbx34DrvDbms..TDBXOpenODBCMetaDataReaderPostgreSQL
 0001:00003124       Dbx34DrvDbms..TDBXOpenODBCMetaDataReaderSQLite
 0001:00001D30       Dbx34DrvDbms..TDBXOpenODBCMetaDataReaderSybaseASA
 0001:00002004       Dbx34DrvDbms..TDBXOpenODBCMetaDataReaderSybaseASE
 0002:000000AC       Dbx34DrvDbms.Dbx34DrvDbms
 0001:00039030       Dbx34DrvDbms.Finalization
 0001:0002C364       Dbx34DrvDbms.TDBXOpenODBCMetaDataCommandFactoryDataStorage.GetMetaDataReaderClass
 0001:0001EAF4       Dbx34DrvDbms.TDBXOpenODBCMetaDataCommandFactoryDB2.GetMetaDataReaderClass
 0001:0002C6E0       Dbx34DrvDbms.TDBXOpenODBCMetaDataCommandFactoryFirebird.GetMetaDataReaderClass
 0001:00023B68       Dbx34DrvDbms.TDBXOpenODBCMetaDataCommandFactoryInformix.GetMetaDataReaderClass
 0001:00031644       Dbx34DrvDbms.TDBXOpenODBCMetaDataCommandFactoryInterbase.GetMetaDataReaderClass
 0001:000064D8       Dbx34DrvDbms.TDBXOpenODBCMetaDataCommandFactoryMSSQL.GetMetaDataReaderClass
 0001:0000EA0C       Dbx34DrvDbms.TDBXOpenODBCMetaDataCommandFactoryMySQL.GetMetaDataReaderClass
 0001:000035F0       Dbx34DrvDbms.TDBXOpenODBCMetaDataCommandFactoryOracle.GetMetaDataReaderClass
 0001:000365DC       Dbx34DrvDbms.TDBXOpenODBCMetaDataCommandFactoryPostgreSQL.GetMetaDataReaderClass
 0001:000365A8       Dbx34DrvDbms.TDBXOpenODBCMetaDataCommandFactorySQLite.GetMetaDataReaderClass
 0001:000134EC       Dbx34DrvDbms.TDBXOpenODBCMetaDataCommandFactorySybaseASA.GetMetaDataReaderClass
 0001:0001914C       Dbx34DrvDbms.TDBXOpenODBCMetaDataCommandFactorySybaseASE.GetMetaDataReaderClass
 0001:0002C4A0       Dbx34DrvDbms.TDBXOpenODBCMetaDataReaderDataStorage.GetSqlForColumns
 0001:0002C60C       Dbx34DrvDbms.TDBXOpenODBCMetaDataReaderDataStorage.GetSqlForIndexColumns
 0001:0002C55C       Dbx34DrvDbms.TDBXOpenODBCMetaDataReaderDataStorage.GetSqlForIndexes
 0001:0002C37C       Dbx34DrvDbms.TDBXOpenODBCMetaDataReaderDataStorage.GetSqlForTables
 0001:00023568       Dbx34DrvDbms.TDBXOpenODBCMetaDataReaderDB2.GetDataTypeDescriptions
 0001:0001EB0C       Dbx34DrvDbms.TDBXOpenODBCMetaDataReaderDB2.GetProductName
 0001:0001FC98       Dbx34DrvDbms.TDBXOpenODBCMetaDataReaderDB2.GetReservedWords
 0001:0001F0F4       Dbx34DrvDbms.TDBXOpenODBCMetaDataReaderDB2.GetSqlForColumns
 0001:0001F830       Dbx34DrvDbms.TDBXOpenODBCMetaDataReaderDB2.GetSqlForIndexColumns
 0001:0001F484       Dbx34DrvDbms.TDBXOpenODBCMetaDataReaderDB2.GetSqlForIndexes
 0001:0001EB40       Dbx34DrvDbms.TDBXOpenODBCMetaDataReaderDB2.GetSqlForTables
 0001:0002354C       Dbx34DrvDbms.TDBXOpenODBCMetaDataReaderDB2.GetSqlProcedureQuoteChar
 0001:00023508       Dbx34DrvDbms.TDBXOpenODBCMetaDataReaderDB2.GetSystemTableType
 0001:00023480       Dbx34DrvDbms.TDBXOpenODBCMetaDataReaderDB2.GetTableType
 0001:000234C4       Dbx34DrvDbms.TDBXOpenODBCMetaDataReaderDB2.GetViewType
 0001:0002C738       Dbx34DrvDbms.TDBXOpenODBCMetaDataReaderFirebird.Destroy
 0001:00030F38       Dbx34DrvDbms.TDBXOpenODBCMetaDataReaderFirebird.GetAllDataTypes
 0001:0003156C       Dbx34DrvDbms.TDBXOpenODBCMetaDataReaderFirebird.GetDataTypeDescriptions
 0001:0002C6F8       Dbx34DrvDbms.TDBXOpenODBCMetaDataReaderFirebird.GetProductName
 0001:0002D9FC       Dbx34DrvDbms.TDBXOpenODBCMetaDataReaderFirebird.GetReservedWords
 0001:0002CBB0       Dbx34DrvDbms.TDBXOpenODBCMetaDataReaderFirebird.GetSqlForColumns
 0001:0002D4D4       Dbx34DrvDbms.TDBXOpenODBCMetaDataReaderFirebird.GetSqlForIndexColumns
 0001:0002D070       Dbx34DrvDbms.TDBXOpenODBCMetaDataReaderFirebird.GetSqlForIndexes
 0001:0002C774       Dbx34DrvDbms.TDBXOpenODBCMetaDataReaderFirebird.GetSqlForTables
 0001:00030E6C       Dbx34DrvDbms.TDBXOpenODBCMetaDataReaderFirebird.IsDescendingIndexColumnsSupported
 0001:00030E80       Dbx34DrvDbms.TDBXOpenODBCMetaDataReaderFirebird.SetContext
 0001:00023BDC       Dbx34DrvDbms.TDBXOpenODBCMetaDataReaderInformix.Destroy
 0001:0002B9C8       Dbx34DrvDbms.TDBXOpenODBCMetaDataReaderInformix.GetAllDataTypes
 0001:0002C238       Dbx34DrvDbms.TDBXOpenODBCMetaDataReaderInformix.GetDataTypeDescriptions
 0001:00023B80       Dbx34DrvDbms.TDBXOpenODBCMetaDataReaderInformix.GetProductName
 0001:00025CC8       Dbx34DrvDbms.TDBXOpenODBCMetaDataReaderInformix.GetReservedWords
 0001:000241F8       Dbx34DrvDbms.TDBXOpenODBCMetaDataReaderInformix.GetSqlForColumns
 0001:00024AEC       Dbx34DrvDbms.TDBXOpenODBCMetaDataReaderInformix.GetSqlForIndexColumns
 0001:0002464C       Dbx34DrvDbms.TDBXOpenODBCMetaDataReaderInformix.GetSqlForIndexes
 0001:00023C18       Dbx34DrvDbms.TDBXOpenODBCMetaDataReaderInformix.GetSqlForTables
 0001:0002B970       Dbx34DrvDbms.TDBXOpenODBCMetaDataReaderInformix.GetSynonymType
 0001:0002B92C       Dbx34DrvDbms.TDBXOpenODBCMetaDataReaderInformix.GetSystemTableType
 0001:0002B8A4       Dbx34DrvDbms.TDBXOpenODBCMetaDataReaderInformix.GetTableType
 0001:0002B8E8       Dbx34DrvDbms.TDBXOpenODBCMetaDataReaderInformix.GetViewType
 0001:0002B9B4       Dbx34DrvDbms.TDBXOpenODBCMetaDataReaderInformix.IsUpperCaseIdentifiersSupported
 0001:0003169C       Dbx34DrvDbms.TDBXOpenODBCMetaDataReaderInterbase.Destroy
 0001:00035E9C       Dbx34DrvDbms.TDBXOpenODBCMetaDataReaderInterbase.GetAllDataTypes
 0001:000364D0       Dbx34DrvDbms.TDBXOpenODBCMetaDataReaderInterbase.GetDataTypeDescriptions
 0001:0003165C       Dbx34DrvDbms.TDBXOpenODBCMetaDataReaderInterbase.GetProductName
 0001:00032960       Dbx34DrvDbms.TDBXOpenODBCMetaDataReaderInterbase.GetReservedWords
 0001:00031B14       Dbx34DrvDbms.TDBXOpenODBCMetaDataReaderInterbase.GetSqlForColumns
 0001:00032438       Dbx34DrvDbms.TDBXOpenODBCMetaDataReaderInterbase.GetSqlForIndexColumns
 0001:00031FD4       Dbx34DrvDbms.TDBXOpenODBCMetaDataReaderInterbase.GetSqlForIndexes
 0001:000316D8       Dbx34DrvDbms.TDBXOpenODBCMetaDataReaderInterbase.GetSqlForTables
 0001:00035DD0       Dbx34DrvDbms.TDBXOpenODBCMetaDataReaderInterbase.IsDescendingIndexColumnsSupported
 0001:00035DE4       Dbx34DrvDbms.TDBXOpenODBCMetaDataReaderInterbase.SetContext
 0001:0000DA54       Dbx34DrvDbms.TDBXOpenODBCMetaDataReaderMSSQL.GetDataTypeDescriptions
 0001:000064F0       Dbx34DrvDbms.TDBXOpenODBCMetaDataReaderMSSQL.GetProductName
 0001:000091D4       Dbx34DrvDbms.TDBXOpenODBCMetaDataReaderMSSQL.GetReservedWords
 0001:00006E68       Dbx34DrvDbms.TDBXOpenODBCMetaDataReaderMSSQL.GetSqlForColumns
 0001:00008750       Dbx34DrvDbms.TDBXOpenODBCMetaDataReaderMSSQL.GetSqlForIndexColumns
 0001:00007C20       Dbx34DrvDbms.TDBXOpenODBCMetaDataReaderMSSQL.GetSqlForIndexes
 0001:00006548       Dbx34DrvDbms.TDBXOpenODBCMetaDataReaderMSSQL.GetSqlForTables
 0001:0000D89C       Dbx34DrvDbms.TDBXOpenODBCMetaDataReaderMSSQL.GetSqlIdentifierQuotePrefix
 0001:0000D8CC       Dbx34DrvDbms.TDBXOpenODBCMetaDataReaderMSSQL.GetSqlIdentifierQuoteSuffix
 0001:0000DA0C       Dbx34DrvDbms.TDBXOpenODBCMetaDataReaderMSSQL.GetSynonymType
 0001:0000D984       Dbx34DrvDbms.TDBXOpenODBCMetaDataReaderMSSQL.GetSystemTableType
 0001:0000D9C8       Dbx34DrvDbms.TDBXOpenODBCMetaDataReaderMSSQL.GetSystemViewType
 0001:0000D8FC       Dbx34DrvDbms.TDBXOpenODBCMetaDataReaderMSSQL.GetTableType
 0001:0000D940       Dbx34DrvDbms.TDBXOpenODBCMetaDataReaderMSSQL.GetViewType
 0001:00012788       Dbx34DrvDbms.TDBXOpenODBCMetaDataReaderMySQL.GetDataTypeDescriptions
 0001:0000EA24       Dbx34DrvDbms.TDBXOpenODBCMetaDataReaderMySQL.GetProductName
 0001:0000FBDC       Dbx34DrvDbms.TDBXOpenODBCMetaDataReaderMySQL.GetReservedWords
 0001:0000EE0C       Dbx34DrvDbms.TDBXOpenODBCMetaDataReaderMySQL.GetSqlForColumns
 0001:0000F830       Dbx34DrvDbms.TDBXOpenODBCMetaDataReaderMySQL.GetSqlForIndexColumns
 0001:0000F478       Dbx34DrvDbms.TDBXOpenODBCMetaDataReaderMySQL.GetSqlForIndexes
 0001:0000EA5C       Dbx34DrvDbms.TDBXOpenODBCMetaDataReaderMySQL.GetSqlForTables
 0001:0001255C       Dbx34DrvDbms.TDBXOpenODBCMetaDataReaderMySQL.GetSqlIdentifierQuoteChar
 0001:000124FC       Dbx34DrvDbms.TDBXOpenODBCMetaDataReaderMySQL.GetSqlIdentifierQuotePrefix
 0001:0001252C       Dbx34DrvDbms.TDBXOpenODBCMetaDataReaderMySQL.GetSqlIdentifierQuoteSuffix
 0001:0001258C       Dbx34DrvDbms.TDBXOpenODBCMetaDataReaderMySQL.GetTableType
 0001:000125E4       Dbx34DrvDbms.TDBXOpenODBCMetaDataReaderMySQL.IsDescendingIndexColumnsSupported
 0001:0001260C       Dbx34DrvDbms.TDBXOpenODBCMetaDataReaderMySQL.IsMultipleCommandsSupported
 0001:000125F8       Dbx34DrvDbms.TDBXOpenODBCMetaDataReaderMySQL.IsUpperCaseIdentifiersSupported
 0001:000126D8       Dbx34DrvDbms.TDBXOpenODBCMetaDataReaderMySQL.PopulateDataTypes
 0001:00012620       Dbx34DrvDbms.TDBXOpenODBCMetaDataReaderMySQL.SetContext
 0001:000057B0       Dbx34DrvDbms.TDBXOpenODBCMetaDataReaderOracle.GetDataTypeDescriptions
 0001:00003608       Dbx34DrvDbms.TDBXOpenODBCMetaDataReaderOracle.GetProductName
 0001:00004894       Dbx34DrvDbms.TDBXOpenODBCMetaDataReaderOracle.GetReservedWords
 0001:00003C8C       Dbx34DrvDbms.TDBXOpenODBCMetaDataReaderOracle.GetSqlForColumns
 0001:000043C0       Dbx34DrvDbms.TDBXOpenODBCMetaDataReaderOracle.GetSqlForIndexColumns
 0001:00003FB8       Dbx34DrvDbms.TDBXOpenODBCMetaDataReaderOracle.GetSqlForIndexes
 0001:00003644       Dbx34DrvDbms.TDBXOpenODBCMetaDataReaderOracle.GetSqlForSchemas
 0001:0000372C       Dbx34DrvDbms.TDBXOpenODBCMetaDataReaderOracle.GetSqlForTables
 0001:00005654       Dbx34DrvDbms.TDBXOpenODBCMetaDataReaderOracle.PopulateDataTypes
 0001:000388AC       Dbx34DrvDbms.TDBXOpenODBCMetaDataReaderPostgreSQL.GetReservedWords
 0001:00036BA4       Dbx34DrvDbms.TDBXOpenODBCMetaDataReaderPostgreSQL.GetSqlForColumns
 0001:000379B8       Dbx34DrvDbms.TDBXOpenODBCMetaDataReaderPostgreSQL.GetSqlForIndexColumns
 0001:000373A4       Dbx34DrvDbms.TDBXOpenODBCMetaDataReaderPostgreSQL.GetSqlForIndexes
 0001:000365F4       Dbx34DrvDbms.TDBXOpenODBCMetaDataReaderPostgreSQL.GetSqlForTables
 0001:000365C0       Dbx34DrvDbms.TDBXOpenODBCMetaDataReaderSQLite.GetSqlForTables
 0001:00018590       Dbx34DrvDbms.TDBXOpenODBCMetaDataReaderSybaseASA.GetDataTypeDescriptions
 0001:00013504       Dbx34DrvDbms.TDBXOpenODBCMetaDataReaderSybaseASA.GetProductName
 0001:00015C98       Dbx34DrvDbms.TDBXOpenODBCMetaDataReaderSybaseASA.GetReservedWords
 0001:00013CA8       Dbx34DrvDbms.TDBXOpenODBCMetaDataReaderSybaseASA.GetSqlForColumns
 0001:00014E0C       Dbx34DrvDbms.TDBXOpenODBCMetaDataReaderSybaseASA.GetSqlForIndexColumns
 0001:000141A0       Dbx34DrvDbms.TDBXOpenODBCMetaDataReaderSybaseASA.GetSqlForIndexes
 0001:000136D0       Dbx34DrvDbms.TDBXOpenODBCMetaDataReaderSybaseASA.GetSqlForTables
 0001:000184F8       Dbx34DrvDbms.TDBXOpenODBCMetaDataReaderSybaseASA.GetSystemTableType
 0001:00018544       Dbx34DrvDbms.TDBXOpenODBCMetaDataReaderSybaseASA.GetSystemViewType
 0001:00018460       Dbx34DrvDbms.TDBXOpenODBCMetaDataReaderSybaseASA.GetTableType
 0001:000184AC       Dbx34DrvDbms.TDBXOpenODBCMetaDataReaderSybaseASA.GetViewType
 0001:00013564       Dbx34DrvDbms.TDBXOpenODBCMetaDataReaderSybaseASA.SetContext
 0001:0001DEA4       Dbx34DrvDbms.TDBXOpenODBCMetaDataReaderSybaseASE.GetDataTypeDescriptions
 0001:00019164       Dbx34DrvDbms.TDBXOpenODBCMetaDataReaderSybaseASE.GetProductName
 0001:0001A35C       Dbx34DrvDbms.TDBXOpenODBCMetaDataReaderSybaseASE.GetReservedWords
 0001:00019538       Dbx34DrvDbms.TDBXOpenODBCMetaDataReaderSybaseASE.GetSqlForColumns
 0001:00019E68       Dbx34DrvDbms.TDBXOpenODBCMetaDataReaderSybaseASE.GetSqlForIndexColumns
 0001:00019AF0       Dbx34DrvDbms.TDBXOpenODBCMetaDataReaderSybaseASE.GetSqlForIndexes
 0001:000191B4       Dbx34DrvDbms.TDBXOpenODBCMetaDataReaderSybaseASE.GetSqlForTables
 0001:0001DE60       Dbx34DrvDbms.TDBXOpenODBCMetaDataReaderSybaseASE.GetSystemTableType
 0001:0001DDD8       Dbx34DrvDbms.TDBXOpenODBCMetaDataReaderSybaseASE.GetTableType
 0001:0001DE1C       Dbx34DrvDbms.TDBXOpenODBCMetaDataReaderSybaseASE.GetViewType
 0002:00000074       DBXCommon.DBXCommon
 0001:00000EFC       DBXCommon.Finalization
 0001:00000E1C       DBXCommon.TDBXCommand.Close
 0001:00000DCC       DBXCommon.TDBXCommand.CloseReader
 0001:00000D9C       DBXCommon.TDBXCommand.CreateParameter
 0001:00000DA4       DBXCommon.TDBXCommand.CreateParameterRow
 0001:00000DAC       DBXCommon.TDBXCommand.CreateParameters
 0001:00000E14       DBXCommon.TDBXCommand.DerivedClearParameters
 0001:00000DBC       DBXCommon.TDBXCommand.ExecuteQuery
 0001:00000DC4       DBXCommon.TDBXCommand.ExecuteUpdate
 0001:00000EEC       DBXCommon.TDBXCommand.GetCommandTimeout
 0001:00000DD4       DBXCommon.TDBXCommand.GetCommandType
 0001:00000DDC       DBXCommon.TDBXCommand.GetErrorEvent
 0001:00000DE4       DBXCommon.TDBXCommand.GetNextReader
 0001:00000DEC       DBXCommon.TDBXCommand.GetParameters
 0001:00000DF4       DBXCommon.TDBXCommand.GetText
 0001:00000E0C       DBXCommon.TDBXCommand.Open
 0001:00000DFC       DBXCommon.TDBXCommand.Prepare
 0001:00000EF4       DBXCommon.TDBXCommand.SetCommandTimeout
 0001:00000DB4       DBXCommon.TDBXCommand.SetCommandType
 0001:00000E04       DBXCommon.TDBXCommand.SetText
 0001:00000D34       DBXCommon.TDBXConnection.BeginTransaction
 0001:00000D2C       DBXCommon.TDBXConnection.BeginTransaction
 0001:00000D3C       DBXCommon.TDBXConnection.CommitFreeAndNil
 0001:00000D04       DBXCommon.TDBXConnection.CreateCommand
 0001:00000CFC       DBXCommon.TDBXConnection.CreateMorphCommand
 0001:00000CF4       DBXCommon.TDBXConnection.Destroy
 0001:00000D54       DBXCommon.TDBXConnection.GetConnectionProperties
 0001:00000D6C       DBXCommon.TDBXConnection.GetConnectionProperty
 0001:00000D14       DBXCommon.TDBXConnection.GetDatabaseMetaData
 0001:00000D84       DBXCommon.TDBXConnection.GetDBXFormatter
 0001:00000D5C       DBXCommon.TDBXConnection.GetErrorEvent
 0001:00000D64       DBXCommon.TDBXConnection.GetIsOpen
 0001:00000D1C       DBXCommon.TDBXConnection.GetTraceFlags
 0001:00000D24       DBXCommon.TDBXConnection.GetTraceInfoEvent
 0001:00000D0C       DBXCommon.TDBXConnection.Open
 0001:00000D44       DBXCommon.TDBXConnection.RollbackFreeAndNil
 0001:00000D4C       DBXCommon.TDBXConnection.RollbackIncompleteFreeAndNil
 0001:00000D7C       DBXCommon.TDBXConnection.SetConnectionProperties
 0001:00000D8C       DBXCommon.TDBXConnection.SetDBXFormatter
 0001:00000D74       DBXCommon.TDBXConnection.SetErrorEvent
 0001:00000D94       DBXCommon.TDBXConnection.SetTraceFlags
 0001:00000ED4       DBXCommon.TDBXConnectionBuilder.GetConnectionProperties
 0001:00000ECC       DBXCommon.TDBXContext.Error
 0001:00000CA4       DBXCommon.TDBXDriver.AddCommandFactory
 0001:00000CAC       DBXCommon.TDBXDriver.CreateMorphCommand
 0001:00000CB4       DBXCommon.TDBXDriver.GetDriverClass
 0001:00000CBC       DBXCommon.TDBXDriver.GetDriverName
 0001:00000CC4       DBXCommon.TDBXDriver.GetDriverProperties
 0001:00000CCC       DBXCommon.TDBXDriver.GetDriverPropertyNames
 0001:00000CDC       DBXCommon.TDBXDriver.InitDriverProperties
 0001:00000CD4       DBXCommon.TDBXDriver.SetDriverName
 0001:00000EDC       DBXCommon.TDBXDriverHelp.GetMetaDataReader
 0001:00000EE4       DBXCommon.TDBXDriverHelp.SetMetaDataReader
 0001:00000CE4       DBXCommon.TDBXDriverRegistry.RegisterDriverClass
 0001:00000CEC       DBXCommon.TDBXDriverRegistry.UnregisterDriverClass
 0001:00000EC4       DBXCommon.TDBXMorphicCommand.CloseReader
 0001:00000E24       DBXCommon.TDBXMorphicCommand.Create
 0001:00000E54       DBXCommon.TDBXMorphicCommand.CreateParameterRow
 0001:00000E2C       DBXCommon.TDBXMorphicCommand.CreateParameters
 0001:00000E74       DBXCommon.TDBXMorphicCommand.DerivedClose
 0001:00000E7C       DBXCommon.TDBXMorphicCommand.DerivedExecuteQuery
 0001:00000E84       DBXCommon.TDBXMorphicCommand.DerivedExecuteUpdate
 0001:00000E8C       DBXCommon.TDBXMorphicCommand.DerivedGetNextReader
 0001:00000E94       DBXCommon.TDBXMorphicCommand.DerivedOpen
 0001:00000E9C       DBXCommon.TDBXMorphicCommand.DerivedPrepare
 0001:00000E34       DBXCommon.TDBXMorphicCommand.Destroy
 0001:00000E3C       DBXCommon.TDBXMorphicCommand.ExecuteQuery
 0001:00000E44       DBXCommon.TDBXMorphicCommand.ExecuteUpdate
 0001:00000E6C       DBXCommon.TDBXMorphicCommand.GetNextReader
 0001:00000E4C       DBXCommon.TDBXMorphicCommand.GetParameters
 0001:00000E5C       DBXCommon.TDBXMorphicCommand.GetRowsAffected
 0001:00000E64       DBXCommon.TDBXMorphicCommand.Prepare
 0001:00000EB4       DBXCommon.TDBXMorphicCommand.SetCommandType
 0001:00000EA4       DBXCommon.TDBXMorphicCommand.SetMaxBlobSize
 0001:00000EAC       DBXCommon.TDBXMorphicCommand.SetRowSetSize
 0001:00000EBC       DBXCommon.TDBXMorphicCommand.SetText
 0001:00000C74       DBXCommon.TDBXProperties.Create
 0001:00000C6C       DBXCommon.TDBXProperties.Create
 0001:00000C7C       DBXCommon.TDBXProperties.Destroy
 0001:00000C84       DBXCommon.TDBXProperties.DoOnChange
 0001:00000C8C       DBXCommon.TDBXProperties.GetLists
 0001:00000C94       DBXCommon.TDBXProperties.GetValue
 0001:00000C9C       DBXCommon.TDBXProperties.SetValue
 0004:0000001C       DbxDBFix..1
 0004:00000038       DbxDBFix.BlobField_SetVarValue
 0004:00000050       DbxDBFix.CustomClientDataSet_DataConvert
 0004:0000004C       DbxDBFix.DataSet_DataConvert
 0002:00000140       DbxDBFix.DbxDBFix
 0004:00000028       DbxDBFix.FieldAccess_FindField
 0004:00000048       DbxDBFix.Field_AssignValue
 0001:0003B49C       DbxDBFix.Finalization
 0001:0003AE68       DbxDBFix.FIX_TBLOBFIELD_SETVARVALUE
 0001:0003B310       DbxDBFix.FIX_TCUSTOMCLIENTDATASET_DATACONVERT
 0001:0003B284       DbxDBFix.FIX_TDATASET_DATACONVERT
 0001:0003AC38       DbxDBFix.FIX_TFIELDS_FINDFIELD
 0001:0003B19C       DbxDBFix.FIX_TFIELD_ASSIGNVALUE
 0001:0003ADD8       DbxDBFix.FIX_TINTEGERFIELD_GETISNULL
 0001:0003B010       DbxDBFix.FIX_TSTRINGFIELD_GETVALUE
 0001:0003AAD4       DbxDBFix.FIX_TSTRINGFIELD_SETASANSISTRING
 0001:0003B3FC       DbxDBFix.INSTALL_FIXES
 0001:0003AFD0       DbxDBFix.INSTALL_FIX_TBLOBFIELD_SETVARVALUE
 0001:0003B3C4       DbxDBFix.INSTALL_FIX_TCUSTOMCLIENTDATASET_DATACONVERT
 0001:0003B2D8       DbxDBFix.INSTALL_FIX_TDATASET_DATACONVERT
 0001:0003AD98       DbxDBFix.INSTALL_FIX_TFIELDS_FINDFIELD
 0001:0003B24C       DbxDBFix.INSTALL_FIX_TFIELD_ASSIGNVALUE
 0001:0003AE28       DbxDBFix.INSTALL_FIX_TINTEGERFIELD_GETISNULL
 0001:0003B15C       DbxDBFix.INSTALL_FIX_TSTRINGFIELD_GETVALUE
 0001:0003ABF4       DbxDBFix.INSTALL_FIX_TSTRINGFIELD_SETASANSISTRING
 0004:00000030       DbxDBFix.IntegerField_GetIsNull
 0004:00000040       DbxDBFix.StringField_GetValue
 0004:00000020       DbxDBFix.StringField_SetAsAnsiString
 0001:0003AA70       DbxDBFix.WStrLCopyLen
 0002:000000A4       DBXDynalink.DBXDynalink
 0001:00001014       DBXDynalink.Finalization
 0001:00000FDC       DBXDynalink.TDBXDynalinkConnection.Close
 0001:00000FE4       DBXDynalink.TDBXDynalinkConnection.Commit
 0001:00000FFC       DBXDynalink.TDBXDynalinkConnection.Create
 0001:00000FD4       DBXDynalink.TDBXDynalinkConnection.CreateAndBeginTransaction
 0001:00001004       DBXDynalink.TDBXDynalinkConnection.DerivedOpen
 0001:0000100C       DBXDynalink.TDBXDynalinkConnection.GetVendorProperty
 0001:00000FEC       DBXDynalink.TDBXDynalinkConnection.Rollback
 0001:00000FF4       DBXDynalink.TDBXDynalinkConnection.SetTraceInfoEvent
 0001:00000F9C       DBXDynalink.TDBXDynalinkDriver.CheckResult
 0001:00000FA4       DBXDynalink.TDBXDynalinkDriver.Close
 0001:00000FAC       DBXDynalink.TDBXDynalinkDriver.Destroy
 0001:00000FB4       DBXDynalink.TDBXDynalinkDriver.GetDriverVersion
 0001:00000FBC       DBXDynalink.TDBXDynalinkDriverCommonLoader.Create
 0001:00000FC4       DBXDynalink.TDBXDynalinkDriverCommonLoader.Load
 0001:00000FCC       DBXDynalink.TDBXDynalinkDriverCommonLoader.LoadDriverLibrary
 0001:00001024       DBXDynalinkNative.TDBXDynalinkDriverLoader.CreateDynalinkDriver
 0001:0000102C       DBXDynalinkNative.TDBXDynalinkDriverLoader.CreateMethodTable
 0001:0000101C       DBXDynalinkNative.TDBXDynalinkDriverNative.Create
 0001:0000133C       DBXMetaDataCommand.TDBXMetaDataCommand.Create
 0001:00001374       DBXMetaDataCommand.TDBXMetaDataCommand.DerivedClose
 0001:00001384       DBXMetaDataCommand.TDBXMetaDataCommand.DerivedExecuteQuery
 0001:0000138C       DBXMetaDataCommand.TDBXMetaDataCommand.DerivedExecuteUpdate
 0001:00001364       DBXMetaDataCommand.TDBXMetaDataCommand.DerivedGetNextReader
 0001:0000136C       DBXMetaDataCommand.TDBXMetaDataCommand.DerivedOpen
 0001:0000137C       DBXMetaDataCommand.TDBXMetaDataCommand.DerivedPrepare
 0001:00001344       DBXMetaDataCommand.TDBXMetaDataCommand.Destroy
 0001:0000135C       DBXMetaDataCommand.TDBXMetaDataCommand.GetRowsAffected
 0001:00001354       DBXMetaDataCommand.TDBXMetaDataCommand.SetMaxBlobSize
 0001:0000134C       DBXMetaDataCommand.TDBXMetaDataCommand.SetRowSetSize
 0001:000013E4       DBXMetaDataCommandFactory.TDBXDataExpressProviderContext.Commit
 0001:000013A4       DBXMetaDataCommandFactory.TDBXDataExpressProviderContext.Create
 0001:000013CC       DBXMetaDataCommandFactory.TDBXDataExpressProviderContext.CreateRowStorage
 0001:000013C4       DBXMetaDataCommandFactory.TDBXDataExpressProviderContext.CreateTableStorage
 0001:000013AC       DBXMetaDataCommandFactory.TDBXDataExpressProviderContext.Destroy
 0001:000013BC       DBXMetaDataCommandFactory.TDBXDataExpressProviderContext.ExecuteQuery
 0001:000013B4       DBXMetaDataCommandFactory.TDBXDataExpressProviderContext.GetPlatformTypeName
 0001:000013F4       DBXMetaDataCommandFactory.TDBXDataExpressProviderContext.GetVendorProperty
 0001:000013EC       DBXMetaDataCommandFactory.TDBXDataExpressProviderContext.Rollback
 0001:000013DC       DBXMetaDataCommandFactory.TDBXDataExpressProviderContext.StartSerializedTransaction
 0001:000013D4       DBXMetaDataCommandFactory.TDBXDataExpressProviderContext.StartTransaction
 0001:00001394       DBXMetaDataCommandFactory.TDBXMetaDataCommandFactory.RegisterMetaDataCommandFactory
 0001:0000139C       DBXMetaDataCommandFactory.TDBXMetaDataCommandFactory.UnRegisterMetaDataCommandFactory
 0001:0000114C       DBXMetaDataReader.TDBXBaseMetaDataReader.CompareVersion
 0001:00001114       DBXMetaDataReader.TDBXBaseMetaDataReader.Destroy
 0001:000011C4       DBXMetaDataReader.TDBXBaseMetaDataReader.FetchCatalogs
 0001:000011A4       DBXMetaDataReader.TDBXBaseMetaDataReader.FetchCollection
 0001:000011B4       DBXMetaDataReader.TDBXBaseMetaDataReader.FetchCollectionWithStorage
 0001:000011EC       DBXMetaDataReader.TDBXBaseMetaDataReader.FetchColumnConstraints
 0001:000011E4       DBXMetaDataReader.TDBXBaseMetaDataReader.FetchColumns
 0001:000011BC       DBXMetaDataReader.TDBXBaseMetaDataReader.FetchDataTypes
 0001:0000120C       DBXMetaDataReader.TDBXBaseMetaDataReader.FetchForeignKeyColumns
 0001:00001204       DBXMetaDataReader.TDBXBaseMetaDataReader.FetchForeignKeys
 0001:000011FC       DBXMetaDataReader.TDBXBaseMetaDataReader.FetchIndexColumns
 0001:000011F4       DBXMetaDataReader.TDBXBaseMetaDataReader.FetchIndexes
 0001:00001244       DBXMetaDataReader.TDBXBaseMetaDataReader.FetchPackageProcedureParameters
 0001:0000123C       DBXMetaDataReader.TDBXBaseMetaDataReader.FetchPackageProcedures
 0001:00001234       DBXMetaDataReader.TDBXBaseMetaDataReader.FetchPackages
 0001:0000124C       DBXMetaDataReader.TDBXBaseMetaDataReader.FetchPackageSources
 0001:0000122C       DBXMetaDataReader.TDBXBaseMetaDataReader.FetchProcedureParameters
 0001:0000121C       DBXMetaDataReader.TDBXBaseMetaDataReader.FetchProcedures
 0001:00001224       DBXMetaDataReader.TDBXBaseMetaDataReader.FetchProcedureSources
 0001:00001264       DBXMetaDataReader.TDBXBaseMetaDataReader.FetchReservedWords
 0001:0000125C       DBXMetaDataReader.TDBXBaseMetaDataReader.FetchRoles
 0001:000011CC       DBXMetaDataReader.TDBXBaseMetaDataReader.FetchSchemas
 0001:00001214       DBXMetaDataReader.TDBXBaseMetaDataReader.FetchSynonyms
 0001:000011D4       DBXMetaDataReader.TDBXBaseMetaDataReader.FetchTables
 0001:00001254       DBXMetaDataReader.TDBXBaseMetaDataReader.FetchUsers
 0001:000011DC       DBXMetaDataReader.TDBXBaseMetaDataReader.FetchViews
 0001:00001124       DBXMetaDataReader.TDBXBaseMetaDataReader.GetContext
 0001:0000126C       DBXMetaDataReader.TDBXBaseMetaDataReader.GetDataTypeDescriptions
 0001:0000118C       DBXMetaDataReader.TDBXBaseMetaDataReader.GetDataTypeHash
 0001:00001194       DBXMetaDataReader.TDBXBaseMetaDataReader.GetDataTypes
 0001:0000112C       DBXMetaDataReader.TDBXBaseMetaDataReader.GetProductName
 0001:00001274       DBXMetaDataReader.TDBXBaseMetaDataReader.GetReservedWords
 0001:00001144       DBXMetaDataReader.TDBXBaseMetaDataReader.GetSqlDefaultParameterMarker
 0001:00001284       DBXMetaDataReader.TDBXBaseMetaDataReader.GetSqlForCatalogs
 0001:000012AC       DBXMetaDataReader.TDBXBaseMetaDataReader.GetSqlForColumnConstraints
 0001:000012A4       DBXMetaDataReader.TDBXBaseMetaDataReader.GetSqlForColumns
 0001:0000127C       DBXMetaDataReader.TDBXBaseMetaDataReader.GetSqlForDataTypes
 0001:000012CC       DBXMetaDataReader.TDBXBaseMetaDataReader.GetSqlForForeignKeyColumns
 0001:000012C4       DBXMetaDataReader.TDBXBaseMetaDataReader.GetSqlForForeignKeys
 0001:000012BC       DBXMetaDataReader.TDBXBaseMetaDataReader.GetSqlForIndexColumns
 0001:000012B4       DBXMetaDataReader.TDBXBaseMetaDataReader.GetSqlForIndexes
 0001:00001304       DBXMetaDataReader.TDBXBaseMetaDataReader.GetSqlForPackageProcedureParameters
 0001:000012FC       DBXMetaDataReader.TDBXBaseMetaDataReader.GetSqlForPackageProcedures
 0001:000012F4       DBXMetaDataReader.TDBXBaseMetaDataReader.GetSqlForPackages
 0001:0000130C       DBXMetaDataReader.TDBXBaseMetaDataReader.GetSqlForPackageSources
 0001:000012EC       DBXMetaDataReader.TDBXBaseMetaDataReader.GetSqlForProcedureParameters
 0001:000012DC       DBXMetaDataReader.TDBXBaseMetaDataReader.GetSqlForProcedures
 0001:000012E4       DBXMetaDataReader.TDBXBaseMetaDataReader.GetSqlForProcedureSources
 0001:00001324       DBXMetaDataReader.TDBXBaseMetaDataReader.GetSqlForReservedWords
 0001:0000131C       DBXMetaDataReader.TDBXBaseMetaDataReader.GetSqlForRoles
 0001:0000128C       DBXMetaDataReader.TDBXBaseMetaDataReader.GetSqlForSchemas
 0001:000012D4       DBXMetaDataReader.TDBXBaseMetaDataReader.GetSqlForSynonyms
 0001:00001294       DBXMetaDataReader.TDBXBaseMetaDataReader.GetSqlForTables
 0001:00001314       DBXMetaDataReader.TDBXBaseMetaDataReader.GetSqlForUsers
 0001:0000129C       DBXMetaDataReader.TDBXBaseMetaDataReader.GetSqlForViews
 0001:0000117C       DBXMetaDataReader.TDBXBaseMetaDataReader.GetSynonymType
 0001:0000116C       DBXMetaDataReader.TDBXBaseMetaDataReader.GetSystemTableType
 0001:00001174       DBXMetaDataReader.TDBXBaseMetaDataReader.GetSystemViewType
 0001:0000115C       DBXMetaDataReader.TDBXBaseMetaDataReader.GetTableType
 0001:00001134       DBXMetaDataReader.TDBXBaseMetaDataReader.GetVersion
 0001:00001164       DBXMetaDataReader.TDBXBaseMetaDataReader.GetViewType
 0001:00001154       DBXMetaDataReader.TDBXBaseMetaDataReader.IsQuotedIdentifiersSupported
 0001:000011AC       DBXMetaDataReader.TDBXBaseMetaDataReader.MakeStorage
 0001:00001184       DBXMetaDataReader.TDBXBaseMetaDataReader.MakeTableTypeString
 0001:0000119C       DBXMetaDataReader.TDBXBaseMetaDataReader.PopulateDataTypes
 0001:0000111C       DBXMetaDataReader.TDBXBaseMetaDataReader.SetContext
 0001:0000113C       DBXMetaDataReader.TDBXBaseMetaDataReader.SetVersion
 0001:00001034       DBXMetaDataReader.TDBXCustomMetaDataTable.Create
 0001:0000103C       DBXMetaDataReader.TDBXDataTypeCursor.Create
 0001:00001044       DBXMetaDataReader.TDBXDataTypeDescription.Create
 0001:0000104C       DBXMetaDataReader.TDBXDataTypeDescription.Create
 0001:00001054       DBXMetaDataReader.TDBXDataTypeDescription.SetUnicodeOptionSupported
 0001:0000105C       DBXMetaDataReader.TDBXEmptyTableCursor.Create
 0001:0000106C       DBXMetaDataReader.TDBXMetaDataCollectionColumns.CreateCatalogsColumns
 0001:0000109C       DBXMetaDataReader.TDBXMetaDataCollectionColumns.CreateColumnConstraintsColumns
 0001:00001094       DBXMetaDataReader.TDBXMetaDataCollectionColumns.CreateColumnsColumns
 0001:00001064       DBXMetaDataReader.TDBXMetaDataCollectionColumns.CreateDataTypesColumns
 0001:000010BC       DBXMetaDataReader.TDBXMetaDataCollectionColumns.CreateForeignKeyColumnsColumns
 0001:000010B4       DBXMetaDataReader.TDBXMetaDataCollectionColumns.CreateForeignKeysColumns
 0001:000010AC       DBXMetaDataReader.TDBXMetaDataCollectionColumns.CreateIndexColumnsColumns
 0001:000010A4       DBXMetaDataReader.TDBXMetaDataCollectionColumns.CreateIndexesColumns
 0001:000010EC       DBXMetaDataReader.TDBXMetaDataCollectionColumns.CreatePackageProcedureParametersColumns
 0001:000010E4       DBXMetaDataReader.TDBXMetaDataCollectionColumns.CreatePackageProceduresColumns
 0001:000010DC       DBXMetaDataReader.TDBXMetaDataCollectionColumns.CreatePackagesColumns
 0001:000010F4       DBXMetaDataReader.TDBXMetaDataCollectionColumns.CreatePackageSourcesColumns
 0001:000010D4       DBXMetaDataReader.TDBXMetaDataCollectionColumns.CreateProcedureParametersColumns
 0001:000010C4       DBXMetaDataReader.TDBXMetaDataCollectionColumns.CreateProceduresColumns
 0001:000010CC       DBXMetaDataReader.TDBXMetaDataCollectionColumns.CreateProcedureSourcesColumns
 0001:0000110C       DBXMetaDataReader.TDBXMetaDataCollectionColumns.CreateReservedWordsColumns
 0001:00001104       DBXMetaDataReader.TDBXMetaDataCollectionColumns.CreateRolesColumns
 0001:00001074       DBXMetaDataReader.TDBXMetaDataCollectionColumns.CreateSchemasColumns
 0001:0000108C       DBXMetaDataReader.TDBXMetaDataCollectionColumns.CreateSynonymsColumns
 0001:0000107C       DBXMetaDataReader.TDBXMetaDataCollectionColumns.CreateTablesColumns
 0001:000010FC       DBXMetaDataReader.TDBXMetaDataCollectionColumns.CreateUsersColumns
 0001:00001084       DBXMetaDataReader.TDBXMetaDataCollectionColumns.CreateViewsColumns
 0001:0000132C       DBXMetaDataReader.TDBXReservedWordsCursor.Create
 0001:00001334       DBXMetaDataReader.TDBXTableTypeParser.ParseTableTypes
 0004:00000090       DbxObjectParser..2
 0001:0005ECE0       DbxObjectParser..TObjectNameParser
 0003:00000CAC       DbxObjectParser.cRegExprSpesialSymbols
 0003:00000C34       DbxObjectParser.DbmsObjectNameTemplateInfo
 0002:0000026C       DbxObjectParser.DbxObjectParser
 0003:00000A84       DbxObjectParser.DefaultMathesIndexes
 0003:00000AAC       DbxObjectParser.DefaultObjectNameTemplateInfo
 0001:000604C8       DbxObjectParser.Finalization
 0001:0005F1E0       DbxObjectParser.GetDbmsObjectNameTemplateInfo
 0003:00000B98       DbxObjectParser.InformixMathesIndexes
 0003:00000BB4       DbxObjectParser.InformixObjectNameTemplateInfo
 0001:000600E4       DbxObjectParser.LDoCalculateTemplate
 0003:00000B48       DbxObjectParser.OracleMathesIndexes
 0003:00000B64       DbxObjectParser.OracleObjectNameTemplateInfo
 0003:00000AE0       DbxObjectParser.SQLServerMathesIndexes
 0003:00000B14       DbxObjectParser.SQLServerObjectNameTemplateInfo
 0003:00000BE8       DbxObjectParser.TextMathesIndexes
 0003:00000C00       DbxObjectParser.TextObjectNameTemplateInfo
 0001:0005F230       DbxObjectParser.TObjectNameParser.Create
 0001:0005F940       DbxObjectParser.TObjectNameParser.DecodeObjectFullName
 0001:0005F8CC       DbxObjectParser.TObjectNameParser.Destroy
 0001:000600F8       DbxObjectParser.TObjectNameParser.EncodeObjectFullName
 0001:00060434       DbxObjectParser.TObjectNameParser.GetQuotedObjectName
 0004:000000CC       DbxOpenOdbc..13
 0001:00067A5C       DbxOpenOdbc..EDbxError
 0001:0006791C       DbxOpenOdbc..EDbxErrorCustom
 0001:00067CD0       DbxOpenOdbc..EDbxInternalError
 0001:00067C30       DbxOpenOdbc..EDbxInvalidCall
 0001:00067D74       DbxOpenOdbc..EDbxInvalidParam
 0001:00067B8C       DbxOpenOdbc..EDbxNotSupported
 0001:00067AF0       DbxOpenOdbc..EDbxOdbcError
 0001:000679BC       DbxOpenOdbc..EDbxOdbcWarning
 0001:0006A2E4       DbxOpenOdbc..TBlobChunkCollection
 0001:000680CC       DbxOpenOdbc..TDOSQLObject
 0001:00068EC8       DbxOpenOdbc..TMetaColumn
 0001:00068FA4       DbxOpenOdbc..TMetaIndexColumn
 0001:000690A8       DbxOpenOdbc..TMetaProcedure
 0001:00069178       DbxOpenOdbc..TMetaProcedureParam
 0001:00068DE0       DbxOpenOdbc..TMetaTable
 0001:0006A388       DbxOpenOdbc..TOdbcBindCol
 0001:0006A42C       DbxOpenOdbc..TOdbcBindParam
 0001:000688C0       DbxOpenOdbc..TSqlCommandOdbc
 0001:000685CC       DbxOpenOdbc..TSqlConnectionOdbc
 0001:000694A8       DbxOpenOdbc..TSqlCursorMetaData
 0001:000699EC       DbxOpenOdbc..TSqlCursorMetaDataColumns
 0001:00069C74       DbxOpenOdbc..TSqlCursorMetaDataIndexes
 0001:0006A18C       DbxOpenOdbc..TSqlCursorMetaDataProcedureParams
 0001:00069EFC       DbxOpenOdbc..TSqlCursorMetaDataProcedures
 0001:00069764       DbxOpenOdbc..TSqlCursorMetaDataTables
 0001:00068D38       DbxOpenOdbc..TSqlCursorOdbc
 0001:0006822C       DbxOpenOdbc..TSqlDriverOdbc
 0001:00068A74       DbxOpenOdbc..TSQLMetaDataOdbc
 0001:0006CC68       DbxOpenOdbc.AllocateDbxHStmtNodes
 0001:00097870       DbxOpenOdbc.CacheTableIndex
 0001:0008D024       DbxOpenOdbc.CalculateBlobFixSize
 0003:00000D10       DbxOpenOdbc.cBindMapDateTimeOdbc2
 0003:00000D1C       DbxOpenOdbc.cBindMapDateTimeOdbc3
 0003:00000E54       DbxOpenOdbc.cBoolOptionSwitches
 0003:00000CBC       DbxOpenOdbc.cConnectionOptionsDefault
 0003:00000CE4       DbxOpenOdbc.cConnectionOptionsRestrictions
 0003:00000E4C       DbxOpenOdbc.cDbxDriverVersionString
 0003:00000E50       DbxOpenOdbc.cDbxProductVersionString
 0003:00000D28       DbxOpenOdbc.cDecimalSeparatorDefault
 0003:00000D34       DbxOpenOdbc.cGetOptionExceptionInfos
 0001:0008A228       DbxOpenOdbc.CheckAutoIncSubType
 0001:0006CC40       DbxOpenOdbc.CheckMaxLines
 0001:00097984       DbxOpenOdbc.CheckTableIndexColumn
 0001:0006E054       DbxOpenOdbc.ClearNewErrors
 0001:00072E84       DbxOpenOdbc.CompactNullConn
 0001:000731C0       DbxOpenOdbc.CompactNullConn
 0002:000002E0       DbxOpenOdbc.DbxOpenOdbc
 0001:000938C8       DbxOpenOdbc.DirectoryExistsW
 0001:00082104       DbxOpenOdbc.DoFetchColumns
 0001:0008245C       DbxOpenOdbc.DoFetchIndexColumns
 0001:000822A4       DbxOpenOdbc.DoFetchIndexes
 0001:00081CE0       DbxOpenOdbc.DoFetchTables
 0001:0006BB18       DbxOpenOdbc.DoFormatParameter
 0001:0009E030       DbxOpenOdbc.DoInitialzeUnit
 0001:000827A0       DbxOpenOdbc.DoMetadataQuery
 0001:00082658       DbxOpenOdbc.DoMetadataQueryExecute
 0001:00081404       DbxOpenOdbc.DoPrepareNow
 0001:00081298       DbxOpenOdbc.DoReBindParams
 0001:0009E028       DbxOpenOdbc.DoRegisterDbXpressLibA
 0001:0009E02C       DbxOpenOdbc.DoRegisterDbXpressLibAW
 0001:00071FC8       DbxOpenOdbc.DoRelaseDbxConStmt
 0001:0006A4C0       DbxOpenOdbc.EmbeddedErrorTrack
 0001:0006AC80       DbxOpenOdbc.ExtractCatalog
 0001:0009E788       DbxOpenOdbc.Finalization
 0001:000939C0       DbxOpenOdbc.fix_odbc_read_table_list_w_from_folder
 0001:0006B670       DbxOpenOdbc.FormatDbxSubType
 0001:0006B03C       DbxOpenOdbc.FormatDbxType
 0001:0006CB40       DbxOpenOdbc.FormatParameter
 0001:0006CB58       DbxOpenOdbc.FormatParameters
 0001:0006DFE0       DbxOpenOdbc.GetConnection
 0001:0007AC3C       DbxOpenOdbc.GetConnectionCustomOptions
 0001:0007AF04       DbxOpenOdbc.GetDatabaseNameOption
 0001:0009395C       DbxOpenOdbc.GetFileExt
 0001:0006A508       DbxOpenOdbc.getSQLDriverODBC
 0001:0006A678       DbxOpenOdbc.getSQLDriverODBCAW
 0001:0006DA18       DbxOpenOdbc.GetStringOptions
 0001:0007B834       DbxOpenOdbc.GetTransactionTypeName
 0001:0007DA84       DbxOpenOdbc.GetValueAsAnsiStr
 0001:0007B158       DbxOpenOdbc.GetVendorProperty
 0003:00000D0C       DbxOpenOdbc.gHostPlatform
 0001:00073648       DbxOpenOdbc.HidePassword
 0001:0006E040       DbxOpenOdbc.IsConnection
 0003:00000D2C       DbxOpenOdbc.IsDriverEmbedded
 0001:00097840       DbxOpenOdbc.IsFilteredIndex
 0001:00071B40       DbxOpenOdbc.IsFreeDbxConStmt
 0001:0006A7B4       DbxOpenOdbc.IsRestrictedConnectionOptionValue
 0001:00071430       DbxOpenOdbc.LDoClearResult
 0001:0006E11C       DbxOpenOdbc.LDoMakeResult
 0001:00086088       DbxOpenOdbc.LDo_PostgreSQL_Make_Buffer
 0001:0007B0F4       DbxOpenOdbc.LGetISQLConnection2x
 0001:00085054       DbxOpenOdbc.MakeStoredProcParams
 0001:0006D6F4       DbxOpenOdbc.MakeStringExceptionFromInfo
 0001:00093D54       DbxOpenOdbc.MakeTableTypeString
 0003:00000D30       DbxOpenOdbc.MaxCount
 0001:00073754       DbxOpenOdbc.MergeAndSetConnOptions
 0001:0006AD78       DbxOpenOdbc.OdbcDataTypeToDbxType
 0001:00089958       DbxOpenOdbc.OdbcSqlCTypeToStr
 0001:00088EB8       DbxOpenOdbc.OdbcSqlTypeToStr
 0001:0008CF58       DbxOpenOdbc.OptimizeNextChunkSize
 0001:00073830       DbxOpenOdbc.ParseConnectionOptions
 0001:00085ECC       DbxOpenOdbc.ProcessVarDataLength
 0001:000938F8       DbxOpenOdbc.RemoveFileExt
 0001:0009BD50       DbxOpenOdbc.RetrieveProcedureSchemaForSysNaming
 0001:0007DB00       DbxOpenOdbc.SetConnectionCustomOptions
 0001:0006A840       DbxOpenOdbc.SetConnectionOption
 0001:00085F5C       DbxOpenOdbc.SetVarData
 0001:0006E1AC       DbxOpenOdbc.SQLGetDiagRecLevel2
 0001:00097774       DbxOpenOdbc.SyncPKSortOrder
 0001:0009DE1C       DbxOpenOdbc.TBlobChunkCollection.AddFragment
 0001:0009DE5C       DbxOpenOdbc.TBlobChunkCollection.Clear
 0001:0009DE98       DbxOpenOdbc.TBlobChunkCollection.Destroy
 0001:0009DEC4       DbxOpenOdbc.TBlobChunkCollection.GetSize
 0001:0009DEE8       DbxOpenOdbc.TBlobChunkCollection.Read
 0001:0009DF68       DbxOpenOdbc.TBlobChunkCollection.ReadBlobToStream
 0001:0009DF20       DbxOpenOdbc.TBlobChunkCollection.ReadBlobToVariant
 0001:0006DB9C       DbxOpenOdbc.TDOSQLObject.SelfObj
 0001:00092A38       DbxOpenOdbc.TMetaColumn.Create
 0001:00092BE8       DbxOpenOdbc.TMetaColumn.CreateW
 0001:00092D20       DbxOpenOdbc.TMetaColumn.Destroy
 0001:00092D48       DbxOpenOdbc.TMetaIndexColumn.Create
 0001:00092F98       DbxOpenOdbc.TMetaIndexColumn.CreateW
 0001:000931B8       DbxOpenOdbc.TMetaIndexColumn.Destroy
 0001:000931E0       DbxOpenOdbc.TMetaProcedure.Create
 0001:0009336C       DbxOpenOdbc.TMetaProcedure.CreateW
 0001:000934A8       DbxOpenOdbc.TMetaProcedure.Destroy
 0001:000934D0       DbxOpenOdbc.TMetaProcedureParam.Create
 0001:00093598       DbxOpenOdbc.TMetaProcedureParam.CreateW
 0001:00093628       DbxOpenOdbc.TMetaProcedureParam.Destroy
 0001:000923FC       DbxOpenOdbc.TMetaTable.Create
 0001:000926EC       DbxOpenOdbc.TMetaTable.CreateW
 0001:00092A08       DbxOpenOdbc.TMetaTable.Destroy
 0001:000922F4       DbxOpenOdbc.TOdbcBindCol.Create
 0001:00092330       DbxOpenOdbc.TOdbcBindCol.Destroy
 0001:00092384       DbxOpenOdbc.TOdbcBindParam.Create
 0001:000923C0       DbxOpenOdbc.TOdbcBindParam.Destroy
 0001:00080EB8       DbxOpenOdbc.TSqlCommandOdbc.AddError
 0001:00080F3C       DbxOpenOdbc.TSqlCommandOdbc.BuildStoredProcSQL
 0001:00083180       DbxOpenOdbc.TSqlCommandOdbc.Cancel
 0001:00080E44       DbxOpenOdbc.TSqlCommandOdbc.ClearParams
 0001:00080F04       DbxOpenOdbc.TSqlCommandOdbc.close
 0001:00080C9C       DbxOpenOdbc.TSqlCommandOdbc.CloseStmt
 0001:00080A94       DbxOpenOdbc.TSqlCommandOdbc.Create
 0001:00080E8C       DbxOpenOdbc.TSqlCommandOdbc.Destroy
 0001:00084A48       DbxOpenOdbc.TSqlCommandOdbc.DoAllocateParams
 0001:00080B28       DbxOpenOdbc.TSqlCommandOdbc.DoAllocateStmt
 0001:000814B8       DbxOpenOdbc.TSqlCommandOdbc.DoExecute
 0001:00082880       DbxOpenOdbc.TSqlCommandOdbc.DoExecuteImmediate
 0001:00084AD4       DbxOpenOdbc.TSqlCommandOdbc.DoExpandParams
 0001:00084B34       DbxOpenOdbc.TSqlCommandOdbc.DoPrepare
 0001:00081194       DbxOpenOdbc.TSqlCommandOdbc.DoSQLMoreResults
 0001:00081CB0       DbxOpenOdbc.TSqlCommandOdbc.DoUnprepareStmt
 0001:00081C18       DbxOpenOdbc.TSqlCommandOdbc.execute
 0001:000830BC       DbxOpenOdbc.TSqlCommandOdbc.ExecuteImmediate
 0001:000831DC       DbxOpenOdbc.TSqlCommandOdbc.GetConnectionHandle
 0001:000832F8       DbxOpenOdbc.TSqlCommandOdbc.getErrorMessage
 0001:00083384       DbxOpenOdbc.TSqlCommandOdbc.getErrorMessageLen
 0001:0008328C       DbxOpenOdbc.TSqlCommandOdbc.GetLockTimeout
 0001:000833E0       DbxOpenOdbc.TSqlCommandOdbc.getNextCursor
 0001:00083620       DbxOpenOdbc.TSqlCommandOdbc.GetOption
 0001:000843C0       DbxOpenOdbc.TSqlCommandOdbc.getParameter
 0001:00084A30       DbxOpenOdbc.TSqlCommandOdbc.getRowsAffected
 0001:00080EDC       DbxOpenOdbc.TSqlCommandOdbc.OdbcCheck
 0001:00084F68       DbxOpenOdbc.TSqlCommandOdbc.prepare
 0001:000831F0       DbxOpenOdbc.TSqlCommandOdbc.SetLockTimeout
 0001:000850D0       DbxOpenOdbc.TSqlCommandOdbc.SetOption
 0001:00086140       DbxOpenOdbc.TSqlCommandOdbc.setParameter
 0001:00071D58       DbxOpenOdbc.TSqlConnectionOdbc.AllocHStmt
 0001:000727BC       DbxOpenOdbc.TSqlConnectionOdbc.beginTransaction
 0001:0007966C       DbxOpenOdbc.TSqlConnectionOdbc.CheckDbmsTransactionSupport
 0001:00073634       DbxOpenOdbc.TSqlConnectionOdbc.CheckHCon
 0001:00079504       DbxOpenOdbc.TSqlConnectionOdbc.CheckTransactionSupport
 0001:00073504       DbxOpenOdbc.TSqlConnectionOdbc.ClearConnectionOptions
 0001:00070900       DbxOpenOdbc.TSqlConnectionOdbc.CloneOdbcConnection
 0001:00072EF0       DbxOpenOdbc.TSqlConnectionOdbc.commit
 0001:00073914       DbxOpenOdbc.TSqlConnectionOdbc.connect
 0001:00070224       DbxOpenOdbc.TSqlConnectionOdbc.Create
 0001:000713A4       DbxOpenOdbc.TSqlConnectionOdbc.CreateRegExpObjectNameParser
 0001:00071884       DbxOpenOdbc.TSqlConnectionOdbc.DbxCallBackSendMsg
 0001:00071AC0       DbxOpenOdbc.TSqlConnectionOdbc.DbxCallBackSendMsgFmt
 0001:00071458       DbxOpenOdbc.TSqlConnectionOdbc.DecodeObjectFullName
 0001:000702B4       DbxOpenOdbc.TSqlConnectionOdbc.Destroy
 0001:00078CBC       DbxOpenOdbc.TSqlConnectionOdbc.disconnect
 0001:000702E8       DbxOpenOdbc.TSqlConnectionOdbc.DoDestroy
 0001:00071634       DbxOpenOdbc.TSqlConnectionOdbc.EncodeObjectFullName
 0001:00071C84       DbxOpenOdbc.TSqlConnectionOdbc.FindFreeConnection
 0001:00072310       DbxOpenOdbc.TSqlConnectionOdbc.FreeHStmt
 0001:00072634       DbxOpenOdbc.TSqlConnectionOdbc.GetCatalog
 0001:00080A54       DbxOpenOdbc.TSqlConnectionOdbc.GetConnectionHandle
 0001:0007274C       DbxOpenOdbc.TSqlConnectionOdbc.GetCurrentCatalog
 0001:000725D8       DbxOpenOdbc.TSqlConnectionOdbc.GetCurrentConnectionHandle
 0001:000725B8       DbxOpenOdbc.TSqlConnectionOdbc.GetCurrentDbxConStmt
 0001:000724F8       DbxOpenOdbc.TSqlConnectionOdbc.GetCurrentDbxConStmt
 0001:000809E8       DbxOpenOdbc.TSqlConnectionOdbc.GetCursorPreserved
 0001:000808E8       DbxOpenOdbc.TSqlConnectionOdbc.GetDbmsName
 0001:000807B4       DbxOpenOdbc.TSqlConnectionOdbc.GetDbmsType
 0001:00080930       DbxOpenOdbc.TSqlConnectionOdbc.GetDbmsVersionBuild
 0001:00080900       DbxOpenOdbc.TSqlConnectionOdbc.GetDbmsVersionMajor
 0001:00080910       DbxOpenOdbc.TSqlConnectionOdbc.GetDbmsVersionMinor
 0001:00080920       DbxOpenOdbc.TSqlConnectionOdbc.GetDbmsVersionRelease
 0001:00080940       DbxOpenOdbc.TSqlConnectionOdbc.GetDbmsVersionString
 0001:00080A80       DbxOpenOdbc.TSqlConnectionOdbc.GetDecimalSeparator
 0001:00070F34       DbxOpenOdbc.TSqlConnectionOdbc.GetDefaultConnectionOptions
 0001:00080A44       DbxOpenOdbc.TSqlConnectionOdbc.GetEnvironmentHandle
 0001:00079424       DbxOpenOdbc.TSqlConnectionOdbc.getErrorMessage
 0001:000794AC       DbxOpenOdbc.TSqlConnectionOdbc.getErrorMessageLen
 0001:000809FC       DbxOpenOdbc.TSqlConnectionOdbc.GetIsSystemODBCManager
 0001:000808D8       DbxOpenOdbc.TSqlConnectionOdbc.GetLastOdbcSqlState
 0001:00079684       DbxOpenOdbc.TSqlConnectionOdbc.GetMetaDataOption
 0001:00080A64       DbxOpenOdbc.TSqlConnectionOdbc.GetOdbcApiIntf
 0001:000809D0       DbxOpenOdbc.TSqlConnectionOdbc.GetOdbcConnectString
 0001:000807D8       DbxOpenOdbc.TSqlConnectionOdbc.GetOdbcConnectStrings
 0001:00080A10       DbxOpenOdbc.TSqlConnectionOdbc.GetOdbcDriverLevel
 0001:00080958       DbxOpenOdbc.TSqlConnectionOdbc.GetOdbcDriverName
 0001:000807C4       DbxOpenOdbc.TSqlConnectionOdbc.GetOdbcDriverType
 0001:000809A4       DbxOpenOdbc.TSqlConnectionOdbc.GetOdbcDriverVersionBuild
 0001:00080974       DbxOpenOdbc.TSqlConnectionOdbc.GetOdbcDriverVersionMajor
 0001:00080984       DbxOpenOdbc.TSqlConnectionOdbc.GetOdbcDriverVersionMinor
 0001:00080994       DbxOpenOdbc.TSqlConnectionOdbc.GetOdbcDriverVersionRelease
 0001:000809B4       DbxOpenOdbc.TSqlConnectionOdbc.GetOdbcDriverVersionString
 0001:0007B924       DbxOpenOdbc.TSqlConnectionOdbc.GetOption
 0001:000717EC       DbxOpenOdbc.TSqlConnectionOdbc.GetQuotedObjectName
 0001:0007D828       DbxOpenOdbc.TSqlConnectionOdbc.getSQLCommand
 0001:0007D954       DbxOpenOdbc.TSqlConnectionOdbc.getSQLMetaData
 0001:00080A34       DbxOpenOdbc.TSqlConnectionOdbc.GetStatementsPerConnection
 0001:00080A20       DbxOpenOdbc.TSqlConnectionOdbc.GetSupportsSqlPrimaryKeys
 0001:00071048       DbxOpenOdbc.TSqlConnectionOdbc.GetUnquotedName
 0001:00071170       DbxOpenOdbc.TSqlConnectionOdbc.GetUnquotedName
 0001:00070F4C       DbxOpenOdbc.TSqlConnectionOdbc.GetUnquotedNameLen
 0001:0007127C       DbxOpenOdbc.TSqlConnectionOdbc.ObjectIsStoredProc
 0001:000725F0       DbxOpenOdbc.TSqlConnectionOdbc.OdbcCheck
 0001:00071404       DbxOpenOdbc.TSqlConnectionOdbc.ReleaseRegExpObjectNameParser
 0001:00076350       DbxOpenOdbc.TSqlConnectionOdbc.RetrieveDbmsOptions
 0001:000767E4       DbxOpenOdbc.TSqlConnectionOdbc.RetrieveDriverName
 0001:0007322C       DbxOpenOdbc.TSqlConnectionOdbc.rollback
 0001:00070DD0       DbxOpenOdbc.TSqlConnectionOdbc.SetCurrentDbxConStmt
 0001:00070DF4       DbxOpenOdbc.TSqlConnectionOdbc.SetLoginTimeout
 0001:00070E94       DbxOpenOdbc.TSqlConnectionOdbc.SetNetworkTimeout
 0001:0007E17C       DbxOpenOdbc.TSqlConnectionOdbc.SetOption
 0001:000703D4       DbxOpenOdbc.TSqlConnectionOdbc.SetVendorLib
 0001:00070678       DbxOpenOdbc.TSqlConnectionOdbc.SynchronizeInTransaction
 0001:00080608       DbxOpenOdbc.TSqlConnectionOdbc.TransactionCheck
 0001:00091384       DbxOpenOdbc.TSqlCursorMetaData.BindInteger
 0001:00090FF4       DbxOpenOdbc.TSqlCursorMetaData.BindSmallint
 0001:0009082C       DbxOpenOdbc.TSqlCursorMetaData.ClearMetaData
 0001:00090784       DbxOpenOdbc.TSqlCursorMetaData.Create
 0001:0009090C       DbxOpenOdbc.TSqlCursorMetaData.DbgColumnName
 0001:0009099C       DbxOpenOdbc.TSqlCursorMetaData.DbgPhysColumnName
 0001:00090CCC       DbxOpenOdbc.TSqlCursorMetaData.DescribeAllocBindString
 0001:00090E54       DbxOpenOdbc.TSqlCursorMetaData.DescribeAllocBindWString
 0001:000907FC       DbxOpenOdbc.TSqlCursorMetaData.Destroy
 0001:000916F8       DbxOpenOdbc.TSqlCursorMetaData.getBcd
 0001:00091724       DbxOpenOdbc.TSqlCursorMetaData.getBlob
 0001:00091738       DbxOpenOdbc.TSqlCursorMetaData.getBlobSize
 0001:00091754       DbxOpenOdbc.TSqlCursorMetaData.getBytes
 0001:0009177C       DbxOpenOdbc.TSqlCursorMetaData.getColumnCount
 0001:000917A4       DbxOpenOdbc.TSqlCursorMetaData.getColumnLength
 0001:00091878       DbxOpenOdbc.TSqlCursorMetaData.getColumnName
 0001:0009192C       DbxOpenOdbc.TSqlCursorMetaData.getColumnNameLength
 0001:000919CC       DbxOpenOdbc.TSqlCursorMetaData.getColumnPrecision
 0001:00091AB8       DbxOpenOdbc.TSqlCursorMetaData.getColumnScale
 0001:00091B90       DbxOpenOdbc.TSqlCursorMetaData.getColumnType
 0001:00091C38       DbxOpenOdbc.TSqlCursorMetaData.getDate
 0001:00091C60       DbxOpenOdbc.TSqlCursorMetaData.getDouble
 0001:00091C8C       DbxOpenOdbc.TSqlCursorMetaData.getErrorMessage
 0001:00091D1C       DbxOpenOdbc.TSqlCursorMetaData.getErrorMessageLen
 0001:00091F74       DbxOpenOdbc.TSqlCursorMetaData.getInt64
 0001:00091D74       DbxOpenOdbc.TSqlCursorMetaData.getLong
 0001:00091D9C       DbxOpenOdbc.TSqlCursorMetaData.GetOption
 0001:00090900       DbxOpenOdbc.TSqlCursorMetaData.GetPhysColumnAnsiString
 0001:00090858       DbxOpenOdbc.TSqlCursorMetaData.GetPhysColumnNumber
 0001:00090904       DbxOpenOdbc.TSqlCursorMetaData.GetPhysColumnWideString
 0001:00091DA8       DbxOpenOdbc.TSqlCursorMetaData.getShort
 0001:00091DD0       DbxOpenOdbc.TSqlCursorMetaData.getString
 0001:00091FA4       DbxOpenOdbc.TSqlCursorMetaData.getTime
 0001:00091FCC       DbxOpenOdbc.TSqlCursorMetaData.getTimeStamp
 0001:00091E98       DbxOpenOdbc.TSqlCursorMetaData.getWideString
 0001:00092000       DbxOpenOdbc.TSqlCursorMetaData.isAutoIncrement
 0001:00092010       DbxOpenOdbc.TSqlCursorMetaData.isBlobSizeExact
 0001:00092020       DbxOpenOdbc.TSqlCursorMetaData.isNullable
 0001:000908C0       DbxOpenOdbc.TSqlCursorMetaData.IsPhysColumnStringType
 0001:000908E4       DbxOpenOdbc.TSqlCursorMetaData.IsPhysColumnWideStringType
 0001:00092030       DbxOpenOdbc.TSqlCursorMetaData.isReadOnly
 0001:00092044       DbxOpenOdbc.TSqlCursorMetaData.isSearchable
 0001:00092054       DbxOpenOdbc.TSqlCursorMetaData.next
 0001:00092164       DbxOpenOdbc.TSqlCursorMetaData.OdbcCheck
 0001:00090B40       DbxOpenOdbc.TSqlCursorMetaData.ParseTableName
 0001:00090A38       DbxOpenOdbc.TSqlCursorMetaData.ParseTableNameBase
 0001:000909BC       DbxOpenOdbc.TSqlCursorMetaData.remap
 0001:00092078       DbxOpenOdbc.TSqlCursorMetaData.SetOption
 0001:00095A0C       DbxOpenOdbc.TSqlCursorMetaDataColumns.Clear
 0001:00095570       DbxOpenOdbc.TSqlCursorMetaDataColumns.Create
 0001:000959E0       DbxOpenOdbc.TSqlCursorMetaDataColumns.Destroy
 0001:00095A88       DbxOpenOdbc.TSqlCursorMetaDataColumns.FetchColumns
 0001:00096D3C       DbxOpenOdbc.TSqlCursorMetaDataColumns.getLong
 0001:000970E4       DbxOpenOdbc.TSqlCursorMetaDataColumns.GetPhysColumnAnsiString
 0001:00097218       DbxOpenOdbc.TSqlCursorMetaDataColumns.GetPhysColumnWideString
 0001:00096F00       DbxOpenOdbc.TSqlCursorMetaDataColumns.getShort
 0001:0009734C       DbxOpenOdbc.TSqlCursorMetaDataColumns.next
 0001:000976F8       DbxOpenOdbc.TSqlCursorMetaDataIndexes.Clear
 0001:00097390       DbxOpenOdbc.TSqlCursorMetaDataIndexes.Create
 0001:000976CC       DbxOpenOdbc.TSqlCursorMetaDataIndexes.Destroy
 0001:00097998       DbxOpenOdbc.TSqlCursorMetaDataIndexes.FetchIndexes
 0001:0009A7DC       DbxOpenOdbc.TSqlCursorMetaDataIndexes.getLong
 0001:0009A1D8       DbxOpenOdbc.TSqlCursorMetaDataIndexes.GetPhysColumnAnsiString
 0001:0009A530       DbxOpenOdbc.TSqlCursorMetaDataIndexes.GetPhysColumnWideString
 0001:0009A978       DbxOpenOdbc.TSqlCursorMetaDataIndexes.getShort
 0001:0009AB40       DbxOpenOdbc.TSqlCursorMetaDataIndexes.next
 0001:0009B8E0       DbxOpenOdbc.TSqlCursorMetaDataProcedureParams.Create
 0001:0009BCB4       DbxOpenOdbc.TSqlCursorMetaDataProcedureParams.Destroy
 0001:0009BE88       DbxOpenOdbc.TSqlCursorMetaDataProcedureParams.FetchProcedureParams
 0001:0009D8C0       DbxOpenOdbc.TSqlCursorMetaDataProcedureParams.getLong
 0001:0009DBF8       DbxOpenOdbc.TSqlCursorMetaDataProcedureParams.GetPhysColumnAnsiString
 0001:0009DCF0       DbxOpenOdbc.TSqlCursorMetaDataProcedureParams.GetPhysColumnWideString
 0001:0009DA18       DbxOpenOdbc.TSqlCursorMetaDataProcedureParams.getShort
 0001:0009DDE4       DbxOpenOdbc.TSqlCursorMetaDataProcedureParams.next
 0001:0009AB78       DbxOpenOdbc.TSqlCursorMetaDataProcedures.Create
 0001:0009ADB4       DbxOpenOdbc.TSqlCursorMetaDataProcedures.Destroy
 0001:0009AE14       DbxOpenOdbc.TSqlCursorMetaDataProcedures.FetchProcedures
 0001:0009B508       DbxOpenOdbc.TSqlCursorMetaDataProcedures.getLong
 0001:0009B75C       DbxOpenOdbc.TSqlCursorMetaDataProcedures.GetPhysColumnAnsiString
 0001:0009B804       DbxOpenOdbc.TSqlCursorMetaDataProcedures.GetPhysColumnWideString
 0001:0009B634       DbxOpenOdbc.TSqlCursorMetaDataProcedures.getShort
 0001:0009B8A8       DbxOpenOdbc.TSqlCursorMetaDataProcedures.next
 0001:00093888       DbxOpenOdbc.TSqlCursorMetaDataTables.Clear
 0001:00093650       DbxOpenOdbc.TSqlCursorMetaDataTables.Create
 0001:0009385C       DbxOpenOdbc.TSqlCursorMetaDataTables.Destroy
 0001:00093F10       DbxOpenOdbc.TSqlCursorMetaDataTables.FetchTables
 0001:00095434       DbxOpenOdbc.TSqlCursorMetaDataTables.getColumnLength
 0001:0009500C       DbxOpenOdbc.TSqlCursorMetaDataTables.getLong
 0001:00095200       DbxOpenOdbc.TSqlCursorMetaDataTables.GetPhysColumnAnsiString
 0001:00095310       DbxOpenOdbc.TSqlCursorMetaDataTables.GetPhysColumnWideString
 0001:00095538       DbxOpenOdbc.TSqlCursorMetaDataTables.next
 0001:0008CF4C       DbxOpenOdbc.TSqlCursorOdbc.AddError
 0001:0008A2F8       DbxOpenOdbc.TSqlCursorOdbc.BindResultSet
 0001:0008CD48       DbxOpenOdbc.TSqlCursorOdbc.CheckFetchCacheColumns
 0001:00088CC0       DbxOpenOdbc.TSqlCursorOdbc.ClearCursor
 0001:00088C14       DbxOpenOdbc.TSqlCursorOdbc.Create
 0001:00088D2C       DbxOpenOdbc.TSqlCursorOdbc.Destroy
 0001:0008CAA4       DbxOpenOdbc.TSqlCursorOdbc.DoFetchLateBoundData
 0001:0008D088       DbxOpenOdbc.TSqlCursorOdbc.DoFetchLongData
 0001:0008CBD0       DbxOpenOdbc.TSqlCursorOdbc.FetchLateBoundData
 0001:0008D8A4       DbxOpenOdbc.TSqlCursorOdbc.FetchLongData
 0001:0008D908       DbxOpenOdbc.TSqlCursorOdbc.getBcd
 0001:0008DB18       DbxOpenOdbc.TSqlCursorOdbc.getBlob
 0001:0008DDB0       DbxOpenOdbc.TSqlCursorOdbc.getBlobSize
 0001:0008DFCC       DbxOpenOdbc.TSqlCursorOdbc.getBytes
 0001:0008E1F0       DbxOpenOdbc.TSqlCursorOdbc.getColumnCount
 0001:0008E208       DbxOpenOdbc.TSqlCursorOdbc.getColumnLength
 0001:0008E6F4       DbxOpenOdbc.TSqlCursorOdbc.getColumnName
 0001:0008E720       DbxOpenOdbc.TSqlCursorOdbc.getColumnNameLength
 0001:0008E758       DbxOpenOdbc.TSqlCursorOdbc.getColumnPrecision
 0001:0008E864       DbxOpenOdbc.TSqlCursorOdbc.getColumnScale
 0001:0008E8F4       DbxOpenOdbc.TSqlCursorOdbc.getColumnType
 0001:0008E948       DbxOpenOdbc.TSqlCursorOdbc.getDate
 0001:0008EB8C       DbxOpenOdbc.TSqlCursorOdbc.getDouble
 0001:0008ED90       DbxOpenOdbc.TSqlCursorOdbc.getErrorMessage
 0001:0008EE2C       DbxOpenOdbc.TSqlCursorOdbc.getErrorMessageLen
 0001:0008EE8C       DbxOpenOdbc.TSqlCursorOdbc.getLong
 0001:0008F084       DbxOpenOdbc.TSqlCursorOdbc.GetOption
 0001:0008F090       DbxOpenOdbc.TSqlCursorOdbc.getShort
 0001:0008F2A0       DbxOpenOdbc.TSqlCursorOdbc.getString
 0001:0008F66C       DbxOpenOdbc.TSqlCursorOdbc.getTime
 0001:0008F880       DbxOpenOdbc.TSqlCursorOdbc.getTimeStamp
 0001:0008FAD8       DbxOpenOdbc.TSqlCursorOdbc.isAutoIncrement
 0001:0008FC18       DbxOpenOdbc.TSqlCursorOdbc.isBlobSizeExact
[...]
 22317 0001:00098A46 22319 0001:00098A54 22326 0001:00098AB6 22328 0001:00098ACB
 22334 0001:00098D68 22336 0001:00098D90 22338 0001:00098DCF 22339 0001:00098DDB
 22340 0001:00098DF0 22341 0001:00098DFE 22343 0001:00098E0F 22345 0001:00098E1D
 22346 0001:00098E26 22348 0001:00098E41 22351 0001:00098E69 22352 0001:00098E75
 22354 0001:00098E90 22355 0001:00098E98 22358 0001:00098EDB 22361 0001:00098EE6
 22364 0001:00098EEF 22365 0001:00098EFB 22367 0001:00098F04 22369 0001:00098F0B
 22370 0001:00098F18 22373 0001:00098FC8 22377 0001:00098FDB 22379 0001:00098FE9
 22381 0001:0009903A 22383 0001:00099047 22385 0001:0009904D 22389 0001:0009906D
 22395 0001:00099077 22399 0001:000990CF 22400 0001:000990DD 22402 0001:000990EE
 22404 0001:0009910B 22405 0001:0009911C 22407 0001:0009912C 22408 0001:00099139
 22410 0001:000991E9 22411 0001:000991EE 22413 0001:00099209 22415 0001:00099232
 22416 0001:00099283 22417 0001:0009928C 22420 0001:000992A4 22381 0001:000992AC
 22427 0001:000992B9 22312 0001:000992CC 22430 0001:000992D6 22431 0001:000992E9
 22432 0001:000992F2 22433 0001:000993E9 22434 0001:00099400 22435 0001:00099409
 22437 0001:00099500 22127 0001:00099506 22441 0001:00099512 22443 0001:00099535
 22445 0001:0009954C 22446 0001:000995BE 22447 0001:00099630 22448 0001:000996A2
 22441 0001:000996A8 22449 0001:000996B4 22451 0001:000996D7 22453 0001:000996EB
 22454 0001:0009975A 22456 0001:000997CC 22457 0001:0009983B 22459 0001:000998AD
 22460 0001:0009991C 22462 0001:0009998E 22463 0001:000999FD 22464 0001:00099A6C
 22465 0001:00099AA9 22449 0001:00099AAF 22469 0001:00099ABB 22471 0001:00099AC8
 22472 0001:00099AD6 22473 0001:00099AE2 22474 0001:00099AF0 22475 0001:00099AFC
 22476 0001:00099B0A 22477 0001:00099B16 22478 0001:00099B24 22479 0001:00099B30
 22480 0001:00099B3E 22481 0001:00099B4A 22482 0001:00099B58 22483 0001:00099B64
 22484 0001:00099B72 22485 0001:00099B7E 22486 0001:00099B8C 22488 0001:00099B98
 22489 0001:00099BA7 22490 0001:00099BB6 22491 0001:00099BC5 22492 0001:00099BD4
 22493 0001:00099BE3 22494 0001:00099BF2 22497 0001:00099C01 22500 0001:00099C1D
 22501 0001:00099C25 22507 0001:00099C2D 22508 0001:00099C35 22509 0001:00099C40
 22510 0001:00099C4B 22511 0001:00099C56 22512 0001:00099C61 22513 0001:00099C6C
 22514 0001:00099C77 22515 0001:00099C82 22516 0001:00099C8D 22517 0001:00099C98
 22519 0001:00099CA3 22522 0001:00099CAC 22523 0001:00099CC3 22526 0001:00099CDC
 22533 0001:00099D2F 22539 0001:0009A1D8 22540 0001:0009A203 22541 0001:0009A20F
 22543 0001:0009A21A 22546 0001:0009A259 22549 0001:0009A2DD 22551 0001:0009A2E5
 22552 0001:0009A31F 22554 0001:0009A332 22559 0001:0009A348 22562 0001:0009A3BC
 22564 0001:0009A3C4 22565 0001:0009A3FE 22567 0001:0009A411 22572 0001:0009A427
 22573 0001:0009A45E 22575 0001:0009A471 22578 0001:0009A484 22581 0001:0009A491
 22586 0001:0009A4B2 22590 0001:0009A4C8 22592 0001:0009A4D5 22594 0001:0009A4E8
 22597 0001:0009A4F3 22598 0001:0009A507 22604 0001:0009A530 22605 0001:0009A553
 22606 0001:0009A55D 22608 0001:0009A568 22611 0001:0009A5A7 22614 0001:0009A5FD
 22616 0001:0009A605 22617 0001:0009A62A 22619 0001:0009A63D 22624 0001:0009A653
 22627 0001:0009A699 22629 0001:0009A6A1 22630 0001:0009A6C6 22632 0001:0009A6D9
 22637 0001:0009A6EF 22638 0001:0009A714 22640 0001:0009A724 22643 0001:0009A737
 22646 0001:0009A744 22651 0001:0009A765 22655 0001:0009A77B 22657 0001:0009A788
 22659 0001:0009A796 22662 0001:0009A7A1 22663 0001:0009A7B5 22666 0001:0009A7DC
 22668 0001:0009A7F7 22670 0001:0009A7FD 22671 0001:0009A802 22673 0001:0009A807
 22674 0001:0009A815 22676 0001:0009A82B 22677 0001:0009A82D 22680 0001:0009A838
 22681 0001:0009A843 22684 0001:0009A84C 22690 0001:0009A87C 22692 0001:0009A89C
 22694 0001:0009A89E 22695 0001:0009A8A5 22696 0001:0009A8AC 22697 0001:0009A8B5
 22698 0001:0009A8C3 22706 0001:0009A8CD 22710 0001:0009A978 22712 0001:0009A993
 22714 0001:0009A999 22715 0001:0009A99E 22717 0001:0009A9A3 22718 0001:0009A9B1
 22720 0001:0009A9CB 22721 0001:0009A9CD 22724 0001:0009A9DD 22725 0001:0009A9ED
 22729 0001:0009A9F6 22730 0001:0009AA06 22733 0001:0009AA0F 22739 0001:0009AA3F
 22741 0001:0009AA5F 22743 0001:0009AA61 22744 0001:0009AA68 22745 0001:0009AA71
 22746 0001:0009AA79 22747 0001:0009AA87 22755 0001:0009AA91 22758 0001:0009AB40
 22760 0001:0009AB48 22761 0001:0009AB4B 22763 0001:0009AB5A 22764 0001:0009AB68
 22767 0001:0009AB6C 22772 0001:0009AB71 22819 0001:0009AB78 22821 0001:0009AB90
 22823 0001:0009AB9D 22824 0001:0009ABA3 22826 0001:0009ABA9 22830 0001:0009ABAD
 22831 0001:0009ABB5 22832 0001:0009ABCC 22833 0001:0009ABE6 22835 0001:0009AC00
 22836 0001:0009AC0D 22837 0001:0009AC15 22839 0001:0009AC1E 22840 0001:0009AC2E
 22841 0001:0009AC35 22843 0001:0009AC3F 22844 0001:0009AC4F 22845 0001:0009AC56
 22847 0001:0009AC60 22848 0001:0009AC70 22849 0001:0009AC77 22851 0001:0009AC81
 22852 0001:0009AC91 22853 0001:0009AC9A 22855 0001:0009ACA4 22856 0001:0009ACB4
 22857 0001:0009ACBD 22859 0001:0009ACC7 22860 0001:0009ACD7 22861 0001:0009ACE0
 22869 0001:0009ACEA 22874 0001:0009ADB4 22876 0001:0009ADC0 22878 0001:0009ADC7
 22880 0001:0009ADD0 22881 0001:0009ADDF 22882 0001:0009ADEB 22878 0001:0009ADEC
 22883 0001:0009ADF1 22885 0001:0009ADF9 22890 0001:0009AE05 22912 0001:0009AE14
 22914 0001:0009AE46 22915 0001:0009AE4B 22916 0001:0009AE50 22917 0001:0009AE55
 22918 0001:0009AE5A 22919 0001:0009AE62 22922 0001:0009AE67 22923 0001:0009AE73
 22927 0001:0009AEA5 22928 0001:0009AEB1 22932 0001:0009AEBF 22933 0001:0009AEC4
 22934 0001:0009AEC9 22936 0001:0009AED6 22937 0001:0009AEDE 22938 0001:0009AEEA
 22941 0001:0009AEEF 22952 0001:0009AF05 22956 0001:0009AF23 22957 0001:0009AF37
 22960 0001:0009AF3E 22965 0001:0009AF5E 22966 0001:0009AF67 22968 0001:0009B02B
 22969 0001:0009B030 22970 0001:0009B03F 22971 0001:0009B054 22972 0001:0009B069
 22973 0001:0009B07E 22975 0001:0009B093 22976 0001:0009B098 22977 0001:0009B09D
 22979 0001:0009B0A2 22980 0001:0009B0B4 22982 0001:0009B0C4 22983 0001:0009B0CB
 22984 0001:0009B0D2 22986 0001:0009B0D9 22989 0001:0009B0E3 22990 0001:0009B0EC
 22992 0001:0009B1B6 22993 0001:0009B1D5 22995 0001:0009B1E3 22996 0001:0009B20C
 22997 0001:0009B235 22999 0001:0009B265 22986 0001:0009B275 23004 0001:0009B27F
 23006 0001:0009B28A 23007 0001:0009B28F 23008 0001:0009B292 23009 0001:0009B29D
 23010 0001:0009B2A0 23011 0001:0009B2AB 23013 0001:0009B2AE 23014 0001:0009B2BA
 23015 0001:0009B2C6 23017 0001:0009B2DF 23018 0001:0009B2E7 23019 0001:0009B2EF
 23021 0001:0009B2F7 23024 0001:0009B300 23025 0001:0009B314 23028 0001:0009B327
 23036 0001:0009B352 23039 0001:0009B508 23040 0001:0009B50E 23042 0001:0009B510
 23043 0001:0009B51E 23045 0001:0009B587 23047 0001:0009B58D 23050 0001:0009B59F
 23051 0001:0009B5AA 23056 0001:0009B5B3 23057 0001:0009B5BC 23061 0001:0009B5C5
 23062 0001:0009B5CE 23070 0001:0009B5D7 23073 0001:0009B5E2 23075 0001:0009B602
 23077 0001:0009B604 23078 0001:0009B60B 23079 0001:0009B612 23080 0001:0009B620
 23088 0001:0009B62A 23091 0001:0009B634 23092 0001:0009B63A 23094 0001:0009B63C
 23095 0001:0009B64A 23097 0001:0009B6B3 23099 0001:0009B6B9 23102 0001:0009B6CA
 23103 0001:0009B6D2 23107 0001:0009B6DB 23108 0001:0009B6E3 23112 0001:0009B6EC
 23113 0001:0009B6F4 23122 0001:0009B6FF 23126 0001:0009B70A 23128 0001:0009B72A
 23130 0001:0009B72C 23131 0001:0009B733 23132 0001:0009B73A 23133 0001:0009B748
 23141 0001:0009B752 23146 0001:0009B75C 23147 0001:0009B77F 23148 0001:0009B78B
 23150 0001:0009B792 23152 0001:0009B7A5 23154 0001:0009B7B2 23156 0001:0009B7BF
 23159 0001:0009B7CA 23160 0001:0009B7DE 23165 0001:0009B804 23166 0001:0009B827
 23167 0001:0009B831 23169 0001:0009B838 23171 0001:0009B84B 23173 0001:0009B858
 23175 0001:0009B865 23178 0001:0009B870 23179 0001:0009B884 23182 0001:0009B8A8
 23184 0001:0009B8B0 23185 0001:0009B8B3 23187 0001:0009B8C2 23188 0001:0009B8D0
 23191 0001:0009B8D4 23196 0001:0009B8D9 23350 0001:0009B8E0 23352 0001:0009B8F8
 23354 0001:0009B905 23355 0001:0009B90B 23357 0001:0009B911 23361 0001:0009B915
 23362 0001:0009B91D 23363 0001:0009B934 23364 0001:0009B94E 23366 0001:0009B968
 23367 0001:0009B975 23368 0001:0009B97D 23370 0001:0009B986 23371 0001:0009B996
 23372 0001:0009B99D 23374 0001:0009B9A7 23375 0001:0009B9B7 23376 0001:0009B9BE
 23378 0001:0009B9C8 23379 0001:0009B9D8 23380 0001:0009B9DF 23382 0001:0009B9E9
 23383 0001:0009B9F9 23384 0001:0009BA00 23386 0001:0009BA0A 23387 0001:0009BA1A
 23388 0001:0009BA23 23390 0001:0009BA2D 23391 0001:0009BA3D 23392 0001:0009BA46
 23394 0001:0009BA50 23395 0001:0009BA60 23396 0001:0009BA69 23398 0001:0009BA73
 23399 0001:0009BA83 23400 0001:0009BA8A 23402 0001:0009BA94 23403 0001:0009BAA4
 23404 0001:0009BAAD 23406 0001:0009BAB7 23407 0001:0009BAC7 23408 0001:0009BAD0
 23410 0001:0009BADA 23411 0001:0009BAEA 23412 0001:0009BAF3 23414 0001:0009BAFD
 23415 0001:0009BB0D 23416 0001:0009BB16 23418 0001:0009BB20 23419 0001:0009BB30
 23420 0001:0009BB39 23428 0001:0009BB43 23433 0001:0009BCB4 23435 0001:0009BCC0
 23437 0001:0009BCC7 23439 0001:0009BCD0 23440 0001:0009BCDF 23441 0001:0009BCEB
 23437 0001:0009BCEC 23442 0001:0009BCF1 23444 0001:0009BCF9 23446 0001:0009BD00
 23448 0001:0009BD09 23449 0001:0009BD18 23450 0001:0009BD24 23446 0001:0009BD25
 23451 0001:0009BD2A 23453 0001:0009BD32 23458 0001:0009BD3E 23530 0001:0009BD50
 23531 0001:0009BD6C 23532 0001:0009BD80 23534 0001:0009BD96 23535 0001:0009BDB1
 23537 0001:0009BDC3 23538 0001:0009BDCA 23539 0001:0009BDD9 23541 0001:0009BDDF
 23542 0001:0009BDF0 23543 0001:0009BDFE 23544 0001:0009BE11 23545 0001:0009BE1A
 23547 0001:0009BE1E 23548 0001:0009BE39 23549 0001:0009BE3F 23551 0001:0009BE52
 23555 0001:0009BE5C 23558 0001:0009BE64 23560 0001:0009BE88 23565 0001:0009BEB3
 23566 0001:0009BEB8 23567 0001:0009BEBD 23568 0001:0009BEC2 23569 0001:0009BEC7
 23570 0001:0009BECC 23571 0001:0009BED4 23574 0001:0009BEDC 23575 0001:0009BEEC
 23580 0001:0009BF8C 23581 0001:0009BF9B 23585 0001:0009BFA9 23586 0001:0009BFB1
 23587 0001:0009BFB9 23589 0001:0009BFC6 23590 0001:0009BFD7 23591 0001:0009BFE3
 23594 0001:0009BFEB 23596 0001:0009C004 23597 0001:0009C006 23600 0001:0009C015
 23603 0001:0009C017 23605 0001:0009C01F 23607 0001:0009C028 23608 0001:0009C043
 23610 0001:0009C04D 23612 0001:0009C056 23613 0001:0009C071 23615 0001:0009C07B
 23617 0001:0009C091 23618 0001:0009C0AD 23620 0001:0009C0BF 23623 0001:0009C101
 23624 0001:0009C119 23625 0001:0009C126 23628 0001:0009C130 23630 0001:0009C13B
 23632 0001:0009C149 23633 0001:0009C165 23637 0001:0009C170 23638 0001:0009C176
 23639 0001:0009C17E 23641 0001:0009C183 23642 0001:0009C192 23644 0001:0009C194
 23645 0001:0009C1A4 23648 0001:0009C1AE 23649 0001:0009C1BE 23654 0001:0009C2EC
 23659 0001:0009C36C 23660 0001:0009C377 23662 0001:0009C472 23663 0001:0009C481
 23664 0001:0009C499 23665 0001:0009C4A6 23666 0001:0009C4BE 23667 0001:0009C4D6
 23668 0001:0009C4EE 23669 0001:0009C506 23670 0001:0009C51E 23672 0001:0009C536
 23673 0001:0009C551 23674 0001:0009C56C 23675 0001:0009C581 23681 0001:0009C596
 23682 0001:0009C59C 23683 0001:0009C5A2 23684 0001:0009C5AA 23687 0001:0009C5B2
 23688 0001:0009C5CD 23689 0001:0009C5DB 23690 0001:0009C5F3 23692 0001:0009C606
 23693 0001:0009C60D 23696 0001:0009C616 23697 0001:0009C628 23699 0001:0009C63A
 23705 0001:0009C64F 23708 0001:0009C65A 23709 0001:0009C665 23717 0001:0009C760
 23718 0001:0009C766 23720 0001:0009C772 23721 0001:0009C774 23724 0001:0009C795
 23729 0001:0009C7AA 23733 0001:0009C7AF 23735 0001:0009C7BA 23736 0001:0009C7D5
 23737 0001:0009C7E2 23738 0001:0009C7F3 23740 0001:0009C800 23741 0001:0009C803
 23743 0001:0009C82B 23745 0001:0009C832 23747 0001:0009C83B 23749 0001:0009C844
 23751 0001:0009C84D 23756 0001:0009C854 23757 0001:0009C85D 23759 0001:0009C866
 23761 0001:0009C86F 23762 0001:0009C875 23764 0001:0009C87D 23766 0001:0009C885
 23767 0001:0009C88E 23770 0001:0009C897 23771 0001:0009C8A4 23773 0001:0009C8BB
 23775 0001:0009C8C4 23778 0001:0009C8F1 23779 0001:0009C8FB 23781 0001:0009C937
 23782 0001:0009C942 23783 0001:0009C94D 23785 0001:0009C9B4 23786 0001:0009C9BE
 23788 0001:0009C9C6 23789 0001:0009C9CC 23790 0001:0009C9D2 23791 0001:0009C9D5
 23795 0001:0009C9DD 23796 0001:0009C9E3 23797 0001:0009C9E9 23799 0001:0009C9F1
 23802 0001:0009C9F9 23705 0001:0009CA0E 23813 0001:0009CA19 23819 0001:0009CAF7
 23824 0001:0009CAF9 23828 0001:0009CB64 23830 0001:0009CB69 23832 0001:0009CB71
 23833 0001:0009CB7A 23842 0001:0009CB92 23844 0001:0009CBA2 23846 0001:0009CC5D
 23849 0001:0009CC6C 23850 0001:0009CC7B 23852 0001:0009CC9D 23854 0001:0009CCB9
 23855 0001:0009CCBF 23856 0001:0009CCC2 23857 0001:0009CD17 23858 0001:0009CD24
 23859 0001:0009CD27 23861 0001:0009CD54 23863 0001:0009CD5D 23865 0001:0009CD66
 23867 0001:0009CD6F 23869 0001:0009CD78 23872 0001:0009CD7F 23873 0001:0009CD8D
 23874 0001:0009CD9B 23875 0001:0009CDAA 23876 0001:0009CDB6 23877 0001:0009CDC4
 23878 0001:0009CDCA 23879 0001:0009CDD7 23882 0001:0009CE65 23883 0001:0009CE71
 23885 0001:0009CE83 23888 0001:0009CE95 23891 0001:0009CEA7 23893 0001:0009CEB9
 23895 0001:0009CECB 23897 0001:0009CEDD 23899 0001:0009CEEF 23901 0001:0009CF01
 23903 0001:0009CF13 23905 0001:0009CF68 23907 0001:0009CF7A 23909 0001:0009CFCD
 23911 0001:0009CFDF 23913 0001:0009CFF1 23915 0001:0009D003 23917 0001:0009D015
 23919 0001:0009D027 23921 0001:0009D039 23923 0001:0009D048 23925 0001:0009D057
 23927 0001:0009D066 23929 0001:0009D075 23931 0001:0009D084 23933 0001:0009D093
 23936 0001:0009D0A2 23938 0001:0009D0B1 23941 0001:0009D0BE 23942 0001:0009D0ED
 23943 0001:0009D0F5 23850 0001:0009D0F6 23951 0001:0009D102 23952 0001:0009D10E
 23958 0001:0009D142 23959 0001:0009D14C 23960 0001:0009D156 23961 0001:0009D160
 23962 0001:0009D16A 23963 0001:0009D174 23965 0001:0009D18F 23966 0001:0009D19E
 23967 0001:0009D1C6 23968 0001:0009D1EE 23969 0001:0009D216 23963 0001:0009D217
 23970 0001:0009D223 23972 0001:0009D23A 23973 0001:0009D249 23974 0001:0009D271
 23975 0001:0009D299 23970 0001:0009D29A 23979 0001:0009D2A2 23981 0001:0009D2AF
 23982 0001:0009D2BD 23983 0001:0009D2C9 23984 0001:0009D2D7 23985 0001:0009D2E3
 23986 0001:0009D2F1 23987 0001:0009D2FD 23988 0001:0009D30B 23989 0001:0009D317
 23990 0001:0009D325 23992 0001:0009D331 23993 0001:0009D340 23994 0001:0009D34F
 23995 0001:0009D35E 23996 0001:0009D36D 23998 0001:0009D389 23999 0001:0009D391
 24000 0001:0009D399 24001 0001:0009D3A1 24002 0001:0009D3A9 24004 0001:0009D3B1
 24007 0001:0009D3BA 24008 0001:0009D3D1 24011 0001:0009D3EA 24018 0001:0009D43D
 24021 0001:0009D8C0 24022 0001:0009D8C6 24024 0001:0009D8C8 24025 0001:0009D8D6
 24027 0001:0009D93F 24029 0001:0009D945 24032 0001:0009D95D 24033 0001:0009D968
 24037 0001:0009D971 24038 0001:0009D97F 24042 0001:0009D988 24043 0001:0009D996
 24047 0001:0009D99F 24048 0001:0009D9A6 24057 0001:0009D9B1 24061 0001:0009D9BC
 24063 0001:0009D9DC 24065 0001:0009D9DE 24066 0001:0009D9E5 24067 0001:0009D9EC
 24068 0001:0009D9F5 24069 0001:0009DA03 24077 0001:0009DA0D 24081 0001:0009DA18
 24082 0001:0009DA1E 24084 0001:0009DA20 24085 0001:0009DA2E 24087 0001:0009DA9B
 24089 0001:0009DAA5 24092 0001:0009DAE1 24093 0001:0009DAF1 24097 0001:0009DAFD
 24098 0001:0009DB0D 24102 0001:0009DB19 24103 0001:0009DB29 24107 0001:0009DB32
 24108 0001:0009DB42 24112 0001:0009DB4B 24113 0001:0009DB5B 24117 0001:0009DB64
 24118 0001:0009DB74 24122 0001:0009DB7D 24123 0001:0009DB85 24132 0001:0009DB90
 24136 0001:0009DB9B 24138 0001:0009DBBB 24140 0001:0009DBBD 24141 0001:0009DBC4
 24142 0001:0009DBCC 24143 0001:0009DBD5 24144 0001:0009DBE3 24152 0001:0009DBED
 24157 0001:0009DBF8 24158 0001:0009DC1B 24159 0001:0009DC27 24160 0001:0009DC38
 24162 0001:0009DC3A 24164 0001:0009DC6D 24166 0001:0009DC7D 24168 0001:0009DC8D
 24170 0001:0009DC9D 24172 0001:0009DCAA 24175 0001:0009DCB5 24176 0001:0009DCC9
 24181 0001:0009DCF0 24182 0001:0009DD13 24183 0001:0009DD1D 24184 0001:0009DD2E
 24186 0001:0009DD30 24188 0001:0009DD63 24190 0001:0009DD73 24192 0001:0009DD83
 24194 0001:0009DD93 24196 0001:0009DDA0 24199 0001:0009DDAB 24200 0001:0009DDBF
 24203 0001:0009DDE4 24205 0001:0009DDEC 24206 0001:0009DDEF 24208 0001:0009DDFE
 24209 0001:0009DE0C 24212 0001:0009DE10 24217 0001:0009DE15 24224 0001:0009DE1C
 24225 0001:0009DE25 24227 0001:0009DE2F 24228 0001:0009DE31 24229 0001:0009DE34
 24231 0001:0009DE39 24232 0001:0009DE3F 24234 0001:0009DE47 24235 0001:0009DE4A
 24236 0001:0009DE4D 24240 0001:0009DE56 24245 0001:0009DE5C 24248 0001:0009DE67
 24249 0001:0009DE69 24250 0001:0009DE6F 24251 0001:0009DE76 24246 0001:0009DE82
 24259 0001:0009DE89 24260 0001:0009DE8E 24263 0001:0009DE98 24264 0001:0009DEA3
 24265 0001:0009DEA9 24266 0001:0009DEB5 24269 0001:0009DEC4 24270 0001:0009DECD
 24271 0001:0009DED9 24277 0001:0009DEE8 24278 0001:0009DEF3 24280 0001:0009DEF8
 24281 0001:0009DEFA 24282 0001:0009DEFD 24285 0001:0009DF01 24287 0001:0009DF0D
 24289 0001:0009DF10 24282 0001:0009DF13 24291 0001:0009DF17 24296 0001:0009DF20
 24297 0001:0009DF3D 24298 0001:0009DF4B 24317 0001:0009DF5A 24324 0001:0009DF68
 24325 0001:0009DF89 24327 0001:0009DF9F 24331 0001:0009DFAF 24332 0001:0009DFBD
 24333 0001:0009DFC0 24335 0001:0009DFC4 24336 0001:0009DFC9 24337 0001:0009DFDF
 24339 0001:0009DFE3 24340 0001:0009DFED 24342 0001:0009DFF5 24333 0001:0009DFF8
 24345 0001:0009DFFC 24354 0001:0009E028 24363 0001:0009E02C 24388 0001:0009E030
 24389 0001:0009E04F 24390 0001:0009E056 24391 0001:0009E05E 24392 0001:0009E083
 24393 0001:0009E0A8 24395 0001:0009E0CD 24396 0001:0009E0F2 24397 0001:0009E117
 24398 0001:0009E13C 24401 0001:0009E161 24402 0001:0009E1AB 24413 0001:0009E1B8
 24415 0001:0009E1EB 24416 0001:0009E210 24417 0001:0009E235 24418 0001:0009E25A
 24420 0001:0009E27F 24421 0001:0009E28B 24434 0001:0009E297 24440 0001:0009E788
 24445 0001:0009E7BA

Line numbers for DbxOpenOdbc(DbxOpenOdbc.pas) segment .itext

 24436 0002:000002E0 24437 0002:000002E9 24439 0002:000002EE

Line numbers for DbxOpenOdbcStatic(DbxOpenOdbcStatic.pas) segment .text

    83 0001:0009E83C    84 0001:0009E846    90 0001:0009E848    91 0001:0009E863
    92 0001:0009E89D    94 0001:0009E8A5    95 0001:0009E8AE   101 0001:0009E90C
   102 0001:0009E927   103 0001:0009E961   105 0001:0009E969   106 0001:0009E972
   112 0001:0009E9D0   113 0001:0009E9D6   114 0001:0009E9E7   116 0001:0009E9F0
   117 0001:0009E9F3   127 0001:0009E9F8   128 0001:0009EA13   129 0001:0009EA21
   130 0001:0009EA47   132 0001:0009EA88   134 0001:0009EA9F   136 0001:0009EAAC
   138 0001:0009EAB2   139 0001:0009EABA   272 0001:0009EABF   274 0001:0009EACE
   277 0001:0009EADE   279 0001:0009EAED   283 0001:0009EAFA   285 0001:0009EB09
   288 0001:0009EB16   290 0001:0009EB25   294 0001:0009EB32   296 0001:0009EB41
   299 0001:0009EB4E   301 0001:0009EB5D   305 0001:0009EB6A   306 0001:0009EB72
   308 0001:0009EC70   313 0001:0009EC78   315 0001:0009EC89   316 0001:0009EC90
   319 0001:0009EC96   320 0001:0009ECA4   325 0001:0009ECB0   327 0001:0009ECB9
   328 0001:0009ECC0   330 0001:0009ECC8   331 0001:0009ECD4   332 0001:0009ECDE
   334 0001:0009ECE6   337 0001:0009ECF0   338 0001:0009ECF7   340 0001:0009ECFF
   341 0001:0009ED09   342 0001:0009ED13   343 0001:0009ED1D   345 0001:0009ED27
   351 0001:0009ED28   354 0001:0009ED36   364 0001:0009EDAA   365 0001:0009EDB6
   367 0001:0009EDBF   368 0001:0009EDC7   371 0001:0009EDC8   375 0001:0009EDCD
   376 0001:0009EDDE   386 0001:0009EE6A   387 0001:0009EE76   389 0001:0009EE7F
   390 0001:0009EE87   393 0001:0009EE88   395 0001:0009EE8D   405 0001:0009EFE4
   407 0001:0009F002

Line numbers for DbxOpenOdbcStatic(DbxOpenOdbcStatic.pas) segment .itext

   397 0002:000002F0   398 0002:000002FF   399 0002:00000304   400 0002:0000030E
   402 0002:00000335   404 0002:0000035A

Line numbers for .dbxoodbc_emb(.\..\..\..\source\packages\pkg\dbxoodbc.dpk) segment .itext

    77 0002:000003D4

Bound resource files

dbxoodbc_man_icn.res
dbxoodbc_ver.res
C:\TEMP\dtfF43.tmp


Program entry point at 0002:000003D4
