
 Start         Length     Name                   Class
 0001:00401000 00041110H .text                   CODE
 0002:00443000 0000020CH .itext                  ICODE
 0003:00444000 00000588H .data                   DATA
 0004:00445000 0000005CH .bss                    BSS
 0005:00000000 00000000H .tls                    TLS


Detailed map of segments

 0001:00000000 0000027E C=CODE     S=.text    G=(none)   M=System   ACBP=A9
 0001:00000280 000001C3 C=CODE     S=.text    G=(none)   M=SysInit  ACBP=A9
 0001:00000444 00000138 C=CODE     S=.text    G=(none)   M=Windows  ACBP=A9
 0001:0000057C 000000D6 C=CODE     S=.text    G=(none)   M=SysUtils ACBP=A9
 0001:00000654 00000006 C=CODE     S=.text    G=(none)   M=StrUtils ACBP=A9
 0001:0000065C 0000003E C=CODE     S=.text    G=(none)   M=Classes  ACBP=A9
 0001:0000069C 00000006 C=CODE     S=.text    G=(none)   M=TypInfo  ACBP=A9
 0001:000006A4 00000056 C=CODE     S=.text    G=(none)   M=Variants ACBP=A9
 0001:000006FC 00000006 C=CODE     S=.text    G=(none)   M=VarUtils ACBP=A9
 0001:00000704 0000002E C=CODE     S=.text    G=(none)   M=ClassRegistry ACBP=A9
 0001:00000734 0000005E C=CODE     S=.text    G=(none)   M=DB       ACBP=A9
 0001:00000794 00000006 C=CODE     S=.text    G=(none)   M=WideStrings ACBP=A9
 0001:0000079C 00000006 C=CODE     S=.text    G=(none)   M=WideStrUtils ACBP=A9
 0001:000007A4 00000006 C=CODE     S=.text    G=(none)   M=FMTBcd   ACBP=A9
 0001:000007AC 00000006 C=CODE     S=.text    G=(none)   M=SqlTimSt ACBP=A9
 0001:000007B4 00000006 C=CODE     S=.text    G=(none)   M=ComObj   ACBP=A9
 0001:000007BC 00000296 C=CODE     S=.text    G=(none)   M=DBXCommon ACBP=A9
 0001:00000A54 00000006 C=CODE     S=.text    G=(none)   M=Registry ACBP=A9
 0001:00000A5C 00000006 C=CODE     S=.text    G=(none)   M=IniFiles ACBP=A9
 0001:00000A64 0000002E C=CODE     S=.text    G=(none)   M=DBXPlatform ACBP=A9
 0001:00000A94 0000000E C=CODE     S=.text    G=(none)   M=DBClient ACBP=A9
 0001:00000AA4 00000006 C=CODE     S=.text    G=(none)   M=DSIntf   ACBP=A9
 0001:00000AAC 00000006 C=CODE     S=.text    G=(none)   M=Provider ACBP=A9
 0001:00000AB4 0000007E C=CODE     S=.text    G=(none)   M=DBXDynalink ACBP=A9
 0001:00000B34 00000016 C=CODE     S=.text    G=(none)   M=DBXDynalinkNative ACBP=A9
 0001:00000B4C 00000306 C=CODE     S=.text    G=(none)   M=DBXMetaDataReader ACBP=A9
 0001:00000E54 00000056 C=CODE     S=.text    G=(none)   M=DBXMetaDataCommand ACBP=A9
 0001:00000EAC 00000066 C=CODE     S=.text    G=(none)   M=DBXMetaDataCommandFactory ACBP=A9
 0001:00000F14 00037CDC C=CODE     S=.text    G=(none)   M=Dbx34DrvDbms ACBP=A9
 0001:00038BF0 0000198E C=CODE     S=.text    G=(none)   M=DbxOpenOdbcApiHook ACBP=A9
 0001:0003A580 00000006 C=CODE     S=.text    G=(none)   M=SqlExpr  ACBP=A9
 0001:0003A588 00000A63 C=CODE     S=.text    G=(none)   M=DbxDBFix ACBP=A9
 0001:0003AFEC 00000042 C=CODE     S=.text    G=(none)   M=DbxXXDrv ACBP=A9
 0001:0003B030 00005E88 C=CODE     S=.text    G=(none)   M=Dbx34Drv ACBP=A9
 0001:00040EB8 00000257 C=CODE     S=.text    G=(none)   M=.dbxoodbc ACBP=A9
 0002:00000000 00000006 C=ICODE    S=.itext   G=(none)   M=System   ACBP=A9
 0002:00000008 00000011 C=ICODE    S=.itext   G=(none)   M=Windows  ACBP=A9
 0002:0000001C 00000006 C=ICODE    S=.itext   G=(none)   M=SysUtils ACBP=A9
 0002:00000024 00000006 C=ICODE    S=.itext   G=(none)   M=Classes  ACBP=A9
 0002:0000002C 00000006 C=ICODE    S=.itext   G=(none)   M=TypInfo  ACBP=A9
 0002:00000034 00000006 C=ICODE    S=.itext   G=(none)   M=Variants ACBP=A9
 0002:0000003C 00000006 C=ICODE    S=.itext   G=(none)   M=VarUtils ACBP=A9
 0002:00000044 00000006 C=ICODE    S=.itext   G=(none)   M=ClassRegistry ACBP=A9
 0002:0000004C 00000006 C=ICODE    S=.itext   G=(none)   M=DB       ACBP=A9
 0002:00000054 00000006 C=ICODE    S=.itext   G=(none)   M=WideStrings ACBP=A9
 0002:0000005C 00000006 C=ICODE    S=.itext   G=(none)   M=FMTBcd   ACBP=A9
 0002:00000064 00000006 C=ICODE    S=.itext   G=(none)   M=SqlTimSt ACBP=A9
 0002:0000006C 00000006 C=ICODE    S=.itext   G=(none)   M=ComObj   ACBP=A9
 0002:00000074 00000006 C=ICODE    S=.itext   G=(none)   M=DBXCommon ACBP=A9
 0002:0000007C 00000006 C=ICODE    S=.itext   G=(none)   M=Registry ACBP=A9
 0002:00000084 00000006 C=ICODE    S=.itext   G=(none)   M=IniFiles ACBP=A9
 0002:0000008C 00000006 C=ICODE    S=.itext   G=(none)   M=DBClient ACBP=A9
 0002:00000094 00000006 C=ICODE    S=.itext   G=(none)   M=DSIntf   ACBP=A9
 0002:0000009C 00000006 C=ICODE    S=.itext   G=(none)   M=Provider ACBP=A9
 0002:000000A4 00000006 C=ICODE    S=.itext   G=(none)   M=DBXDynalink ACBP=A9
 0002:000000AC 00000082 C=ICODE    S=.itext   G=(none)   M=Dbx34DrvDbms ACBP=A9
 0002:00000130 00000008 C=ICODE    S=.itext   G=(none)   M=DbxOpenOdbcApiHook ACBP=A9
 0002:00000138 00000006 C=ICODE    S=.itext   G=(none)   M=SqlExpr  ACBP=A9
 0002:00000140 00000011 C=ICODE    S=.itext   G=(none)   M=DbxDBFix ACBP=A9
 0002:00000154 00000008 C=ICODE    S=.itext   G=(none)   M=DbxXXDrv ACBP=A9
 0002:0000015C 000000A8 C=ICODE    S=.itext   G=(none)   M=Dbx34Drv ACBP=A9
 0002:00000204 00000005 C=ICODE    S=.itext   G=(none)   M=.dbxoodbc ACBP=A9
 0003:00000000 0000002C C=DATA     S=.data    G=DGROUP   M=SysInit  ACBP=A9
 0003:0000002C 00000540 C=DATA     S=.data    G=DGROUP   M=DbxOpenOdbcApiHook ACBP=A9
 0003:0000056C 00000001 C=DATA     S=.data    G=DGROUP   M=Dbx34Drv ACBP=A9
 0004:00000000 0000000C C=BSS      S=.bss     G=DGROUP   M=SysInit  ACBP=A9
 0004:0000000C 00000008 C=BSS      S=.bss     G=DGROUP   M=Windows  ACBP=A9
 0004:00000014 00000004 C=BSS      S=.bss     G=DGROUP   M=Dbx34DrvDbms ACBP=A9
 0004:00000018 00000004 C=BSS      S=.bss     G=DGROUP   M=DbxOpenOdbcApiHook ACBP=A9
 0004:0000001C 00000038 C=BSS      S=.bss     G=DGROUP   M=DbxDBFix ACBP=A9
 0004:00000054 00000004 C=BSS      S=.bss     G=DGROUP   M=DbxXXDrv ACBP=A9
 0004:00000058 00000004 C=BSS      S=.bss     G=DGROUP   M=Dbx34Drv ACBP=A9


  Address             Publics by Name

 0002:00000204       .dbxoodbc..dbxoodbc
 0001:000410F0       .dbxoodbc.@GetPackageInfoTable
 0001:000410F8       .dbxoodbc.@PackageLoad
 0001:00041104       .dbxoodbc.@PackageUnload
 0002:00000024       Classes.Classes
 0001:00000694       Classes.Finalization
 0001:0000065C       Classes.TList.Add
 0001:00000664       Classes.TList.Delete
 0001:0000066C       Classes.TList.Get
 0001:00000674       Classes.TList.Remove
 0001:0000067C       Classes.TPersistent.Assign
 0001:00000684       Classes.TPersistent.AssignTo
 0001:0000068C       Classes.TPersistent.DefineProperties
 0002:00000044       ClassRegistry.ClassRegistry
 0001:0000072C       ClassRegistry.Finalization
 0001:00000704       ClassRegistry.TClassRegistry.CreateInstance
 0001:0000070C       ClassRegistry.TClassRegistry.GetClassRegistry
 0001:00000714       ClassRegistry.TClassRegistry.HasClass
 0001:0000071C       ClassRegistry.TClassRegistry.RegisterRegistryClass
 0001:00000724       ClassRegistry.TClassRegistry.UnregisterClass
 0002:0000006C       ComObj.ComObj
 0001:000007B4       ComObj.Finalization
 0002:0000004C       DB.DB
 0001:0000078C       DB.Finalization
 0001:00000734       DB.RegisterFields
 0001:00000774       DB.TBlobField.SetData
 0001:0000077C       DB.TBlobField.SetVarValue
 0001:00000784       DB.TDataSet.DataConvert
 0001:00000744       DB.TField.AssignValue
 0001:0000074C       DB.TField.GetData
 0001:00000754       DB.TField.GetIsNull
 0001:0000075C       DB.TField.SetData
 0001:0000073C       DB.TFields.FindField
 0001:00000764       DB.TStringField.GetValue
 0001:0000076C       DB.TStringField.SetAsString
 0002:0000008C       DBClient.DBClient
 0001:00000A9C       DBClient.Finalization
 0001:00000A94       DBClient.TCustomClientDataSet.DataConvert
 0004:00000058       Dbx34Drv..81
 0001:0003B030       Dbx34Drv..EDBXError
 0001:0003B0C0       Dbx34Drv..EDbxOODBCDriverError
 0001:0003BA38       Dbx34Drv..TDBXCustomOpenODBCMetaDataReader
 0001:0003B950       Dbx34Drv..TDBXDataExpressProviderContextOpenOdbc
 0001:0003B210       Dbx34Drv..TDBXDataTypes
 0001:0003B6E0       Dbx34Drv..TDBXDynalinkConnectionOpenOdbc
 0001:0003B614       Dbx34Drv..TDBXDynalinkDriverLoaderOpenOdbc
 0001:0003B834       Dbx34Drv..TDBXMorphicCommandOpenOdbc
 0001:0003B338       Dbx34Drv..TDbxOpenOdbcDriver
 0001:0003BC30       Dbx34Drv..TDBXOpenODBCMetaDataCommand
 0001:0003BD90       Dbx34Drv..TDBXOpenODBCMetaDataCommandFactory
 0001:0003BE5C       Dbx34Drv..TDBXOpenODBCMetaDataCommandFactoryCustom
 0001:0003BF34       Dbx34Drv..TDBXOpenODBCMetaDataReader
 0001:0003B400       Dbx34Drv..TDBXOpenOdbcProperties
 0001:0003B168       Dbx34Drv..TDBXOpenOdbcPropertyNames
 0001:0003B2A0       Dbx34Drv..TDBXPropertyNames
 0003:0000056C       Dbx34Drv.bIsDbx34Drv
 0001:0003C4D4       Dbx34Drv.CheckGetVendorPropertyCommand
 0001:0003C808       Dbx34Drv.CheckLibraryName
 0001:0003C768       Dbx34Drv.CheckLibraryPath
 0001:0003C574       Dbx34Drv.CheckPathEnvironmet
 0001:0003C868       Dbx34Drv.CheckVendorLib
 0002:0000015C       Dbx34Drv.Dbx34Drv
 0001:0003C228       Dbx34Drv.DBXStringArrayToErrorInfo
 0001:0003C114       Dbx34Drv.DBXStringArrayToNamedQueryParams
 0001:0003C388       Dbx34Drv.ErrorGetVendorPropertyCommand
 0001:00040E24       Dbx34Drv.Finalization
 0001:0003D668       Dbx34Drv.RaiseDriverVersionFailed
 0001:0003DF9C       Dbx34Drv.TDBXCustomOpenODBCMetaDataReader.CheckMetadata
 0001:0003E070       Dbx34Drv.TDBXCustomOpenODBCMetaDataReader.GetProductName
 0001:0003E160       Dbx34Drv.TDBXCustomOpenODBCMetaDataReader.GetSqlIdentifierQuoteChar
 0001:0003E0BC       Dbx34Drv.TDBXCustomOpenODBCMetaDataReader.GetSqlIdentifierQuotePrefix
 0001:0003E0DC       Dbx34Drv.TDBXCustomOpenODBCMetaDataReader.GetSqlIdentifierQuoteSuffix
 0001:0003E180       Dbx34Drv.TDBXCustomOpenODBCMetaDataReader.GetSqlProcedureQuoteChar
 0001:0003E1F0       Dbx34Drv.TDBXCustomOpenODBCMetaDataReader.GetUseAnsiStrings
 0001:0003DEB0       Dbx34Drv.TDBXCustomOpenODBCMetaDataReader.InitMetadata
 0001:0003E14C       Dbx34Drv.TDBXCustomOpenODBCMetaDataReader.IsDescendingIndexColumnsSupported
 0001:0003E138       Dbx34Drv.TDBXCustomOpenODBCMetaDataReader.IsDescendingIndexSupported
 0001:0003E110       Dbx34Drv.TDBXCustomOpenODBCMetaDataReader.IsLowerCaseIdentifiersSupported
 0001:0003E1A0       Dbx34Drv.TDBXCustomOpenODBCMetaDataReader.IsMultipleCommandsSupported
 0001:0003E1C8       Dbx34Drv.TDBXCustomOpenODBCMetaDataReader.IsNestedTransactionsSupported
 0001:0003E0FC       Dbx34Drv.TDBXCustomOpenODBCMetaDataReader.IsParameterMetadataSupported
 0001:0003E1DC       Dbx34Drv.TDBXCustomOpenODBCMetaDataReader.IsSetRowSizeSupported
 0001:0003E1B4       Dbx34Drv.TDBXCustomOpenODBCMetaDataReader.IsTransactionsSupported
 0001:0003E124       Dbx34Drv.TDBXCustomOpenODBCMetaDataReader.IsUpperCaseIdentifiersSupported
 0001:0003E044       Dbx34Drv.TDBXCustomOpenODBCMetaDataReader.SetContext
 0001:0003DE8C       Dbx34Drv.TDBXDataExpressProviderContextOpenOdbc.SetConnection
 0001:0003DD58       Dbx34Drv.TDBXDynalinkConnectionOpenOdbc.Close
 0001:0003DD30       Dbx34Drv.TDBXDynalinkConnectionOpenOdbc.DerivedClose
 0001:0003DD6C       Dbx34Drv.TDBXDynalinkConnectionOpenOdbc.DerivedCreateCommand
 0001:0003D644       Dbx34Drv.TDBXDynalinkConnectionOpenOdbc.DerivedGetCommands
 0001:0003D658       Dbx34Drv.TDBXDynalinkConnectionOpenOdbc.DerivedGetCommandTypes
 0001:0003D6F0       Dbx34Drv.TDBXDynalinkConnectionOpenOdbc.DerivedOpen
 0001:0003DC3C       Dbx34Drv.TDBXDynalinkConnectionOpenOdbc.DoDerivedOpenAfter
 0001:0003D874       Dbx34Drv.TDBXDynalinkConnectionOpenOdbc.DoDerivedOpenBefore
 0001:0003DD3C       Dbx34Drv.TDBXDynalinkConnectionOpenOdbc.GetDatabaseMetaData
 0001:0003D600       Dbx34Drv.TDBXDynalinkConnectionOpenOdbc.GetProductName
 0001:0003D5E0       Dbx34Drv.TDBXDynalinkConnectionOpenOdbc.GetProductVersion
 0001:0003DD98       Dbx34Drv.TDBXDynalinkConnectionOpenOdbc.GetVendorProperty
 0001:0003D5B8       Dbx34Drv.TDBXDynalinkDriverLoaderOpenOdbc.FreeOldLibrary
 0001:0003D2F8       Dbx34Drv.TDBXDynalinkDriverLoaderOpenOdbc.LoadDriverLibraryAndMethodTable
 0001:0003DE20       Dbx34Drv.TDBXMorphicCommandOpenOdbc.Create
 0001:0003DE70       Dbx34Drv.TDBXMorphicCommandOpenOdbc.DerivedExecuteQuery
 0001:0003C8C4       Dbx34Drv.TDbxOpenOdbcDriver.Create
 0001:0003C988       Dbx34Drv.TDbxOpenOdbcDriver.CreateCommandOpenOdbc
 0001:0003C9B8       Dbx34Drv.TDbxOpenOdbcDriver.CreateConnection
 0001:0003CAB8       Dbx34Drv.TDbxOpenOdbcDriver.GetDriverPropertyNames
 0001:0003CAD4       Dbx34Drv.TDbxOpenOdbcDriver.GetDriverVersion
 0001:0003CA18       Dbx34Drv.TDbxOpenOdbcDriver.LoadDriverWithConnectionBuilder
 0001:0003E20C       Dbx34Drv.TDBXOpenODBCMetaDataCommand.DerivedExecuteQuery
 0001:0003E470       Dbx34Drv.TDBXOpenODBCMetaDataCommandFactory.CreateCommand
 0001:0003E5C4       Dbx34Drv.TDBXOpenODBCMetaDataCommandFactory.CreateMetaDataReader
 0001:0003E85C       Dbx34Drv.TDBXOpenODBCMetaDataCommandFactory.CreateMetaDataReader
 0001:0003E24C       Dbx34Drv.TDBXOpenODBCMetaDataCommandFactory.GetMetaDataReaderClass
 0001:0003E580       Dbx34Drv.TDBXOpenODBCMetaDataCommandFactory.GetProductName
 0001:0003E264       Dbx34Drv.TDBXOpenODBCMetaDataCommandFactory.InitMetaDataReaderClass
 0001:0003E880       Dbx34Drv.TDBXOpenODBCMetaDataCommandFactory.RegisterMetaDataCommandFactory
 0001:0003E894       Dbx34Drv.TDBXOpenODBCMetaDataCommandFactory.UnRegisterMetaDataCommandFactory
 0001:0003E228       Dbx34Drv.TDBXOpenODBCMetaDataCommandFactoryCustom.CreateMetaDataReader
 0001:0003E8A8       Dbx34Drv.TDBXOpenODBCMetaDataReader.Create
 0001:0003E964       Dbx34Drv.TDBXOpenODBCMetaDataReader.FetchCatalogs
 0001:0003F2C0       Dbx34Drv.TDBXOpenODBCMetaDataReader.FetchColumnConstraints
 0001:0003F178       Dbx34Drv.TDBXOpenODBCMetaDataReader.FetchColumns
 0001:0003E8F0       Dbx34Drv.TDBXOpenODBCMetaDataReader.FetchDataTypes
 0001:0003F414       Dbx34Drv.TDBXOpenODBCMetaDataReader.FetchForeignKeyColumns
 0001:0003F580       Dbx34Drv.TDBXOpenODBCMetaDataReader.FetchForeignKeys
 0001:0003F6C8       Dbx34Drv.TDBXOpenODBCMetaDataReader.FetchIndexColumns
 0001:0003FA7C       Dbx34Drv.TDBXOpenODBCMetaDataReader.FetchIndexes
 0001:000405C8       Dbx34Drv.TDBXOpenODBCMetaDataReader.FetchPackageProcedureParameters
 0001:00040468       Dbx34Drv.TDBXOpenODBCMetaDataReader.FetchPackageProcedures
 0001:00040324       Dbx34Drv.TDBXOpenODBCMetaDataReader.FetchPackages
 0001:00040744       Dbx34Drv.TDBXOpenODBCMetaDataReader.FetchPackageSources
 0001:000401BC       Dbx34Drv.TDBXOpenODBCMetaDataReader.FetchProcedureParameters
 0001:0003FDD4       Dbx34Drv.TDBXOpenODBCMetaDataReader.FetchProcedures
 0001:0003FF24       Dbx34Drv.TDBXOpenODBCMetaDataReader.FetchProcedureSources
 0001:00040A64       Dbx34Drv.TDBXOpenODBCMetaDataReader.FetchReservedWords
 0001:0004097C       Dbx34Drv.TDBXOpenODBCMetaDataReader.FetchRoles
 0001:0003E9F4       Dbx34Drv.TDBXOpenODBCMetaDataReader.FetchSchemas
 0001:00040078       Dbx34Drv.TDBXOpenODBCMetaDataReader.FetchSynonyms
 0001:0003EB34       Dbx34Drv.TDBXOpenODBCMetaDataReader.FetchTables
 0001:00040894       Dbx34Drv.TDBXOpenODBCMetaDataReader.FetchUsers
 0001:0003F030       Dbx34Drv.TDBXOpenODBCMetaDataReader.FetchViews
 0001:00040BA0       Dbx34Drv.TDBXOpenODBCMetaDataReader.GetProductName
 0001:00040BE4       Dbx34Drv.TDBXOpenODBCMetaDataReader.GetReservedWords
 0001:00040C04       Dbx34Drv.TDBXOpenODBCMetaDataReader.GetSqlForColumns
 0001:00040C20       Dbx34Drv.TDBXOpenODBCMetaDataReader.GetSqlForForeignKeyColumns
 0001:00040C3C       Dbx34Drv.TDBXOpenODBCMetaDataReader.GetSqlForForeignKeys
 0001:00040C58       Dbx34Drv.TDBXOpenODBCMetaDataReader.GetSqlForIndexColumns
 0001:00040C74       Dbx34Drv.TDBXOpenODBCMetaDataReader.GetSqlForIndexes
 0001:00040C90       Dbx34Drv.TDBXOpenODBCMetaDataReader.GetSqlForPackageProcedureParameters
 0001:00040CAC       Dbx34Drv.TDBXOpenODBCMetaDataReader.GetSqlForPackageProcedures
 0001:00040CC8       Dbx34Drv.TDBXOpenODBCMetaDataReader.GetSqlForPackages
 0001:00040CE4       Dbx34Drv.TDBXOpenODBCMetaDataReader.GetSqlForPackageSources
 0001:00040D00       Dbx34Drv.TDBXOpenODBCMetaDataReader.GetSqlForProcedureParameters
 0001:00040D1C       Dbx34Drv.TDBXOpenODBCMetaDataReader.GetSqlForProcedures
 0001:00040D38       Dbx34Drv.TDBXOpenODBCMetaDataReader.GetSqlForProcedureSources
 0001:00040D54       Dbx34Drv.TDBXOpenODBCMetaDataReader.GetSqlForRoles
 0001:00040D70       Dbx34Drv.TDBXOpenODBCMetaDataReader.GetSqlForSchemas
 0001:00040D8C       Dbx34Drv.TDBXOpenODBCMetaDataReader.GetSqlForSynonyms
 0001:00040DA8       Dbx34Drv.TDBXOpenODBCMetaDataReader.GetSqlForTables
 0001:00040DC4       Dbx34Drv.TDBXOpenODBCMetaDataReader.GetSqlForUsers
 0001:00040DE0       Dbx34Drv.TDBXOpenODBCMetaDataReader.GetSqlForViews
 0001:00040DFC       Dbx34Drv.TDBXOpenODBCMetaDataReader.IsNestedTransactionsSupported
 0001:00040E10       Dbx34Drv.TDBXOpenODBCMetaDataReader.IsSetRowSizeSupported
 0001:0003CB20       Dbx34Drv.TDBXOpenOdbcProperties.Create
 0001:0003CEFC       Dbx34Drv.TDBXOpenOdbcProperties.GetBlobSize
 0001:0003CCDC       Dbx34Drv.TDBXOpenOdbcProperties.GetConnectionString
 0001:0003D268       Dbx34Drv.TDBXOpenOdbcProperties.GetCustomString
 0001:0003CD7C       Dbx34Drv.TDBXOpenOdbcProperties.GetDatabase
 0001:0003D0C8       Dbx34Drv.TDBXOpenOdbcProperties.GetDecimalSeparator
 0001:0003D000       Dbx34Drv.TDBXOpenOdbcProperties.GetOdbcTransIsolation
 0001:0003CE7C       Dbx34Drv.TDBXOpenOdbcProperties.GetPassWord
 0001:0003D168       Dbx34Drv.TDBXOpenOdbcProperties.GetTrimChar
 0001:0003CDFC       Dbx34Drv.TDBXOpenOdbcProperties.GetUserName
 0001:0003CF80       Dbx34Drv.TDBXOpenOdbcProperties.SetBlobSize
 0001:0003CD2C       Dbx34Drv.TDBXOpenOdbcProperties.SetConnectionString
 0001:0003D2B0       Dbx34Drv.TDBXOpenOdbcProperties.SetCustomString
 0001:0003CDBC       Dbx34Drv.TDBXOpenOdbcProperties.SetDatabase
 0001:0003D118       Dbx34Drv.TDBXOpenOdbcProperties.SetDecimalSeparator
 0001:0003D064       Dbx34Drv.TDBXOpenOdbcProperties.SetOdbcTransIsolation
 0001:0003CEBC       Dbx34Drv.TDBXOpenOdbcProperties.SetPassWord
 0001:0003D1E8       Dbx34Drv.TDBXOpenOdbcProperties.SetTrimChar
 0001:0003CE3C       Dbx34Drv.TDBXOpenOdbcProperties.SetUserName
 0004:00000014       Dbx34DrvDbms..52
 0001:000022B4       Dbx34DrvDbms..TDBXOpenODBCMetaDataCommandFactoryDataStorage
 0001:00001D10       Dbx34DrvDbms..TDBXOpenODBCMetaDataCommandFactoryDB2
 0001:00002590       Dbx34DrvDbms..TDBXOpenODBCMetaDataCommandFactoryFirebird
 0001:00001FCC       Dbx34DrvDbms..TDBXOpenODBCMetaDataCommandFactoryInformix
 0001:00002878       Dbx34DrvDbms..TDBXOpenODBCMetaDataCommandFactoryInterbase
 0001:000011E0       Dbx34DrvDbms..TDBXOpenODBCMetaDataCommandFactoryMSSQL
 0001:000014A4       Dbx34DrvDbms..TDBXOpenODBCMetaDataCommandFactoryMySQL
 0001:00000F14       Dbx34DrvDbms..TDBXOpenODBCMetaDataCommandFactoryOracle
 0001:00002E2C       Dbx34DrvDbms..TDBXOpenODBCMetaDataCommandFactoryPostgreSQL
 0001:00002B60       Dbx34DrvDbms..TDBXOpenODBCMetaDataCommandFactorySQLite
 0001:00001768       Dbx34DrvDbms..TDBXOpenODBCMetaDataCommandFactorySybaseASA
 0001:00001A3C       Dbx34DrvDbms..TDBXOpenODBCMetaDataCommandFactorySybaseASE
 0001:00002398       Dbx34DrvDbms..TDBXOpenODBCMetaDataReaderDataStorage
 0001:00001DE4       Dbx34DrvDbms..TDBXOpenODBCMetaDataReaderDB2
 0001:00002670       Dbx34DrvDbms..TDBXOpenODBCMetaDataReaderFirebird
 0001:000020AC       Dbx34DrvDbms..TDBXOpenODBCMetaDataReaderInformix
 0001:00002958       Dbx34DrvDbms..TDBXOpenODBCMetaDataReaderInterbase
 0001:000012B8       Dbx34DrvDbms..TDBXOpenODBCMetaDataReaderMSSQL
 0001:0000157C       Dbx34DrvDbms..TDBXOpenODBCMetaDataReaderMySQL
 0001:00000FF0       Dbx34DrvDbms..TDBXOpenODBCMetaDataReaderOracle
 0001:00002F10       Dbx34DrvDbms..TDBXOpenODBCMetaDataReaderPostgreSQL
 0001:00002C3C       Dbx34DrvDbms..TDBXOpenODBCMetaDataReaderSQLite
 0001:00001848       Dbx34DrvDbms..TDBXOpenODBCMetaDataReaderSybaseASA
 0001:00001B1C       Dbx34DrvDbms..TDBXOpenODBCMetaDataReaderSybaseASE
 0002:000000AC       Dbx34DrvDbms.Dbx34DrvDbms
 0001:00038B48       Dbx34DrvDbms.Finalization
 0001:0002BE7C       Dbx34DrvDbms.TDBXOpenODBCMetaDataCommandFactoryDataStorage.GetMetaDataReaderClass
 0001:0001E60C       Dbx34DrvDbms.TDBXOpenODBCMetaDataCommandFactoryDB2.GetMetaDataReaderClass
 0001:0002C1F8       Dbx34DrvDbms.TDBXOpenODBCMetaDataCommandFactoryFirebird.GetMetaDataReaderClass
 0001:00023680       Dbx34DrvDbms.TDBXOpenODBCMetaDataCommandFactoryInformix.GetMetaDataReaderClass
 0001:0003115C       Dbx34DrvDbms.TDBXOpenODBCMetaDataCommandFactoryInterbase.GetMetaDataReaderClass
 0001:00005FF0       Dbx34DrvDbms.TDBXOpenODBCMetaDataCommandFactoryMSSQL.GetMetaDataReaderClass
 0001:0000E524       Dbx34DrvDbms.TDBXOpenODBCMetaDataCommandFactoryMySQL.GetMetaDataReaderClass
 0001:00003108       Dbx34DrvDbms.TDBXOpenODBCMetaDataCommandFactoryOracle.GetMetaDataReaderClass
 0001:000360F4       Dbx34DrvDbms.TDBXOpenODBCMetaDataCommandFactoryPostgreSQL.GetMetaDataReaderClass
 0001:000360C0       Dbx34DrvDbms.TDBXOpenODBCMetaDataCommandFactorySQLite.GetMetaDataReaderClass
 0001:00013004       Dbx34DrvDbms.TDBXOpenODBCMetaDataCommandFactorySybaseASA.GetMetaDataReaderClass
 0001:00018C64       Dbx34DrvDbms.TDBXOpenODBCMetaDataCommandFactorySybaseASE.GetMetaDataReaderClass
 0001:0002BFB8       Dbx34DrvDbms.TDBXOpenODBCMetaDataReaderDataStorage.GetSqlForColumns
 0001:0002C124       Dbx34DrvDbms.TDBXOpenODBCMetaDataReaderDataStorage.GetSqlForIndexColumns
 0001:0002C074       Dbx34DrvDbms.TDBXOpenODBCMetaDataReaderDataStorage.GetSqlForIndexes
 0001:0002BE94       Dbx34DrvDbms.TDBXOpenODBCMetaDataReaderDataStorage.GetSqlForTables
 0001:00023080       Dbx34DrvDbms.TDBXOpenODBCMetaDataReaderDB2.GetDataTypeDescriptions
 0001:0001E624       Dbx34DrvDbms.TDBXOpenODBCMetaDataReaderDB2.GetProductName
 0001:0001F7B0       Dbx34DrvDbms.TDBXOpenODBCMetaDataReaderDB2.GetReservedWords
 0001:0001EC0C       Dbx34DrvDbms.TDBXOpenODBCMetaDataReaderDB2.GetSqlForColumns
 0001:0001F348       Dbx34DrvDbms.TDBXOpenODBCMetaDataReaderDB2.GetSqlForIndexColumns
 0001:0001EF9C       Dbx34DrvDbms.TDBXOpenODBCMetaDataReaderDB2.GetSqlForIndexes
 0001:0001E658       Dbx34DrvDbms.TDBXOpenODBCMetaDataReaderDB2.GetSqlForTables
 0001:00023064       Dbx34DrvDbms.TDBXOpenODBCMetaDataReaderDB2.GetSqlProcedureQuoteChar
 0001:00023020       Dbx34DrvDbms.TDBXOpenODBCMetaDataReaderDB2.GetSystemTableType
 0001:00022F98       Dbx34DrvDbms.TDBXOpenODBCMetaDataReaderDB2.GetTableType
 0001:00022FDC       Dbx34DrvDbms.TDBXOpenODBCMetaDataReaderDB2.GetViewType
 0001:0002C250       Dbx34DrvDbms.TDBXOpenODBCMetaDataReaderFirebird.Destroy
 0001:00030A50       Dbx34DrvDbms.TDBXOpenODBCMetaDataReaderFirebird.GetAllDataTypes
 0001:00031084       Dbx34DrvDbms.TDBXOpenODBCMetaDataReaderFirebird.GetDataTypeDescriptions
 0001:0002C210       Dbx34DrvDbms.TDBXOpenODBCMetaDataReaderFirebird.GetProductName
 0001:0002D514       Dbx34DrvDbms.TDBXOpenODBCMetaDataReaderFirebird.GetReservedWords
 0001:0002C6C8       Dbx34DrvDbms.TDBXOpenODBCMetaDataReaderFirebird.GetSqlForColumns
 0001:0002CFEC       Dbx34DrvDbms.TDBXOpenODBCMetaDataReaderFirebird.GetSqlForIndexColumns
 0001:0002CB88       Dbx34DrvDbms.TDBXOpenODBCMetaDataReaderFirebird.GetSqlForIndexes
 0001:0002C28C       Dbx34DrvDbms.TDBXOpenODBCMetaDataReaderFirebird.GetSqlForTables
 0001:00030984       Dbx34DrvDbms.TDBXOpenODBCMetaDataReaderFirebird.IsDescendingIndexColumnsSupported
 0001:00030998       Dbx34DrvDbms.TDBXOpenODBCMetaDataReaderFirebird.SetContext
 0001:000236F4       Dbx34DrvDbms.TDBXOpenODBCMetaDataReaderInformix.Destroy
 0001:0002B4E0       Dbx34DrvDbms.TDBXOpenODBCMetaDataReaderInformix.GetAllDataTypes
 0001:0002BD50       Dbx34DrvDbms.TDBXOpenODBCMetaDataReaderInformix.GetDataTypeDescriptions
 0001:00023698       Dbx34DrvDbms.TDBXOpenODBCMetaDataReaderInformix.GetProductName
 0001:000257E0       Dbx34DrvDbms.TDBXOpenODBCMetaDataReaderInformix.GetReservedWords
 0001:00023D10       Dbx34DrvDbms.TDBXOpenODBCMetaDataReaderInformix.GetSqlForColumns
 0001:00024604       Dbx34DrvDbms.TDBXOpenODBCMetaDataReaderInformix.GetSqlForIndexColumns
 0001:00024164       Dbx34DrvDbms.TDBXOpenODBCMetaDataReaderInformix.GetSqlForIndexes
 0001:00023730       Dbx34DrvDbms.TDBXOpenODBCMetaDataReaderInformix.GetSqlForTables
 0001:0002B488       Dbx34DrvDbms.TDBXOpenODBCMetaDataReaderInformix.GetSynonymType
 0001:0002B444       Dbx34DrvDbms.TDBXOpenODBCMetaDataReaderInformix.GetSystemTableType
 0001:0002B3BC       Dbx34DrvDbms.TDBXOpenODBCMetaDataReaderInformix.GetTableType
 0001:0002B400       Dbx34DrvDbms.TDBXOpenODBCMetaDataReaderInformix.GetViewType
 0001:0002B4CC       Dbx34DrvDbms.TDBXOpenODBCMetaDataReaderInformix.IsUpperCaseIdentifiersSupported
 0001:000311B4       Dbx34DrvDbms.TDBXOpenODBCMetaDataReaderInterbase.Destroy
 0001:000359B4       Dbx34DrvDbms.TDBXOpenODBCMetaDataReaderInterbase.GetAllDataTypes
 0001:00035FE8       Dbx34DrvDbms.TDBXOpenODBCMetaDataReaderInterbase.GetDataTypeDescriptions
 0001:00031174       Dbx34DrvDbms.TDBXOpenODBCMetaDataReaderInterbase.GetProductName
 0001:00032478       Dbx34DrvDbms.TDBXOpenODBCMetaDataReaderInterbase.GetReservedWords
 0001:0003162C       Dbx34DrvDbms.TDBXOpenODBCMetaDataReaderInterbase.GetSqlForColumns
 0001:00031F50       Dbx34DrvDbms.TDBXOpenODBCMetaDataReaderInterbase.GetSqlForIndexColumns
 0001:00031AEC       Dbx34DrvDbms.TDBXOpenODBCMetaDataReaderInterbase.GetSqlForIndexes
 0001:000311F0       Dbx34DrvDbms.TDBXOpenODBCMetaDataReaderInterbase.GetSqlForTables
 0001:000358E8       Dbx34DrvDbms.TDBXOpenODBCMetaDataReaderInterbase.IsDescendingIndexColumnsSupported
 0001:000358FC       Dbx34DrvDbms.TDBXOpenODBCMetaDataReaderInterbase.SetContext
 0001:0000D56C       Dbx34DrvDbms.TDBXOpenODBCMetaDataReaderMSSQL.GetDataTypeDescriptions
 0001:00006008       Dbx34DrvDbms.TDBXOpenODBCMetaDataReaderMSSQL.GetProductName
 0001:00008CEC       Dbx34DrvDbms.TDBXOpenODBCMetaDataReaderMSSQL.GetReservedWords
 0001:00006980       Dbx34DrvDbms.TDBXOpenODBCMetaDataReaderMSSQL.GetSqlForColumns
 0001:00008268       Dbx34DrvDbms.TDBXOpenODBCMetaDataReaderMSSQL.GetSqlForIndexColumns
 0001:00007738       Dbx34DrvDbms.TDBXOpenODBCMetaDataReaderMSSQL.GetSqlForIndexes
 0001:00006060       Dbx34DrvDbms.TDBXOpenODBCMetaDataReaderMSSQL.GetSqlForTables
 0001:0000D3B4       Dbx34DrvDbms.TDBXOpenODBCMetaDataReaderMSSQL.GetSqlIdentifierQuotePrefix
 0001:0000D3E4       Dbx34DrvDbms.TDBXOpenODBCMetaDataReaderMSSQL.GetSqlIdentifierQuoteSuffix
 0001:0000D524       Dbx34DrvDbms.TDBXOpenODBCMetaDataReaderMSSQL.GetSynonymType
 0001:0000D49C       Dbx34DrvDbms.TDBXOpenODBCMetaDataReaderMSSQL.GetSystemTableType
 0001:0000D4E0       Dbx34DrvDbms.TDBXOpenODBCMetaDataReaderMSSQL.GetSystemViewType
 0001:0000D414       Dbx34DrvDbms.TDBXOpenODBCMetaDataReaderMSSQL.GetTableType
 0001:0000D458       Dbx34DrvDbms.TDBXOpenODBCMetaDataReaderMSSQL.GetViewType
 0001:000122A0       Dbx34DrvDbms.TDBXOpenODBCMetaDataReaderMySQL.GetDataTypeDescriptions
 0001:0000E53C       Dbx34DrvDbms.TDBXOpenODBCMetaDataReaderMySQL.GetProductName
 0001:0000F6F4       Dbx34DrvDbms.TDBXOpenODBCMetaDataReaderMySQL.GetReservedWords
 0001:0000E924       Dbx34DrvDbms.TDBXOpenODBCMetaDataReaderMySQL.GetSqlForColumns
 0001:0000F348       Dbx34DrvDbms.TDBXOpenODBCMetaDataReaderMySQL.GetSqlForIndexColumns
 0001:0000EF90       Dbx34DrvDbms.TDBXOpenODBCMetaDataReaderMySQL.GetSqlForIndexes
 0001:0000E574       Dbx34DrvDbms.TDBXOpenODBCMetaDataReaderMySQL.GetSqlForTables
 0001:00012074       Dbx34DrvDbms.TDBXOpenODBCMetaDataReaderMySQL.GetSqlIdentifierQuoteChar
 0001:00012014       Dbx34DrvDbms.TDBXOpenODBCMetaDataReaderMySQL.GetSqlIdentifierQuotePrefix
 0001:00012044       Dbx34DrvDbms.TDBXOpenODBCMetaDataReaderMySQL.GetSqlIdentifierQuoteSuffix
 0001:000120A4       Dbx34DrvDbms.TDBXOpenODBCMetaDataReaderMySQL.GetTableType
 0001:000120FC       Dbx34DrvDbms.TDBXOpenODBCMetaDataReaderMySQL.IsDescendingIndexColumnsSupported
 0001:00012124       Dbx34DrvDbms.TDBXOpenODBCMetaDataReaderMySQL.IsMultipleCommandsSupported
 0001:00012110       Dbx34DrvDbms.TDBXOpenODBCMetaDataReaderMySQL.IsUpperCaseIdentifiersSupported
 0001:000121F0       Dbx34DrvDbms.TDBXOpenODBCMetaDataReaderMySQL.PopulateDataTypes
 0001:00012138       Dbx34DrvDbms.TDBXOpenODBCMetaDataReaderMySQL.SetContext
 0001:000052C8       Dbx34DrvDbms.TDBXOpenODBCMetaDataReaderOracle.GetDataTypeDescriptions
 0001:00003120       Dbx34DrvDbms.TDBXOpenODBCMetaDataReaderOracle.GetProductName
 0001:000043AC       Dbx34DrvDbms.TDBXOpenODBCMetaDataReaderOracle.GetReservedWords
 0001:000037A4       Dbx34DrvDbms.TDBXOpenODBCMetaDataReaderOracle.GetSqlForColumns
 0001:00003ED8       Dbx34DrvDbms.TDBXOpenODBCMetaDataReaderOracle.GetSqlForIndexColumns
 0001:00003AD0       Dbx34DrvDbms.TDBXOpenODBCMetaDataReaderOracle.GetSqlForIndexes
 0001:0000315C       Dbx34DrvDbms.TDBXOpenODBCMetaDataReaderOracle.GetSqlForSchemas
 0001:00003244       Dbx34DrvDbms.TDBXOpenODBCMetaDataReaderOracle.GetSqlForTables
 0001:0000516C       Dbx34DrvDbms.TDBXOpenODBCMetaDataReaderOracle.PopulateDataTypes
 0001:000383C4       Dbx34DrvDbms.TDBXOpenODBCMetaDataReaderPostgreSQL.GetReservedWords
 0001:000366BC       Dbx34DrvDbms.TDBXOpenODBCMetaDataReaderPostgreSQL.GetSqlForColumns
 0001:000374D0       Dbx34DrvDbms.TDBXOpenODBCMetaDataReaderPostgreSQL.GetSqlForIndexColumns
 0001:00036EBC       Dbx34DrvDbms.TDBXOpenODBCMetaDataReaderPostgreSQL.GetSqlForIndexes
 0001:0003610C       Dbx34DrvDbms.TDBXOpenODBCMetaDataReaderPostgreSQL.GetSqlForTables
 0001:000360D8       Dbx34DrvDbms.TDBXOpenODBCMetaDataReaderSQLite.GetSqlForTables
 0001:000180A8       Dbx34DrvDbms.TDBXOpenODBCMetaDataReaderSybaseASA.GetDataTypeDescriptions
 0001:0001301C       Dbx34DrvDbms.TDBXOpenODBCMetaDataReaderSybaseASA.GetProductName
 0001:000157B0       Dbx34DrvDbms.TDBXOpenODBCMetaDataReaderSybaseASA.GetReservedWords
 0001:000137C0       Dbx34DrvDbms.TDBXOpenODBCMetaDataReaderSybaseASA.GetSqlForColumns
 0001:00014924       Dbx34DrvDbms.TDBXOpenODBCMetaDataReaderSybaseASA.GetSqlForIndexColumns
 0001:00013CB8       Dbx34DrvDbms.TDBXOpenODBCMetaDataReaderSybaseASA.GetSqlForIndexes
 0001:000131E8       Dbx34DrvDbms.TDBXOpenODBCMetaDataReaderSybaseASA.GetSqlForTables
 0001:00018010       Dbx34DrvDbms.TDBXOpenODBCMetaDataReaderSybaseASA.GetSystemTableType
 0001:0001805C       Dbx34DrvDbms.TDBXOpenODBCMetaDataReaderSybaseASA.GetSystemViewType
 0001:00017F78       Dbx34DrvDbms.TDBXOpenODBCMetaDataReaderSybaseASA.GetTableType
 0001:00017FC4       Dbx34DrvDbms.TDBXOpenODBCMetaDataReaderSybaseASA.GetViewType
 0001:0001307C       Dbx34DrvDbms.TDBXOpenODBCMetaDataReaderSybaseASA.SetContext
 0001:0001D9BC       Dbx34DrvDbms.TDBXOpenODBCMetaDataReaderSybaseASE.GetDataTypeDescriptions
 0001:00018C7C       Dbx34DrvDbms.TDBXOpenODBCMetaDataReaderSybaseASE.GetProductName
 0001:00019E74       Dbx34DrvDbms.TDBXOpenODBCMetaDataReaderSybaseASE.GetReservedWords
 0001:00019050       Dbx34DrvDbms.TDBXOpenODBCMetaDataReaderSybaseASE.GetSqlForColumns
 0001:00019980       Dbx34DrvDbms.TDBXOpenODBCMetaDataReaderSybaseASE.GetSqlForIndexColumns
 0001:00019608       Dbx34DrvDbms.TDBXOpenODBCMetaDataReaderSybaseASE.GetSqlForIndexes
 0001:00018CCC       Dbx34DrvDbms.TDBXOpenODBCMetaDataReaderSybaseASE.GetSqlForTables
 0001:0001D978       Dbx34DrvDbms.TDBXOpenODBCMetaDataReaderSybaseASE.GetSystemTableType
 0001:0001D8F0       Dbx34DrvDbms.TDBXOpenODBCMetaDataReaderSybaseASE.GetTableType
 0001:0001D934       Dbx34DrvDbms.TDBXOpenODBCMetaDataReaderSybaseASE.GetViewType
 0002:00000074       DBXCommon.DBXCommon
 0001:00000A4C       DBXCommon.Finalization
 0001:0000096C       DBXCommon.TDBXCommand.Close
 0001:0000091C       DBXCommon.TDBXCommand.CloseReader
 0001:000008EC       DBXCommon.TDBXCommand.CreateParameter
 0001:000008F4       DBXCommon.TDBXCommand.CreateParameterRow
 0001:000008FC       DBXCommon.TDBXCommand.CreateParameters
 0001:00000964       DBXCommon.TDBXCommand.DerivedClearParameters
 0001:0000090C       DBXCommon.TDBXCommand.ExecuteQuery
 0001:00000914       DBXCommon.TDBXCommand.ExecuteUpdate
 0001:00000A3C       DBXCommon.TDBXCommand.GetCommandTimeout
 0001:00000924       DBXCommon.TDBXCommand.GetCommandType
 0001:0000092C       DBXCommon.TDBXCommand.GetErrorEvent
 0001:00000934       DBXCommon.TDBXCommand.GetNextReader
 0001:0000093C       DBXCommon.TDBXCommand.GetParameters
 0001:00000944       DBXCommon.TDBXCommand.GetText
 0001:0000095C       DBXCommon.TDBXCommand.Open
 0001:0000094C       DBXCommon.TDBXCommand.Prepare
 0001:00000A44       DBXCommon.TDBXCommand.SetCommandTimeout
 0001:00000904       DBXCommon.TDBXCommand.SetCommandType
 0001:00000954       DBXCommon.TDBXCommand.SetText
 0001:00000884       DBXCommon.TDBXConnection.BeginTransaction
 0001:0000087C       DBXCommon.TDBXConnection.BeginTransaction
 0001:0000088C       DBXCommon.TDBXConnection.CommitFreeAndNil
 0001:00000854       DBXCommon.TDBXConnection.CreateCommand
 0001:0000084C       DBXCommon.TDBXConnection.CreateMorphCommand
 0001:00000844       DBXCommon.TDBXConnection.Destroy
 0001:000008A4       DBXCommon.TDBXConnection.GetConnectionProperties
 0001:000008BC       DBXCommon.TDBXConnection.GetConnectionProperty
 0001:00000864       DBXCommon.TDBXConnection.GetDatabaseMetaData
 0001:000008D4       DBXCommon.TDBXConnection.GetDBXFormatter
 0001:000008AC       DBXCommon.TDBXConnection.GetErrorEvent
 0001:000008B4       DBXCommon.TDBXConnection.GetIsOpen
 0001:0000086C       DBXCommon.TDBXConnection.GetTraceFlags
 0001:00000874       DBXCommon.TDBXConnection.GetTraceInfoEvent
 0001:0000085C       DBXCommon.TDBXConnection.Open
 0001:00000894       DBXCommon.TDBXConnection.RollbackFreeAndNil
 0001:0000089C       DBXCommon.TDBXConnection.RollbackIncompleteFreeAndNil
 0001:000008CC       DBXCommon.TDBXConnection.SetConnectionProperties
 0001:000008DC       DBXCommon.TDBXConnection.SetDBXFormatter
 0001:000008C4       DBXCommon.TDBXConnection.SetErrorEvent
 0001:000008E4       DBXCommon.TDBXConnection.SetTraceFlags
 0001:00000A24       DBXCommon.TDBXConnectionBuilder.GetConnectionProperties
 0001:00000A1C       DBXCommon.TDBXContext.Error
 0001:000007F4       DBXCommon.TDBXDriver.AddCommandFactory
 0001:000007FC       DBXCommon.TDBXDriver.CreateMorphCommand
 0001:00000804       DBXCommon.TDBXDriver.GetDriverClass
 0001:0000080C       DBXCommon.TDBXDriver.GetDriverName
 0001:00000814       DBXCommon.TDBXDriver.GetDriverProperties
 0001:0000081C       DBXCommon.TDBXDriver.GetDriverPropertyNames
 0001:0000082C       DBXCommon.TDBXDriver.InitDriverProperties
 0001:00000824       DBXCommon.TDBXDriver.SetDriverName
 0001:00000A2C       DBXCommon.TDBXDriverHelp.GetMetaDataReader
 0001:00000A34       DBXCommon.TDBXDriverHelp.SetMetaDataReader
 0001:00000834       DBXCommon.TDBXDriverRegistry.RegisterDriverClass
 0001:0000083C       DBXCommon.TDBXDriverRegistry.UnregisterDriverClass
 0001:00000A14       DBXCommon.TDBXMorphicCommand.CloseReader
 0001:00000974       DBXCommon.TDBXMorphicCommand.Create
 0001:000009A4       DBXCommon.TDBXMorphicCommand.CreateParameterRow
 0001:0000097C       DBXCommon.TDBXMorphicCommand.CreateParameters
 0001:000009C4       DBXCommon.TDBXMorphicCommand.DerivedClose
 0001:000009CC       DBXCommon.TDBXMorphicCommand.DerivedExecuteQuery
 0001:000009D4       DBXCommon.TDBXMorphicCommand.DerivedExecuteUpdate
 0001:000009DC       DBXCommon.TDBXMorphicCommand.DerivedGetNextReader
 0001:000009E4       DBXCommon.TDBXMorphicCommand.DerivedOpen
 0001:000009EC       DBXCommon.TDBXMorphicCommand.DerivedPrepare
 0001:00000984       DBXCommon.TDBXMorphicCommand.Destroy
 0001:0000098C       DBXCommon.TDBXMorphicCommand.ExecuteQuery
 0001:00000994       DBXCommon.TDBXMorphicCommand.ExecuteUpdate
 0001:000009BC       DBXCommon.TDBXMorphicCommand.GetNextReader
 0001:0000099C       DBXCommon.TDBXMorphicCommand.GetParameters
 0001:000009AC       DBXCommon.TDBXMorphicCommand.GetRowsAffected
 0001:000009B4       DBXCommon.TDBXMorphicCommand.Prepare
 0001:00000A04       DBXCommon.TDBXMorphicCommand.SetCommandType
 0001:000009F4       DBXCommon.TDBXMorphicCommand.SetMaxBlobSize
 0001:000009FC       DBXCommon.TDBXMorphicCommand.SetRowSetSize
 0001:00000A0C       DBXCommon.TDBXMorphicCommand.SetText
 0001:000007C4       DBXCommon.TDBXProperties.Create
 0001:000007BC       DBXCommon.TDBXProperties.Create
 0001:000007CC       DBXCommon.TDBXProperties.Destroy
 0001:000007D4       DBXCommon.TDBXProperties.DoOnChange
 0001:000007DC       DBXCommon.TDBXProperties.GetLists
 0001:000007E4       DBXCommon.TDBXProperties.GetValue
 0001:000007EC       DBXCommon.TDBXProperties.SetValue
 0004:0000001C       DbxDBFix..1
 0004:00000038       DbxDBFix.BlobField_SetVarValue
 0004:00000050       DbxDBFix.CustomClientDataSet_DataConvert
 0004:0000004C       DbxDBFix.DataSet_DataConvert
 0002:00000140       DbxDBFix.DbxDBFix
 0004:00000028       DbxDBFix.FieldAccess_FindField
 0004:00000048       DbxDBFix.Field_AssignValue
 0001:0003AFB4       DbxDBFix.Finalization
 0001:0003A980       DbxDBFix.FIX_TBLOBFIELD_SETVARVALUE
 0001:0003AE28       DbxDBFix.FIX_TCUSTOMCLIENTDATASET_DATACONVERT
 0001:0003AD9C       DbxDBFix.FIX_TDATASET_DATACONVERT
 0001:0003A750       DbxDBFix.FIX_TFIELDS_FINDFIELD
 0001:0003ACB4       DbxDBFix.FIX_TFIELD_ASSIGNVALUE
 0001:0003A8F0       DbxDBFix.FIX_TINTEGERFIELD_GETISNULL
 0001:0003AB28       DbxDBFix.FIX_TSTRINGFIELD_GETVALUE
 0001:0003A5EC       DbxDBFix.FIX_TSTRINGFIELD_SETASANSISTRING
 0001:0003AF14       DbxDBFix.INSTALL_FIXES
 0001:0003AAE8       DbxDBFix.INSTALL_FIX_TBLOBFIELD_SETVARVALUE
 0001:0003AEDC       DbxDBFix.INSTALL_FIX_TCUSTOMCLIENTDATASET_DATACONVERT
 0001:0003ADF0       DbxDBFix.INSTALL_FIX_TDATASET_DATACONVERT
 0001:0003A8B0       DbxDBFix.INSTALL_FIX_TFIELDS_FINDFIELD
 0001:0003AD64       DbxDBFix.INSTALL_FIX_TFIELD_ASSIGNVALUE
 0001:0003A940       DbxDBFix.INSTALL_FIX_TINTEGERFIELD_GETISNULL
 0001:0003AC74       DbxDBFix.INSTALL_FIX_TSTRINGFIELD_GETVALUE
 0001:0003A70C       DbxDBFix.INSTALL_FIX_TSTRINGFIELD_SETASANSISTRING
 0004:00000030       DbxDBFix.IntegerField_GetIsNull
 0004:00000040       DbxDBFix.StringField_GetValue
 0004:00000020       DbxDBFix.StringField_SetAsAnsiString
 0001:0003A588       DbxDBFix.WStrLCopyLen
 0002:000000A4       DBXDynalink.DBXDynalink
 0001:00000B2C       DBXDynalink.Finalization
 0001:00000AF4       DBXDynalink.TDBXDynalinkConnection.Close
 0001:00000AFC       DBXDynalink.TDBXDynalinkConnection.Commit
 0001:00000B14       DBXDynalink.TDBXDynalinkConnection.Create
 0001:00000AEC       DBXDynalink.TDBXDynalinkConnection.CreateAndBeginTransaction
 0001:00000B1C       DBXDynalink.TDBXDynalinkConnection.DerivedOpen
 0001:00000B24       DBXDynalink.TDBXDynalinkConnection.GetVendorProperty
 0001:00000B04       DBXDynalink.TDBXDynalinkConnection.Rollback
 0001:00000B0C       DBXDynalink.TDBXDynalinkConnection.SetTraceInfoEvent
 0001:00000AB4       DBXDynalink.TDBXDynalinkDriver.CheckResult
 0001:00000ABC       DBXDynalink.TDBXDynalinkDriver.Close
 0001:00000AC4       DBXDynalink.TDBXDynalinkDriver.Destroy
 0001:00000ACC       DBXDynalink.TDBXDynalinkDriver.GetDriverVersion
 0001:00000AD4       DBXDynalink.TDBXDynalinkDriverCommonLoader.Create
 0001:00000ADC       DBXDynalink.TDBXDynalinkDriverCommonLoader.Load
 0001:00000AE4       DBXDynalink.TDBXDynalinkDriverCommonLoader.LoadDriverLibrary
 0001:00000B3C       DBXDynalinkNative.TDBXDynalinkDriverLoader.CreateDynalinkDriver
 0001:00000B44       DBXDynalinkNative.TDBXDynalinkDriverLoader.CreateMethodTable
 0001:00000B34       DBXDynalinkNative.TDBXDynalinkDriverNative.Create
 0001:00000E54       DBXMetaDataCommand.TDBXMetaDataCommand.Create
 0001:00000E8C       DBXMetaDataCommand.TDBXMetaDataCommand.DerivedClose
 0001:00000E9C       DBXMetaDataCommand.TDBXMetaDataCommand.DerivedExecuteQuery
 0001:00000EA4       DBXMetaDataCommand.TDBXMetaDataCommand.DerivedExecuteUpdate
 0001:00000E7C       DBXMetaDataCommand.TDBXMetaDataCommand.DerivedGetNextReader
 0001:00000E84       DBXMetaDataCommand.TDBXMetaDataCommand.DerivedOpen
 0001:00000E94       DBXMetaDataCommand.TDBXMetaDataCommand.DerivedPrepare
 0001:00000E5C       DBXMetaDataCommand.TDBXMetaDataCommand.Destroy
 0001:00000E74       DBXMetaDataCommand.TDBXMetaDataCommand.GetRowsAffected
 0001:00000E6C       DBXMetaDataCommand.TDBXMetaDataCommand.SetMaxBlobSize
 0001:00000E64       DBXMetaDataCommand.TDBXMetaDataCommand.SetRowSetSize
 0001:00000EFC       DBXMetaDataCommandFactory.TDBXDataExpressProviderContext.Commit
 0001:00000EBC       DBXMetaDataCommandFactory.TDBXDataExpressProviderContext.Create
 0001:00000EE4       DBXMetaDataCommandFactory.TDBXDataExpressProviderContext.CreateRowStorage
 0001:00000EDC       DBXMetaDataCommandFactory.TDBXDataExpressProviderContext.CreateTableStorage
 0001:00000EC4       DBXMetaDataCommandFactory.TDBXDataExpressProviderContext.Destroy
 0001:00000ED4       DBXMetaDataCommandFactory.TDBXDataExpressProviderContext.ExecuteQuery
 0001:00000ECC       DBXMetaDataCommandFactory.TDBXDataExpressProviderContext.GetPlatformTypeName
 0001:00000F0C       DBXMetaDataCommandFactory.TDBXDataExpressProviderContext.GetVendorProperty
 0001:00000F04       DBXMetaDataCommandFactory.TDBXDataExpressProviderContext.Rollback
 0001:00000EF4       DBXMetaDataCommandFactory.TDBXDataExpressProviderContext.StartSerializedTransaction
 0001:00000EEC       DBXMetaDataCommandFactory.TDBXDataExpressProviderContext.StartTransaction
 0001:00000EAC       DBXMetaDataCommandFactory.TDBXMetaDataCommandFactory.RegisterMetaDataCommandFactory
 0001:00000EB4       DBXMetaDataCommandFactory.TDBXMetaDataCommandFactory.UnRegisterMetaDataCommandFactory
 0001:00000C64       DBXMetaDataReader.TDBXBaseMetaDataReader.CompareVersion
 0001:00000C2C       DBXMetaDataReader.TDBXBaseMetaDataReader.Destroy
 0001:00000CDC       DBXMetaDataReader.TDBXBaseMetaDataReader.FetchCatalogs
 0001:00000CBC       DBXMetaDataReader.TDBXBaseMetaDataReader.FetchCollection
 0001:00000CCC       DBXMetaDataReader.TDBXBaseMetaDataReader.FetchCollectionWithStorage
 0001:00000D04       DBXMetaDataReader.TDBXBaseMetaDataReader.FetchColumnConstraints
 0001:00000CFC       DBXMetaDataReader.TDBXBaseMetaDataReader.FetchColumns
 0001:00000CD4       DBXMetaDataReader.TDBXBaseMetaDataReader.FetchDataTypes
 0001:00000D24       DBXMetaDataReader.TDBXBaseMetaDataReader.FetchForeignKeyColumns
 0001:00000D1C       DBXMetaDataReader.TDBXBaseMetaDataReader.FetchForeignKeys
 0001:00000D14       DBXMetaDataReader.TDBXBaseMetaDataReader.FetchIndexColumns
 0001:00000D0C       DBXMetaDataReader.TDBXBaseMetaDataReader.FetchIndexes
 0001:00000D5C       DBXMetaDataReader.TDBXBaseMetaDataReader.FetchPackageProcedureParameters
 0001:00000D54       DBXMetaDataReader.TDBXBaseMetaDataReader.FetchPackageProcedures
 0001:00000D4C       DBXMetaDataReader.TDBXBaseMetaDataReader.FetchPackages
 0001:00000D64       DBXMetaDataReader.TDBXBaseMetaDataReader.FetchPackageSources
 0001:00000D44       DBXMetaDataReader.TDBXBaseMetaDataReader.FetchProcedureParameters
 0001:00000D34       DBXMetaDataReader.TDBXBaseMetaDataReader.FetchProcedures
 0001:00000D3C       DBXMetaDataReader.TDBXBaseMetaDataReader.FetchProcedureSources
 0001:00000D7C       DBXMetaDataReader.TDBXBaseMetaDataReader.FetchReservedWords
 0001:00000D74       DBXMetaDataReader.TDBXBaseMetaDataReader.FetchRoles
 0001:00000CE4       DBXMetaDataReader.TDBXBaseMetaDataReader.FetchSchemas
 0001:00000D2C       DBXMetaDataReader.TDBXBaseMetaDataReader.FetchSynonyms
 0001:00000CEC       DBXMetaDataReader.TDBXBaseMetaDataReader.FetchTables
 0001:00000D6C       DBXMetaDataReader.TDBXBaseMetaDataReader.FetchUsers
 0001:00000CF4       DBXMetaDataReader.TDBXBaseMetaDataReader.FetchViews
 0001:00000C3C       DBXMetaDataReader.TDBXBaseMetaDataReader.GetContext
 0001:00000D84       DBXMetaDataReader.TDBXBaseMetaDataReader.GetDataTypeDescriptions
 0001:00000CA4       DBXMetaDataReader.TDBXBaseMetaDataReader.GetDataTypeHash
 0001:00000CAC       DBXMetaDataReader.TDBXBaseMetaDataReader.GetDataTypes
 0001:00000C44       DBXMetaDataReader.TDBXBaseMetaDataReader.GetProductName
 0001:00000D8C       DBXMetaDataReader.TDBXBaseMetaDataReader.GetReservedWords
 0001:00000C5C       DBXMetaDataReader.TDBXBaseMetaDataReader.GetSqlDefaultParameterMarker
 0001:00000D9C       DBXMetaDataReader.TDBXBaseMetaDataReader.GetSqlForCatalogs
 0001:00000DC4       DBXMetaDataReader.TDBXBaseMetaDataReader.GetSqlForColumnConstraints
 0001:00000DBC       DBXMetaDataReader.TDBXBaseMetaDataReader.GetSqlForColumns
 0001:00000D94       DBXMetaDataReader.TDBXBaseMetaDataReader.GetSqlForDataTypes
 0001:00000DE4       DBXMetaDataReader.TDBXBaseMetaDataReader.GetSqlForForeignKeyColumns
 0001:00000DDC       DBXMetaDataReader.TDBXBaseMetaDataReader.GetSqlForForeignKeys
 0001:00000DD4       DBXMetaDataReader.TDBXBaseMetaDataReader.GetSqlForIndexColumns
 0001:00000DCC       DBXMetaDataReader.TDBXBaseMetaDataReader.GetSqlForIndexes
 0001:00000E1C       DBXMetaDataReader.TDBXBaseMetaDataReader.GetSqlForPackageProcedureParameters
 0001:00000E14       DBXMetaDataReader.TDBXBaseMetaDataReader.GetSqlForPackageProcedures
 0001:00000E0C       DBXMetaDataReader.TDBXBaseMetaDataReader.GetSqlForPackages
 0001:00000E24       DBXMetaDataReader.TDBXBaseMetaDataReader.GetSqlForPackageSources
 0001:00000E04       DBXMetaDataReader.TDBXBaseMetaDataReader.GetSqlForProcedureParameters
 0001:00000DF4       DBXMetaDataReader.TDBXBaseMetaDataReader.GetSqlForProcedures
 0001:00000DFC       DBXMetaDataReader.TDBXBaseMetaDataReader.GetSqlForProcedureSources
 0001:00000E3C       DBXMetaDataReader.TDBXBaseMetaDataReader.GetSqlForReservedWords
 0001:00000E34       DBXMetaDataReader.TDBXBaseMetaDataReader.GetSqlForRoles
 0001:00000DA4       DBXMetaDataReader.TDBXBaseMetaDataReader.GetSqlForSchemas
 0001:00000DEC       DBXMetaDataReader.TDBXBaseMetaDataReader.GetSqlForSynonyms
 0001:00000DAC       DBXMetaDataReader.TDBXBaseMetaDataReader.GetSqlForTables
 0001:00000E2C       DBXMetaDataReader.TDBXBaseMetaDataReader.GetSqlForUsers
 0001:00000DB4       DBXMetaDataReader.TDBXBaseMetaDataReader.GetSqlForViews
 0001:00000C94       DBXMetaDataReader.TDBXBaseMetaDataReader.GetSynonymType
 0001:00000C84       DBXMetaDataReader.TDBXBaseMetaDataReader.GetSystemTableType
 0001:00000C8C       DBXMetaDataReader.TDBXBaseMetaDataReader.GetSystemViewType
 0001:00000C74       DBXMetaDataReader.TDBXBaseMetaDataReader.GetTableType
 0001:00000C4C       DBXMetaDataReader.TDBXBaseMetaDataReader.GetVersion
 0001:00000C7C       DBXMetaDataReader.TDBXBaseMetaDataReader.GetViewType
 0001:00000C6C       DBXMetaDataReader.TDBXBaseMetaDataReader.IsQuotedIdentifiersSupported
 0001:00000CC4       DBXMetaDataReader.TDBXBaseMetaDataReader.MakeStorage
 0001:00000C9C       DBXMetaDataReader.TDBXBaseMetaDataReader.MakeTableTypeString
 0001:00000CB4       DBXMetaDataReader.TDBXBaseMetaDataReader.PopulateDataTypes
 0001:00000C34       DBXMetaDataReader.TDBXBaseMetaDataReader.SetContext
 0001:00000C54       DBXMetaDataReader.TDBXBaseMetaDataReader.SetVersion
 0001:00000B4C       DBXMetaDataReader.TDBXCustomMetaDataTable.Create
 0001:00000B54       DBXMetaDataReader.TDBXDataTypeCursor.Create
 0001:00000B5C       DBXMetaDataReader.TDBXDataTypeDescription.Create
 0001:00000B64       DBXMetaDataReader.TDBXDataTypeDescription.Create
 0001:00000B6C       DBXMetaDataReader.TDBXDataTypeDescription.SetUnicodeOptionSupported
 0001:00000B74       DBXMetaDataReader.TDBXEmptyTableCursor.Create
 0001:00000B84       DBXMetaDataReader.TDBXMetaDataCollectionColumns.CreateCatalogsColumns
 0001:00000BB4       DBXMetaDataReader.TDBXMetaDataCollectionColumns.CreateColumnConstraintsColumns
 0001:00000BAC       DBXMetaDataReader.TDBXMetaDataCollectionColumns.CreateColumnsColumns
 0001:00000B7C       DBXMetaDataReader.TDBXMetaDataCollectionColumns.CreateDataTypesColumns
 0001:00000BD4       DBXMetaDataReader.TDBXMetaDataCollectionColumns.CreateForeignKeyColumnsColumns
 0001:00000BCC       DBXMetaDataReader.TDBXMetaDataCollectionColumns.CreateForeignKeysColumns
 0001:00000BC4       DBXMetaDataReader.TDBXMetaDataCollectionColumns.CreateIndexColumnsColumns
 0001:00000BBC       DBXMetaDataReader.TDBXMetaDataCollectionColumns.CreateIndexesColumns
 0001:00000C04       DBXMetaDataReader.TDBXMetaDataCollectionColumns.CreatePackageProcedureParametersColumns
 0001:00000BFC       DBXMetaDataReader.TDBXMetaDataCollectionColumns.CreatePackageProceduresColumns
 0001:00000BF4       DBXMetaDataReader.TDBXMetaDataCollectionColumns.CreatePackagesColumns
 0001:00000C0C       DBXMetaDataReader.TDBXMetaDataCollectionColumns.CreatePackageSourcesColumns
 0001:00000BEC       DBXMetaDataReader.TDBXMetaDataCollectionColumns.CreateProcedureParametersColumns
 0001:00000BDC       DBXMetaDataReader.TDBXMetaDataCollectionColumns.CreateProceduresColumns
 0001:00000BE4       DBXMetaDataReader.TDBXMetaDataCollectionColumns.CreateProcedureSourcesColumns
 0001:00000C24       DBXMetaDataReader.TDBXMetaDataCollectionColumns.CreateReservedWordsColumns
 0001:00000C1C       DBXMetaDataReader.TDBXMetaDataCollectionColumns.CreateRolesColumns
 0001:00000B8C       DBXMetaDataReader.TDBXMetaDataCollectionColumns.CreateSchemasColumns
 0001:00000BA4       DBXMetaDataReader.TDBXMetaDataCollectionColumns.CreateSynonymsColumns
 0001:00000B94       DBXMetaDataReader.TDBXMetaDataCollectionColumns.CreateTablesColumns
 0001:00000C14       DBXMetaDataReader.TDBXMetaDataCollectionColumns.CreateUsersColumns
 0001:00000B9C       DBXMetaDataReader.TDBXMetaDataCollectionColumns.CreateViewsColumns
 0001:00000E44       DBXMetaDataReader.TDBXReservedWordsCursor.Create
 0001:00000E4C       DBXMetaDataReader.TDBXTableTypeParser.ParseTableTypes
 0004:00000018       DbxOpenOdbcApiHook..2
 0001:00038BF0       DbxOpenOdbcApiHook..TIATPatch
 0002:00000130       DbxOpenOdbcApiHook.DbxOpenOdbcApiHook
 0001:0003A550       DbxOpenOdbcApiHook.Finalization
 0001:0003A474       DbxOpenOdbcApiHook.FindVirtualMethodIndex
 0001:0003A514       DbxOpenOdbcApiHook.FxtGetStubAddress
 0001:000392FC       DbxOpenOdbcApiHook.GetNativeAddr
 0001:0003A3B4       DbxOpenOdbcApiHook.GetVirtualMethodAddress
 0001:0003A4EC       DbxOpenOdbcApiHook.GetVirtualMethodOffset
 0001:0003908C       DbxOpenOdbcApiHook.HookCode
 0001:000391BC       DbxOpenOdbcApiHook.HookProc
 0001:0003951C       DbxOpenOdbcApiHook.IsJumpFromCode
 0001:00039340       DbxOpenOdbcApiHook.JumpFromCode
 0003:0000002C       DbxOpenOdbcApiHook.Opcodes1
 0003:0000022C       DbxOpenOdbcApiHook.Opcodes2
 0003:0000042C       DbxOpenOdbcApiHook.Opcodes3
 0001:00039430       DbxOpenOdbcApiHook.RestoreSavedCode
 0001:00039014       DbxOpenOdbcApiHook.SaveOldFunction
 0001:0003A3E0       DbxOpenOdbcApiHook.SetVirtualMethodAddress
 0001:00038C84       DbxOpenOdbcApiHook.SizeOfCode
 0001:00038FD0       DbxOpenOdbcApiHook.SizeOfProc
 0001:000399EC       DbxOpenOdbcApiHook.TIATPatch.BuildIATPatchList
 0001:0003A020       DbxOpenOdbcApiHook.TIATPatch.Clear
 0001:00039604       DbxOpenOdbcApiHook.TIATPatch.CompareLibraryNames
 0001:0003A2B0       DbxOpenOdbcApiHook.TIATPatch.Create
 0001:00039F34       DbxOpenOdbcApiHook.TIATPatch.Delete
 0001:0003A318       DbxOpenOdbcApiHook.TIATPatch.Destroy
 0001:000397BC       DbxOpenOdbcApiHook.TIATPatch.EnumIATList
 0001:00039DF0       DbxOpenOdbcApiHook.TIATPatch.Find
 0001:0003A258       DbxOpenOdbcApiHook.TIATPatch.GetCount
 0001:0003A150       DbxOpenOdbcApiHook.TIATPatch.GetPatchRecord
 0001:0003A1B0       DbxOpenOdbcApiHook.TIATPatch.GetUnpatchOnFree
 0001:000395B8       DbxOpenOdbcApiHook.TIATPatch.ListContainsIAT
 0001:0003956C       DbxOpenOdbcApiHook.TIATPatch.NextFunctionName
 0001:00039BB0       DbxOpenOdbcApiHook.TIATPatch.Patch
 0001:0003A204       DbxOpenOdbcApiHook.TIATPatch.SetUnpatchOnFree
 0001:00039A80       DbxOpenOdbcApiHook.TIATPatch.Unpatch
 0001:000396F0       DbxOpenOdbcApiHook.TIATPatch.UpdateEntry
 0001:00039764       DbxOpenOdbcApiHook.TIATPatch.UpdatePatch
 0001:00039224       DbxOpenOdbcApiHook.UnhookCode
 0001:00000A6C       DBXPlatform.FreeObjectArray
 0001:00000A64       DBXPlatform.IncrAfter
 0001:00000A74       DBXPlatform.TDBXObjectStore.SetObjectByName
 0001:00000A84       DBXPlatform.TDBXPlatform.CopyWideStringBuilder
 0001:00000A7C       DBXPlatform.TDBXPlatform.CreateWideStringBuilder
 0001:00000A8C       DBXPlatform.TDBXPlatform.FreeAndNilWideStringBuilder
 0004:00000054       DbxXXDrv..1
 0002:00000154       DbxXXDrv.DbxXXDrv
 0001:0003B000       DbxXXDrv.Finalization
 0001:0003AFEC       DbxXXDrv.IsDbxDrvFixed
 0002:00000094       DSIntf.DSIntf
 0001:00000AA4       DSIntf.Finalization
 0001:000007A4       FMTBcd.Finalization
 0002:0000005C       FMTBcd.FMTBcd
 0001:00000A5C       IniFiles.Finalization
 0002:00000084       IniFiles.IniFiles
 0001:00000AAC       Provider.Finalization
 0002:0000009C       Provider.Provider
 0001:00000A54       Registry.Finalization
 0002:0000007C       Registry.Registry
 0001:0003A580       SqlExpr.Finalization
 0002:00000138       SqlExpr.SqlExpr
 0001:000007AC       SqlTimSt.Finalization
 0002:00000064       SqlTimSt.SqlTimSt
 0001:00000654       StrUtils.PosEx
 0001:000003C8       SysInit.@InitPkg
 0001:0000042C       SysInit.@PackageLoad
 0001:00000438       SysInit.@PackageUnload
 0001:000002B8       SysInit.AllocTlsBuffer
 0001:00000374       SysInit.ExitProcessTLS
 0001:0000033C       SysInit.ExitThreadTLS
 0001:00000280       SysInit.FreeLibrary
 0001:000002C4       SysInit.GetTlsSize
 0004:00000004       SysInit.HInstance
 0001:00000398       SysInit.InitializeModule
 0001:00000310       SysInit.InitProcessTLS
 0001:000002CC       SysInit.InitThreadTLS
 0001:00000288       SysInit.LocalAlloc
 0001:00000290       SysInit.LocalFree
 0003:00000004       SysInit.Module
 0004:00000000       SysInit.ModuleIsLib
 0004:00000001       SysInit.ModuleIsPackage
 0001:00000298       SysInit.TlsAlloc
 0004:00000008       SysInit.tlsBuffer
 0001:000002A0       SysInit.TlsFree
 0001:000002A8       SysInit.TlsGetValue
 0003:00000000       SysInit.TlsIndex
 0005:00000000       SysInit.TlsLast
 0003:0000001C       SysInit.TlsProc
 0001:000002B0       SysInit.TlsSetValue
 0001:000003A4       SysInit.UninitializeModule
 0001:00000230       System.@AddRefRecord
 0001:000000C0       System.@AfterConstruction
 0001:000000C8       System.@BeforeDestruction
 0001:000000B0       System.@ClassCreate
 0001:000000B8       System.@ClassDestroy
 0001:000000F8       System.@DoneExcept
 0001:00000260       System.@DynArrayAddRef
 0001:00000258       System.@DynArrayAsg
 0001:00000250       System.@DynArrayClear
 0001:00000240       System.@DynArrayHigh
 0001:00000238       System.@DynArrayLength
 0001:00000248       System.@DynArraySetLength
 0001:00000130       System.@EnsureAnsiString
 0001:00000128       System.@EnsureUnicodeString
 0001:00000020       System.@FillChar
 0001:00000228       System.@FinalizeArray
 0001:00000220       System.@FinalizeRecord
 0001:00000010       System.@FreeMem
 0001:00000008       System.@GetMem
 0001:000000D0       System.@HandleAnyException
 0001:000000E0       System.@HandleFinally
 0001:000000D8       System.@HandleOnException
 0001:00000070       System.@IsClass
 0001:00000150       System.@LStrAddRef
 0001:00000120       System.@LStrArrayClr
 0001:00000118       System.@LStrClr
 0001:00000138       System.@LStrFromPChar
 0001:00000140       System.@LStrFromPWChar
 0001:000001C8       System.@LStrFromUStr
 0001:00000148       System.@LStrLen
 0001:00000160       System.@LStrSetLength
 0001:00000158       System.@LStrToPChar
 0001:00000100       System.@PackageLoad
 0001:00000108       System.@PackageUnload
 0001:000000F0       System.@RaiseAgain
 0001:000000E8       System.@RaiseExcept
 0001:00000110       System.@RunError
 0001:00000180       System.@UStrAddRef
 0001:00000190       System.@UStrArrayClr
 0001:00000198       System.@UStrAsg
 0001:000001F0       System.@UStrCat3
 0001:000001F8       System.@UStrCatN
 0001:00000188       System.@UStrClr
 0001:00000200       System.@UStrCmp
 0001:00000210       System.@UStrCopy
 0001:00000208       System.@UStrEqual
 0001:000001C0       System.@UStrFromLStr
 0001:000001B0       System.@UStrFromPWChar
 0001:000001B8       System.@UStrFromWArray
 0001:000001D0       System.@UStrFromWStr
 0001:000001A0       System.@UStrLAsg
 0001:000001E0       System.@UStrLen
 0001:000001E8       System.@UStrSetLength
 0001:000001A8       System.@UStrToPWChar
 0001:00000170       System.@WStrArrayClr
 0001:00000168       System.@WStrClr
 0001:00000178       System.@WStrFromPWChar
 0001:000001D8       System.@WStrFromUStr
 0001:00000000       System.AllocMem
 0001:00000278       System.Finalization
 0001:00000018       System.Move
 0001:00000218       System.Pos
 0001:00000268       System.RegisterModule
 0002:00000000       System.System
 0001:00000098       System.TObject.AfterConstruction
 0001:000000A0       System.TObject.BeforeDestruction
 0001:00000030       System.TObject.ClassName
 0001:00000028       System.TObject.ClassType
 0001:00000048       System.TObject.Create
 0001:00000090       System.TObject.DefaultHandler
 0001:00000050       System.TObject.Destroy
 0001:000000A8       System.TObject.Dispatch
 0001:00000060       System.TObject.Equals
 0001:00000058       System.TObject.Free
 0001:00000040       System.TObject.FreeInstance
 0001:00000068       System.TObject.GetHashCode
 0001:00000078       System.TObject.InheritsFrom
 0001:00000038       System.TObject.NewInstance
 0001:00000080       System.TObject.SafeCallException
 0001:00000088       System.TObject.ToString
 0001:00000270       System.UnregisterModule
 0001:00000614       SysUtils.Abort
 0001:000005BC       SysUtils.BoolToStr
 0001:000005CC       SysUtils.ChangeFileExt
 0001:00000584       SysUtils.CompareText
 0001:0000061C       SysUtils.Exception.Create
 0001:00000624       SysUtils.Exception.Destroy
 0001:0000062C       SysUtils.Exception.GetBaseException
 0001:00000634       SysUtils.Exception.RaisingException
 0001:0000063C       SysUtils.Exception.ToString
 0001:000005DC       SysUtils.ExtractFileName
 0001:000005D4       SysUtils.ExtractFilePath
 0001:000005C4       SysUtils.FileExists
 0001:0000064C       SysUtils.Finalization
 0001:00000644       SysUtils.FreeAndNil
 0001:000005A4       SysUtils.IntToStr
 0001:0000058C       SysUtils.SameText
 0001:000005EC       SysUtils.StrEnd
 0001:00000604       SysUtils.StrIComp
 0001:000005F4       SysUtils.StrLCopy
 0001:000005E4       SysUtils.StrLen
 0001:0000060C       SysUtils.StrLIComp
 0001:000005FC       SysUtils.StrPLCopy
 0001:000005B4       SysUtils.StrToBoolDef
 0001:000005AC       SysUtils.StrToIntDef
 0002:0000001C       SysUtils.SysUtils
 0001:0000059C       SysUtils.Trim
 0001:0000057C       SysUtils.UpperCase
 0001:00000594       SysUtils.WideCompareText
 0001:0000069C       TypInfo.Finalization
 0002:0000002C       TypInfo.TypInfo
 0001:000006A4       Variants.@VarToLStr
 0001:000006AC       Variants.@VarToUStr
 0001:000006F4       Variants.Finalization
 0001:000006D4       Variants.VarArrayHighBound
 0001:000006DC       Variants.VarArrayLock
 0001:000006E4       Variants.VarArrayUnlock
 0002:00000034       Variants.Variants
 0001:000006EC       Variants.VarIsArray
 0001:000006BC       Variants.VarIsClear
 0001:000006C4       Variants.VarIsNull
 0001:000006CC       Variants.VarToStr
 0001:000006B4       Variants.VarType
 0001:000006FC       VarUtils.Finalization
 0002:0000003C       VarUtils.VarUtils
 0001:00000794       WideStrings.Finalization
 0002:00000054       WideStrings.WideStrings
 0001:0000079C       WideStrUtils.WStrLCopy
 0004:0000000C       Windows..2
 0001:00000530       Windows.CopyMemory
 0001:00000444       Windows.DeleteCriticalSection
 0001:0000044C       Windows.EnterCriticalSection
 0001:00000538       Windows.Finalization
 0001:00000454       Windows.FlushInstructionCache
 0001:0000045C       Windows.FreeLibrary
 0001:00000464       Windows.GetCurrentProcess
 0001:0000046C       Windows.GetEnvironmentVariableA
 0001:00000474       Windows.GetEnvironmentVariableW
 0001:0000047C       Windows.GetModuleHandle
 0001:00000484       Windows.GetProcAddress
 0001:0000048C       Windows.GetProcAddress
 0001:00000500       Windows.GetVersion
 0004:00000010       Windows.HtmlHelpModule
 0001:00000508       Windows.InitializeCriticalSection
 0001:00000510       Windows.LeaveCriticalSection
 0001:00000518       Windows.LoadLibrary
 0001:00000520       Windows.VirtualProtect
 0001:00000528       Windows.VirtualProtect
 0002:00000008       Windows.Windows


  Address             Publics by Value

 0001:00000000       System.AllocMem
 0001:00000008       System.@GetMem
 0001:00000010       System.@FreeMem
 0001:00000018       System.Move
 0001:00000020       System.@FillChar
 0001:00000028       System.TObject.ClassType
 0001:00000030       System.TObject.ClassName
 0001:00000038       System.TObject.NewInstance
 0001:00000040       System.TObject.FreeInstance
 0001:00000048       System.TObject.Create
 0001:00000050       System.TObject.Destroy
 0001:00000058       System.TObject.Free
 0001:00000060       System.TObject.Equals
 0001:00000068       System.TObject.GetHashCode
 0001:00000070       System.@IsClass
 0001:00000078       System.TObject.InheritsFrom
 0001:00000080       System.TObject.SafeCallException
 0001:00000088       System.TObject.ToString
 0001:00000090       System.TObject.DefaultHandler
 0001:00000098       System.TObject.AfterConstruction
 0001:000000A0       System.TObject.BeforeDestruction
 0001:000000A8       System.TObject.Dispatch
 0001:000000B0       System.@ClassCreate
 0001:000000B8       System.@ClassDestroy
 0001:000000C0       System.@AfterConstruction
 0001:000000C8       System.@BeforeDestruction
 0001:000000D0       System.@HandleAnyException
 0001:000000D8       System.@HandleOnException
 0001:000000E0       System.@HandleFinally
 0001:000000E8       System.@RaiseExcept
 0001:000000F0       System.@RaiseAgain
 0001:000000F8       System.@DoneExcept
 0001:00000100       System.@PackageLoad
 0001:00000108       System.@PackageUnload
 0001:00000110       System.@RunError
 0001:00000118       System.@LStrClr
 0001:00000120       System.@LStrArrayClr
 0001:00000128       System.@EnsureUnicodeString
 0001:00000130       System.@EnsureAnsiString
 0001:00000138       System.@LStrFromPChar
 0001:00000140       System.@LStrFromPWChar
 0001:00000148       System.@LStrLen
 0001:00000150       System.@LStrAddRef
 0001:00000158       System.@LStrToPChar
 0001:00000160       System.@LStrSetLength
 0001:00000168       System.@WStrClr
 0001:00000170       System.@WStrArrayClr
 0001:00000178       System.@WStrFromPWChar
 0001:00000180       System.@UStrAddRef
 0001:00000188       System.@UStrClr
 0001:00000190       System.@UStrArrayClr
 0001:00000198       System.@UStrAsg
 0001:000001A0       System.@UStrLAsg
 0001:000001A8       System.@UStrToPWChar
 0001:000001B0       System.@UStrFromPWChar
 0001:000001B8       System.@UStrFromWArray
 0001:000001C0       System.@UStrFromLStr
 0001:000001C8       System.@LStrFromUStr
 0001:000001D0       System.@UStrFromWStr
 0001:000001D8       System.@WStrFromUStr
 0001:000001E0       System.@UStrLen
 0001:000001E8       System.@UStrSetLength
 0001:000001F0       System.@UStrCat3
 0001:000001F8       System.@UStrCatN
 0001:00000200       System.@UStrCmp
 0001:00000208       System.@UStrEqual
 0001:00000210       System.@UStrCopy
 0001:00000218       System.Pos
 0001:00000220       System.@FinalizeRecord
 0001:00000228       System.@FinalizeArray
 0001:00000230       System.@AddRefRecord
 0001:00000238       System.@DynArrayLength
 0001:00000240       System.@DynArrayHigh
 0001:00000248       System.@DynArraySetLength
 0001:00000250       System.@DynArrayClear
 0001:00000258       System.@DynArrayAsg
 0001:00000260       System.@DynArrayAddRef
 0001:00000268       System.RegisterModule
 0001:00000270       System.UnregisterModule
 0001:00000278       System.Finalization
 0001:00000280       SysInit.FreeLibrary
 0001:00000288       SysInit.LocalAlloc
 0001:00000290       SysInit.LocalFree
 0001:00000298       SysInit.TlsAlloc
 0001:000002A0       SysInit.TlsFree
 0001:000002A8       SysInit.TlsGetValue
 0001:000002B0       SysInit.TlsSetValue
 0001:000002B8       SysInit.AllocTlsBuffer
 0001:000002C4       SysInit.GetTlsSize
 0001:000002CC       SysInit.InitThreadTLS
 0001:00000310       SysInit.InitProcessTLS
 0001:0000033C       SysInit.ExitThreadTLS
 0001:00000374       SysInit.ExitProcessTLS
 0001:00000398       SysInit.InitializeModule
 0001:000003A4       SysInit.UninitializeModule
 0001:000003C8       SysInit.@InitPkg
 0001:0000042C       SysInit.@PackageLoad
 0001:00000438       SysInit.@PackageUnload
 0001:00000444       Windows.DeleteCriticalSection
 0001:0000044C       Windows.EnterCriticalSection
 0001:00000454       Windows.FlushInstructionCache
 0001:0000045C       Windows.FreeLibrary
 0001:00000464       Windows.GetCurrentProcess
 0001:0000046C       Windows.GetEnvironmentVariableA
 0001:00000474       Windows.GetEnvironmentVariableW
 0001:0000047C       Windows.GetModuleHandle
 0001:00000484       Windows.GetProcAddress
 0001:0000048C       Windows.GetProcAddress
 0001:00000500       Windows.GetVersion
 0001:00000508       Windows.InitializeCriticalSection
 0001:00000510       Windows.LeaveCriticalSection
 0001:00000518       Windows.LoadLibrary
 0001:00000520       Windows.VirtualProtect
 0001:00000528       Windows.VirtualProtect
 0001:00000530       Windows.CopyMemory
 0001:00000538       Windows.Finalization
 0001:0000057C       SysUtils.UpperCase
 0001:00000584       SysUtils.CompareText
 0001:0000058C       SysUtils.SameText
 0001:00000594       SysUtils.WideCompareText
 0001:0000059C       SysUtils.Trim
 0001:000005A4       SysUtils.IntToStr
 0001:000005AC       SysUtils.StrToIntDef
 0001:000005B4       SysUtils.StrToBoolDef
 0001:000005BC       SysUtils.BoolToStr
 0001:000005C4       SysUtils.FileExists
 0001:000005CC       SysUtils.ChangeFileExt
 0001:000005D4       SysUtils.ExtractFilePath
 0001:000005DC       SysUtils.ExtractFileName
 0001:000005E4       SysUtils.StrLen
 0001:000005EC       SysUtils.StrEnd
 0001:000005F4       SysUtils.StrLCopy
 0001:000005FC       SysUtils.StrPLCopy
 0001:00000604       SysUtils.StrIComp
 0001:0000060C       SysUtils.StrLIComp
 0001:00000614       SysUtils.Abort
 0001:0000061C       SysUtils.Exception.Create
 0001:00000624       SysUtils.Exception.Destroy
 0001:0000062C       SysUtils.Exception.GetBaseException
 0001:00000634       SysUtils.Exception.RaisingException
 0001:0000063C       SysUtils.Exception.ToString
 0001:00000644       SysUtils.FreeAndNil
 0001:0000064C       SysUtils.Finalization
 0001:00000654       StrUtils.PosEx
 0001:0000065C       Classes.TList.Add
 0001:00000664       Classes.TList.Delete
 0001:0000066C       Classes.TList.Get
 0001:00000674       Classes.TList.Remove
 0001:0000067C       Classes.TPersistent.Assign
 0001:00000684       Classes.TPersistent.AssignTo
 0001:0000068C       Classes.TPersistent.DefineProperties
 0001:00000694       Classes.Finalization
 0001:0000069C       TypInfo.Finalization
 0001:000006A4       Variants.@VarToLStr
 0001:000006AC       Variants.@VarToUStr
 0001:000006B4       Variants.VarType
 0001:000006BC       Variants.VarIsClear
 0001:000006C4       Variants.VarIsNull
 0001:000006CC       Variants.VarToStr
 0001:000006D4       Variants.VarArrayHighBound
 0001:000006DC       Variants.VarArrayLock
 0001:000006E4       Variants.VarArrayUnlock
 0001:000006EC       Variants.VarIsArray
 0001:000006F4       Variants.Finalization
 0001:000006FC       VarUtils.Finalization
 0001:00000704       ClassRegistry.TClassRegistry.CreateInstance
 0001:0000070C       ClassRegistry.TClassRegistry.GetClassRegistry
 0001:00000714       ClassRegistry.TClassRegistry.HasClass
 0001:0000071C       ClassRegistry.TClassRegistry.RegisterRegistryClass
 0001:00000724       ClassRegistry.TClassRegistry.UnregisterClass
 0001:0000072C       ClassRegistry.Finalization
 0001:00000734       DB.RegisterFields
 0001:0000073C       DB.TFields.FindField
 0001:00000744       DB.TField.AssignValue
 0001:0000074C       DB.TField.GetData
 0001:00000754       DB.TField.GetIsNull
 0001:0000075C       DB.TField.SetData
 0001:00000764       DB.TStringField.GetValue
 0001:0000076C       DB.TStringField.SetAsString
 0001:00000774       DB.TBlobField.SetData
 0001:0000077C       DB.TBlobField.SetVarValue
 0001:00000784       DB.TDataSet.DataConvert
 0001:0000078C       DB.Finalization
 0001:00000794       WideStrings.Finalization
 0001:0000079C       WideStrUtils.WStrLCopy
 0001:000007A4       FMTBcd.Finalization
 0001:000007AC       SqlTimSt.Finalization
 0001:000007B4       ComObj.Finalization
 0001:000007BC       DBXCommon.TDBXProperties.Create
 0001:000007C4       DBXCommon.TDBXProperties.Create
 0001:000007CC       DBXCommon.TDBXProperties.Destroy
 0001:000007D4       DBXCommon.TDBXProperties.DoOnChange
 0001:000007DC       DBXCommon.TDBXProperties.GetLists
 0001:000007E4       DBXCommon.TDBXProperties.GetValue
 0001:000007EC       DBXCommon.TDBXProperties.SetValue
 0001:000007F4       DBXCommon.TDBXDriver.AddCommandFactory
 0001:000007FC       DBXCommon.TDBXDriver.CreateMorphCommand
 0001:00000804       DBXCommon.TDBXDriver.GetDriverClass
 0001:0000080C       DBXCommon.TDBXDriver.GetDriverName
 0001:00000814       DBXCommon.TDBXDriver.GetDriverProperties
 0001:0000081C       DBXCommon.TDBXDriver.GetDriverPropertyNames
 0001:00000824       DBXCommon.TDBXDriver.SetDriverName
 0001:0000082C       DBXCommon.TDBXDriver.InitDriverProperties
 0001:00000834       DBXCommon.TDBXDriverRegistry.RegisterDriverClass
 0001:0000083C       DBXCommon.TDBXDriverRegistry.UnregisterDriverClass
 0001:00000844       DBXCommon.TDBXConnection.Destroy
 0001:0000084C       DBXCommon.TDBXConnection.CreateMorphCommand
 0001:00000854       DBXCommon.TDBXConnection.CreateCommand
 0001:0000085C       DBXCommon.TDBXConnection.Open
 0001:00000864       DBXCommon.TDBXConnection.GetDatabaseMetaData
 0001:0000086C       DBXCommon.TDBXConnection.GetTraceFlags
 0001:00000874       DBXCommon.TDBXConnection.GetTraceInfoEvent
 0001:0000087C       DBXCommon.TDBXConnection.BeginTransaction
 0001:00000884       DBXCommon.TDBXConnection.BeginTransaction
 0001:0000088C       DBXCommon.TDBXConnection.CommitFreeAndNil
 0001:00000894       DBXCommon.TDBXConnection.RollbackFreeAndNil
 0001:0000089C       DBXCommon.TDBXConnection.RollbackIncompleteFreeAndNil
 0001:000008A4       DBXCommon.TDBXConnection.GetConnectionProperties
 0001:000008AC       DBXCommon.TDBXConnection.GetErrorEvent
 0001:000008B4       DBXCommon.TDBXConnection.GetIsOpen
 0001:000008BC       DBXCommon.TDBXConnection.GetConnectionProperty
 0001:000008C4       DBXCommon.TDBXConnection.SetErrorEvent
 0001:000008CC       DBXCommon.TDBXConnection.SetConnectionProperties
 0001:000008D4       DBXCommon.TDBXConnection.GetDBXFormatter
 0001:000008DC       DBXCommon.TDBXConnection.SetDBXFormatter
 0001:000008E4       DBXCommon.TDBXConnection.SetTraceFlags
 0001:000008EC       DBXCommon.TDBXCommand.CreateParameter
 0001:000008F4       DBXCommon.TDBXCommand.CreateParameterRow
 0001:000008FC       DBXCommon.TDBXCommand.CreateParameters
 0001:00000904       DBXCommon.TDBXCommand.SetCommandType
 0001:0000090C       DBXCommon.TDBXCommand.ExecuteQuery
 0001:00000914       DBXCommon.TDBXCommand.ExecuteUpdate
 0001:0000091C       DBXCommon.TDBXCommand.CloseReader
 0001:00000924       DBXCommon.TDBXCommand.GetCommandType
 0001:0000092C       DBXCommon.TDBXCommand.GetErrorEvent
 0001:00000934       DBXCommon.TDBXCommand.GetNextReader
 0001:0000093C       DBXCommon.TDBXCommand.GetParameters
 0001:00000944       DBXCommon.TDBXCommand.GetText
 0001:0000094C       DBXCommon.TDBXCommand.Prepare
 0001:00000954       DBXCommon.TDBXCommand.SetText
 0001:0000095C       DBXCommon.TDBXCommand.Open
 0001:00000964       DBXCommon.TDBXCommand.DerivedClearParameters
 0001:0000096C       DBXCommon.TDBXCommand.Close
 0001:00000974       DBXCommon.TDBXMorphicCommand.Create
 0001:0000097C       DBXCommon.TDBXMorphicCommand.CreateParameters
 0001:00000984       DBXCommon.TDBXMorphicCommand.Destroy
 0001:0000098C       DBXCommon.TDBXMorphicCommand.ExecuteQuery
 0001:00000994       DBXCommon.TDBXMorphicCommand.ExecuteUpdate
 0001:0000099C       DBXCommon.TDBXMorphicCommand.GetParameters
 0001:000009A4       DBXCommon.TDBXMorphicCommand.CreateParameterRow
 0001:000009AC       DBXCommon.TDBXMorphicCommand.GetRowsAffected
 0001:000009B4       DBXCommon.TDBXMorphicCommand.Prepare
 0001:000009BC       DBXCommon.TDBXMorphicCommand.GetNextReader
 0001:000009C4       DBXCommon.TDBXMorphicCommand.DerivedClose
 0001:000009CC       DBXCommon.TDBXMorphicCommand.DerivedExecuteQuery
 0001:000009D4       DBXCommon.TDBXMorphicCommand.DerivedExecuteUpdate
 0001:000009DC       DBXCommon.TDBXMorphicCommand.DerivedGetNextReader
 0001:000009E4       DBXCommon.TDBXMorphicCommand.DerivedOpen
 0001:000009EC       DBXCommon.TDBXMorphicCommand.DerivedPrepare
 0001:000009F4       DBXCommon.TDBXMorphicCommand.SetMaxBlobSize
 0001:000009FC       DBXCommon.TDBXMorphicCommand.SetRowSetSize
 0001:00000A04       DBXCommon.TDBXMorphicCommand.SetCommandType
 0001:00000A0C       DBXCommon.TDBXMorphicCommand.SetText
 0001:00000A14       DBXCommon.TDBXMorphicCommand.CloseReader
 0001:00000A1C       DBXCommon.TDBXContext.Error
 0001:00000A24       DBXCommon.TDBXConnectionBuilder.GetConnectionProperties
 0001:00000A2C       DBXCommon.TDBXDriverHelp.GetMetaDataReader
 0001:00000A34       DBXCommon.TDBXDriverHelp.SetMetaDataReader
 0001:00000A3C       DBXCommon.TDBXCommand.GetCommandTimeout
 0001:00000A44       DBXCommon.TDBXCommand.SetCommandTimeout
 0001:00000A4C       DBXCommon.Finalization
 0001:00000A54       Registry.Finalization
 0001:00000A5C       IniFiles.Finalization
 0001:00000A64       DBXPlatform.IncrAfter
 0001:00000A6C       DBXPlatform.FreeObjectArray
 0001:00000A74       DBXPlatform.TDBXObjectStore.SetObjectByName
 0001:00000A7C       DBXPlatform.TDBXPlatform.CreateWideStringBuilder
 0001:00000A84       DBXPlatform.TDBXPlatform.CopyWideStringBuilder
 0001:00000A8C       DBXPlatform.TDBXPlatform.FreeAndNilWideStringBuilder
 0001:00000A94       DBClient.TCustomClientDataSet.DataConvert
 0001:00000A9C       DBClient.Finalization
 0001:00000AA4       DSIntf.Finalization
 0001:00000AAC       Provider.Finalization
 0001:00000AB4       DBXDynalink.TDBXDynalinkDriver.CheckResult
 0001:00000ABC       DBXDynalink.TDBXDynalinkDriver.Close
 0001:00000AC4       DBXDynalink.TDBXDynalinkDriver.Destroy
 0001:00000ACC       DBXDynalink.TDBXDynalinkDriver.GetDriverVersion
 0001:00000AD4       DBXDynalink.TDBXDynalinkDriverCommonLoader.Create
 0001:00000ADC       DBXDynalink.TDBXDynalinkDriverCommonLoader.Load
 0001:00000AE4       DBXDynalink.TDBXDynalinkDriverCommonLoader.LoadDriverLibrary
 0001:00000AEC       DBXDynalink.TDBXDynalinkConnection.CreateAndBeginTransaction
 0001:00000AF4       DBXDynalink.TDBXDynalinkConnection.Close
 0001:00000AFC       DBXDynalink.TDBXDynalinkConnection.Commit
 0001:00000B04       DBXDynalink.TDBXDynalinkConnection.Rollback
 0001:00000B0C       DBXDynalink.TDBXDynalinkConnection.SetTraceInfoEvent
 0001:00000B14       DBXDynalink.TDBXDynalinkConnection.Create
 0001:00000B1C       DBXDynalink.TDBXDynalinkConnection.DerivedOpen
 0001:00000B24       DBXDynalink.TDBXDynalinkConnection.GetVendorProperty
 0001:00000B2C       DBXDynalink.Finalization
 0001:00000B34       DBXDynalinkNative.TDBXDynalinkDriverNative.Create
 0001:00000B3C       DBXDynalinkNative.TDBXDynalinkDriverLoader.CreateDynalinkDriver
 0001:00000B44       DBXDynalinkNative.TDBXDynalinkDriverLoader.CreateMethodTable
 0001:00000B4C       DBXMetaDataReader.TDBXCustomMetaDataTable.Create
 0001:00000B54       DBXMetaDataReader.TDBXDataTypeCursor.Create
 0001:00000B5C       DBXMetaDataReader.TDBXDataTypeDescription.Create
 0001:00000B64       DBXMetaDataReader.TDBXDataTypeDescription.Create
 0001:00000B6C       DBXMetaDataReader.TDBXDataTypeDescription.SetUnicodeOptionSupported
 0001:00000B74       DBXMetaDataReader.TDBXEmptyTableCursor.Create
 0001:00000B7C       DBXMetaDataReader.TDBXMetaDataCollectionColumns.CreateDataTypesColumns
 0001:00000B84       DBXMetaDataReader.TDBXMetaDataCollectionColumns.CreateCatalogsColumns
 0001:00000B8C       DBXMetaDataReader.TDBXMetaDataCollectionColumns.CreateSchemasColumns
 0001:00000B94       DBXMetaDataReader.TDBXMetaDataCollectionColumns.CreateTablesColumns
 0001:00000B9C       DBXMetaDataReader.TDBXMetaDataCollectionColumns.CreateViewsColumns
 0001:00000BA4       DBXMetaDataReader.TDBXMetaDataCollectionColumns.CreateSynonymsColumns
 0001:00000BAC       DBXMetaDataReader.TDBXMetaDataCollectionColumns.CreateColumnsColumns
 0001:00000BB4       DBXMetaDataReader.TDBXMetaDataCollectionColumns.CreateColumnConstraintsColumns
 0001:00000BBC       DBXMetaDataReader.TDBXMetaDataCollectionColumns.CreateIndexesColumns
 0001:00000BC4       DBXMetaDataReader.TDBXMetaDataCollectionColumns.CreateIndexColumnsColumns
 0001:00000BCC       DBXMetaDataReader.TDBXMetaDataCollectionColumns.CreateForeignKeysColumns
 0001:00000BD4       DBXMetaDataReader.TDBXMetaDataCollectionColumns.CreateForeignKeyColumnsColumns
 0001:00000BDC       DBXMetaDataReader.TDBXMetaDataCollectionColumns.CreateProceduresColumns
 0001:00000BE4       DBXMetaDataReader.TDBXMetaDataCollectionColumns.CreateProcedureSourcesColumns
 0001:00000BEC       DBXMetaDataReader.TDBXMetaDataCollectionColumns.CreateProcedureParametersColumns
 0001:00000BF4       DBXMetaDataReader.TDBXMetaDataCollectionColumns.CreatePackagesColumns
 0001:00000BFC       DBXMetaDataReader.TDBXMetaDataCollectionColumns.CreatePackageProceduresColumns
 0001:00000C04       DBXMetaDataReader.TDBXMetaDataCollectionColumns.CreatePackageProcedureParametersColumns
 0001:00000C0C       DBXMetaDataReader.TDBXMetaDataCollectionColumns.CreatePackageSourcesColumns
 0001:00000C14       DBXMetaDataReader.TDBXMetaDataCollectionColumns.CreateUsersColumns
 0001:00000C1C       DBXMetaDataReader.TDBXMetaDataCollectionColumns.CreateRolesColumns
 0001:00000C24       DBXMetaDataReader.TDBXMetaDataCollectionColumns.CreateReservedWordsColumns
 0001:00000C2C       DBXMetaDataReader.TDBXBaseMetaDataReader.Destroy
 0001:00000C34       DBXMetaDataReader.TDBXBaseMetaDataReader.SetContext
 0001:00000C3C       DBXMetaDataReader.TDBXBaseMetaDataReader.GetContext
 0001:00000C44       DBXMetaDataReader.TDBXBaseMetaDataReader.GetProductName
 0001:00000C4C       DBXMetaDataReader.TDBXBaseMetaDataReader.GetVersion
 0001:00000C54       DBXMetaDataReader.TDBXBaseMetaDataReader.SetVersion
 0001:00000C5C       DBXMetaDataReader.TDBXBaseMetaDataReader.GetSqlDefaultParameterMarker
 0001:00000C64       DBXMetaDataReader.TDBXBaseMetaDataReader.CompareVersion
 0001:00000C6C       DBXMetaDataReader.TDBXBaseMetaDataReader.IsQuotedIdentifiersSupported
 0001:00000C74       DBXMetaDataReader.TDBXBaseMetaDataReader.GetTableType
 0001:00000C7C       DBXMetaDataReader.TDBXBaseMetaDataReader.GetViewType
 0001:00000C84       DBXMetaDataReader.TDBXBaseMetaDataReader.GetSystemTableType
 0001:00000C8C       DBXMetaDataReader.TDBXBaseMetaDataReader.GetSystemViewType
 0001:00000C94       DBXMetaDataReader.TDBXBaseMetaDataReader.GetSynonymType
 0001:00000C9C       DBXMetaDataReader.TDBXBaseMetaDataReader.MakeTableTypeString
 0001:00000CA4       DBXMetaDataReader.TDBXBaseMetaDataReader.GetDataTypeHash
 0001:00000CAC       DBXMetaDataReader.TDBXBaseMetaDataReader.GetDataTypes
 0001:00000CB4       DBXMetaDataReader.TDBXBaseMetaDataReader.PopulateDataTypes
 0001:00000CBC       DBXMetaDataReader.TDBXBaseMetaDataReader.FetchCollection
 0001:00000CC4       DBXMetaDataReader.TDBXBaseMetaDataReader.MakeStorage
 0001:00000CCC       DBXMetaDataReader.TDBXBaseMetaDataReader.FetchCollectionWithStorage
 0001:00000CD4       DBXMetaDataReader.TDBXBaseMetaDataReader.FetchDataTypes
 0001:00000CDC       DBXMetaDataReader.TDBXBaseMetaDataReader.FetchCatalogs
[...]
   655 0001:0003AB69   657 0001:0003AB72   658 0001:0003AB80   659 0001:0003AB8B
   660 0001:0003AB9B   662 0001:0003ABA1   663 0001:0003ABB3   664 0001:0003ABBE
   665 0001:0003ABCB   670 0001:0003ABD8   671 0001:0003ABE1   673 0001:0003ABF1
   674 0001:0003ABF7   676 0001:0003AC09   678 0001:0003AC0F   679 0001:0003AC29
   680 0001:0003AC3F   684 0001:0003AC4F   686 0001:0003AC74   687 0001:0003AC7B
   688 0001:0003AC81   691 0001:0003AC9D   693 0001:0003ACB1   702 0001:0003ACB4
   705 0001:0003ACD2   707 0001:0003ACE2   710 0001:0003AD0A   721 0001:0003AD27
   724 0001:0003AD33   726 0001:0003AD64   727 0001:0003AD6B   728 0001:0003AD71
   730 0001:0003AD8D   731 0001:0003AD97   814 0001:0003AD9C   815 0001:0003ADAB
   827 0001:0003ADB9   831 0001:0003ADD3   832 0001:0003ADEA   835 0001:0003ADF0
   836 0001:0003ADF7   837 0001:0003ADFD   839 0001:0003AE19   840 0001:0003AE23
   852 0001:0003AE28   853 0001:0003AE37   855 0001:0003AE40   868 0001:0003AE46
   869 0001:0003AE64   885 0001:0003AE72   886 0001:0003AE7D   887 0001:0003AE8D
   889 0001:0003AE9B   890 0001:0003AEAF   894 0001:0003AEBE   895 0001:0003AED5
   898 0001:0003AEDC   899 0001:0003AEE3   900 0001:0003AEE9   902 0001:0003AF05
   903 0001:0003AF0F   911 0001:0003AF14   913 0001:0003AF1D   916 0001:0003AF23
   917 0001:0003AF2E   922 0001:0003AF39   924 0001:0003AF43   929 0001:0003AF70
   932 0001:0003AF78   936 0001:0003AF80   940 0001:0003AF88   944 0001:0003AF90
   948 0001:0003AF98   968 0001:0003AFA0   972 0001:0003AFA8   975 0001:0003AFB0
   980 0001:0003AFB4   982 0001:0003AFD4

Line numbers for DbxDBFix(DbxDBFix.pas) segment .itext

   977 0002:00000140   978 0002:00000149   979 0002:00000150

Line numbers for DbxXXDrv(DbxXXDrv.pas) segment .text

   129 0001:0003AFEC   134 0001:0003AFF0   140 0001:0003AFFA

Line numbers for DbxXXDrv(DbxXXDrv.pas) segment .itext

   143 0002:00000154

Line numbers for Dbx34Drv(Dbx34Drv.pas) segment .text

   516 0001:0003C114   517 0001:0003C147   518 0001:0003C151   519 0001:0003C15C
   520 0001:0003C169   521 0001:0003C174   523 0001:0003C186   524 0001:0003C197
   525 0001:0003C1A8   526 0001:0003C1B2   529 0001:0003C1DA   521 0001:0003C1DD
   530 0001:0003C1E2   536 0001:0003C228   537 0001:0003C25E   538 0001:0003C268
   539 0001:0003C273   540 0001:0003C280   541 0001:0003C28B   543 0001:0003C29D
   544 0001:0003C2AE   545 0001:0003C2BF   546 0001:0003C2C9   549 0001:0003C2F4
   541 0001:0003C2F7   550 0001:0003C2FC   551 0001:0003C307   611 0001:0003C388
   612 0001:0003C3C1   614 0001:0003C3FA   615 0001:0003C40E   618 0001:0003C4D4
   619 0001:0003C501   620 0001:0003C512   621 0001:0003C524   634 0001:0003C574
   635 0001:0003C5A2   636 0001:0003C5A6   637 0001:0003C5B6   639 0001:0003C5CF
   640 0001:0003C5E6   642 0001:0003C5F0   644 0001:0003C609   646 0001:0003C613
   647 0001:0003C620   648 0001:0003C648   649 0001:0003C64E   653 0001:0003C65B
   654 0001:0003C66B   655 0001:0003C67A   656 0001:0003C6A4   658 0001:0003C6AA
   659 0001:0003C6B7   670 0001:0003C6C2   672 0001:0003C6CE   673 0001:0003C6F1
   674 0001:0003C70E   676 0001:0003C712   681 0001:0003C768   682 0001:0003C787
   683 0001:0003C78B   685 0001:0003C793   686 0001:0003C7A0   688 0001:0003C7A6
   689 0001:0003C7B4   691 0001:0003C7C2   692 0001:0003C7DA   696 0001:0003C7DE
   699 0001:0003C808   700 0001:0003C811   702 0001:0003C819   703 0001:0003C826
   706 0001:0003C82C   707 0001:0003C837   710 0001:0003C868   711 0001:0003C871
   713 0001:0003C879   714 0001:0003C886   717 0001:0003C88C   718 0001:0003C897
   725 0001:0003C8C4   727 0001:0003C902   728 0001:0003C915   730 0001:0003C92E
   735 0001:0003C941   743 0001:0003C988   744 0001:0003C997   745 0001:0003C9AD
   751 0001:0003C9B8   752 0001:0003C9C4   753 0001:0003C9CF   754 0001:0003C9E9
   755 0001:0003C9F4   756 0001:0003CA11   761 0001:0003CA18   762 0001:0003CA24
   764 0001:0003CA31   766 0001:0003CA3E   767 0001:0003CA4C   769 0001:0003CA64
   770 0001:0003CA70   771 0001:0003CA78   777 0001:0003CA84   780 0001:0003CA99
   788 0001:0003CAA4   791 0001:0003CAB4   794 0001:0003CAB8   795 0001:0003CAC4
   797 0001:0003CACF   800 0001:0003CAD4   801 0001:0003CAF3   803 0001:0003CAFE
   812 0001:0003CB20   813 0001:0003CB4F   817 0001:0003CB5C   818 0001:0003CB6E
   832 0001:0003CB80   861 0001:0003CB9D   864 0001:0003CCDC   865 0001:0003CCE8
   866 0001:0003CCF8   869 0001:0003CD2C   870 0001:0003CD38   871 0001:0003CD48
   874 0001:0003CD7C   875 0001:0003CD88   876 0001:0003CD98   879 0001:0003CDBC
   880 0001:0003CDC8   881 0001:0003CDD8   884 0001:0003CDFC   885 0001:0003CE08
   886 0001:0003CE18   889 0001:0003CE3C   890 0001:0003CE48   891 0001:0003CE58
   894 0001:0003CE7C   895 0001:0003CE88   896 0001:0003CE98   899 0001:0003CEBC
   900 0001:0003CEC8   901 0001:0003CED8   904 0001:0003CEFC   905 0001:0003CF18
   906 0001:0003CF36   909 0001:0003CF80   910 0001:0003CF9F   911 0001:0003CFBA
   914 0001:0003D000   915 0001:0003D00C   916 0001:0003D01C   919 0001:0003D064
   920 0001:0003D070   921 0001:0003D080   924 0001:0003D0C8   925 0001:0003D0D4
   926 0001:0003D0E4   929 0001:0003D118   930 0001:0003D124   931 0001:0003D134
   934 0001:0003D168   935 0001:0003D184   936 0001:0003D1A1   939 0001:0003D1E8
   940 0001:0003D207   941 0001:0003D224   944 0001:0003D268   945 0001:0003D274
   946 0001:0003D284   949 0001:0003D2B0   950 0001:0003D2BC   951 0001:0003D2CC
   970 0001:0003D2F8   971 0001:0003D32F   972 0001:0003D33F   973 0001:0003D34B
   979 0001:0003D35B   982 0001:0003D375   983 0001:0003D385   986 0001:0003D3A7
   987 0001:0003D3B4   990 0001:0003D3C4   991 0001:0003D3D2   992 0001:0003D3E0
   993 0001:0003D3EE   995 0001:0003D414   997 0001:0003D417   998 0001:0003D423
  1001 0001:0003D42D  1002 0001:0003D43B  1004 0001:0003D449  1005 0001:0003D456
  1006 0001:0003D464  1009 0001:0003D487  1011 0001:0003D48D  1013 0001:0003D498
  1016 0001:0003D4B3  1019 0001:0003D4C3  1022 0001:0003D5B8  1023 0001:0003D5BF
  1025 0001:0003D5C8  1026 0001:0003D5D4  1028 0001:0003D5DC  1089 0001:0003D5E0
  1090 0001:0003D5EC  1091 0001:0003D5FA  1094 0001:0003D600  1095 0001:0003D60C
  1096 0001:0003D619  1099 0001:0003D644  1101 0001:0003D653  1104 0001:0003D658
  1106 0001:0003D664  1114 0001:0003D668  1115 0001:0003D66B  1116 0001:0003D681
  1118 0001:0003D6F0  1119 0001:0003D70D  1120 0001:0003D720  1121 0001:0003D731
  1123 0001:0003D738  1124 0001:0003D74B  1125 0001:0003D75B  1126 0001:0003D761
  1127 0001:0003D776  1128 0001:0003D785  1130 0001:0003D78C  1131 0001:0003D794
  1132 0001:0003D79C  1133 0001:0003D7A4  1139 0001:0003D874  1143 0001:0003D895
  1144 0001:0003D8A5  1145 0001:0003D8B1  1147 0001:0003D8C6  1148 0001:0003D8D6
  1151 0001:0003D8F8  1152 0001:0003D905  1155 0001:0003D91A  1156 0001:0003D932
  1157 0001:0003D94A  1158 0001:0003D957  1159 0001:0003D962  1160 0001:0003D972
  1162 0001:0003D980  1163 0001:0003D99E  1167 0001:0003D9C3  1168 0001:0003D9D3
  1170 0001:0003D9DD  1171 0001:0003D9F5  1172 0001:0003DA0D  1173 0001:0003DA1A
  1174 0001:0003DA25  1175 0001:0003DA43  1181 0001:0003DA68  1184 0001:0003DC3C
  1186 0001:0003DC57  1187 0001:0003DC78  1188 0001:0003DC99  1192 0001:0003DD30
  1194 0001:0003DD37  1198 0001:0003DD3C  1199 0001:0003DD45  1208 0001:0003DD50
  1211 0001:0003DD58  1212 0001:0003DD5F  1214 0001:0003DD67  1217 0001:0003DD6C
  1219 0001:0003DD75  1223 0001:0003DD8E  1226 0001:0003DD98  1227 0001:0003DDA7
  1228 0001:0003DDB6  1230 0001:0003DDC6  1231 0001:0003DDD3  1236 0001:0003DE20
  1237 0001:0003DE3B  1238 0001:0003DE4C  1241 0001:0003DE70  1242 0001:0003DE79
  1243 0001:0003DE84  1304 0001:0003DE8C  1305 0001:0003DE98  1306 0001:0003DEA1
  1307 0001:0003DEAA  1314 0001:0003DEB0  1315 0001:0003DED3  1316 0001:0003DEDA
  1320 0001:0003DEE0  1340 0001:0003DF10  1342 0001:0003DF20  1347 0001:0003DF9C
  1348 0001:0003DFA5  1350 0001:0003DFB2  1351 0001:0003DFB7  1354 0001:0003DFEF
  1356 0001:0003DFFA  1358 0001:0003E016  1359 0001:0003E029  1363 0001:0003E032
  1364 0001:0003E03D  1367 0001:0003E044  1368 0001:0003E050  1369 0001:0003E05B
  1370 0001:0003E062  1371 0001:0003E06A  1381 0001:0003E070  1382 0001:0003E07C
  1383 0001:0003E087  1384 0001:0003E094  1392 0001:0003E0BC  1393 0001:0003E0C8
  1394 0001:0003E0D6  1397 0001:0003E0DC  1398 0001:0003E0E8  1399 0001:0003E0F6
  1407 0001:0003E0FC  1408 0001:0003E105  1409 0001:0003E109  1412 0001:0003E110
  1413 0001:0003E119  1414 0001:0003E11D  1417 0001:0003E124  1418 0001:0003E12D
  1419 0001:0003E131  1422 0001:0003E138  1423 0001:0003E141  1424 0001:0003E145
  1427 0001:0003E14C  1428 0001:0003E155  1429 0001:0003E159  1432 0001:0003E160
  1433 0001:0003E16C  1434 0001:0003E17A  1437 0001:0003E180  1438 0001:0003E18C
  1439 0001:0003E19A  1442 0001:0003E1A0  1443 0001:0003E1A9  1444 0001:0003E1AD
  1447 0001:0003E1B4  1448 0001:0003E1BD  1449 0001:0003E1C1  1452 0001:0003E1C8
  1453 0001:0003E1D1  1454 0001:0003E1D5  1457 0001:0003E1DC  1458 0001:0003E1E5
  1459 0001:0003E1E9  1462 0001:0003E1F0  1463 0001:0003E1F9  1464 0001:0003E204
  1469 0001:0003E20C  1479 0001:0003E215  1480 0001:0003E220  1485 0001:0003E228
  1486 0001:0003E231  1487 0001:0003E244  1492 0001:0003E24C  1493 0001:0003E255
  1494 0001:0003E25D  1503 0001:0003E264  1504 0001:0003E292  1506 0001:0003E2A9
  1507 0001:0003E2C9  1509 0001:0003E2F3  1510 0001:0003E303  1511 0001:0003E309
  1512 0001:0003E334  1519 0001:0003E35E  1520 0001:0003E36B  1522 0001:0003E37A
  1523 0001:0003E388  1524 0001:0003E396  1525 0001:0003E3A1  1527 0001:0003E3B9
  1530 0001:0003E3D2  1536 0001:0003E3E2  1537 0001:0003E3EB  1539 0001:0003E3F7
  1557 0001:0003E470  1558 0001:0003E493  1559 0001:0003E4A2  1560 0001:0003E4AD
  1561 0001:0003E4B6  1564 0001:0003E4BF  1569 0001:0003E4CA  1571 0001:0003E4D0
  1572 0001:0003E4DE  1573 0001:0003E4E4  1574 0001:0003E4F3  1575 0001:0003E4FE
  1576 0001:0003E50C  1577 0001:0003E513  1579 0001:0003E51E  1580 0001:0003E534
  1586 0001:0003E53F  1587 0001:0003E559  1590 0001:0003E580  1592 0001:0003E58C
  1593 0001:0003E599  1598 0001:0003E5C4  1599 0001:0003E5E4  1600 0001:0003E5ED
  1602 0001:0003E600  1604 0001:0003E613  1606 0001:0003E62A  1607 0001:0003E650
  1609 0001:0003E65C  1611 0001:0003E666  1612 0001:0003E672  1613 0001:0003E698
  1614 0001:0003E69F  1615 0001:0003E6C5  1617 0001:0003E6CC  1618 0001:0003E6E1
  1620 0001:0003E6E7  1621 0001:0003E6F8  1622 0001:0003E704  1623 0001:0003E715
  1626 0001:0003E71F  1628 0001:0003E727  1629 0001:0003E730  1630 0001:0003E737
  1631 0001:0003E743  1632 0001:0003E74C  1633 0001:0003E758  1636 0001:0003E85C
  1637 0001:0003E865  1638 0001:0003E876  1641 0001:0003E880  1642 0001:0003E887
  1643 0001:0003E88F  1646 0001:0003E894  1648 0001:0003E89B  1652 0001:0003E8A3
  1657 0001:0003E8A8  1658 0001:0003E8C0  1659 0001:0003E8C7  1660 0001:0003E8D1
  1682 0001:0003E8F0  1683 0001:0003E90C  1684 0001:0003E913  1685 0001:0003E91B
  1686 0001:0003E93A  1695 0001:0003E964  1696 0001:0003E980  1708 0001:0003E987
  1709 0001:0003E98F  1711 0001:0003E9A7  1723 0001:0003E9F4  1724 0001:0003EA1C
  1726 0001:0003EA32  1727 0001:0003EA3D  1728 0001:0003EA4C  1729 0001:0003EA56
  1730 0001:0003EA5D  1731 0001:0003EA71  1732 0001:0003EA7F  1733 0001:0003EA8D
  1735 0001:0003EAA4  1756 0001:0003EAA9  1759 0001:0003EAB1  1762 0001:0003EAC9
  1780 0001:0003EB34  1781 0001:0003EB62  1783 0001:0003EB7C  1784 0001:0003EB83
  1785 0001:0003EB8E  1786 0001:0003EB9D  1787 0001:0003EBA7  1788 0001:0003EBBB
  1789 0001:0003EBC9  1790 0001:0003EBE2  1792 0001:0003EBFC  1796 0001:0003EC01
  1797 0001:0003EC1B  1798 0001:0003EC29  1799 0001:0003EC30  1800 0001:0003EC3B
  1801 0001:0003EC4F  1802 0001:0003EC63  1803 0001:0003EC77  1804 0001:0003EC8B
  1805 0001:0003EC9F  1806 0001:0003ECB7  1807 0001:0003ECC4  1808 0001:0003ECD4
  1809 0001:0003ECE4  1810 0001:0003ECF4  1811 0001:0003ED04  1812 0001:0003ED14
  1813 0001:0003ED24  1814 0001:0003ED34  1815 0001:0003ED4C  1816 0001:0003ED57
  1817 0001:0003ED65  1818 0001:0003ED73  1819 0001:0003ED81  1820 0001:0003ED8F
  1821 0001:0003ED9D  1822 0001:0003EDAB  1824 0001:0003EDB9  1826 0001:0003EDD7
  1827 0001:0003EDEE  1828 0001:0003EDF6  1830 0001:0003EE1C  1832 0001:0003EE33
  1837 0001:0003EE38  1840 0001:0003EE40  1843 0001:0003EE58  1856 0001:0003F030
  1857 0001:0003F05B  1859 0001:0003F071  1860 0001:0003F078  1861 0001:0003F083
  1862 0001:0003F092  1863 0001:0003F09C  1864 0001:0003F0B0  1865 0001:0003F0BE
  1866 0001:0003F0D3  1868 0001:0003F0EA  1893 0001:0003F0EF  1901 0001:0003F0F7
  1904 0001:0003F10F  1917 0001:0003F178  1918 0001:0003F1A3  1920 0001:0003F1AC
  1921 0001:0003F1B3  1922 0001:0003F1BE  1923 0001:0003F1CD  1924 0001:0003F1D7
  1925 0001:0003F1EB  1926 0001:0003F1F9  1927 0001:0003F20E  1929 0001:0003F225
  1931 0001:0003F22A  1955 0001:0003F232  1959 0001:0003F23A  1962 0001:0003F252
  1974 0001:0003F2C0  1975 0001:0003F2EB  1977 0001:0003F2F4  1978 0001:0003F2FB
  1979 0001:0003F306  1980 0001:0003F315  1981 0001:0003F31F  1982 0001:0003F333
  1983 0001:0003F341  1984 0001:0003F356  1986 0001:0003F36D  2011 0001:0003F372
  2014 0001:0003F37A  2017 0001:0003F392  2030 0001:0003F414  2031 0001:0003F43F
  2033 0001:0003F44C  2034 0001:0003F453  2035 0001:0003F45E  2036 0001:0003F46D
  2037 0001:0003F477  2038 0001:0003F48B  2039 0001:0003F499  2041 0001:0003F4C2
  2043 0001:0003F4D9  2078 0001:0003F4DE  2081 0001:0003F4E6  2084 0001:0003F4FE
  2096 0001:0003F580  2097 0001:0003F5AB  2099 0001:0003F5B4  2100 0001:0003F5BB
  2101 0001:0003F5C6  2102 0001:0003F5D5  2103 0001:0003F5DF  2104 0001:0003F5F3
  2105 0001:0003F601  2106 0001:0003F616  2108 0001:0003F62D  2133 0001:0003F632
  2136 0001:0003F63A  2139 0001:0003F652  2151 0001:0003F6C8  2153 0001:0003F6F6
  2155 0001:0003F703  2156 0001:0003F70A  2157 0001:0003F715  2158 0001:0003F724
  2159 0001:0003F72E  2160 0001:0003F742  2161 0001:0003F750  2162 0001:0003F769
  2164 0001:0003F783  2168 0001:0003F788  2169 0001:0003F795  2170 0001:0003F7A3
  2171 0001:0003F7AA  2172 0001:0003F7C2  2173 0001:0003F7CF  2174 0001:0003F7DF
  2175 0001:0003F7EF  2176 0001:0003F7FF  2177 0001:0003F817  2178 0001:0003F822
  2179 0001:0003F830  2180 0001:0003F83E  2182 0001:0003F84C  2184 0001:0003F86A
  2185 0001:0003F881  2186 0001:0003F889  2187 0001:0003F8A0  2189 0001:0003F8C6
  2191 0001:0003F8DD  2196 0001:0003F8E2  2197 0001:0003F8EA  2200 0001:0003F901
  2203 0001:0003F919  2215 0001:0003FA7C  2216 0001:0003FAAA  2218 0001:0003FAB7
  2219 0001:0003FABE  2220 0001:0003FAC9  2221 0001:0003FAD8  2222 0001:0003FAE2
  2223 0001:0003FAF6  2224 0001:0003FB04  2225 0001:0003FB19  2227 0001:0003FB33
  2231 0001:0003FB38  2232 0001:0003FB45  2233 0001:0003FB53  2234 0001:0003FB5A
  2235 0001:0003FB72  2236 0001:0003FB7F  2237 0001:0003FB8F  2238 0001:0003FB9F
  2239 0001:0003FBB7  2240 0001:0003FBC2  2241 0001:0003FBD0  2243 0001:0003FBDE
  2245 0001:0003FBFC  2246 0001:0003FC13  2247 0001:0003FC1B  2248 0001:0003FC32
  2250 0001:0003FC58  2252 0001:0003FC6F  2257 0001:0003FC74  2258 0001:0003FC7C
  2261 0001:0003FC93  2264 0001:0003FCAB  2277 0001:0003FDD4  2278 0001:0003FDFF
  2280 0001:0003FE0C  2281 0001:0003FE13  2282 0001:0003FE1E  2283 0001:0003FE2D
  2284 0001:0003FE37  2285 0001:0003FE4B  2286 0001:0003FE59  2287 0001:0003FE72
  2289 0001:0003FE89  2316 0001:0003FE8E  2319 0001:0003FE96  2322 0001:0003FEAE
  2336 0001:0003FF24  2337 0001:0003FF4F  2339 0001:0003FF58  2340 0001:0003FF5F
  2341 0001:0003FF6A  2342 0001:0003FF79  2343 0001:0003FF83  2344 0001:0003FF97
  2345 0001:0003FFA5  2346 0001:0003FFBA  2348 0001:0003FFD1  2373 0001:0003FFD6
  2381 0001:0003FFDE  2384 0001:0003FFF6  2396 0001:00040078  2397 0001:000400A3
  2399 0001:000400AC  2400 0001:000400B3  2401 0001:000400BE  2402 0001:000400CD
  2403 0001:000400D7  2404 0001:000400EB  2405 0001:000400F9  2406 0001:0004010E
  2408 0001:00040125  2432 0001:0004012A  2435 0001:00040132  2438 0001:0004014A
  2451 0001:000401BC  2452 0001:000401E7  2454 0001:000401F4  2455 0001:000401FB
  2456 0001:00040206  2457 0001:00040215  2458 0001:0004021F  2459 0001:00040233
  2460 0001:00040241  2461 0001:0004025A  2463 0001:00040271  2465 0001:00040276
  2490 0001:0004027E  2494 0001:00040286  2497 0001:0004029E  2510 0001:00040324
  2511 0001:0004034F  2513 0001:00040358  2514 0001:0004035F  2515 0001:0004036A
  2516 0001:00040379  2517 0001:00040383  2518 0001:00040397  2519 0001:000403A5
  2520 0001:000403BA  2522 0001:000403D1  2547 0001:000403D6  2550 0001:000403DE
  2553 0001:000403F6  2566 0001:00040468  2567 0001:00040493  2569 0001:000404A0
  2570 0001:000404A7  2571 0001:000404B2  2572 0001:000404C1  2573 0001:000404CB
  2574 0001:000404DF  2575 0001:000404ED  2576 0001:0004050A  2578 0001:00040521
  2607 0001:00040526  2610 0001:0004052E  2613 0001:00040546  2626 0001:000405C8
  2627 0001:000405F3  2629 0001:00040600  2630 0001:00040607  2631 0001:00040612
  2632 0001:00040621  2633 0001:0004062B  2634 0001:0004063F  2635 0001:0004064D
  2636 0001:0004066A  2638 0001:00040681  2640 0001:00040686  2668 0001:0004068E
  2672 0001:00040696  2675 0001:000406AE  2687 0001:00040744  2688 0001:0004076F
  2690 0001:00040778  2691 0001:0004077F  2692 0001:0004078A  2693 0001:00040799
  2694 0001:000407A3  2695 0001:000407B7  2696 0001:000407C5  2697 0001:000407DA
  2699 0001:000407F1  2724 0001:000407F6  2727 0001:000407FE  2730 0001:00040816
  2739 0001:00040894  2740 0001:000408B6  2742 0001:000408BF  2743 0001:000408C6
  2744 0001:000408DA  2745 0001:000408E8  2746 0001:000408F3  2748 0001:0004090A
  2765 0001:0004090F  2768 0001:00040917  2771 0001:0004092F  2780 0001:0004097C
  2781 0001:0004099E  2783 0001:000409A7  2784 0001:000409AE  2785 0001:000409C2
  2786 0001:000409D0  2787 0001:000409DB  2789 0001:000409F2  2806 0001:000409F7
  2809 0001:000409FF  2812 0001:00040A17  2822 0001:00040A64  2823 0001:00040A82
  2825 0001:00040A8B  2826 0001:00040A92  2827 0001:00040AA6  2828 0001:00040AB4
  2829 0001:00040ABF  2831 0001:00040AD6  2846 0001:00040ADB  2847 0001:00040AE9
  2849 0001:00040AF1  2854 0001:00040AF7  2858 0001:00040B11  2860 0001:00040B32
  2863 0001:00040BA0  2864 0001:00040BAC  2865 0001:00040BB9  2868 0001:00040BE4
  2869 0001:00040BF0  2872 0001:00040BFE  2875 0001:00040C04  2876 0001:00040C10
  2877 0001:00040C1A  2880 0001:00040C20  2881 0001:00040C2C  2882 0001:00040C36
  2885 0001:00040C3C  2886 0001:00040C48  2887 0001:00040C52  2890 0001:00040C58
  2891 0001:00040C64  2892 0001:00040C6E  2895 0001:00040C74  2896 0001:00040C80
  2897 0001:00040C8A  2900 0001:00040C90  2901 0001:00040C9C  2902 0001:00040CA6
  2905 0001:00040CAC  2906 0001:00040CB8  2907 0001:00040CC2  2910 0001:00040CC8
  2911 0001:00040CD4  2912 0001:00040CDE  2915 0001:00040CE4  2916 0001:00040CF0
  2917 0001:00040CFA  2920 0001:00040D00  2921 0001:00040D0C  2922 0001:00040D16
  2925 0001:00040D1C  2926 0001:00040D28  2927 0001:00040D32  2930 0001:00040D38
  2931 0001:00040D44  2932 0001:00040D4E  2935 0001:00040D54  2936 0001:00040D60
  2937 0001:00040D6A  2940 0001:00040D70  2941 0001:00040D7C  2942 0001:00040D86
  2945 0001:00040D8C  2946 0001:00040D98  2947 0001:00040DA2  2950 0001:00040DA8
  2951 0001:00040DB4  2952 0001:00040DBE  2955 0001:00040DC4  2956 0001:00040DD0
  2957 0001:00040DDA  2960 0001:00040DE0  2961 0001:00040DEC  2962 0001:00040DF6
  2965 0001:00040DFC  2966 0001:00040E05  2967 0001:00040E09  2970 0001:00040E10
  2971 0001:00040E19  2972 0001:00040E1D  2995 0001:00040E24  2997 0001:00040E49
  2999 0001:00040E53  3003 0001:00040E74

Line numbers for Dbx34Drv(Dbx34Drv.pas) segment .itext

  2983 0002:0000015C  2985 0002:00000178  2987 0002:00000188  2988 0002:0000018F
  2990 0002:00000199  2993 0002:000001C0

Line numbers for .dbxoodbc(.\..\..\..\source\packages\pkg\dbxoodbc.dpk) segment .itext

    77 0002:00000204

Bound resource files

dbxoodbc_man_icn.res
dbxoodbc_ver.res
C:\TEMP\dtfF41.tmp


Program entry point at 0002:00000204
