
 Start         Length     Name                   Class
 0001:00000000 0005985CH .text                   CODE
 0002:00000000 00000EA8H .data                   DATA
 0002:00000EA8 00000119H .bss                    BSS


Detailed map of segments

 0001:00000000 000003A6 C=CODE     S=.text    G=(none)   M=System   ACBP=A9
 0001:000003A8 0000023C C=CODE     S=.text    G=(none)   M=SysInit  ACBP=A9
 0001:000005E4 000001BD C=CODE     S=.text    G=(none)   M=Windows  ACBP=A9
 0001:000007A4 0000000E C=CODE     S=.text    G=(none)   M=Types    ACBP=A9
 0001:000007B4 000001BE C=CODE     S=.text    G=(none)   M=SysUtils ACBP=A9
 0001:00000974 0000000E C=CODE     S=.text    G=(none)   M=SysConst ACBP=A9
 0001:00000984 000000CE C=CODE     S=.text    G=(none)   M=Classes  ACBP=A9
 0001:00000A54 0000000E C=CODE     S=.text    G=(none)   M=ActiveX  ACBP=A9
 0001:00000A64 00000038 C=CODE     S=.text    G=(none)   M=Messages ACBP=A9
 0001:00000A9C 0000000E C=CODE     S=.text    G=(none)   M=TypInfo  ACBP=A9
 0001:00000AAC 0000007E C=CODE     S=.text    G=(none)   M=Variants ACBP=A9
 0001:00000B2C 0000000E C=CODE     S=.text    G=(none)   M=VarUtils ACBP=A9
 0001:00000B3C 0000000E C=CODE     S=.text    G=(none)   M=RTLConsts ACBP=A9
 0001:00000B4C 0000000E C=CODE     S=.text    G=(none)   M=DBClient ACBP=A9
 0001:00000B5C 0000000E C=CODE     S=.text    G=(none)   M=SqlTimSt ACBP=A9
 0001:00000B6C 0000000E C=CODE     S=.text    G=(none)   M=DBConsts ACBP=A9
 0001:00000B7C 00000016 C=CODE     S=.text    G=(none)   M=DateUtils ACBP=A9
 0001:00000B94 0000000E C=CODE     S=.text    G=(none)   M=Math     ACBP=A9
 0001:00000BA4 0000000E C=CODE     S=.text    G=(none)   M=Midas    ACBP=A9
 0001:00000BB4 0000000E C=CODE     S=.text    G=(none)   M=DBCommon ACBP=A9
 0001:00000BC4 0000000E C=CODE     S=.text    G=(none)   M=StrUtils ACBP=A9
 0001:00000BD4 000003B6 C=CODE     S=.text    G=(none)   M=DB       ACBP=A9
 0001:00000F8C 0000001E C=CODE     S=.text    G=(none)   M=FMTBcd   ACBP=A9
 0001:00000FAC 0000000E C=CODE     S=.text    G=(none)   M=MaskUtils ACBP=A9
 0001:00000FBC 0000000E C=CODE     S=.text    G=(none)   M=ComObj   ACBP=A9
 0001:00000FCC 0000000E C=CODE     S=.text    G=(none)   M=ComConst ACBP=A9
 0001:00000FDC 0000000E C=CODE     S=.text    G=(none)   M=DSIntf   ACBP=A9
 0001:00000FEC 0000000E C=CODE     S=.text    G=(none)   M=MidConst ACBP=A9
 0001:00000FFC 0000000E C=CODE     S=.text    G=(none)   M=Provider ACBP=A9
 0001:0000100C 0000000E C=CODE     S=.text    G=(none)   M=DataBkr  ACBP=A9
 0001:0000101C 0000000E C=CODE     S=.text    G=(none)   M=DBXpress ACBP=A9
 0001:0000102C 000001F6 C=CODE     S=.text    G=(none)   M=SqlExpr  ACBP=A9
 0001:00001224 0000000E C=CODE     S=.text    G=(none)   M=DBConnAdmin ACBP=A9
 0001:00001234 0000000E C=CODE     S=.text    G=(none)   M=IniFiles ACBP=A9
 0001:00001244 0000000E C=CODE     S=.text    G=(none)   M=SqlConst ACBP=A9
 0001:00001254 00000046 C=CODE     S=.text    G=(none)   M=Registry ACBP=A9
 0001:0000129C 00000940 C=CODE     S=.text    G=(none)   M=Dbx23Fix ACBP=A9
 0001:00001BDC 00001970 C=CODE     S=.text    G=(none)   M=DbxOpenOdbcApiHook ACBP=A9
 0001:0000354C 0000000E C=CODE     S=.text    G=(none)   M=WideStrUtils ACBP=A9
 0001:0000355C 00000965 C=CODE     S=.text    G=(none)   M=DbxDBFix ACBP=A9
 0001:00003EC4 0000004C C=CODE     S=.text    G=(none)   M=DbxXXDrv ACBP=A9
 0001:00003F10 00000038 C=CODE     S=.text    G=(none)   M=DbxOpenOdbcTypes ACBP=A9
 0001:00003F48 00000016 C=CODE     S=.text    G=(none)   M=SyncObjs ACBP=A9
 0001:00003F60 00000050 C=CODE     S=.text    G=(none)   M=ShlObj   ACBP=A9
 0001:00003FB0 00000038 C=CODE     S=.text    G=(none)   M=UrlMon   ACBP=A9
 0001:00003FE8 00000038 C=CODE     S=.text    G=(none)   M=WinInet  ACBP=A9
 0001:00004020 00000038 C=CODE     S=.text    G=(none)   M=RegStr   ACBP=A9
 0001:00004058 00000038 C=CODE     S=.text    G=(none)   M=ShellAPI ACBP=A9
 0001:00004090 00000038 C=CODE     S=.text    G=(none)   M=CommCtrl ACBP=A9
 0001:000040C8 0000342C C=CODE     S=.text    G=(none)   M=DbxOpenOdbcFuncs ACBP=A9
 0001:000074F4 00008E18 C=CODE     S=.text    G=(none)   M=OdbcApi  ACBP=A9
 0001:0001030C 00001260 C=CODE     S=.text    G=(none)   M=DbxOpenOdbcDbx3Types ACBP=A9
 0001:0001156C 00001CC4 C=CODE     S=.text    G=(none)   M=DbxOpenOdbcInterface ACBP=A9
 0001:00013230 00002DB0 C=CODE     S=.text    G=(none)   M=DbxOpenOdbcTrace ACBP=A9
 0001:00015FE0 000017F0 C=CODE     S=.text    G=(none)   M=DbxOpenOdbcUtils ACBP=A9
 0001:000177D0 00005B90 C=CODE     S=.text    G=(none)   M=RegExpr  ACBP=A9
 0001:0001D360 000017B0 C=CODE     S=.text    G=(none)   M=DbxObjectParser ACBP=A9
 0001:0001EB10 0000047C C=CODE     S=.text    G=(none)   M=DbxOpenOdbcCallback ACBP=A9
 0001:0001EF8C 0000010C C=CODE     S=.text    G=(none)   M=DbxOpenOdbcASA ACBP=A9
 0001:0001F098 0000681E C=CODE     S=.text    G=(none)   M=DbxOpenOdbc3 ACBP=A9
 0001:000258B8 000335EB C=CODE     S=.text    G=(none)   M=DbxOpenOdbc ACBP=A9
 0001:00058EA4 00000790 C=CODE     S=.text    G=(none)   M=DbxOpenOdbcStatic ACBP=A9
 0001:00059634 00000225 C=CODE     S=.text    G=(none)   M=.dbxoodbc_emb ACBP=A9
 0002:00000000 00000030 C=DATA     S=.data    G=DGROUP   M=SysInit  ACBP=A9
 0002:00000030 00000005 C=DATA     S=.data    G=DGROUP   M=Dbx23Fix ACBP=A9
 0002:00000038 00000540 C=DATA     S=.data    G=DGROUP   M=DbxOpenOdbcApiHook ACBP=A9
 0002:00000578 00000006 C=DATA     S=.data    G=DGROUP   M=DbxOpenOdbcFuncs ACBP=A9
 0002:00000580 00000009 C=DATA     S=.data    G=DGROUP   M=OdbcApi  ACBP=A9
 0002:0000058C 0000009F C=DATA     S=.data    G=DGROUP   M=DbxOpenOdbcDbx3Types ACBP=A9
 0002:0000062C 00000178 C=DATA     S=.data    G=DGROUP   M=DbxOpenOdbcInterface ACBP=A9
 0002:000007A4 00000274 C=DATA     S=.data    G=DGROUP   M=DbxOpenOdbcTrace ACBP=A9
 0002:00000A18 00000004 C=DATA     S=.data    G=DGROUP   M=DbxOpenOdbcUtils ACBP=A9
 0002:00000A1C 00000049 C=DATA     S=.data    G=DGROUP   M=RegExpr  ACBP=A9
 0002:00000A68 0000022C C=DATA     S=.data    G=DGROUP   M=DbxObjectParser ACBP=A9
 0002:00000C94 00000008 C=DATA     S=.data    G=DGROUP   M=DbxOpenOdbcASA ACBP=A9
 0002:00000C9C 00000004 C=DATA     S=.data    G=DGROUP   M=DbxOpenOdbc3 ACBP=A9
 0002:00000CA0 0000019A C=DATA     S=.data    G=DGROUP   M=DbxOpenOdbc ACBP=A9
 0002:00000E3C 00000008 C=DATA     S=.data    G=DGROUP   M=DbxOpenOdbcStatic ACBP=A9
 0002:00001000 00000010 C=BSS      S=.bss     G=DGROUP   M=SysInit  ACBP=A9
 0002:00001010 00000008 C=BSS      S=.bss     G=DGROUP   M=Windows  ACBP=A9
 0002:00001018 00000004 C=BSS      S=.bss     G=DGROUP   M=Messages ACBP=A9
 0002:0000101C 00000004 C=BSS      S=.bss     G=DGROUP   M=Dbx23Fix ACBP=A9
 0002:00001020 00000004 C=BSS      S=.bss     G=DGROUP   M=DbxOpenOdbcApiHook ACBP=A9
 0002:00001024 00000048 C=BSS      S=.bss     G=DGROUP   M=DbxDBFix ACBP=A9
 0002:0000106C 00000004 C=BSS      S=.bss     G=DGROUP   M=DbxXXDrv ACBP=A9
 0002:00001070 00000004 C=BSS      S=.bss     G=DGROUP   M=DbxOpenOdbcTypes ACBP=A9
 0002:00001074 00000004 C=BSS      S=.bss     G=DGROUP   M=ShlObj   ACBP=A9
 0002:00001078 00000004 C=BSS      S=.bss     G=DGROUP   M=UrlMon   ACBP=A9
 0002:0000107C 00000004 C=BSS      S=.bss     G=DGROUP   M=WinInet  ACBP=A9
 0002:00001080 00000004 C=BSS      S=.bss     G=DGROUP   M=RegStr   ACBP=A9
 0002:00001084 00000004 C=BSS      S=.bss     G=DGROUP   M=ShellAPI ACBP=A9
 0002:00001088 00000004 C=BSS      S=.bss     G=DGROUP   M=CommCtrl ACBP=A9
 0002:0000108C 00000008 C=BSS      S=.bss     G=DGROUP   M=DbxOpenOdbcFuncs ACBP=A9
 0002:00001094 00000008 C=BSS      S=.bss     G=DGROUP   M=OdbcApi  ACBP=A9
 0002:0000109C 00000004 C=BSS      S=.bss     G=DGROUP   M=DbxOpenOdbcDbx3Types ACBP=A9
 0002:000010A0 00000014 C=BSS      S=.bss     G=DGROUP   M=DbxOpenOdbcInterface ACBP=A9
 0002:000010B4 00000004 C=BSS      S=.bss     G=DGROUP   M=DbxOpenOdbcTrace ACBP=A9
 0002:000010B8 00000008 C=BSS      S=.bss     G=DGROUP   M=DbxOpenOdbcUtils ACBP=A9
 0002:000010C0 00000004 C=BSS      S=.bss     G=DGROUP   M=RegExpr  ACBP=A9
 0002:000010C4 00000004 C=BSS      S=.bss     G=DGROUP   M=DbxObjectParser ACBP=A9
 0002:000010C8 00000004 C=BSS      S=.bss     G=DGROUP   M=DbxOpenOdbcCallback ACBP=A9
 0002:000010CC 00000008 C=BSS      S=.bss     G=DGROUP   M=DbxOpenOdbcASA ACBP=A9
 0002:000010D4 0000002C C=BSS      S=.bss     G=DGROUP   M=DbxOpenOdbc3 ACBP=A9
 0002:00001100 00000004 C=BSS      S=.bss     G=DGROUP   M=DbxOpenOdbc ACBP=A9
 0002:00001104 00000014 C=BSS      S=.bss     G=DGROUP   M=DbxOpenOdbcStatic ACBP=A9


  Address         Publics by Name

 0002:00001024       .1
 0002:000010C8       .1
 0002:000010A0       .1
 0002:000010D0       .1
 0002:000010BC       .1
 0002:00001018       .1
 0002:00001008       .1
 0002:0000106C       .1
 0002:00001070       .1
 0002:0000109C       .1
 0002:00001074       .1
 0002:00001078       .1
 0002:0000107C       .1
 0002:00001080       .1
 0002:00001104       .1
 0002:00001084       .1
 0002:00001088       .1
 0002:00001090       .1
 0002:00001020       .2
 0002:000010C4       .2
 0002:0000101C       .2
 0002:00001100       .23
 0002:00001010       .3
 0002:000010C0       .3
 0002:00001094       .5
 0002:000010FC       .71
 0002:000010B4       .9
 0001:00059854       .dbxoodbc_emb
 0001:00059834       @GetPackageInfoTable
 0001:000004C0       @GetTls
 0001:00000530       @InitPkg
 0001:0005983C       @PackageLoad
 0001:00000594       @PackageLoad
 0001:00059848       @PackageUnload
 0001:000005A0       @PackageUnload
 0001:0002A598       AllocateDbxHStmtNodes
 0001:000003E0       AllocTlsBuffer
 0002:00000A18       AnsiPos
 0001:00004164       AnsiToOEM
 0001:00017750       ArgStrNull
 0001:00014B90       ArrayToStr
 0001:000068F8       ArrScanByte
 0001:00006930       ArrScanDWord
 0001:0000694C       ArrScanPointer
 0001:00006914       ArrScanWord
 0002:00000C94       AsaCallbackMessage
 0001:0001EFC4       ASA_MESSAGE_CALLBACK
 0001:0001EFA4       ASA_MESSAGE_INIT
 0002:00000C98       aWindow
 0001:0001608C       BCD2Str
 0001:0002157C       BeginLock
 0002:00000030       bFixedSqlExpr
 0002:00000034       bFixedUnicode
 0002:00001040       BlobField_SetVarValue
 0002:0000061C       BlobTypeMap
 0001:00014620       BoolToStr
 0001:00052060       CacheTableIndex
 0001:000477F4       CalculateBlobFixSize
 0001:0000164C       CalcUnits
 0002:00000CF4       cBindMapDateTimeOdbc2
 0002:00000D00       cBindMapDateTimeOdbc3
 0002:00000A10       cBoolean
 0002:00000A08       cBoolean
 0002:00000E38       cBoolOptionSwitches
 0002:00000CA0       cConnectionOptionsDefault
 0002:000010D4       cConnectionOptionsDefault3
 0002:000006EC       cConnectionOptionsDescs
 0002:0000062C       cConnectionOptionsNames
 0002:00000CC8       cConnectionOptionsRestrictions
 0002:000006C4       cConnectionOptionsTypes
 0002:00000990       cDbmsType
 0002:00000E30       cDbxDriverVersionString
 0002:00000E34       cDbxProductVersionString
 0002:00000D0C       cDecimalSeparatorDefault
 0002:00000D18       cGetOptionExceptionInfos
 0001:000176AC       ChangeFileExtW
 0001:0000070C       CharLower
 0001:00000714       CharToOemA
 0001:0000071C       CharUpper
 0001:00044C58       CheckAutoIncSubType
 0001:0002A570       CheckMaxLines
 0001:00052178       CheckTableIndexColumn
 0001:0001C608       ClearMatchs
 0001:0002B750       ClearNewErrors
 0002:00000584       cLibsSeparator
 0001:000005E4       CloseHandle
 0002:00000578       cNullAnsiCharBuf
 0002:0000057C       cNullWideCharBuf
 0002:0000091C       cOdbcDriverType
 0001:000040C0       CommCtrl
 0001:0002FFF8       CompactNullConn
 0001:0002FCC4       CompactNullConn
 0001:0000474C       CompareMemory
 0002:00000784       cOptionSwitchesNames
 0001:00000744       CopyMemory
 0001:000005F4       CreateMutex
 0002:00000C90       cRegExprSpesialSymbols
 0002:00000588       cSqlAttrOdbcVerSeparator
 0002:000008B0       cSQLCommandOption
 0002:000007BC       cSQLConnectionOption
 0002:00000910       cSQLCursorOption
 0002:000007A4       cSQLDriverOption
 0002:00000868       cSQLMetaDataOption
 0002:000008FC       cSTMTParamType
 0002:0000079C       cXSQLCommandOptionStringTypes
 0002:00000794       cXSQLConnectionOptionStringTypes
 0002:00000790       cXSQLDriverOptionStringTypes
 0002:000007A0       cXSQLMetaDataOptionStringTypes
 0002:00000600       DataTypeMap
 0001:00007464       dbg
 0001:00007450       dbg
 0002:00000C18       DbmsObjectNameTemplateInfo
 0001:00001BD4       Dbx23Fix
 0001:00003EB0       DbxDBFix
 0001:0001EB08       DbxObjectParser
 0001:00058E94       DbxOpenOdbc
 0001:00025874       DbxOpenOdbc3
 0001:00003544       DbxOpenOdbcApiHook
 0001:0001F078       DbxOpenOdbcASA
 0001:0001EF84       DbxOpenOdbcCallback
 0001:00011564       DbxOpenOdbcDbx3Types
 0001:000074EC       DbxOpenOdbcFuncs
 0001:00013228       DbxOpenOdbcInterface
 0001:00059580       DbxOpenOdbcStatic
 0001:00015FD8       DbxOpenOdbcTrace
 0001:00003F40       DbxOpenOdbcTypes
 0001:000177BC       DbxOpenOdbcUtils
 0001:00003F08       DbxXXDrv
 0001:0001EEC8       DecodeTraceInfo
 0002:00000A68       DefaultMathesIndexes
 0002:00000A90       DefaultObjectNameTemplateInfo
 0002:0000108C       DefaultSystemCodePage
 0002:000010B8       DefaultSystemCodePage
 0001:00000614       DeleteCriticalSection
 0001:0004E330       DirectoryExistsW
 0002:00000E40       DllHandle
 0001:00013150       DoCallRegisterDbXpressLibProc
 0001:0003D8D8       DoFetchColumns
 0001:0003DBF8       DoFetchIndexColumns
 0001:0003DA5C       DoFetchIndexes
 0001:0003D538       DoFetchTables
 0001:00029740       DoFormatParameter
 0001:00008168       DoGetProcAddress
 0001:00008180       DoGetProcAddressEx
 0001:000588CC       DoInitialzeUnit
 0001:0003DED8       DoMetadataQuery
 0001:0003DDD0       DoMetadataQueryExecute
 0001:0003CCBC       DoPrepareNow
 0001:0003CB54       DoReBindParams
 0001:000588B4       DoRegisterDbXpressLibA
 0001:000588C0       DoRegisterDbXpressLibAW
 0001:0002582C       DoRegisterDbXpressLibW
 0001:00025838       DoRegisterDbXpressLibWA
 0001:0002EF24       DoRelaseDbxConStmt
 0001:00021DEC       DoSetCustomString
 0001:00021C34       DoSetVendoLib
 0001:0000BB30       DoSQLFreeHandle
 0001:00006F0C       DupeAnsiChar
 0001:00006E68       DupeString
 0001:00006DD4       DupeStringA
 0001:00006D34       DupeStringW
 0001:00006E80       DupeWideChar
 0001:000282D8       EmbeddedErrorTrack
 0001:00019A24       EmitComplexBraces
 0001:0001A098       EmitExactly
 0001:0001A14C       EmitRange
 0001:0001A248       EmitRangeC
 0001:0001A204       EmitRangeCPrim
 0001:0001A578       EmitRangeStr
 0001:00019B1C       EmitSimpleBraces
 0001:0001A55C       EmitSimpleRangeC
 0001:0002164C       EndLock
 0001:0000061C       EnterCriticalSection
 0001:000179F8       ExecRegExpr
 0001:0000049C       ExitProcessTLS
 0001:00000464       ExitThreadTLS
 0001:00005E6C       ExpandRegPathW
 0001:000289A0       ExtractCatalog
 0001:00004CDC       ExtractFilePathW
 0001:000080B0       ExtractNextLibName
 0002:00001030       FieldAccess_FindField
 0002:00001050       Field_AssignValue
 0001:0000074C       Finalization
 0001:000074BC       Finalization
 0001:00000A64       Finalization
 0001:00015ED0       Finalization
 0001:00004090       Finalization
 0001:0001778C       Finalization
 0001:0001D2F4       Finalization
 0001:000102A8       Finalization
 0001:00004020       Finalization
 0001:000005AC       Finalization
 0001:00003FE8       Finalization
 0001:00003FB0       Finalization
 0001:00058DFC       Finalization
 0001:00003514       Finalization
 0001:00003F78       Finalization
 0001:0001F03C       Finalization
 0001:00001BA4       Finalization
 0001:00003F10       Finalization
 0001:0001EA7C       Finalization
 0001:00025844       Finalization
 0001:00003E78       Finalization
 0001:00011534       Finalization
 0001:00059548       Finalization
 0001:0001EF54       Finalization
 0001:000131B8       Finalization
 0001:00003ED8       Finalization
 0001:00004058       Finalization
 0001:00000624       FindClose
 0001:0000062C       FindFirstFileW
 0001:00000634       FindNextFileW
 0001:00003438       FindVirtualMethodIndex
 0001:0004E3DC       fix_odbc_read_table_list_w_from_folder
 0001:000038D4       FIX_TBLOBFIELD_SETVARVALUE
 0001:000036A4       FIX_TFIELDS_FINDFIELD
 0001:00003BE8       FIX_TFIELD_ASSIGNVALUE
 0001:000037E0       FIX_TINTEGERFIELD_GETISNULL
 0001:00003A68       FIX_TSTRINGFIELD_GETVALUE
 0001:0000355C       FIX_TSTRINGFIELD_SETASANSISTRING
 0001:00003D7C       FIX_TWIDESTRINGFIELD_GETASVARIANT
 0001:00003D10       FIX_TWIDESTRINGFIELD_GETASWIDESTRING
 0001:00003CAC       FIX_TWIDESTRINGFIELD_GETDATASIZE
 0002:000005B4       FldSubTypeMap
 0002:0000058C       FldTypeMap
 0001:0000063C       FlushInstructionCache
 0002:00001098       fOdbcApiCache
 0001:000292EC       FormatDbxSubType
 0001:00028D3C       FormatDbxType
 0001:0002A478       FormatParameter
 0001:0002A490       FormatParameters
 0001:000003A8       FreeLibrary
 0001:00000644       FreeLibrary
 0001:00015FE0       FreeMemAndNil
 0001:000034D8       FxtGetStubAddress
 0002:00000C9C       gClientVersionOverload
 0001:0000064C       GetACP
 0001:00000724       GetActiveWindow
 0001:00007478       GetCompilerVersion
 0001:0002B6DC       GetConnection
 0001:0003759C       GetConnectionCustomOptions
 0001:00000654       GetCurrentProcess
 0001:0000065C       GetCurrentProcessId
 0001:00000664       GetCurrentThreadId
 0001:000377E0       GetDatabaseNameOption
 0001:0001D870       GetDbmsObjectNameTemplateInfo
 0001:0000066C       GetEnvironmentVariableA
 0001:0001591C       GetExceptionInfoStr
 0001:00000674       GetFileAttributesW
 0001:0004E39C       GetFileExt
 0001:0000067C       GetLastError
 0001:00000684       GetModuleHandle
 0001:000022DC       GetNativeAddr
 0001:000043F4       GetOptionValue
 0001:000015AC       GetParamData
 0001:0000068C       GetProcAddress
 0001:00028320       getSQLDriverODBC
 0001:00028454       getSQLDriverODBCAW
 0001:0002136C       getSQLDriverODBCW
 0001:00021474       getSQLDriverODBCWA
 0001:0002B1BC       GetStringOptions
 0001:00000694       GetTempFileName
 0001:00004798       GetTemporaryFileName
 0001:000048BC       GetTemporaryFolder
 0001:0000069C       GetTempPath
 0001:000003EC       GetTlsSize
 0001:0001EB10       GetTraceFlag
 0001:0001EB2C       GetTraceFlagName
 0001:0001EE2C       GetTraceFlagName
 0001:0001EE4C       GetTraceMessage
 0001:00015D0C       GetTransactionDescStr
 0001:00037F98       GetTransactionTypeName
 0001:00039C4C       GetValueAsAnsiStr
 0001:00005FEC       GetValueAsRegistry
 0001:00004EB4       GetValueAsShellFolderKey
 0001:000058B8       GetValueAsSpecialWinFolder
 0001:00004E00       GetValueAsTempFolder
 0001:00004D38       GetValueAsWorkFolder
 0001:00037A28       GetVendorProperty
 0001:000006A4       GetVersion
 0001:00003378       GetVirtualMethodAddress
 0001:000034B0       GetVirtualMethodOffset
 0002:00000CF0       gHostPlatform
 0001:0001A108       HexDig
 0001:00030478       HidePassword
 0002:00001004       HInstance
 0001:0000206C       HookCode
 0001:00059320       HookIAT_LoadLibrary
 0001:0000219C       HookProc
 0001:00021664       HostAppPlatformInitialize
 0002:00001014       HtmlHelpModule
 0002:00000E3C       IATPatch
 0002:00000B7C       InformixMathesIndexes
 0002:00000B98       InformixObjectNameTemplateInfo
 0001:000006AC       InitializeCriticalSection
 0001:00000500       InitializeModule
 0001:00000438       InitProcessTLS
 0001:000003F4       InitThreadTLS
 0001:00003E24       INSTALL_FIXES
 0001:00003A28       INSTALL_FIX_TBLOBFIELD_SETVARVALUE
 0001:000037A0       INSTALL_FIX_TFIELDS_FINDFIELD
 0001:00003C74       INSTALL_FIX_TFIELD_ASSIGNVALUE
 0001:0000382C       INSTALL_FIX_TINTEGERFIELD_GETISNULL
 0001:00003BA8       INSTALL_FIX_TSTRINGFIELD_GETVALUE
 0001:00003660       INSTALL_FIX_TSTRINGFIELD_SETASANSISTRING
 0001:00003DE4       INSTALL_FIX_TWIDESTRINGFIELD_GETASVARIANT
 0001:00003D3C       INSTALL_FIX_TWIDESTRINGFIELD_GETASWIDESTRING
 0001:00003CD0       INSTALL_FIX_TWIDESTRINGFIELD_GETDATASIZE
 0002:00001038       IntegerField_GetIsNull
 0001:000006B4       IsBadReadPtr
 0001:0002B73C       IsConnection
 0001:00003EC4       IsDbxDrvFixed
 0002:00000D10       IsDriverEmbedded
 0001:00052030       IsFilteredIndex
 0001:0002EAE4       IsFreeDbxConStmt
 0001:000024FC       IsJumpFromCode
 0001:00005EF4       IsLeftKey
 0001:00028554       IsRestrictedConnectionOptionValue
 0001:00058EA4       IsStatic
 0001:00004A68       is_prepared_alias
 0001:00004B74       is_prepared_alias_word
 0001:00002320       JumpFromCode
 0001:0001E6B8       LDoCalculateTemplate
 0001:0002E41C       LDoClearResult
 0001:00059028       LDoGetProcAddress
 0001:0002B800       LDoMakeResult
 0001:000411E4       LDo_PostgreSQL_Make_Buffer
 0001:000006BC       LeaveCriticalSection
 0001:000379C4       LGetISQLConnection2x
 0001:00021BD4       LGetISQLConnection30
 0001:000006C4       LoadLibrary
 0001:00008234       LoadOdbcDriverManager
 0001:000041DC       LoadStringFromFileA
 0001:000042BC       LoadStringFromFileW
 0001:000003B0       LocalAlloc
 0001:000003B8       LocalFree
 0001:000151A4       LogEnterProc
 0001:0001539C       LogEnterProc
 0001:00015A34       LogExceptProc
 0001:00015C9C       LogExceptProc
 0001:000158B0       LogExitProc
 0001:000156A8       LogExitProc
 0001:00015544       LogInfoProc
 0001:00015408       LogInfoProc
 0001:00040440       MakeStoredProcParams
 0001:0002AF10       MakeStringExceptionFromInfo
 0001:0004E764       MakeTableTypeString
 0001:000040D0       max
 0002:00000D14       MaxCount
 0001:00016028       MaxSet
 0001:00016014       MaxSet
 0001:00015FFC       MaxSet
 0001:00016064       MaxSet
 0001:00016050       MaxSet
 0001:00015FF4       MaxSet
 0001:00030570       MergeAndSetConnOptions
 0001:00000A94       Messages
 0002:00000A58       META
 0001:000040C8       min
 0002:00000008       Module
 0002:00001000       ModuleIsLib
 0002:00001001       ModuleIsPackage
 0001:000006CC       MultiByteToWideChar
 0001:00059000       NewFreeLibrary
 0001:00059268       NewGetProcAddress
 0001:00058EB0       NewLoadLibraryA
 0001:00058F4C       NewLoadLibraryW
 0001:000102EC       OdbcApi
 0001:00028A78       OdbcDataTypeToDbxType
 0001:00044428       OdbcSqlCTypeToStr
 0001:00043A54       OdbcSqlTypeToStr
 0001:000041A0       OemToAnsi
 0001:0000072C       OemToCharA
 0002:00000038       Opcodes1
 0002:00000238       Opcodes2
 0002:00000438       Opcodes3
 0001:00047728       OptimizeNextChunkSize
 0002:00000B2C       OracleMathesIndexes
 0002:00000B48       OracleObjectNameTemplateInfo
 0001:000144DC       OutputDebugString
 0001:000143E0       OutputDebugString
 0001:000006D4       OutputDebugStringA
 0001:000006DC       OutputDebugStringW
 0001:00017640       PAnsiCharParam
 0001:00017634       PAnsiCharParam
 0001:0003064C       ParseConnectionOptions
 0001:000199C4       parsenum
 0001:0001CAC8       ParseVarName
 0001:000176F4       PIntToStr
 0001:00004744       PointerOffset
 0001:00006B28       PosChar
 0001:00006AA4       PosChar
 0001:00006A20       PosChar
 0001:000069F8       PosChar
 0001:00006CE4       PosCharEx
 0001:00006C38       PosCharEx
 0001:00006B50       PosCharEx
 0001:00006B98       PosCharEx
 0001:000040D8       PosEx
 0001:000064B4       PrepareFileNameAliases
 0001:0000686C       PrepareFileNameAliases
 0001:00041034       ProcessVarDataLength
 0002:00000004       PtrToNil
 0001:00017B54       QuoteRegExprMetaChars
 0001:0001D358       RegExpr
 0002:00000A44       RegExprInvertCaseFunction
 0002:00000A40       RegExprLinePairedSeparator
 0002:00000A3C       RegExprLineSeparators
 0002:00000A54       RegExprMetaSet
 0002:00000A28       RegExprModifierG
 0002:00000A1C       RegExprModifierI
 0002:00000A2C       RegExprModifierM
 0002:00000A20       RegExprModifierR
 0002:00000A24       RegExprModifierS
 0002:00000A30       RegExprModifierX
 0002:00000A34       RegExprSpaceChars
 0001:00017C4C       RegExprSubExpressions
 0002:00000A38       RegExprWordChars
 0001:00013178       RegisterDbXpressLibA
 0001:00013180       RegisterDbXpressLibAW
 0001:00013198       RegisterDbXpressLibProc
 0001:00013188       RegisterDbXpressLibW
 0001:00013190       RegisterDbXpressLibWA
 0001:00000734       RegisterWindowMessageA
 0001:0001C630       RegMatch
 0001:00004050       RegStr
 0001:0004E360       RemoveFileExt
 0001:00017ACC       ReplaceRegExpr
 0001:00002410       RestoreSavedCode
 0001:000565E0       RetrieveProcedureSchemaForSysNaming
 0001:0001D1FC       ReturnAddr
 0001:00001FF4       SaveOldFunction
 0001:0000073C       SendMessage
 0001:00039CD8       SetConnectionCustomOptions
 0001:000285E0       SetConnectionOption
 0001:000006E4       SetEnvironmentVariableA
 0001:000410C4       SetVarData
 0001:000033A4       SetVirtualMethodAddress
 0001:00004088       ShellAPI
 0001:00003F60       SHGetMalloc
 0001:00003F68       SHGetPathFromIDListW
 0001:00003F70       SHGetSpecialFolderLocation
 0001:00003FA8       ShlObj
 0001:00001C64       SizeOfCode
 0001:00001FB0       SizeOfProc
 0001:00017A60       SplitRegExpr
 0001:00011520       SQLExpr_RegisterDbXpressLib
 0001:0002B854       SQLGetDiagRecLevel2
 0002:00000AC4       SQLServerMathesIndexes
 0002:00000AF8       SQLServerObjectNameTemplateInfo
 0001:00007DA8       SQL_SUCCEEDED
 0001:00016284       Str2BCD
 0001:00017680       StrAnsiStringParam
 0001:00017658       StrAnsiStringParam
 0001:00016980       StrBuffCopy
 0001:00016920       StrBuffCopy
 0001:000168C0       StrBuffCopy
 0001:00016864       StrBuffCopy
 0001:000169FC       StrBuffCopy
 0001:000169E4       StrBuffCopy
 0001:00016A14       StrClone
 0001:00016A6C       StrClone
 0001:00016AD4       StrClone
 0001:00016B28       StrClone
 0001:00016B48       StrClone
 0001:00016C00       StrClone
 0001:00016C58       StrClone
 0001:00016CE4       StrClone
 0001:00016D74       StrClone
 0001:00016E00       StrClone
 0001:00016E4C       StrClone
 0001:00016E84       StrClone
 0001:00016F74       StrClone
 0001:00016EFC       StrClone
 0001:00019490       strcspn
 0001:00007270       StringCharModify
 0001:000073D4       StringCharModify
 0001:00007358       StringCharModify
 0001:000072EC       StringCharModify
 0001:00006F8C       StringCharReplace
 0001:000071D0       StringCharReplace
 0001:00007064       StringCharReplace
 0001:000070F8       StringCharReplace
 0002:00001048       StringField_GetValue
 0002:00001028       StringField_SetAsAnsiString
 0001:00016650       StringsToWStr
 0001:00016520       StringToWideChar
 0001:00016560       StringToWStr
 0001:000165B8       StringToWStr
 0001:00017584       StrISameText
 0001:000173F0       StrISameText
 0001:00017420       StrISameText
 0001:00017450       StrISameText
 0001:000174D4       StrISameText
 0001:00017554       StrISameText
 0001:0001756C       StrISameText
 0001:000175DC       StrISameText
 0001:00016FB8       StrIsEmpty
 0001:00016FE4       StrIsEmpty
 0001:00016FC8       StrIsEmpty
 0001:00016FA8       StrIsEmpty
 0001:000166FC       StrLenNil
 0001:0001703C       StrNotEmpty
 0001:00017010       StrNotEmpty
 0001:00017000       StrNotEmpty
 0001:00017020       StrNotEmpty
 0001:000170E0       StrPtrToString
 0001:000170B8       StrPtrToString
 0001:00017058       StrPtrToString
 0001:000171A4       StrSameText
 0001:00017144       StrSameText
 0001:00017228       StrSameText
 0001:000172A8       StrSameText
 0001:000172C0       StrSameText
 0001:000172D8       StrSameText
 0001:00017330       StrSameText
 0001:00017388       StrSameText
 0001:000173A4       StrSameText
 0001:000173BC       StrSameText
 0001:000173D8       StrSameText
 0001:00017174       StrSameText
 0001:00051F7C       SyncPKSortOrder
 0001:000005DC       SysInit
 0002:00000580       sysodbclib
 0001:000586A8       TBlobChunkCollection.AddFragment
 0001:000586E8       TBlobChunkCollection.Clear
 0001:00058724       TBlobChunkCollection.Destroy
 0001:00058750       TBlobChunkCollection.GetSize
 0001:00058774       TBlobChunkCollection.Read
 0001:000587F4       TBlobChunkCollection.ReadBlobToStream
 0001:000587AC       TBlobChunkCollection.ReadBlobToVariant
 0001:0000386C       TBlobField_SetData
 0001:00024168       TDbxCommandParser.Create
 0001:000244C4       TDbxCommandParser.GetParam
 0001:0002411C       TDbxCommandParser.IsDbxCommand
 0001:000240D0       TDbxCommandParser.IsDbxCommand
 0001:000240F8       TDbxCommandParser.IsDbxCommand
 0001:00024054       TDbxCommandParser.IsDbxCommand
 0001:0002B2FC       TDOSQLObject.SelfObj
 0002:00000BCC       TextMathesIndexes
 0002:00000BE4       TextObjectNameTemplateInfo
 0001:000029B8       TIATPatch.BuildIATPatchList
 0001:00002FE4       TIATPatch.Clear
 0001:000025DC       TIATPatch.CompareLibraryNames
 0001:00003274       TIATPatch.Create
 0001:00002EF8       TIATPatch.Delete
 0001:000032DC       TIATPatch.Destroy
 0001:00002788       TIATPatch.EnumIATList
 0001:00002DB4       TIATPatch.Find
 0001:0000321C       TIATPatch.GetCount
 0001:00003114       TIATPatch.GetPatchRecord
 0001:00003174       TIATPatch.GetUnpatchOnFree
 0001:00002590       TIATPatch.ListContainsIAT
 0001:0000254C       TIATPatch.NextFunctionName
 0001:00002B7C       TIATPatch.Patch
 0001:000031C8       TIATPatch.SetUnpatchOnFree
 0001:00002A4C       TIATPatch.Unpatch
 0001:000026BC       TIATPatch.UpdateEntry
 0001:00002730       TIATPatch.UpdatePatch
 0001:000003C0       TlsAlloc
 0002:0000100C       tlsBuffer
 0001:000003C8       TlsFree
 0001:000003D0       TlsGetValue
 0002:00000000       TlsIndex
 0002:FFBA5004       TlsLast
 0002:00000020       TlsProc
 0001:000003D8       TlsSetValue
 0001:0004CEE0       TMetaColumn.Create
 0001:0004D0DC       TMetaColumn.CreateW
 0001:0004D270       TMetaColumn.Destroy
 0001:0004D298       TMetaIndexColumn.Create
 0001:0004D634       TMetaIndexColumn.CreateW
 0001:0004D9A4       TMetaIndexColumn.Destroy
 0001:0004D9CC       TMetaProcedure.Create
 0001:0004DC24       TMetaProcedure.CreateW
 0001:0004DE58       TMetaProcedure.Destroy
 0001:0004DE80       TMetaProcedureParam.Create
 0001:0004DF9C       TMetaProcedureParam.CreateW
 0001:0004E0A8       TMetaProcedureParam.Destroy
 0001:0004C7D4       TMetaTable.Create
 0001:0004CB30       TMetaTable.CreateW
 0001:0004CEB0       TMetaTable.Destroy
 0001:000069B0       ToAnsiChar
 0001:00006968       ToAnsiChar
 0001:0001D8BC       TObjectNameParser.Create
 0001:0001DF2C       TObjectNameParser.DecodeObjectFullName
 0001:0001DEB8       TObjectNameParser.Destroy
 0001:0001E6CC       TObjectNameParser.EncodeObjectFullName
 0001:0001E9E8       TObjectNameParser.GetQuotedObjectName
 0001:0000EFC4       TOdbcApiIntfImpl.CheckAvailableProxy
 0001:0000F014       TOdbcApiIntfImpl.FireVSDebugEvent
 0001:0000F030       TOdbcApiIntfImpl.ODBCGetTryWaitValue
 0001:0000F044       TOdbcApiIntfImpl.ODBCSetTryWaitValue
 0001:0000F194       TOdbcApiIntfImpl.SQLAllocConnect
 0001:0000F1B4       TOdbcApiIntfImpl.SQLAllocEnv
 0001:0000F1D0       TOdbcApiIntfImpl.SQLAllocHandle
 0001:0000F1FC       TOdbcApiIntfImpl.SQLAllocHandleStd
 0001:0000F228       TOdbcApiIntfImpl.SQLAllocStmt
 0001:0000F248       TOdbcApiIntfImpl.SQLBindCol
 0001:0000F280       TOdbcApiIntfImpl.SQLBindParam
 0001:0000F2C4       TOdbcApiIntfImpl.SQLBindParameter
 0001:0000F310       TOdbcApiIntfImpl.SQLBrowseConnect
 0001:0000F348       TOdbcApiIntfImpl.SQLBulkOperations
 0001:0000F368       TOdbcApiIntfImpl.SQLCancel
 0001:0000F384       TOdbcApiIntfImpl.SQLCloseCursor
 0001:0000F3A0       TOdbcApiIntfImpl.SQLColAttribute
 0001:0000F3DC       TOdbcApiIntfImpl.SQLColAttributeInt
 0001:0000F418       TOdbcApiIntfImpl.SQLColAttributes
 0001:0000F454       TOdbcApiIntfImpl.SQLColAttributeString
 0001:0000F490       TOdbcApiIntfImpl.SQLColumnPrivileges
 0001:0000F4D8       TOdbcApiIntfImpl.SQLColumns
 0001:0000F520       TOdbcApiIntfImpl.SQLConnect
 0001:0000F560       TOdbcApiIntfImpl.SQLCopyDesc
 0001:0000F580       TOdbcApiIntfImpl.SQLDataSources
 0001:0000F5C0       TOdbcApiIntfImpl.SQLDescribeCol
 0001:0000F604       TOdbcApiIntfImpl.SQLDescribeParam
 0001:0000F63C       TOdbcApiIntfImpl.SQLDisconnect
 0001:0000F658       TOdbcApiIntfImpl.SQLDriverConnect
 0001:0000F69C       TOdbcApiIntfImpl.SQLDrivers
 0001:0000F6DC       TOdbcApiIntfImpl.SQLEndTran
 0001:0000F708       TOdbcApiIntfImpl.SQLError
 0001:0000F748       TOdbcApiIntfImpl.SQLExecDirect
 0001:0000F774       TOdbcApiIntfImpl.SQLExecute
 0001:0000F790       TOdbcApiIntfImpl.SQLExtendedFetch
 0001:0000F7C4       TOdbcApiIntfImpl.SQLFetch
 0001:0000F7E0       TOdbcApiIntfImpl.SQLFetchScroll
 0001:0000F80C       TOdbcApiIntfImpl.SQLForeignKeys
 0001:0000F864       TOdbcApiIntfImpl.SQLFreeConnect
 0001:0000F880       TOdbcApiIntfImpl.SQLFreeEnv
 0001:0000F89C       TOdbcApiIntfImpl.SQLFreeHandle
 0001:0000F8BC       TOdbcApiIntfImpl.SQLFreeStmt
 0001:0000F8DC       TOdbcApiIntfImpl.SQLFunctionSupported
 0001:0000F8FC       TOdbcApiIntfImpl.SQLGetConnectAttr
 0001:0000F930       TOdbcApiIntfImpl.SQLGetConnectOption
 0001:0000F95C       TOdbcApiIntfImpl.SQLGetCursorName
 0001:0000F98C       TOdbcApiIntfImpl.SQLGetData
 0001:0000F9C4       TOdbcApiIntfImpl.SQLGetDescField
 0001:0000F9FC       TOdbcApiIntfImpl.SQLGetDescRec
 0001:0000FA48       TOdbcApiIntfImpl.SQLGetDiagField
 0001:0000FA88       TOdbcApiIntfImpl.SQLGetDiagRec
 0001:0000FAC8       TOdbcApiIntfImpl.SQLGetEnvAttr
 0001:0000FAFC       TOdbcApiIntfImpl.SQLGetFunctions
 0001:0000FB28       TOdbcApiIntfImpl.SQLGetInfo
 0001:0000FB5C       TOdbcApiIntfImpl.SQLGetInfoInt
 0001:0000FB90       TOdbcApiIntfImpl.SQLGetInfoSmallint
 0001:0000FBC4       TOdbcApiIntfImpl.SQLGetInfoString
 0001:0000FBF8       TOdbcApiIntfImpl.SQLGetStmtAttr
 0001:0000FC2C       TOdbcApiIntfImpl.SQLGetStmtOption
 0001:0000FC58       TOdbcApiIntfImpl.SQLGetTypeInfo
 0001:0000FC78       TOdbcApiIntfImpl.SQLMoreResults
 0001:0000FC94       TOdbcApiIntfImpl.SQLNativeSql
 0001:0000FCCC       TOdbcApiIntfImpl.SQLNumParams
 0001:0000FCEC       TOdbcApiIntfImpl.SQLNumResultCols
 0001:0000FD0C       TOdbcApiIntfImpl.SQLParamData
 0001:0000FD2C       TOdbcApiIntfImpl.SQLParamOptions
 0001:0000FD58       TOdbcApiIntfImpl.SQLPrepare
 0001:0000FD84       TOdbcApiIntfImpl.SQLPrimaryKeys
 0001:0000FDC4       TOdbcApiIntfImpl.SQLProcedureColumns
 0001:0000FE0C       TOdbcApiIntfImpl.SQLProcedures
 0001:0000FE4C       TOdbcApiIntfImpl.SQLPutData
 0001:0000FE78       TOdbcApiIntfImpl.SQLRowCount
 0001:0000FE98       TOdbcApiIntfImpl.SQLSetConnectAttr
 0001:0000FEC8       TOdbcApiIntfImpl.SQLSetConnectOption
 0001:0000FEF4       TOdbcApiIntfImpl.SQLSetCursorName
 0001:0000FF20       TOdbcApiIntfImpl.SQLSetDescField
 0001:0000FF54       TOdbcApiIntfImpl.SQLSetDescRec
 0001:0000FFA0       TOdbcApiIntfImpl.SQLSetEnvAttr
 0001:0000FFD0       TOdbcApiIntfImpl.SQLSetParam
 0001:00010014       TOdbcApiIntfImpl.SQLSetPos
 0001:00010044       TOdbcApiIntfImpl.SQLSetScrollOptions
 0001:00010074       TOdbcApiIntfImpl.SQLSetStmtAttr
 0001:000100A4       TOdbcApiIntfImpl.SQLSetStmtOption
 0001:000100D0       TOdbcApiIntfImpl.SQLSpecialColumns
 0001:0001011C       TOdbcApiIntfImpl.SQLStatistics
 0001:00010164       TOdbcApiIntfImpl.SQLTablePrivileges
 0001:000101A4       TOdbcApiIntfImpl.SQLTables
 0001:000101EC       TOdbcApiIntfImpl.SQLTransact
 0001:0000F060       TOdbcApiIntfImpl.SQL_ADD_RECORD
 0001:0000F080       TOdbcApiIntfImpl.SQL_DELETE_RECORD
 0001:0000F0A0       TOdbcApiIntfImpl.SQL_FUNC_EXISTS
 0001:0000F0C4       TOdbcApiIntfImpl.SQL_LEN_BINARY_ATTR
 0001:0000F0E0       TOdbcApiIntfImpl.SQL_LEN_DATA_AT_EXEC
 0001:0000F0FC       TOdbcApiIntfImpl.SQL_LOCK_RECORD
 0001:0000F128       TOdbcApiIntfImpl.SQL_POSITION_TO
 0001:0000F148       TOdbcApiIntfImpl.SQL_REFRESH_RECORD
 0001:0000F174       TOdbcApiIntfImpl.SQL_UPDATE_RECORD
 0001:00010218       TOdbcApiIntfImpl.TraceCloseLogFile
 0001:0001022C       TOdbcApiIntfImpl.TraceOpenLogFile
 0001:00010258       TOdbcApiIntfImpl.TraceReturn
 0001:00010278       TOdbcApiIntfImpl.TraceVersion
 0001:0001028C       TOdbcApiIntfImpl.TraceVSControl
 0001:00009F8C       TOdbcApiProxy.BeginLock
 0001:00009E14       TOdbcApiProxy.Destroy
 0001:00009F98       TOdbcApiProxy.EndLock
 0001:0000ED5C       TOdbcApiProxy.FireVSDebugEvent
 0001:0000EF84       TOdbcApiProxy.GetOdbcApiIntf
 0001:00009E7C       TOdbcApiProxy.NotImplemented
 0001:0000ED9C       TOdbcApiProxy.ODBCGetTryWaitValue
 0001:0000EDE4       TOdbcApiProxy.ODBCSetTryWaitValue
 0001:0000EED4       TOdbcApiProxy.SetOdbcDriverLevel
 0001:00009FA4       TOdbcApiProxy.SQLAllocConnect
 0001:00009FC0       TOdbcApiProxy.SQLAllocEnv
 0001:0000A034       TOdbcApiProxy.SQLAllocHandle
 0001:00009FDC       TOdbcApiProxy.SQLAllocHandleStd
 0001:0000A0D0       TOdbcApiProxy.SQLAllocStmt
 0001:0000A0EC       TOdbcApiProxy.SQLBindCol
 0001:0000A144       TOdbcApiProxy.SQLBindParam
 0001:0000A1AC       TOdbcApiProxy.SQLBindParameter
 0001:0000A228       TOdbcApiProxy.SQLBrowseConnect
 0001:0000A3A8       TOdbcApiProxy.SQLBulkOperations
 0001:0000A3F0       TOdbcApiProxy.SQLCancel
 0001:0000A428       TOdbcApiProxy.SQLCloseCursor
 0001:0000A478       TOdbcApiProxy.SQLColAttribute
 0001:0000A658       TOdbcApiProxy.SQLColAttributeInt
 0001:0000A6A0       TOdbcApiProxy.SQLColAttributes
 0001:0000A67C       TOdbcApiProxy.SQLColAttributeString
 0001:0000A82C       TOdbcApiProxy.SQLColumnPrivileges
 0001:0000A9A4       TOdbcApiProxy.SQLColumns
 0001:0000AB58       TOdbcApiProxy.SQLConnect
 0001:0000ACC8       TOdbcApiProxy.SQLCopyDesc
 0001:0000AD00       TOdbcApiProxy.SQLDataSources
 0001:0000AEBC       TOdbcApiProxy.SQLDescribeCol
 0001:0000B034       TOdbcApiProxy.SQLDescribeParam
 0001:0000B09C       TOdbcApiProxy.SQLDisconnect
 0001:0000B0D8       TOdbcApiProxy.SQLDriverConnect
 0001:0000B2A8       TOdbcApiProxy.SQLDrivers
 0001:0000B4BC       TOdbcApiProxy.SQLEndTran
 0001:0000B550       TOdbcApiProxy.SQLError
 0001:0000B6F4       TOdbcApiProxy.SQLExecDirect
 0001:0000B7BC       TOdbcApiProxy.SQLExecute
 0001:0000B7F4       TOdbcApiProxy.SQLExtendedFetch
 0001:0000B858       TOdbcApiProxy.SQLFetch
 0001:0000B894       TOdbcApiProxy.SQLFetchScroll
 0001:0000B8E8       TOdbcApiProxy.SQLForeignKeys
 0001:0000BAB4       TOdbcApiProxy.SQLFreeConnect
 0001:0000BAF4       TOdbcApiProxy.SQLFreeEnv
 0001:0000BBFC       TOdbcApiProxy.SQLFreeHandle
 0001:0000BC84       TOdbcApiProxy.SQLFreeStmt
 0001:0000C7D4       TOdbcApiProxy.SQLFunctionSupported
 0001:0000BCC4       TOdbcApiProxy.SQLGetConnectAttr
 0001:0000BEEC       TOdbcApiProxy.SQLGetConnectOption
 0001:0000BFCC       TOdbcApiProxy.SQLGetCursorName
 0001:0000C11C       TOdbcApiProxy.SQLGetData
 0001:0000C17C       TOdbcApiProxy.SQLGetDescField
 0001:0000C2F0       TOdbcApiProxy.SQLGetDescRec
 0001:0000C468       TOdbcApiProxy.SQLGetDiagField
 0001:0000C5C0       TOdbcApiProxy.SQLGetDiagRec
 0001:0000C778       TOdbcApiProxy.SQLGetEnvAttr
 0001:0000C800       TOdbcApiProxy.SQLGetFunctions
 0001:0000D1F4       TOdbcApiProxy.SQLGetInfo
 0001:0000D37C       TOdbcApiProxy.SQLGetInfoInt
 0001:0000D394       TOdbcApiProxy.SQLGetInfoSmallint
 0001:0000D3AC       TOdbcApiProxy.SQLGetInfoString
 0001:0000D3C8       TOdbcApiProxy.SQLGetStmtAttr
 0001:0000D544       TOdbcApiProxy.SQLGetStmtOption
 0001:0000D5A0       TOdbcApiProxy.SQLGetTypeInfo
 0001:0000D5F8       TOdbcApiProxy.SQLMoreResults
 0001:0000D610       TOdbcApiProxy.SQLNativeSql
 0001:0000D778       TOdbcApiProxy.SQLNumParams
 0001:0000D7BC       TOdbcApiProxy.SQLNumResultCols
 0001:0000D804       TOdbcApiProxy.SQLParamData
 0001:0000D848       TOdbcApiProxy.SQLParamOptions
 0001:0000D89C       TOdbcApiProxy.SQLPrepare
 0001:0000D968       TOdbcApiProxy.SQLPrimaryKeys
 0001:0000DACC       TOdbcApiProxy.SQLProcedureColumns
 0001:0000DC70       TOdbcApiProxy.SQLProcedures
 0001:0000DDD4       TOdbcApiProxy.SQLPutData
 0001:0000DE24       TOdbcApiProxy.SQLRowCount
 0001:0000DE64       TOdbcApiProxy.SQLSetConnectAttr
 0001:0000DF8C       TOdbcApiProxy.SQLSetConnectOption
 0001:0000E004       TOdbcApiProxy.SQLSetCursorName
 0001:0000E0E0       TOdbcApiProxy.SQLSetDescField
 0001:0000E1D4       TOdbcApiProxy.SQLSetDescRec
 0001:0000E24C       TOdbcApiProxy.SQLSetEnvAttr
 0001:0000E2A4       TOdbcApiProxy.SQLSetParam
 0001:0000E30C       TOdbcApiProxy.SQLSetPos
 0001:0000E364       TOdbcApiProxy.SQLSetScrollOptions
 0001:0000E3C4       TOdbcApiProxy.SQLSetStmtAttr
 0001:0000E4E8       TOdbcApiProxy.SQLSetStmtOption
 0001:0000E544       TOdbcApiProxy.SQLSpecialColumns
 0001:0000E6D0       TOdbcApiProxy.SQLStatistics
 0001:0000E870       TOdbcApiProxy.SQLTablePrivileges
 0001:0000E9D4       TOdbcApiProxy.SQLTables
 0001:0000EBA8       TOdbcApiProxy.SQLTransact
 0001:0000EE38       TOdbcApiProxy.SQL_ADD_RECORD
 0001:0000EE44       TOdbcApiProxy.SQL_DELETE_RECORD
 0001:0000EE50       TOdbcApiProxy.SQL_FUNC_EXISTS
 0001:0000EE7C       TOdbcApiProxy.SQL_LEN_BINARY_ATTR
 0001:0000EE84       TOdbcApiProxy.SQL_LEN_DATA_AT_EXEC
 0001:0000EE8C       TOdbcApiProxy.SQL_LOCK_RECORD
 0001:0000EEA4       TOdbcApiProxy.SQL_POSITION_TO
 0001:0000EEB0       TOdbcApiProxy.SQL_REFRESH_RECORD
 0001:0000EEC8       TOdbcApiProxy.SQL_UPDATE_RECORD
 0001:0000EBF8       TOdbcApiProxy.TraceCloseLogFile
 0001:0000EC40       TOdbcApiProxy.TraceOpenLogFile
 0001:0000EC9C       TOdbcApiProxy.TraceReturn
 0001:0000ECD4       TOdbcApiProxy.TraceVersion
 0001:0000ED18       TOdbcApiProxy.TraceVSControl
 0001:0004C6CC       TOdbcBindCol.Create
 0001:0004C708       TOdbcBindCol.Destroy
 0001:0004C75C       TOdbcBindParam.Create
 0001:0004C798       TOdbcBindParam.Destroy
 0001:0001929C       TRegExpr.Compile
 0001:000194B4       TRegExpr.CompileRegExpr
 0001:00018AA4       TRegExpr.Create
 0001:00018BB8       TRegExpr.Destroy
 0001:00019408       TRegExpr.EmitC
 0001:000193CC       TRegExpr.EmitNode
 0001:0001D200       TRegExpr.Error
 0001:00017F40       TRegExpr.ErrorMsg
 0001:0001C5F8       TRegExpr.Exec
 0001:0001C5EC       TRegExpr.Exec
 0001:0001C5D4       TRegExpr.Exec
 0001:0001C85C       TRegExpr.ExecNext
 0001:0001C600       TRegExpr.ExecPos
 0001:0001C684       TRegExpr.ExecPrim
 0001:0001C154       TRegExpr.FillFirstCharSet
 0001:0001B1E8       TRegExpr.GetCompilerErrorPos
 0001:00018C1C       TRegExpr.GetExpression
 0001:0001C8A4       TRegExpr.GetInputString
 0001:0001CA60       TRegExpr.GetLinePairedSeparator
 0001:00018D9C       TRegExpr.GetMatch
 0001:00018D64       TRegExpr.GetMatchLen
 0001:00018D2C       TRegExpr.GetMatchPos
 0001:00019194       TRegExpr.GetModifier
 0001:00018DE8       TRegExpr.GetModifierStr
 0001:00018CFC       TRegExpr.GetSubExprMatchCount
 0001:0001942C       TRegExpr.InsertOperator
 0001:00019280       TRegExpr.InvalidateProgramm
 0001:00018C00       TRegExpr.InvertCaseFunction
 0001:000192BC       TRegExpr.IsProgrammOk
 0001:00018A80       TRegExpr.LastError
 0001:0001B520       TRegExpr.MatchPrim
 0001:000193AC       TRegExpr.OpTail
 0001:0001A6FC       TRegExpr.ParseAtom
 0001:00019924       TRegExpr.ParseBranch
 0001:00018F80       TRegExpr.ParseModifiersStr
 0001:00019B90       TRegExpr.ParsePiece
 0001:0001975C       TRegExpr.ParseReg
 0001:0001B504       TRegExpr.regnext
 0001:0001B208       TRegExpr.regrepeat
 0001:0001CE50       TRegExpr.Replace
 0001:0001D198       TRegExpr.Replace
 0001:0001D000       TRegExpr.ReplaceEx
 0001:00018C44       TRegExpr.SetExpression
 0001:0001C8D4       TRegExpr.SetInputString
 0001:0001C9C0       TRegExpr.SetLinePairedSeparator
 0001:0001C994       TRegExpr.SetLineSeparators
 0001:00019208       TRegExpr.SetModifier
 0001:0001916C       TRegExpr.SetModifierStr
 0001:0001CCE4       TRegExpr.Split
 0001:0001CB48       TRegExpr.Substitute
 0001:00019370       TRegExpr.Tail
 0001:00018A94       TRegExpr.VersionMajor
 0001:00018A9C       TRegExpr.VersionMinor
 0002:00000A4C       TRegExprVersionMajor
 0002:00000A50       TRegExprVersionMinor
 0001:0003C76C       TSqlCommandOdbc.AddError
 0001:0003C7F0       TSqlCommandOdbc.BuildStoredProcSQL
 0001:0003E864       TSqlCommandOdbc.Cancel
 0001:0003C6F8       TSqlCommandOdbc.ClearParams
 0001:0003C7B8       TSqlCommandOdbc.close
 0001:0003C554       TSqlCommandOdbc.CloseStmt
 0001:0003C34C       TSqlCommandOdbc.Create
 0001:0003C740       TSqlCommandOdbc.Destroy
 0001:0003FE6C       TSqlCommandOdbc.DoAllocateParams
 0001:0003C3E0       TSqlCommandOdbc.DoAllocateStmt
 0001:0003CD70       TSqlCommandOdbc.DoExecute
 0001:0003DFB8       TSqlCommandOdbc.DoExecuteImmediate
 0001:0003FEF8       TSqlCommandOdbc.DoExpandParams
 0001:0003FF58       TSqlCommandOdbc.DoPrepare
 0001:0003CA24       TSqlCommandOdbc.DoSQLMoreResults
 0001:0003D508       TSqlCommandOdbc.DoUnprepareStmt
 0001:0003D474       TSqlCommandOdbc.execute
 0001:0003E7A4       TSqlCommandOdbc.ExecuteImmediate
 0001:0003E8C0       TSqlCommandOdbc.GetConnectionHandle
 0001:0003E9DC       TSqlCommandOdbc.getErrorMessage
 0001:0003EA50       TSqlCommandOdbc.getErrorMessageLen
 0001:0003E970       TSqlCommandOdbc.GetLockTimeout
 0001:0003EAAC       TSqlCommandOdbc.getNextCursor
 0001:0003ECDC       TSqlCommandOdbc.GetOption
 0001:0003F834       TSqlCommandOdbc.getParameter
 0001:0003FE54       TSqlCommandOdbc.getRowsAffected
 0001:0003C790       TSqlCommandOdbc.OdbcCheck
 0001:00040358       TSqlCommandOdbc.prepare
 0001:0003E8D4       TSqlCommandOdbc.SetLockTimeout
 0001:000404BC       TSqlCommandOdbc.SetOption
 0001:00041284       TSqlCommandOdbc.setParameter
 0001:000227A4       TSqlCommandOdbc3.execute
 0001:00022840       TSqlCommandOdbc3.executeImmediate
 0001:0002295C       TSqlCommandOdbc3.getErrorMessage
 0001:00022974       TSqlCommandOdbc3.getErrorMessageLen
 0001:0002298C       TSqlCommandOdbc3.getNextCursor
 0001:000229A0       TSqlCommandOdbc3.GetOption
 0001:00022650       TSqlCommandOdbc3.prepare
 0001:00022AC8       TSqlCommandOdbc3.SetOption
 0001:0002ECFC       TSqlConnectionOdbc.AllocHStmt
 0001:0002F6C4       TSqlConnectionOdbc.beginTransaction
 0001:000360C4       TSqlConnectionOdbc.CheckDbmsTransactionSupport
 0001:00030464       TSqlConnectionOdbc.CheckHCon
 0001:00035F60       TSqlConnectionOdbc.CheckTransactionSupport
 0001:00030334       TSqlConnectionOdbc.ClearConnectionOptions
 0001:0002D994       TSqlConnectionOdbc.CloneOdbcConnection
 0001:0002FD30       TSqlConnectionOdbc.commit
 0001:0003072C       TSqlConnectionOdbc.connect
 0001:0002D334       TSqlConnectionOdbc.Create
 0001:0002E390       TSqlConnectionOdbc.CreateRegExpObjectNameParser
 0001:0002E844       TSqlConnectionOdbc.DbxCallBackSendMsg
 0001:0002EA64       TSqlConnectionOdbc.DbxCallBackSendMsgFmt
 0001:0002E444       TSqlConnectionOdbc.DecodeObjectFullName
 0001:0002D3C4       TSqlConnectionOdbc.Destroy
 0001:00035748       TSqlConnectionOdbc.disconnect
 0001:0002D3F8       TSqlConnectionOdbc.DoDestroy
 0001:0002E618       TSqlConnectionOdbc.EncodeObjectFullName
 0001:0002EC28       TSqlConnectionOdbc.FindFreeConnection
 0001:0002F264       TSqlConnectionOdbc.FreeHStmt
 0001:0002F540       TSqlConnectionOdbc.GetCatalog
 0001:0003C30C       TSqlConnectionOdbc.GetConnectionHandle
 0001:0002F654       TSqlConnectionOdbc.GetCurrentCatalog
 0001:0002F4DC       TSqlConnectionOdbc.GetCurrentConnectionHandle
 0001:0002F4BC       TSqlConnectionOdbc.GetCurrentDbxConStmt
 0001:0002F3FC       TSqlConnectionOdbc.GetCurrentDbxConStmt
 0001:0003C2A0       TSqlConnectionOdbc.GetCursorPreserved
 0001:0003C1A0       TSqlConnectionOdbc.GetDbmsName
 0001:0003C098       TSqlConnectionOdbc.GetDbmsType
 0001:0003C1E8       TSqlConnectionOdbc.GetDbmsVersionBuild
 0001:0003C1B8       TSqlConnectionOdbc.GetDbmsVersionMajor
 0001:0003C1C8       TSqlConnectionOdbc.GetDbmsVersionMinor
 0001:0003C1D8       TSqlConnectionOdbc.GetDbmsVersionRelease
 0001:0003C1F8       TSqlConnectionOdbc.GetDbmsVersionString
 0001:0003C338       TSqlConnectionOdbc.GetDecimalSeparator
 0001:0002DFB8       TSqlConnectionOdbc.GetDefaultConnectionOptions
 0001:0003C2FC       TSqlConnectionOdbc.GetEnvironmentHandle
 0001:00035E9C       TSqlConnectionOdbc.getErrorMessage
 0001:00035F08       TSqlConnectionOdbc.getErrorMessageLen
 0001:0003C2B4       TSqlConnectionOdbc.GetIsSystemODBCManager
 0001:0003C190       TSqlConnectionOdbc.GetLastOdbcSqlState
 0001:000360DC       TSqlConnectionOdbc.GetMetaDataOption
 0001:0003C31C       TSqlConnectionOdbc.GetOdbcApiIntf
 0001:0003C288       TSqlConnectionOdbc.GetOdbcConnectString
 0001:0003C0BC       TSqlConnectionOdbc.GetOdbcConnectStrings
 0001:0003C2C8       TSqlConnectionOdbc.GetOdbcDriverLevel
 0001:0003C210       TSqlConnectionOdbc.GetOdbcDriverName
 0001:0003C0A8       TSqlConnectionOdbc.GetOdbcDriverType
 0001:0003C25C       TSqlConnectionOdbc.GetOdbcDriverVersionBuild
 0001:0003C22C       TSqlConnectionOdbc.GetOdbcDriverVersionMajor
 0001:0003C23C       TSqlConnectionOdbc.GetOdbcDriverVersionMinor
 0001:0003C24C       TSqlConnectionOdbc.GetOdbcDriverVersionRelease
 0001:0003C26C       TSqlConnectionOdbc.GetOdbcDriverVersionString
 0001:00038078       TSqlConnectionOdbc.GetOption
 0001:0002E7AC       TSqlConnectionOdbc.GetQuotedObjectName
 0001:00039A50       TSqlConnectionOdbc.getSQLCommand
 0001:00039B4C       TSqlConnectionOdbc.getSQLMetaData
 0001:0003C2EC       TSqlConnectionOdbc.GetStatementsPerConnection
 0001:0003C2D8       TSqlConnectionOdbc.GetSupportsSqlPrimaryKeys
 0001:0002E15C       TSqlConnectionOdbc.GetUnquotedName
 0001:0002E064       TSqlConnectionOdbc.GetUnquotedName
 0001:0002DFD0       TSqlConnectionOdbc.GetUnquotedNameLen
 0001:0002E268       TSqlConnectionOdbc.ObjectIsStoredProc
 0001:0002F4F4       TSqlConnectionOdbc.OdbcCheck
 0001:0002E3F0       TSqlConnectionOdbc.ReleaseRegExpObjectNameParser
 0001:00032FFC       TSqlConnectionOdbc.RetrieveDbmsOptions
 0001:0003341C       TSqlConnectionOdbc.RetrieveDriverName
 0001:00030064       TSqlConnectionOdbc.rollback
 0001:0002DE54       TSqlConnectionOdbc.SetCurrentDbxConStmt
 0001:0002DE78       TSqlConnectionOdbc.SetLoginTimeout
 0001:0002DF18       TSqlConnectionOdbc.SetNetworkTimeout
 0001:0003A290       TSqlConnectionOdbc.SetOption
 0001:0002D4E4       TSqlConnectionOdbc.SetVendorLib
 0001:0002D71C       TSqlConnectionOdbc.SynchronizeInTransaction
 0001:0003BEF4       TSqlConnectionOdbc.TransactionCheck
 0001:00021900       TSqlConnectionOdbc3.connect
 0001:00021994       TSqlConnectionOdbc3.connect
 0001:00021898       TSqlConnectionOdbc3.Create
 0001:000218D0       TSqlConnectionOdbc3.Destroy
 0001:00021A54       TSqlConnectionOdbc3.getErrorMessage
 0001:00021B24       TSqlConnectionOdbc3.getErrorMessageLen
 0001:00021BA8       TSqlConnectionOdbc3.GetMetaDataReader
 0001:00021F04       TSqlConnectionOdbc3.GetOption
 0001:00022510       TSqlConnectionOdbc3.getSQLCommand
 0001:000225B0       TSqlConnectionOdbc3.getSQLMetaData
 0001:0002246C       TSqlConnectionOdbc3.SetOption
 0001:0004B800       TSqlCursorMetaData.BindInteger
 0001:0004B4F0       TSqlCursorMetaData.BindSmallint
 0001:0004AD04       TSqlCursorMetaData.ClearMetaData
 0001:0004AC5C       TSqlCursorMetaData.Create
 0001:0004ADDC       TSqlCursorMetaData.DbgColumnName
 0001:0004AE70       TSqlCursorMetaData.DbgPhysColumnName
 0001:0004B1DC       TSqlCursorMetaData.DescribeAllocBindString
 0001:0004B358       TSqlCursorMetaData.DescribeAllocBindWString
 0001:0004ACD4       TSqlCursorMetaData.Destroy
 0001:0004BAF8       TSqlCursorMetaData.getBcd
 0001:0004BB24       TSqlCursorMetaData.getBlob
 0001:0004BB38       TSqlCursorMetaData.getBlobSize
 0001:0004BB54       TSqlCursorMetaData.getBytes
 0001:0004BB7C       TSqlCursorMetaData.getColumnCount
 0001:0004BBA4       TSqlCursorMetaData.getColumnLength
 0001:0004BC90       TSqlCursorMetaData.getColumnName
 0001:0004BD48       TSqlCursorMetaData.getColumnNameLength
 0001:0004BDF4       TSqlCursorMetaData.getColumnPrecision
 0001:0004BEEC       TSqlCursorMetaData.getColumnScale
 0001:0004BFD0       TSqlCursorMetaData.getColumnType
 0001:0004C084       TSqlCursorMetaData.getDate
 0001:0004C0AC       TSqlCursorMetaData.getDouble
 0001:0004C0D8       TSqlCursorMetaData.getErrorMessage
 0001:0004C14C       TSqlCursorMetaData.getErrorMessageLen
 0001:0004C3C8       TSqlCursorMetaData.getInt64
 0001:0004C1A4       TSqlCursorMetaData.getLong
 0001:0004C1CC       TSqlCursorMetaData.GetOption
 0001:0004ADD0       TSqlCursorMetaData.GetPhysColumnAnsiString
 0001:0004AD28       TSqlCursorMetaData.GetPhysColumnNumber
 0001:0004ADD4       TSqlCursorMetaData.GetPhysColumnWideString
 0001:0004C1D8       TSqlCursorMetaData.getShort
 0001:0004C200       TSqlCursorMetaData.getString
 0001:0004C3F8       TSqlCursorMetaData.getTime
 0001:0004C420       TSqlCursorMetaData.getTimeStamp
 0001:0004C2D8       TSqlCursorMetaData.getWideString
 0001:0004C454       TSqlCursorMetaData.isAutoIncrement
 0001:0004C464       TSqlCursorMetaData.isBlobSizeExact
 0001:0004C474       TSqlCursorMetaData.isNullable
 0001:0004AD90       TSqlCursorMetaData.IsPhysColumnStringType
 0001:0004ADB4       TSqlCursorMetaData.IsPhysColumnWideStringType
 0001:0004C484       TSqlCursorMetaData.isReadOnly
 0001:0004C498       TSqlCursorMetaData.isSearchable
 0001:0004C4A8       TSqlCursorMetaData.next
 0001:0004C578       TSqlCursorMetaData.OdbcCheck
 0001:0004B03C       TSqlCursorMetaData.ParseTableName
 0001:0004AF0C       TSqlCursorMetaData.ParseTableNameBase
 0001:0004AE90       TSqlCursorMetaData.remap
 0001:0004C4CC       TSqlCursorMetaData.SetOption
 0001:00050340       TSqlCursorMetaDataColumns.Clear
 0001:0004FEE4       TSqlCursorMetaDataColumns.Create
 0001:00050314       TSqlCursorMetaDataColumns.Destroy
 0001:000503BC       TSqlCursorMetaDataColumns.FetchColumns
 0001:00051578       TSqlCursorMetaDataColumns.getLong
 0001:00051918       TSqlCursorMetaDataColumns.GetPhysColumnAnsiString
 0001:00051A4C       TSqlCursorMetaDataColumns.GetPhysColumnWideString
 0001:00051738       TSqlCursorMetaDataColumns.getShort
 0001:00051B80       TSqlCursorMetaDataColumns.next
 0001:00023744       TSqlCursorMetaDataColumns3.getColumnName
 0001:00023834       TSqlCursorMetaDataColumns3.getErrorMessage
 0001:00023904       TSqlCursorMetaDataColumns3.getErrorMessageLen
 0001:00024F74       TSqlCursorMetaDataColumnsDbx34.Create
 0001:000251E8       TSqlCursorMetaDataColumnsDbx34.getLong
 0001:000252AC       TSqlCursorMetaDataColumnsDbx34.getShort
 0001:000248E4       TSqlCursorMetaDataEmpty.Create
 0001:00024854       TSqlCursorMetaDataEmpty.Create
 0001:00024A78       TSqlCursorMetaDataEmpty.Create
 0001:00024BC8       TSqlCursorMetaDataEmpty.getBcd
 0001:00024BDC       TSqlCursorMetaDataEmpty.getBlob
 0001:00024BF0       TSqlCursorMetaDataEmpty.getBlobSize
 0001:00024C04       TSqlCursorMetaDataEmpty.getBytes
 0001:00024C18       TSqlCursorMetaDataEmpty.getColumnCount
 0001:00024E4C       TSqlCursorMetaDataEmpty.getColumnLength
 0001:00024CE0       TSqlCursorMetaDataEmpty.getColumnName
 0001:00024C3C       TSqlCursorMetaDataEmpty.getColumnNameLength
 0001:00024E60       TSqlCursorMetaDataEmpty.getColumnPrecision
 0001:00024E74       TSqlCursorMetaDataEmpty.getColumnScale
 0001:00024DC8       TSqlCursorMetaDataEmpty.getColumnType
 0001:00024E10       TSqlCursorMetaDataEmpty.getDate
 0001:00024E24       TSqlCursorMetaDataEmpty.getDouble
 0001:00024E38       TSqlCursorMetaDataEmpty.getLong
 0001:00024F28       TSqlCursorMetaDataEmpty.getShort
 0001:00024F00       TSqlCursorMetaDataEmpty.getTime
 0001:00024F14       TSqlCursorMetaDataEmpty.getTimeStamp
 0001:00024F48       TSqlCursorMetaDataEmpty.getWideString
 0001:00024EEC       TSqlCursorMetaDataEmpty.isNullable
 0001:000255B4       TSqlCursorMetaDataIndexColumnsDbx34.Create
 0001:00025748       TSqlCursorMetaDataIndexColumnsDbx34.getLong
 0001:000257B8       TSqlCursorMetaDataIndexColumnsDbx34.getShort
 0001:00051F00       TSqlCursorMetaDataIndexes.Clear
 0001:00051BC4       TSqlCursorMetaDataIndexes.Create
 0001:00051ED4       TSqlCursorMetaDataIndexes.Destroy
 0001:0005218C       TSqlCursorMetaDataIndexes.FetchIndexes
 0001:00055200       TSqlCursorMetaDataIndexes.getLong
 0001:00054BDC       TSqlCursorMetaDataIndexes.GetPhysColumnAnsiString
 0001:00054EEC       TSqlCursorMetaDataIndexes.GetPhysColumnWideString
 0001:00055360       TSqlCursorMetaDataIndexes.getShort
 0001:000554EC       TSqlCursorMetaDataIndexes.next
 0001:00023988       TSqlCursorMetaDataIndexes3.getColumnName
 0001:00023A78       TSqlCursorMetaDataIndexes3.getErrorMessage
 0001:00023B48       TSqlCursorMetaDataIndexes3.getErrorMessageLen
 0001:00025330       TSqlCursorMetaDataIndexesDbx34.Create
 0001:000254F4       TSqlCursorMetaDataIndexesDbx34.getShort
 0001:000561A4       TSqlCursorMetaDataProcedureParams.Create
 0001:00056544       TSqlCursorMetaDataProcedureParams.Destroy
 0001:00056714       TSqlCursorMetaDataProcedureParams.FetchProcedureParams
 0001:00058158       TSqlCursorMetaDataProcedureParams.getLong
 0001:00058488       TSqlCursorMetaDataProcedureParams.GetPhysColumnAnsiString
 0001:0005857C       TSqlCursorMetaDataProcedureParams.GetPhysColumnWideString
 0001:000582AC       TSqlCursorMetaDataProcedureParams.getShort
 0001:00058670       TSqlCursorMetaDataProcedureParams.next
 0001:00023E10       TSqlCursorMetaDataProcedureParams3.getColumnName
 0001:00023F00       TSqlCursorMetaDataProcedureParams3.getErrorMessage
 0001:00023FD0       TSqlCursorMetaDataProcedureParams3.getErrorMessageLen
 0001:00055524       TSqlCursorMetaDataProcedures.Create
 0001:00055744       TSqlCursorMetaDataProcedures.Destroy
 0001:000557A4       TSqlCursorMetaDataProcedures.FetchProcedures
 0001:00055DD8       TSqlCursorMetaDataProcedures.getLong
 0001:00056024       TSqlCursorMetaDataProcedures.GetPhysColumnAnsiString
 0001:000560C8       TSqlCursorMetaDataProcedures.GetPhysColumnWideString
 0001:00055F00       TSqlCursorMetaDataProcedures.getShort
 0001:0005616C       TSqlCursorMetaDataProcedures.next
 0001:00023BCC       TSqlCursorMetaDataProcedures3.getColumnName
 0001:00023CBC       TSqlCursorMetaDataProcedures3.getErrorMessage
 0001:00023D8C       TSqlCursorMetaDataProcedures3.getErrorMessageLen
 0001:0004E2F0       TSqlCursorMetaDataTables.Clear
 0001:0004E0D0       TSqlCursorMetaDataTables.Create
 0001:0004E2C4       TSqlCursorMetaDataTables.Destroy
 0001:0004E900       TSqlCursorMetaDataTables.FetchTables
 0001:0004FD88       TSqlCursorMetaDataTables.getColumnLength
 0001:0004F9A4       TSqlCursorMetaDataTables.getLong
 0001:0004FB58       TSqlCursorMetaDataTables.GetPhysColumnAnsiString
 0001:0004FC64       TSqlCursorMetaDataTables.GetPhysColumnWideString
 0001:0004FEAC       TSqlCursorMetaDataTables.next
 0001:00023654       TSqlCursorMetaDataTables3.getColumnName
 0001:00023500       TSqlCursorMetaDataTables3.getErrorMessage
 0001:000235D0       TSqlCursorMetaDataTables3.getErrorMessageLen
 0001:000245B4       TSqlCursorMetaDataTablesDbx34.Create
 0001:000246F4       TSqlCursorMetaDataTablesDbx34.GetPhysColumnWideString
 0001:0004771C       TSqlCursorOdbc.AddError
 0001:00044D28       TSqlCursorOdbc.BindResultSet
 0001:00047518       TSqlCursorOdbc.CheckFetchCacheColumns
 0001:00043860       TSqlCursorOdbc.ClearCursor
 0001:000437B4       TSqlCursorOdbc.Create
 0001:000438CC       TSqlCursorOdbc.Destroy
 0001:000472AC       TSqlCursorOdbc.DoFetchLateBoundData
 0001:00047858       TSqlCursorOdbc.DoFetchLongData
 0001:000473C0       TSqlCursorOdbc.FetchLateBoundData
 0001:00047FF0       TSqlCursorOdbc.FetchLongData
 0001:00048054       TSqlCursorOdbc.getBcd
 0001:00048254       TSqlCursorOdbc.getBlob
 0001:00048498       TSqlCursorOdbc.getBlobSize
 0001:00048684       TSqlCursorOdbc.getBytes
 0001:000488A0       TSqlCursorOdbc.getColumnCount
 0001:000488B8       TSqlCursorOdbc.getColumnLength
 0001:00048D24       TSqlCursorOdbc.getColumnName
 0001:00048D50       TSqlCursorOdbc.getColumnNameLength
 0001:00048D8C       TSqlCursorOdbc.getColumnPrecision
 0001:00048E98       TSqlCursorOdbc.getColumnScale
 0001:00048F28       TSqlCursorOdbc.getColumnType
 0001:00048F7C       TSqlCursorOdbc.getDate
 0001:000491B4       TSqlCursorOdbc.getDouble
 0001:000493A8       TSqlCursorOdbc.getErrorMessage
 0001:00049428       TSqlCursorOdbc.getErrorMessageLen
 0001:00049488       TSqlCursorOdbc.getLong
 0001:00049674       TSqlCursorOdbc.GetOption
 0001:00049680       TSqlCursorOdbc.getShort
 0001:00049884       TSqlCursorOdbc.getString
 0001:00049C7C       TSqlCursorOdbc.getTime
 0001:00049E84       TSqlCursorOdbc.getTimeStamp
 0001:0004A0F4       TSqlCursorOdbc.isAutoIncrement
 0001:0004A234       TSqlCursorOdbc.isBlobSizeExact
 0001:0004A264       TSqlCursorOdbc.isNullable
 0001:0004A294       TSqlCursorOdbc.isReadOnly
 0001:0004A2F8       TSqlCursorOdbc.isSearchable
 0001:0004A3F0       TSqlCursorOdbc.next
 0001:00043A28       TSqlCursorOdbc.OdbcCheck
 0001:0004ABC0       TSqlCursorOdbc.SetOption
 0001:00022C0C       TSqlCursorOdbc3.getColumnName
 0001:00022B98       TSqlCursorOdbc3.getColumnNameLength
 0001:00022B68       TSqlCursorOdbc3.getErrorMessage
 0001:00022B80       TSqlCursorOdbc3.getErrorMessageLen
 0001:00022CA4       TSqlCursorOdbc3.getInt64
 0001:00022D30       TSqlCursorOdbc3.getWideString
 0001:0002CA2C       TSqlDriverOdbc.AllocHCon
 0001:0002CB24       TSqlDriverOdbc.AllocHEnv
 0001:0002B424       TSqlDriverOdbc.AssignFields
 0001:0002B3F0       TSqlDriverOdbc.ClearFields
 0001:0002B308       TSqlDriverOdbc.Create
 0001:0002B3AC       TSqlDriverOdbc.Destroy
 0001:0002D08C       TSqlDriverOdbc.Drivers
 0001:0002CA98       TSqlDriverOdbc.FreeHCon
 0001:0002CCD0       TSqlDriverOdbc.FreeHEnv
 0001:0002D270       TSqlDriverOdbc.GetOdbcDrivers
 0001:0002CD88       TSqlDriverOdbc.GetOption
 0001:0002CEE8       TSqlDriverOdbc.getSQLConnection
 0001:0002B448       TSqlDriverOdbc.OdbcCheck
 0001:0002B8F4       TSqlDriverOdbc.RetrieveOdbcErrorInfo
 0001:0002CF68       TSqlDriverOdbc.SetOption
 0001:000217DC       TSqlDriverOdbc3.Create
 0001:00021854       TSqlDriverOdbc3.getSQLConnection
 0001:000426F0       TSQLMetaDataOdbc.Create
 0001:0004274C       TSQLMetaDataOdbc.Destroy
 0001:00042ECC       TSQLMetaDataOdbc.DoGetTables
 0001:0004277C       TSQLMetaDataOdbc.getColumns
 0001:000428C0       TSQLMetaDataOdbc.getErrorMessage
 0001:00042934       TSQLMetaDataOdbc.getErrorMessageLen
 0001:0004298C       TSQLMetaDataOdbc.getIndices
 0001:00042AD8       TSQLMetaDataOdbc.getObjectList
 0001:00042AF8       TSQLMetaDataOdbc.GetOption
 0001:00042C68       TSQLMetaDataOdbc.getProcedureParams
 0001:00042DA8       TSQLMetaDataOdbc.getProcedures
 0001:00042FE8       TSQLMetaDataOdbc.getTables
 0001:00043018       TSQLMetaDataOdbc.SetOption
 0001:000232EC       TSQLMetaDataOdbc3.getColumns
 0001:00022EB0       TSQLMetaDataOdbc3.getErrorMessage
 0001:00022F80       TSQLMetaDataOdbc3.getErrorMessageLen
 0001:000233B0       TSQLMetaDataOdbc3.getIndices
 0001:000231CC       TSQLMetaDataOdbc3.getObjectList
 0001:00023004       TSQLMetaDataOdbc3.GetOption
 0001:00023440       TSQLMetaDataOdbc3.getProcedureParams
 0001:0002321C       TSQLMetaDataOdbc3.getProcedures
 0001:000231EC       TSQLMetaDataOdbc3.getTables
 0001:0002312C       TSQLMetaDataOdbc3.SetOption
 0001:00001714       TSQLStoredProc.PrepareStatement
 0001:00007F9C       TStringHash.Add
 0001:0000809C       TStringHash.BeginLock
 0001:00007EF8       TStringHash.Clear
 0001:00007E60       TStringHash.Create
 0001:00007EC0       TStringHash.Destroy
 0001:000080A4       TStringHash.EndLock
 0001:00008054       TStringHash.Find
 0001:00007F68       TStringHash.HashOf
 0001:00007FFC       TStringHash.Remove
 0001:00008034       TStringHash.ValueOf
 0001:00002204       UnhookCode
 0001:000592A8       UnHookIAT_LoadLibrary
 0001:0000050C       UninitializeModule
 0001:00009DB0       UnLoadOdbcDriverManager
 0001:0001A5AC       UnQuoteChar
 0001:00003FE0       UrlMon
 0001:00014664       ValueToStr
 0001:000332CC       VersionStringToNumeric
 0001:000006F4       VirtualProtect
 0001:000006EC       VirtualProtect
 0001:000006FC       WaitForSingleObject
 0001:00016504       WCharFromChar
 0001:00000704       WideCharToMultiByte
 0001:00041184       WideCharToUtf8
 0002:00001064       WideStringField_GetAsVariant
 0002:0000105C       WideStringField_GetAsWideString
 0002:00001054       WideStringField_GetDataSize
 0001:0001642C       WideStringLengthFromStr
 0001:00016490       WideStringLengthFromStrings
 0001:00000790       Windows
 0001:00004018       WinInet
 0002:000010CC       WM_ASACALLBACK
 0002:000010CE       WM_ASACALLBACK_SUPPORTED
 0001:0001672C       WStrComp
 0001:00016820       WStrCopy
 0001:000167F8       WStrCopy
 0001:0001675C       WStrIComp
 0001:000167AC       WStrLComp
 0001:0001683C       WStrLCopy
 0001:0001670C       WStrLen
 0001:000005EC       _CreateMutex
 0002:00001110       _FreeLibrary
 0002:00001114       _GetProcAddress
 0002:00001108       _LoadLibraryA
 0002:0000110C       _LoadLibraryW
 0002:000010A4       _RegisterDbXpressLibs


  Address         Publics by Value

 0002:FFBA5004       TlsLast
 0001:000003A8       FreeLibrary
 0001:000003B0       LocalAlloc
 0001:000003B8       LocalFree
 0001:000003C0       TlsAlloc
 0001:000003C8       TlsFree
 0001:000003D0       TlsGetValue
 0001:000003D8       TlsSetValue
 0001:000003E0       AllocTlsBuffer
 0001:000003EC       GetTlsSize
 0001:000003F4       InitThreadTLS
 0001:00000438       InitProcessTLS
 0001:00000464       ExitThreadTLS
 0001:0000049C       ExitProcessTLS
 0001:000004C0       @GetTls
 0001:00000500       InitializeModule
 0001:0000050C       UninitializeModule
 0001:00000530       @InitPkg
 0001:00000594       @PackageLoad
 0001:000005A0       @PackageUnload
 0001:000005AC       Finalization
 0001:000005DC       SysInit
 0001:000005E4       CloseHandle
 0001:000005EC       _CreateMutex
 0001:000005F4       CreateMutex
 0001:00000614       DeleteCriticalSection
 0001:0000061C       EnterCriticalSection
 0001:00000624       FindClose
 0001:0000062C       FindFirstFileW
 0001:00000634       FindNextFileW
 0001:0000063C       FlushInstructionCache
 0001:00000644       FreeLibrary
 0001:0000064C       GetACP
 0001:00000654       GetCurrentProcess
 0001:0000065C       GetCurrentProcessId
 0001:00000664       GetCurrentThreadId
 0001:0000066C       GetEnvironmentVariableA
 0001:00000674       GetFileAttributesW
 0001:0000067C       GetLastError
 0001:00000684       GetModuleHandle
 0001:0000068C       GetProcAddress
 0001:00000694       GetTempFileName
 0001:0000069C       GetTempPath
 0001:000006A4       GetVersion
 0001:000006AC       InitializeCriticalSection
 0001:000006B4       IsBadReadPtr
 0001:000006BC       LeaveCriticalSection
 0001:000006C4       LoadLibrary
 0001:000006CC       MultiByteToWideChar
 0001:000006D4       OutputDebugStringA
 0001:000006DC       OutputDebugStringW
 0001:000006E4       SetEnvironmentVariableA
 0001:000006EC       VirtualProtect
 0001:000006F4       VirtualProtect
 0001:000006FC       WaitForSingleObject
 0001:00000704       WideCharToMultiByte
 0001:0000070C       CharLower
 0001:00000714       CharToOemA
 0001:0000071C       CharUpper
 0001:00000724       GetActiveWindow
 0001:0000072C       OemToCharA
 0001:00000734       RegisterWindowMessageA
 0001:0000073C       SendMessage
 0001:00000744       CopyMemory
 0001:0000074C       Finalization
 0001:00000790       Windows
 0001:00000A64       Finalization
 0001:00000A94       Messages
 0001:000015AC       GetParamData
 0001:0000164C       CalcUnits
 0001:00001714       TSQLStoredProc.PrepareStatement
 0001:00001BA4       Finalization
 0001:00001BD4       Dbx23Fix
 0001:00001C64       SizeOfCode
 0001:00001FB0       SizeOfProc
 0001:00001FF4       SaveOldFunction
 0001:0000206C       HookCode
 0001:0000219C       HookProc
 0001:00002204       UnhookCode
 0001:000022DC       GetNativeAddr
 0001:00002320       JumpFromCode
 0001:00002410       RestoreSavedCode
 0001:000024FC       IsJumpFromCode
 0001:0000254C       TIATPatch.NextFunctionName
 0001:00002590       TIATPatch.ListContainsIAT
 0001:000025DC       TIATPatch.CompareLibraryNames
 0001:000026BC       TIATPatch.UpdateEntry
 0001:00002730       TIATPatch.UpdatePatch
 0001:00002788       TIATPatch.EnumIATList
 0001:000029B8       TIATPatch.BuildIATPatchList
 0001:00002A4C       TIATPatch.Unpatch
 0001:00002B7C       TIATPatch.Patch
 0001:00002DB4       TIATPatch.Find
 0001:00002EF8       TIATPatch.Delete
 0001:00002FE4       TIATPatch.Clear
 0001:00003114       TIATPatch.GetPatchRecord
 0001:00003174       TIATPatch.GetUnpatchOnFree
 0001:000031C8       TIATPatch.SetUnpatchOnFree
 0001:0000321C       TIATPatch.GetCount
 0001:00003274       TIATPatch.Create
 0001:000032DC       TIATPatch.Destroy
 0001:00003378       GetVirtualMethodAddress
 0001:000033A4       SetVirtualMethodAddress
 0001:00003438       FindVirtualMethodIndex
 0001:000034B0       GetVirtualMethodOffset
 0001:000034D8       FxtGetStubAddress
 0001:00003514       Finalization
 0001:00003544       DbxOpenOdbcApiHook
 0001:0000355C       FIX_TSTRINGFIELD_SETASANSISTRING
 0001:00003660       INSTALL_FIX_TSTRINGFIELD_SETASANSISTRING
 0001:000036A4       FIX_TFIELDS_FINDFIELD
 0001:000037A0       INSTALL_FIX_TFIELDS_FINDFIELD
 0001:000037E0       FIX_TINTEGERFIELD_GETISNULL
 0001:0000382C       INSTALL_FIX_TINTEGERFIELD_GETISNULL
 0001:0000386C       TBlobField_SetData
 0001:000038D4       FIX_TBLOBFIELD_SETVARVALUE
 0001:00003A28       INSTALL_FIX_TBLOBFIELD_SETVARVALUE
 0001:00003A68       FIX_TSTRINGFIELD_GETVALUE
 0001:00003BA8       INSTALL_FIX_TSTRINGFIELD_GETVALUE
 0001:00003BE8       FIX_TFIELD_ASSIGNVALUE
 0001:00003C74       INSTALL_FIX_TFIELD_ASSIGNVALUE
 0001:00003CAC       FIX_TWIDESTRINGFIELD_GETDATASIZE
 0001:00003CD0       INSTALL_FIX_TWIDESTRINGFIELD_GETDATASIZE
 0001:00003D10       FIX_TWIDESTRINGFIELD_GETASWIDESTRING
 0001:00003D3C       INSTALL_FIX_TWIDESTRINGFIELD_GETASWIDESTRING
 0001:00003D7C       FIX_TWIDESTRINGFIELD_GETASVARIANT
 0001:00003DE4       INSTALL_FIX_TWIDESTRINGFIELD_GETASVARIANT
 0001:00003E24       INSTALL_FIXES
 0001:00003E78       Finalization
 0001:00003EB0       DbxDBFix
 0001:00003EC4       IsDbxDrvFixed
 0001:00003ED8       Finalization
 0001:00003F08       DbxXXDrv
 0001:00003F10       Finalization
 0001:00003F40       DbxOpenOdbcTypes
 0001:00003F60       SHGetMalloc
 0001:00003F68       SHGetPathFromIDListW
 0001:00003F70       SHGetSpecialFolderLocation
 0001:00003F78       Finalization
 0001:00003FA8       ShlObj
 0001:00003FB0       Finalization
 0001:00003FE0       UrlMon
 0001:00003FE8       Finalization
 0001:00004018       WinInet
 0001:00004020       Finalization
 0001:00004050       RegStr
 0001:00004058       Finalization
 0001:00004088       ShellAPI
 0001:00004090       Finalization
 0001:000040C0       CommCtrl
 0001:000040C8       min
 0001:000040D0       max
 0001:000040D8       PosEx
 0001:00004164       AnsiToOEM
 0001:000041A0       OemToAnsi
 0001:000041DC       LoadStringFromFileA
 0001:000042BC       LoadStringFromFileW
 0001:000043F4       GetOptionValue
 0001:00004744       PointerOffset
 0001:0000474C       CompareMemory
 0001:00004798       GetTemporaryFileName
 0001:000048BC       GetTemporaryFolder
 0001:00004A68       is_prepared_alias
 0001:00004B74       is_prepared_alias_word
 0001:00004CDC       ExtractFilePathW
 0001:00004D38       GetValueAsWorkFolder
 0001:00004E00       GetValueAsTempFolder
 0001:00004EB4       GetValueAsShellFolderKey
 0001:000058B8       GetValueAsSpecialWinFolder
 0001:00005E6C       ExpandRegPathW
 0001:00005EF4       IsLeftKey
 0001:00005FEC       GetValueAsRegistry
 0001:000064B4       PrepareFileNameAliases
 0001:0000686C       PrepareFileNameAliases
 0001:000068F8       ArrScanByte
 0001:00006914       ArrScanWord
 0001:00006930       ArrScanDWord
 0001:0000694C       ArrScanPointer
 0001:00006968       ToAnsiChar
 0001:000069B0       ToAnsiChar
 0001:000069F8       PosChar
 0001:00006A20       PosChar
 0001:00006AA4       PosChar
 0001:00006B28       PosChar
 0001:00006B50       PosCharEx
 0001:00006B98       PosCharEx
 0001:00006C38       PosCharEx
 0001:00006CE4       PosCharEx
 0001:00006D34       DupeStringW
 0001:00006DD4       DupeStringA
 0001:00006E68       DupeString
 0001:00006E80       DupeWideChar
 0001:00006F0C       DupeAnsiChar
 0001:00006F8C       StringCharReplace
 0001:00007064       StringCharReplace
 0001:000070F8       StringCharReplace
 0001:000071D0       StringCharReplace
 0001:00007270       StringCharModify
 0001:000072EC       StringCharModify
 0001:00007358       StringCharModify
 0001:000073D4       StringCharModify
 0001:00007450       dbg
 0001:00007464       dbg
 0001:00007478       GetCompilerVersion
 0001:000074BC       Finalization
 0001:000074EC       DbxOpenOdbcFuncs
 0001:00007DA8       SQL_SUCCEEDED
 0001:00007E60       TStringHash.Create
 0001:00007EC0       TStringHash.Destroy
 0001:00007EF8       TStringHash.Clear
 0001:00007F68       TStringHash.HashOf
 0001:00007F9C       TStringHash.Add
 0001:00007FFC       TStringHash.Remove
 0001:00008034       TStringHash.ValueOf
 0001:00008054       TStringHash.Find
 0001:0000809C       TStringHash.BeginLock
 0001:000080A4       TStringHash.EndLock
 0001:000080B0       ExtractNextLibName
 0001:00008168       DoGetProcAddress
 0001:00008180       DoGetProcAddressEx
 0001:00008234       LoadOdbcDriverManager
 0001:00009DB0       UnLoadOdbcDriverManager
 0001:00009E14       TOdbcApiProxy.Destroy
 0001:00009E7C       TOdbcApiProxy.NotImplemented
 0001:00009F8C       TOdbcApiProxy.BeginLock
 0001:00009F98       TOdbcApiProxy.EndLock
 0001:00009FA4       TOdbcApiProxy.SQLAllocConnect
 0001:00009FC0       TOdbcApiProxy.SQLAllocEnv
 0001:00009FDC       TOdbcApiProxy.SQLAllocHandleStd
 0001:0000A034       TOdbcApiProxy.SQLAllocHandle
 0001:0000A0D0       TOdbcApiProxy.SQLAllocStmt
 0001:0000A0EC       TOdbcApiProxy.SQLBindCol
 0001:0000A144       TOdbcApiProxy.SQLBindParam
 0001:0000A1AC       TOdbcApiProxy.SQLBindParameter
 0001:0000A228       TOdbcApiProxy.SQLBrowseConnect
 0001:0000A3A8       TOdbcApiProxy.SQLBulkOperations
 0001:0000A3F0       TOdbcApiProxy.SQLCancel
 0001:0000A428       TOdbcApiProxy.SQLCloseCursor
 0001:0000A478       TOdbcApiProxy.SQLColAttribute
 0001:0000A658       TOdbcApiProxy.SQLColAttributeInt
 0001:0000A67C       TOdbcApiProxy.SQLColAttributeString
 0001:0000A6A0       TOdbcApiProxy.SQLColAttributes
 0001:0000A82C       TOdbcApiProxy.SQLColumnPrivileges
 0001:0000A9A4       TOdbcApiProxy.SQLColumns
 0001:0000AB58       TOdbcApiProxy.SQLConnect
 0001:0000ACC8       TOdbcApiProxy.SQLCopyDesc
 0001:0000AD00       TOdbcApiProxy.SQLDataSources
 0001:0000AEBC       TOdbcApiProxy.SQLDescribeCol
 0001:0000B034       TOdbcApiProxy.SQLDescribeParam
 0001:0000B09C       TOdbcApiProxy.SQLDisconnect
 0001:0000B0D8       TOdbcApiProxy.SQLDriverConnect
 0001:0000B2A8       TOdbcApiProxy.SQLDrivers
 0001:0000B4BC       TOdbcApiProxy.SQLEndTran
 0001:0000B550       TOdbcApiProxy.SQLError
 0001:0000B6F4       TOdbcApiProxy.SQLExecDirect
 0001:0000B7BC       TOdbcApiProxy.SQLExecute
 0001:0000B7F4       TOdbcApiProxy.SQLExtendedFetch
 0001:0000B858       TOdbcApiProxy.SQLFetch
 0001:0000B894       TOdbcApiProxy.SQLFetchScroll
 0001:0000B8E8       TOdbcApiProxy.SQLForeignKeys
 0001:0000BAB4       TOdbcApiProxy.SQLFreeConnect
 0001:0000BAF4       TOdbcApiProxy.SQLFreeEnv
 0001:0000BB30       DoSQLFreeHandle
 0001:0000BBFC       TOdbcApiProxy.SQLFreeHandle
 0001:0000BC84       TOdbcApiProxy.SQLFreeStmt
 0001:0000BCC4       TOdbcApiProxy.SQLGetConnectAttr
 0001:0000BEEC       TOdbcApiProxy.SQLGetConnectOption
 0001:0000BFCC       TOdbcApiProxy.SQLGetCursorName
 0001:0000C11C       TOdbcApiProxy.SQLGetData
 0001:0000C17C       TOdbcApiProxy.SQLGetDescField
 0001:0000C2F0       TOdbcApiProxy.SQLGetDescRec
 0001:0000C468       TOdbcApiProxy.SQLGetDiagField
 0001:0000C5C0       TOdbcApiProxy.SQLGetDiagRec
 0001:0000C778       TOdbcApiProxy.SQLGetEnvAttr
 0001:0000C7D4       TOdbcApiProxy.SQLFunctionSupported
 0001:0000C800       TOdbcApiProxy.SQLGetFunctions
 0001:0000D1F4       TOdbcApiProxy.SQLGetInfo
 0001:0000D37C       TOdbcApiProxy.SQLGetInfoInt
 0001:0000D394       TOdbcApiProxy.SQLGetInfoSmallint
 0001:0000D3AC       TOdbcApiProxy.SQLGetInfoString
 0001:0000D3C8       TOdbcApiProxy.SQLGetStmtAttr
 0001:0000D544       TOdbcApiProxy.SQLGetStmtOption
 0001:0000D5A0       TOdbcApiProxy.SQLGetTypeInfo
 0001:0000D5F8       TOdbcApiProxy.SQLMoreResults
 0001:0000D610       TOdbcApiProxy.SQLNativeSql
 0001:0000D778       TOdbcApiProxy.SQLNumParams
 0001:0000D7BC       TOdbcApiProxy.SQLNumResultCols
 0001:0000D804       TOdbcApiProxy.SQLParamData
 0001:0000D848       TOdbcApiProxy.SQLParamOptions
 0001:0000D89C       TOdbcApiProxy.SQLPrepare
 0001:0000D968       TOdbcApiProxy.SQLPrimaryKeys
 0001:0000DACC       TOdbcApiProxy.SQLProcedureColumns
 0001:0000DC70       TOdbcApiProxy.SQLProcedures
 0001:0000DDD4       TOdbcApiProxy.SQLPutData
 0001:0000DE24       TOdbcApiProxy.SQLRowCount
 0001:0000DE64       TOdbcApiProxy.SQLSetConnectAttr
 0001:0000DF8C       TOdbcApiProxy.SQLSetConnectOption
 0001:0000E004       TOdbcApiProxy.SQLSetCursorName
 0001:0000E0E0       TOdbcApiProxy.SQLSetDescField
 0001:0000E1D4       TOdbcApiProxy.SQLSetDescRec
 0001:0000E24C       TOdbcApiProxy.SQLSetEnvAttr
 0001:0000E2A4       TOdbcApiProxy.SQLSetParam
 0001:0000E30C       TOdbcApiProxy.SQLSetPos
 0001:0000E364       TOdbcApiProxy.SQLSetScrollOptions
 0001:0000E3C4       TOdbcApiProxy.SQLSetStmtAttr
 0001:0000E4E8       TOdbcApiProxy.SQLSetStmtOption
 0001:0000E544       TOdbcApiProxy.SQLSpecialColumns
 0001:0000E6D0       TOdbcApiProxy.SQLStatistics
 0001:0000E870       TOdbcApiProxy.SQLTablePrivileges
 0001:0000E9D4       TOdbcApiProxy.SQLTables
 0001:0000EBA8       TOdbcApiProxy.SQLTransact
 0001:0000EBF8       TOdbcApiProxy.TraceCloseLogFile
 0001:0000EC40       TOdbcApiProxy.TraceOpenLogFile
 0001:0000EC9C       TOdbcApiProxy.TraceReturn
 0001:0000ECD4       TOdbcApiProxy.TraceVersion
 0001:0000ED18       TOdbcApiProxy.TraceVSControl
 0001:0000ED5C       TOdbcApiProxy.FireVSDebugEvent
 0001:0000ED9C       TOdbcApiProxy.ODBCGetTryWaitValue
 0001:0000EDE4       TOdbcApiProxy.ODBCSetTryWaitValue
 0001:0000EE38       TOdbcApiProxy.SQL_ADD_RECORD
 0001:0000EE44       TOdbcApiProxy.SQL_DELETE_RECORD
 0001:0000EE50       TOdbcApiProxy.SQL_FUNC_EXISTS
 0001:0000EE7C       TOdbcApiProxy.SQL_LEN_BINARY_ATTR
 0001:0000EE84       TOdbcApiProxy.SQL_LEN_DATA_AT_EXEC
 0001:0000EE8C       TOdbcApiProxy.SQL_LOCK_RECORD
 0001:0000EEA4       TOdbcApiProxy.SQL_POSITION_TO
 0001:0000EEB0       TOdbcApiProxy.SQL_REFRESH_RECORD
 0001:0000EEC8       TOdbcApiProxy.SQL_UPDATE_RECORD
 0001:0000EED4       TOdbcApiProxy.SetOdbcDriverLevel
 0001:0000EF84       TOdbcApiProxy.GetOdbcApiIntf
 0001:0000EFC4       TOdbcApiIntfImpl.CheckAvailableProxy
 0001:0000F014       TOdbcApiIntfImpl.FireVSDebugEvent
 0001:0000F030       TOdbcApiIntfImpl.ODBCGetTryWaitValue
 0001:0000F044       TOdbcApiIntfImpl.ODBCSetTryWaitValue
 0001:0000F060       TOdbcApiIntfImpl.SQL_ADD_RECORD
 0001:0000F080       TOdbcApiIntfImpl.SQL_DELETE_RECORD
 0001:0000F0A0       TOdbcApiIntfImpl.SQL_FUNC_EXISTS
 0001:0000F0C4       TOdbcApiIntfImpl.SQL_LEN_BINARY_ATTR
 0001:0000F0E0       TOdbcApiIntfImpl.SQL_LEN_DATA_AT_EXEC
 0001:0000F0FC       TOdbcApiIntfImpl.SQL_LOCK_RECORD
 0001:0000F128       TOdbcApiIntfImpl.SQL_POSITION_TO
 0001:0000F148       TOdbcApiIntfImpl.SQL_REFRESH_RECORD
 0001:0000F174       TOdbcApiIntfImpl.SQL_UPDATE_RECORD
 0001:0000F194       TOdbcApiIntfImpl.SQLAllocConnect
 0001:0000F1B4       TOdbcApiIntfImpl.SQLAllocEnv
 0001:0000F1D0       TOdbcApiIntfImpl.SQLAllocHandle
 0001:0000F1FC       TOdbcApiIntfImpl.SQLAllocHandleStd
 0001:0000F228       TOdbcApiIntfImpl.SQLAllocStmt
 0001:0000F248       TOdbcApiIntfImpl.SQLBindCol
 0001:0000F280       TOdbcApiIntfImpl.SQLBindParam
 0001:0000F2C4       TOdbcApiIntfImpl.SQLBindParameter
 0001:0000F310       TOdbcApiIntfImpl.SQLBrowseConnect
 0001:0000F348       TOdbcApiIntfImpl.SQLBulkOperations
[...]
 22308 0001:00053233 22309 0001:00053354 22311 0001:00053372 22312 0001:00053388
 22314 0001:00053392 22315 0001:0005339B 22317 0001:000534AD 22319 0001:000534BB
 22326 0001:0005351D 22328 0001:00053532 22334 0001:00053862 22336 0001:0005388A
 22338 0001:000538C9 22339 0001:000538D5 22340 0001:000538EA 22341 0001:000538FB
 22343 0001:0005390C 22345 0001:0005391A 22346 0001:00053923 22348 0001:0005393E
 22351 0001:0005396D 22352 0001:0005397C 22354 0001:00053995 22355 0001:0005399D
 22358 0001:000539F3 22361 0001:000539FE 22364 0001:00053A07 22365 0001:00053A13
 22367 0001:00053A1C 22369 0001:00053A23 22370 0001:00053A30 22373 0001:00053AD7
 22377 0001:00053AED 22379 0001:00053AFB 22381 0001:00053B43 22383 0001:00053B50
 22385 0001:00053B56 22389 0001:00053B76 22395 0001:00053B80 22399 0001:00053BD8
 22400 0001:00053BE9 22402 0001:00053BFA 22404 0001:00053C1D 22405 0001:00053C2E
 22407 0001:00053C3E 22408 0001:00053C4B 22410 0001:00053CF2 22411 0001:00053CF7
 22413 0001:00053D0B 22415 0001:00053D34 22416 0001:00053D7C 22417 0001:00053D85
 22420 0001:00053D96 22381 0001:00053D9E 22427 0001:00053DAB 22312 0001:00053DC1
 22430 0001:00053DCB 22431 0001:00053DE1 22432 0001:00053DEA 22433 0001:00053F0B
 22434 0001:00053F25 22435 0001:00053F2E 22437 0001:0005404F 22127 0001:00054055
 22441 0001:00054061 22443 0001:00054087 22445 0001:000540A1 22446 0001:00054127
 22447 0001:000541AD 22448 0001:00054233 22441 0001:00054239 22449 0001:00054245
 22451 0001:0005426B 22453 0001:00054282 22454 0001:00054305 22456 0001:0005438B
 22457 0001:0005440E 22459 0001:00054494 22460 0001:00054517 22462 0001:0005459D
 22463 0001:00054620 22464 0001:000546A3 22465 0001:000546D9 22449 0001:000546DF
 22469 0001:000546EB 22471 0001:000546FB 22472 0001:0005470C 22473 0001:0005471B
 22474 0001:0005472C 22475 0001:0005473B 22476 0001:0005474C 22477 0001:0005475B
 22478 0001:0005476C 22479 0001:0005477B 22480 0001:0005478C 22481 0001:0005479B
 22482 0001:000547AC 22483 0001:000547BB 22484 0001:000547CC 22485 0001:000547DB
 22486 0001:000547EC 22488 0001:000547FB 22489 0001:0005480D 22490 0001:0005481F
 22491 0001:00054831 22492 0001:00054843 22493 0001:00054855 22494 0001:00054867
 22497 0001:00054879 22500 0001:00054898 22501 0001:000548A0 22507 0001:000548A8
 22508 0001:000548B3 22509 0001:000548BE 22510 0001:000548C9 22511 0001:000548D4
 22512 0001:000548DF 22513 0001:000548EA 22514 0001:000548F5 22515 0001:00054900
 22516 0001:0005490B 22517 0001:00054916 22519 0001:00054921 22522 0001:00054931
 22523 0001:0005494E 22526 0001:0005496D 22533 0001:00054A11 22539 0001:00054BDC
 22540 0001:00054C07 22541 0001:00054C11 22543 0001:00054C1C 22546 0001:00054C5B
 22549 0001:00054CC3 22551 0001:00054CCB 22552 0001:00054CF7 22554 0001:00054D0A
 22559 0001:00054D20 22562 0001:00054D78 22564 0001:00054D80 22565 0001:00054DAC
 22567 0001:00054DBF 22572 0001:00054DD5 22573 0001:00054DFE 22575 0001:00054E11
 22578 0001:00054E27 22581 0001:00054E34 22586 0001:00054E70 22590 0001:00054E86
 22592 0001:00054E93 22594 0001:00054EA1 22597 0001:00054EAC 22598 0001:00054EE2
 22604 0001:00054EEC 22605 0001:00054F17 22606 0001:00054F21 22608 0001:00054F2C
 22611 0001:00054F6B 22614 0001:00054FD5 22616 0001:00054FDD 22617 0001:0005500A
 22619 0001:0005501D 22624 0001:00055033 22627 0001:0005508D 22629 0001:00055095
 22630 0001:000550C2 22632 0001:000550D5 22637 0001:000550EB 22638 0001:00055115
 22640 0001:00055128 22643 0001:0005513E 22646 0001:0005514B 22651 0001:00055187
 22655 0001:0005519D 22657 0001:000551AA 22659 0001:000551B8 22662 0001:000551C3
 22663 0001:000551F9 22666 0001:00055200 22668 0001:0005521B 22670 0001:00055221
 22671 0001:00055226 22673 0001:0005522B 22674 0001:00055239 22676 0001:0005524F
 22677 0001:00055251 22680 0001:0005525C 22681 0001:00055267 22684 0001:00055270
 22690 0001:000552A0 22692 0001:000552C0 22694 0001:000552C2 22695 0001:000552C9
 22696 0001:000552D0 22697 0001:000552D9 22698 0001:000552E7 22706 0001:00055315
 22710 0001:00055360 22712 0001:0005537B 22714 0001:00055381 22715 0001:00055386
 22717 0001:0005538B 22718 0001:00055399 22720 0001:000553B3 22721 0001:000553B5
 22724 0001:000553C5 22725 0001:000553D5 22729 0001:000553DE 22730 0001:000553EE
 22733 0001:000553F7 22739 0001:00055427 22741 0001:00055447 22743 0001:00055449
 22744 0001:00055450 22745 0001:00055459 22746 0001:00055461 22747 0001:0005546F
 22755 0001:0005549D 22758 0001:000554EC 22760 0001:000554F4 22761 0001:000554F7
 22763 0001:00055506 22764 0001:00055514 22767 0001:00055518 22772 0001:0005551D
 22819 0001:00055524 22821 0001:0005553C 22823 0001:00055549 22824 0001:0005554F
 22826 0001:00055555 22830 0001:00055559 22831 0001:00055561 22832 0001:00055578
 22833 0001:00055592 22835 0001:000555AC 22836 0001:000555B9 22837 0001:000555C1
 22839 0001:000555CA 22840 0001:000555DA 22841 0001:000555E1 22843 0001:000555EB
 22844 0001:000555FB 22845 0001:00055602 22847 0001:0005560C 22848 0001:0005561C
 22849 0001:00055623 22851 0001:0005562D 22852 0001:0005563D 22853 0001:00055646
 22855 0001:00055650 22856 0001:00055660 22857 0001:00055669 22859 0001:00055673
 22860 0001:00055683 22861 0001:0005568C 22869 0001:000556AF 22874 0001:00055744
 22876 0001:00055750 22878 0001:00055757 22880 0001:00055760 22881 0001:0005576F
 22882 0001:0005577B 22878 0001:0005577C 22883 0001:00055781 22885 0001:00055789
 22890 0001:000557A0 22912 0001:000557A4 22914 0001:000557E8 22915 0001:000557ED
 22916 0001:000557F2 22917 0001:000557F7 22918 0001:000557FC 22919 0001:00055804
 22922 0001:00055809 22923 0001:00055815 22927 0001:00055847 22928 0001:00055853
 22932 0001:00055861 22933 0001:00055866 22934 0001:0005586B 22936 0001:00055878
 22937 0001:00055880 22938 0001:0005588C 22941 0001:00055891 22952 0001:000558A7
 22956 0001:000558C5 22957 0001:000558D9 22960 0001:000558E0 22965 0001:00055900
 22966 0001:00055909 22968 0001:000559E4 22969 0001:000559E9 22970 0001:000559F8
 22971 0001:00055A0D 22972 0001:00055A22 22973 0001:00055A37 22975 0001:00055A4C
 22976 0001:00055A51 22977 0001:00055A56 22979 0001:00055A5B 22980 0001:00055A6D
 22982 0001:00055A7D 22983 0001:00055A84 22984 0001:00055A8B 22986 0001:00055A92
 22989 0001:00055A9C 22990 0001:00055AA5 22992 0001:00055B93 22993 0001:00055BB2
 22995 0001:00055BC0 22996 0001:00055BDD 22997 0001:00055BFA 22999 0001:00055C1E
 22986 0001:00055C2E 23004 0001:00055C38 23006 0001:00055C43 23007 0001:00055C48
 23008 0001:00055C4B 23009 0001:00055C56 23010 0001:00055C59 23011 0001:00055C64
 23013 0001:00055C67 23014 0001:00055C73 23015 0001:00055C7F 23017 0001:00055C98
 23018 0001:00055CA0 23019 0001:00055CA8 23021 0001:00055CB0 23024 0001:00055CB9
 23025 0001:00055CCD 23028 0001:00055CE0 23036 0001:00055D3A 23039 0001:00055DD8
 23040 0001:00055DDE 23042 0001:00055DE0 23043 0001:00055DEE 23045 0001:00055E54
 23047 0001:00055E5A 23050 0001:00055E6C 23051 0001:00055E77 23056 0001:00055E80
 23057 0001:00055E89 23061 0001:00055E92 23062 0001:00055E9B 23070 0001:00055EA4
 23073 0001:00055EAF 23075 0001:00055ECF 23077 0001:00055ED1 23078 0001:00055ED8
 23079 0001:00055EDF 23080 0001:00055EED 23088 0001:00055EF9 23091 0001:00055F00
 23092 0001:00055F06 23094 0001:00055F08 23095 0001:00055F16 23097 0001:00055F7C
 23099 0001:00055F82 23102 0001:00055F93 23103 0001:00055F9B 23107 0001:00055FA4
 23108 0001:00055FAC 23112 0001:00055FB5 23113 0001:00055FBD 23122 0001:00055FC8
 23126 0001:00055FD3 23128 0001:00055FF3 23130 0001:00055FF5 23131 0001:00055FFC
 23132 0001:00056003 23133 0001:00056011 23141 0001:0005601D 23146 0001:00056024
 23147 0001:00056047 23148 0001:00056051 23150 0001:00056058 23152 0001:0005606B
 23154 0001:00056078 23156 0001:00056085 23159 0001:00056090 23160 0001:000560C1
 23165 0001:000560C8 23166 0001:000560EB 23167 0001:000560F5 23169 0001:000560FC
 23171 0001:0005610F 23173 0001:0005611C 23175 0001:00056129 23178 0001:00056134
 23179 0001:00056165 23182 0001:0005616C 23184 0001:00056174 23185 0001:00056177
 23187 0001:00056186 23188 0001:00056194 23191 0001:00056198 23196 0001:0005619D
 23350 0001:000561A4 23352 0001:000561BC 23354 0001:000561C9 23355 0001:000561CF
 23357 0001:000561D5 23361 0001:000561D9 23362 0001:000561E1 23363 0001:000561F8
 23364 0001:00056212 23366 0001:0005622C 23367 0001:00056239 23368 0001:00056241
 23370 0001:0005624A 23371 0001:0005625A 23372 0001:00056261 23374 0001:0005626B
 23375 0001:0005627B 23376 0001:00056282 23378 0001:0005628C 23379 0001:0005629C
 23380 0001:000562A3 23382 0001:000562AD 23383 0001:000562BD 23384 0001:000562C4
 23386 0001:000562CE 23387 0001:000562DE 23388 0001:000562E7 23390 0001:000562F1
 23391 0001:00056301 23392 0001:0005630A 23394 0001:00056314 23395 0001:00056324
 23396 0001:0005632D 23398 0001:00056337 23399 0001:00056347 23400 0001:0005634E
 23402 0001:00056358 23403 0001:00056368 23404 0001:00056371 23406 0001:0005637B
 23407 0001:0005638B 23408 0001:00056394 23410 0001:0005639E 23411 0001:000563AE
 23412 0001:000563B7 23414 0001:000563C1 23415 0001:000563D1 23416 0001:000563DA
 23418 0001:000563E4 23419 0001:000563F4 23420 0001:000563FD 23428 0001:00056420
 23433 0001:00056544 23435 0001:00056550 23437 0001:00056557 23439 0001:00056560
 23440 0001:0005656F 23441 0001:0005657B 23437 0001:0005657C 23442 0001:00056581
 23444 0001:00056589 23446 0001:00056590 23448 0001:00056599 23449 0001:000565A8
 23450 0001:000565B4 23446 0001:000565B5 23451 0001:000565BA 23453 0001:000565C2
 23458 0001:000565D9 23530 0001:000565E0 23531 0001:000565FC 23532 0001:00056610
 23534 0001:00056626 23535 0001:00056641 23537 0001:00056653 23538 0001:0005665A
 23539 0001:00056669 23541 0001:0005666F 23542 0001:0005667E 23543 0001:0005668C
 23544 0001:0005669F 23545 0001:000566A8 23547 0001:000566AC 23548 0001:000566C7
 23549 0001:000566CD 23551 0001:000566E0 23555 0001:000566EA 23558 0001:0005670F
 23560 0001:00056714 23565 0001:00056740 23566 0001:00056748 23567 0001:00056750
 23568 0001:00056758 23569 0001:00056760 23570 0001:00056768 23571 0001:00056770
 23574 0001:00056778 23575 0001:00056788 23580 0001:00056829 23581 0001:00056838
 23585 0001:00056846 23586 0001:0005684E 23587 0001:00056856 23589 0001:00056863
 23590 0001:00056874 23591 0001:00056880 23594 0001:00056888 23596 0001:000568A1
 23597 0001:000568A5 23600 0001:000568B3 23603 0001:000568B7 23605 0001:000568C1
 23607 0001:000568CA 23608 0001:000568E5 23610 0001:000568EF 23612 0001:000568FD
 23613 0001:00056919 23615 0001:00056924 23617 0001:0005693A 23618 0001:00056956
 23620 0001:00056968 23623 0001:000569AA 23624 0001:000569C2 23625 0001:000569CF
 23628 0001:000569DA 23630 0001:000569E5 23632 0001:000569F3 23633 0001:00056A0F
 23637 0001:00056A1A 23638 0001:00056A20 23639 0001:00056A28 23641 0001:00056A2D
 23642 0001:00056A3C 23644 0001:00056A3E 23645 0001:00056A4F 23648 0001:00056A59
 23649 0001:00056A69 23654 0001:00056B7B 23659 0001:00056C29 23660 0001:00056C34
 23662 0001:00056D56 23663 0001:00056D65 23664 0001:00056D80 23665 0001:00056D8D
 23666 0001:00056DA8 23667 0001:00056DC3 23668 0001:00056DDE 23669 0001:00056DF9
 23670 0001:00056E14 23672 0001:00056E2F 23673 0001:00056E4A 23674 0001:00056E65
 23675 0001:00056E80 23681 0001:00056E9B 23682 0001:00056EA4 23683 0001:00056EAD
 23684 0001:00056EB5 23687 0001:00056EBD 23688 0001:00056ED8 23689 0001:00056EE6
 23690 0001:00056F01 23692 0001:00056F17 23693 0001:00056F21 23696 0001:00056F2D
 23697 0001:00056F3F 23699 0001:00056F51 23705 0001:00056F66 23708 0001:00056F71
 23709 0001:00056F7C 23717 0001:0005709E 23718 0001:000570A4 23720 0001:000570B0
 23721 0001:000570B2 23724 0001:000570D9 23729 0001:000570EE 23733 0001:000570F3
 23735 0001:00057101 23736 0001:00057125 23737 0001:00057132 23738 0001:00057146
 23740 0001:00057153 23741 0001:00057156 23743 0001:00057181 23745 0001:00057188
 23747 0001:00057191 23749 0001:0005719A 23751 0001:000571A3 23756 0001:000571AA
 23757 0001:000571B3 23759 0001:000571BC 23761 0001:000571C5 23762 0001:000571CE
 23764 0001:000571D6 23766 0001:000571E1 23767 0001:000571EA 23770 0001:000571F3
 23771 0001:00057206 23773 0001:0005721D 23775 0001:00057226 23778 0001:00057256
 23779 0001:00057260 23781 0001:0005729F 23782 0001:000572AA 23783 0001:000572B5
 23785 0001:00057355 23786 0001:0005735F 23788 0001:00057367 23789 0001:0005736D
 23790 0001:00057376 23791 0001:0005737C 23795 0001:00057387 23796 0001:00057390
 23797 0001:00057399 23799 0001:000573A1 23802 0001:000573A9 23705 0001:000573BE
 23813 0001:000573C9 23819 0001:00057499 23824 0001:0005749B 23828 0001:00057571
 23830 0001:00057576 23832 0001:0005757E 23833 0001:00057587 23842 0001:0005759F
 23844 0001:000575AF 23846 0001:00057698 23849 0001:000576A7 23850 0001:000576B6
 23852 0001:000576D8 23854 0001:000576F4 23855 0001:000576FD 23856 0001:00057703
 23857 0001:00057745 23858 0001:00057752 23859 0001:00057755 23861 0001:00057782
 23863 0001:0005778B 23865 0001:00057794 23867 0001:0005779D 23869 0001:000577A6
 23872 0001:000577AD 23873 0001:000577BB 23874 0001:000577C9 23875 0001:000577D8
 23876 0001:000577E4 23877 0001:000577F2 23878 0001:000577F8 23879 0001:00057805
 23882 0001:00057893 23883 0001:0005789F 23885 0001:000578B1 23888 0001:000578C3
 23891 0001:000578D5 23893 0001:000578E7 23895 0001:000578F9 23897 0001:0005790B
 23899 0001:0005791D 23901 0001:0005792F 23903 0001:00057941 23905 0001:00057991
 23907 0001:000579A3 23909 0001:000579F6 23911 0001:00057A08 23913 0001:00057A1A
 23915 0001:00057A2C 23917 0001:00057A3E 23919 0001:00057A50 23921 0001:00057A62
 23923 0001:00057A71 23925 0001:00057A80 23927 0001:00057A8F 23929 0001:00057A9E
 23931 0001:00057AAD 23933 0001:00057ABC 23936 0001:00057ACB 23938 0001:00057ADA
 23941 0001:00057AE7 23942 0001:00057B3E 23943 0001:00057B49 23850 0001:00057B4A
 23951 0001:00057B56 23952 0001:00057B62 23958 0001:00057B96 23959 0001:00057BA0
 23960 0001:00057BAA 23961 0001:00057BB4 23962 0001:00057BBE 23963 0001:00057BC8
 23965 0001:00057BE3 23966 0001:00057BF2 23967 0001:00057C13 23968 0001:00057C34
 23969 0001:00057C55 23963 0001:00057C56 23970 0001:00057C5E 23972 0001:00057C75
 23973 0001:00057C84 23974 0001:00057CA5 23975 0001:00057CC6 23970 0001:00057CC7
 23979 0001:00057CCF 23981 0001:00057CDC 23982 0001:00057CEA 23983 0001:00057CF6
 23984 0001:00057D04 23985 0001:00057D10 23986 0001:00057D1E 23987 0001:00057D2A
 23988 0001:00057D38 23989 0001:00057D44 23990 0001:00057D52 23992 0001:00057D5E
 23993 0001:00057D6D 23994 0001:00057D7C 23995 0001:00057D8B 23996 0001:00057D9A
 23998 0001:00057DB6 23999 0001:00057DC1 24000 0001:00057DCC 24001 0001:00057DD7
 24002 0001:00057DE2 24004 0001:00057DED 24007 0001:00057DFA 24008 0001:00057E11
 24011 0001:00057E2A 24018 0001:00057EC3 24021 0001:00058158 24022 0001:0005815E
 24024 0001:00058160 24025 0001:0005816E 24027 0001:000581D4 24029 0001:000581DA
 24032 0001:000581F2 24033 0001:000581FD 24037 0001:00058206 24038 0001:00058214
 24042 0001:0005821D 24043 0001:0005822B 24047 0001:00058234 24048 0001:0005823B
 24057 0001:00058246 24061 0001:00058251 24063 0001:00058271 24065 0001:00058273
 24066 0001:0005827A 24067 0001:00058281 24068 0001:0005828A 24069 0001:00058298
 24077 0001:000582A4 24081 0001:000582AC 24082 0001:000582B2 24084 0001:000582B4
 24085 0001:000582C2 24087 0001:0005832C 24089 0001:00058336 24092 0001:00058372
 24093 0001:00058382 24097 0001:0005838E 24098 0001:0005839E 24102 0001:000583AA
 24103 0001:000583BA 24107 0001:000583C3 24108 0001:000583D3 24112 0001:000583DC
 24113 0001:000583EC 24117 0001:000583F5 24118 0001:00058405 24122 0001:0005840E
 24123 0001:00058416 24132 0001:00058421 24136 0001:0005842C 24138 0001:0005844C
 24140 0001:0005844E 24141 0001:00058455 24142 0001:0005845D 24143 0001:00058466
 24144 0001:00058474 24152 0001:00058480 24157 0001:00058488 24158 0001:000584AB
 24159 0001:000584B5 24160 0001:000584C6 24162 0001:000584C8 24164 0001:000584FB
 24166 0001:0005850B 24168 0001:0005851B 24170 0001:0005852B 24172 0001:00058538
 24175 0001:00058543 24176 0001:00058574 24181 0001:0005857C 24182 0001:0005859F
 24183 0001:000585A9 24184 0001:000585BA 24186 0001:000585BC 24188 0001:000585EF
 24190 0001:000585FF 24192 0001:0005860F 24194 0001:0005861F 24196 0001:0005862C
 24199 0001:00058637 24200 0001:00058668 24203 0001:00058670 24205 0001:00058678
 24206 0001:0005867B 24208 0001:0005868A 24209 0001:00058698 24212 0001:0005869C
 24217 0001:000586A1 24224 0001:000586A8 24225 0001:000586B1 24227 0001:000586BB
 24228 0001:000586BD 24229 0001:000586C0 24231 0001:000586C5 24232 0001:000586CB
 24234 0001:000586D3 24235 0001:000586D6 24236 0001:000586D9 24240 0001:000586E2
 24245 0001:000586E8 24248 0001:000586F3 24249 0001:000586F5 24250 0001:000586FB
 24251 0001:00058702 24246 0001:0005870E 24259 0001:00058715 24260 0001:0005871A
 24263 0001:00058724 24264 0001:0005872F 24265 0001:00058735 24266 0001:0005874C
 24269 0001:00058750 24270 0001:00058759 24271 0001:0005876B 24277 0001:00058774
 24278 0001:0005877F 24280 0001:00058784 24281 0001:00058786 24282 0001:00058789
 24285 0001:0005878D 24287 0001:00058799 24289 0001:0005879C 24282 0001:0005879F
 24291 0001:000587A3 24296 0001:000587AC 24297 0001:000587C9 24298 0001:000587D7
 24317 0001:000587EC 24324 0001:000587F4 24325 0001:00058815 24327 0001:0005882B
 24331 0001:0005883B 24332 0001:00058849 24333 0001:0005884C 24335 0001:00058850
 24336 0001:00058855 24337 0001:0005886B 24339 0001:0005886F 24340 0001:00058879
 24342 0001:00058881 24333 0001:00058884 24345 0001:000588AB 24351 0001:000588B4
 24354 0001:000588BE 24360 0001:000588C0 24363 0001:000588CA 24388 0001:000588CC
 24389 0001:000588EB 24390 0001:000588F2 24391 0001:000588FA 24392 0001:0005891F
 24393 0001:00058944 24395 0001:00058969 24396 0001:0005898E 24397 0001:000589B3
 24398 0001:000589D8 24401 0001:000589FD 24402 0001:00058A45 24413 0001:00058A52
 24415 0001:00058A85 24416 0001:00058AAA 24417 0001:00058ACF 24418 0001:00058AF4
 24420 0001:00058B19 24421 0001:00058B25 24434 0001:00058B5B 24440 0001:00058DFC
 24445 0001:00058E6C 24436 0001:00058E94 24437 0001:00058E9D 24439 0001:00058EA2

Line numbers for DbxOpenOdbcStatic(DbxOpenOdbcStatic.pas) segment .text

    83 0001:00058EA4    84 0001:00058EAE    90 0001:00058EB0    91 0001:00058EC9
    92 0001:00058EF8    94 0001:00058F00    95 0001:00058F2D   101 0001:00058F4C
   102 0001:00058F67   103 0001:00058FA1   105 0001:00058FA9   106 0001:00058FDE
   112 0001:00059000   113 0001:00059006   114 0001:00059017   116 0001:00059020
   117 0001:00059023   127 0001:00059028   128 0001:00059042   129 0001:00059050
   130 0001:00059076   132 0001:000590A7   134 0001:000590BE   136 0001:000590CB
   138 0001:000590D1   139 0001:000590D9   272 0001:000590DE   274 0001:000590ED
   277 0001:000590FD   279 0001:0005910C   283 0001:00059119   285 0001:00059128
   288 0001:00059135   290 0001:00059144   294 0001:00059151   296 0001:00059160
   299 0001:0005916D   301 0001:0005917C   305 0001:00059189   306 0001:000591B3
   308 0001:00059268   313 0001:00059270   315 0001:00059281   316 0001:00059288
   319 0001:0005928E   320 0001:0005929F   325 0001:000592A8   327 0001:000592B1
   328 0001:000592B8   330 0001:000592C0   331 0001:000592CC   332 0001:000592D6
   334 0001:000592DE   337 0001:000592E8   338 0001:000592EF   340 0001:000592F7
   341 0001:00059301   342 0001:0005930B   343 0001:00059315   345 0001:0005931F
   351 0001:00059320   354 0001:0005932E   364 0001:000593A2   365 0001:000593AE
   367 0001:000593B7   368 0001:000593BF   371 0001:000593C0   375 0001:000593C5
   376 0001:000593D6   386 0001:00059462   387 0001:0005946E   389 0001:00059477
   390 0001:0005947F   393 0001:00059480   395 0001:00059485   405 0001:00059548
   407 0001:0005957B   397 0001:00059580   398 0001:0005958F   399 0001:00059594
   400 0001:0005959E   402 0001:000595C5   404 0001:000595EA

Line numbers for .dbxoodbc_emb(.\..\..\..\source\packages\pkg\dbxoodbc.dpk) segment .text

    77 0001:00059854

Bound resource files

dbxoodbc_man_icn.res
dbxoodbc_ver.res
C:\TEMP\dtfF37.tmp


Program entry point at 0001:00059854
