
 Start         Length     Name                   Class
 0001:00401000 0004102CH .text                   CODE
 0002:00443000 00000250H .itext                  ICODE
 0003:00444000 00000594H .data                   DATA
 0004:00445000 00000044H .bss                    BSS
 0005:00000000 00000000H .tls                    TLS


Detailed map of segments

 0001:00000000 0000026E C=CODE     S=.text    G=(none)   M=System   ACBP=A9
 0001:00000270 000001C3 C=CODE     S=.text    G=(none)   M=SysInit  ACBP=A9
 0001:00000434 00000155 C=CODE     S=.text    G=(none)   M=Windows  ACBP=A9
 0001:0000058C 000000DE C=CODE     S=.text    G=(none)   M=SysUtils ACBP=A9
 0001:0000066C 00000006 C=CODE     S=.text    G=(none)   M=StrUtils ACBP=A9
 0001:00000674 00000046 C=CODE     S=.text    G=(none)   M=Classes  ACBP=A9
 0001:000006BC 00000006 C=CODE     S=.text    G=(none)   M=TypInfo  ACBP=A9
 0001:000006C4 00000006 C=CODE     S=.text    G=(none)   M=Variants ACBP=A9
 0001:000006CC 00000006 C=CODE     S=.text    G=(none)   M=VarUtils ACBP=A9
 0001:000006D4 0000002E C=CODE     S=.text    G=(none)   M=ClassRegistry ACBP=A9
 0001:00000704 00000036 C=CODE     S=.text    G=(none)   M=DB       ACBP=A9
 0001:0000073C 00000006 C=CODE     S=.text    G=(none)   M=WideStrings ACBP=A9
 0001:00000744 00000006 C=CODE     S=.text    G=(none)   M=WideStrUtils ACBP=A9
 0001:0000074C 00000006 C=CODE     S=.text    G=(none)   M=FMTBcd   ACBP=A9
 0001:00000754 00000006 C=CODE     S=.text    G=(none)   M=SqlTimSt ACBP=A9
 0001:0000075C 00000006 C=CODE     S=.text    G=(none)   M=ComObj   ACBP=A9
 0001:00000764 00000296 C=CODE     S=.text    G=(none)   M=DBXCommon ACBP=A9
 0001:000009FC 00000006 C=CODE     S=.text    G=(none)   M=SyncObjs ACBP=A9
 0001:00000A04 00000006 C=CODE     S=.text    G=(none)   M=TimeSpan ACBP=A9
 0001:00000A0C 0000002E C=CODE     S=.text    G=(none)   M=DBXPlatform ACBP=A9
 0001:00000A3C 00000006 C=CODE     S=.text    G=(none)   M=Registry ACBP=A9
 0001:00000A44 00000006 C=CODE     S=.text    G=(none)   M=IniFiles ACBP=A9
 0001:00000A4C 0000000E C=CODE     S=.text    G=(none)   M=IOUtils  ACBP=A9
 0001:00000A5C 0000000E C=CODE     S=.text    G=(none)   M=DBClient ACBP=A9
 0001:00000A6C 00000006 C=CODE     S=.text    G=(none)   M=DSIntf   ACBP=A9
 0001:00000A74 00000006 C=CODE     S=.text    G=(none)   M=Provider ACBP=A9
 0001:00000A7C 0000007E C=CODE     S=.text    G=(none)   M=DBXDynalink ACBP=A9
 0001:00000AFC 00000016 C=CODE     S=.text    G=(none)   M=DBXDynalinkNative ACBP=A9
 0001:00000B14 0000030E C=CODE     S=.text    G=(none)   M=DBXMetaDataReader ACBP=A9
 0001:00000E24 00000056 C=CODE     S=.text    G=(none)   M=DBXMetaDataCommand ACBP=A9
 0001:00000E7C 00000066 C=CODE     S=.text    G=(none)   M=DBXMetaDataCommandFactory ACBP=A9
 0001:00000EE4 00037D45 C=CODE     S=.text    G=(none)   M=Dbx34DrvDbms ACBP=A9
 0001:00038C2C 00001B03 C=CODE     S=.text    G=(none)   M=DbxOpenOdbcApiHook ACBP=A9
 0001:0003A730 00000006 C=CODE     S=.text    G=(none)   M=SqlExpr  ACBP=A9
 0001:0003A738 00000614 C=CODE     S=.text    G=(none)   M=DbxDBFix ACBP=A9
 0001:0003AD4C 0000001B C=CODE     S=.text    G=(none)   M=DbxXXDrv ACBP=A9
 0001:0003AD68 00005EA4 C=CODE     S=.text    G=(none)   M=Dbx34Drv ACBP=A9
 0001:00040C0C 0000041F C=CODE     S=.text    G=(none)   M=.dbxoodbc ACBP=A9
 0002:00000000 00000006 C=ICODE    S=.itext   G=(none)   M=System   ACBP=A9
 0002:00000008 00000016 C=ICODE    S=.itext   G=(none)   M=Windows  ACBP=A9
 0002:00000020 0000001E C=ICODE    S=.itext   G=(none)   M=SysUtils ACBP=A9
 0002:00000040 0000000E C=ICODE    S=.itext   G=(none)   M=Classes  ACBP=A9
 0002:00000050 00000006 C=ICODE    S=.itext   G=(none)   M=TypInfo  ACBP=A9
 0002:00000058 00000006 C=ICODE    S=.itext   G=(none)   M=Variants ACBP=A9
 0002:00000060 00000006 C=ICODE    S=.itext   G=(none)   M=VarUtils ACBP=A9
 0002:00000068 00000006 C=ICODE    S=.itext   G=(none)   M=ClassRegistry ACBP=A9
 0002:00000070 00000006 C=ICODE    S=.itext   G=(none)   M=DB       ACBP=A9
 0002:00000078 00000006 C=ICODE    S=.itext   G=(none)   M=WideStrings ACBP=A9
 0002:00000080 00000006 C=ICODE    S=.itext   G=(none)   M=FMTBcd   ACBP=A9
 0002:00000088 00000006 C=ICODE    S=.itext   G=(none)   M=SqlTimSt ACBP=A9
 0002:00000090 00000006 C=ICODE    S=.itext   G=(none)   M=ComObj   ACBP=A9
 0002:00000098 00000006 C=ICODE    S=.itext   G=(none)   M=DBXCommon ACBP=A9
 0002:000000A0 00000006 C=ICODE    S=.itext   G=(none)   M=SyncObjs ACBP=A9
 0002:000000A8 00000006 C=ICODE    S=.itext   G=(none)   M=TimeSpan ACBP=A9
 0002:000000B0 00000006 C=ICODE    S=.itext   G=(none)   M=Registry ACBP=A9
 0002:000000B8 00000006 C=ICODE    S=.itext   G=(none)   M=IniFiles ACBP=A9
 0002:000000C0 0000000E C=ICODE    S=.itext   G=(none)   M=IOUtils  ACBP=A9
 0002:000000D0 00000006 C=ICODE    S=.itext   G=(none)   M=DBClient ACBP=A9
 0002:000000D8 00000006 C=ICODE    S=.itext   G=(none)   M=DSIntf   ACBP=A9
 0002:000000E0 00000006 C=ICODE    S=.itext   G=(none)   M=Provider ACBP=A9
 0002:000000E8 00000006 C=ICODE    S=.itext   G=(none)   M=DBXDynalink ACBP=A9
 0002:000000F0 00000082 C=ICODE    S=.itext   G=(none)   M=Dbx34DrvDbms ACBP=A9
 0002:00000174 00000008 C=ICODE    S=.itext   G=(none)   M=DbxOpenOdbcApiHook ACBP=A9
 0002:0000017C 00000006 C=ICODE    S=.itext   G=(none)   M=SqlExpr  ACBP=A9
 0002:00000184 00000011 C=ICODE    S=.itext   G=(none)   M=DbxDBFix ACBP=A9
 0002:00000198 00000008 C=ICODE    S=.itext   G=(none)   M=DbxXXDrv ACBP=A9
 0002:000001A0 000000A8 C=ICODE    S=.itext   G=(none)   M=Dbx34Drv ACBP=A9
 0002:00000248 00000005 C=ICODE    S=.itext   G=(none)   M=.dbxoodbc ACBP=A9
 0003:00000000 00000030 C=DATA     S=.data    G=DGROUP   M=SysInit  ACBP=A9
 0003:00000030 0000000C C=DATA     S=.data    G=DGROUP   M=Windows  ACBP=A9
 0003:0000003C 00000540 C=DATA     S=.data    G=DGROUP   M=DbxOpenOdbcApiHook ACBP=A9
 0003:0000057C 00000001 C=DATA     S=.data    G=DGROUP   M=Dbx34Drv ACBP=A9
 0004:00000000 0000000C C=BSS      S=.bss     G=DGROUP   M=SysInit  ACBP=A9
 0004:0000000C 00000008 C=BSS      S=.bss     G=DGROUP   M=Windows  ACBP=A9
 0004:00000014 00000004 C=BSS      S=.bss     G=DGROUP   M=Dbx34DrvDbms ACBP=A9
 0004:00000018 00000004 C=BSS      S=.bss     G=DGROUP   M=DbxOpenOdbcApiHook ACBP=A9
 0004:0000001C 00000020 C=BSS      S=.bss     G=DGROUP   M=DbxDBFix ACBP=A9
 0004:0000003C 00000004 C=BSS      S=.bss     G=DGROUP   M=DbxXXDrv ACBP=A9
 0004:00000040 00000004 C=BSS      S=.bss     G=DGROUP   M=Dbx34Drv ACBP=A9


  Address             Publics by Name

 0002:00000248       .dbxoodbc..dbxoodbc
 0001:0004100C       .dbxoodbc.@GetPackageInfoTable
 0001:00041014       .dbxoodbc.@PackageLoad
 0001:00041020       .dbxoodbc.@PackageUnload
 0002:00000048       Classes.Classes
 0001:000006B4       Classes.Finalization
 0001:00000674       Classes.TList.Add
 0001:0000067C       Classes.TList.Delete
 0001:00000684       Classes.TList.Get
 0001:0000068C       Classes.TList.Remove
 0001:00000694       Classes.TPersistent.Assign
 0001:0000069C       Classes.TPersistent.AssignTo
 0001:000006A4       Classes.TPersistent.DefineProperties
 0002:00000040       Classes.TThread.Create@
 0001:000006AC       Classes.TThread.Destroy@
 0002:00000068       ClassRegistry.ClassRegistry
 0001:000006FC       ClassRegistry.Finalization
 0001:000006D4       ClassRegistry.TClassRegistry.CreateInstance
 0001:000006DC       ClassRegistry.TClassRegistry.GetClassRegistry
 0001:000006E4       ClassRegistry.TClassRegistry.HasClass
 0001:000006EC       ClassRegistry.TClassRegistry.RegisterRegistryClass
 0001:000006F4       ClassRegistry.TClassRegistry.UnregisterClass
 0002:00000090       ComObj.ComObj
 0001:0000075C       ComObj.Finalization
 0002:00000070       DB.DB
 0001:00000734       DB.Finalization
 0001:0000072C       DB.TDataSet.DataConvert
 0001:00000704       DB.TField.AssignValue
 0001:0000070C       DB.TField.GetData
 0001:00000714       DB.TField.SetData
 0001:0000071C       DB.TStringField.GetValue
 0001:00000724       DB.TStringField.SetAsAnsiString
 0002:000000D0       DBClient.DBClient
 0001:00000A64       DBClient.Finalization
 0001:00000A5C       DBClient.TCustomClientDataSet.DataConvert
 0004:00000040       Dbx34Drv..71
 0001:0003AD68       Dbx34Drv..EDBXError
 0001:0003ADFC       Dbx34Drv..EDbxOODBCDriverError
 0001:0003B708       Dbx34Drv..TDBXCustomOpenODBCMetaDataReader
 0001:0003B61C       Dbx34Drv..TDBXDataExpressProviderContextOpenOdbc
 0001:0003B3A4       Dbx34Drv..TDBXDynalinkConnectionOpenOdbc
 0001:0003B2D4       Dbx34Drv..TDBXDynalinkDriverLoaderOpenOdbc
 0001:0003B4FC       Dbx34Drv..TDBXMorphicCommandOpenOdbc
 0001:0003AFF0       Dbx34Drv..TDbxOpenOdbcDriver
 0001:0003B908       Dbx34Drv..TDBXOpenODBCMetaDataCommand
 0001:0003BAA0       Dbx34Drv..TDBXOpenODBCMetaDataCommandFactory
 0001:0003BBA4       Dbx34Drv..TDBXOpenODBCMetaDataCommandFactoryCustom
 0001:0003BC80       Dbx34Drv..TDBXOpenODBCMetaDataReader
 0001:0003B0BC       Dbx34Drv..TDBXOpenOdbcProperties
 0001:0003AEA8       Dbx34Drv..TDBXOpenOdbcPropertyNames
 0001:0003AF54       Dbx34Drv..TDBXPropertyNames
 0003:0000057C       Dbx34Drv.bIsDbx34Drv
 0001:0003C228       Dbx34Drv.CheckGetVendorPropertyCommand
 0001:0003C55C       Dbx34Drv.CheckLibraryName
 0001:0003C4BC       Dbx34Drv.CheckLibraryPath
 0001:0003C2C8       Dbx34Drv.CheckPathEnvironmet
 0001:0003C5BC       Dbx34Drv.CheckVendorLib
 0002:000001A0       Dbx34Drv.Dbx34Drv
 0001:0003BF7C       Dbx34Drv.DBXStringArrayToErrorInfo
 0001:0003BE68       Dbx34Drv.DBXStringArrayToNamedQueryParams
 0001:0003C0DC       Dbx34Drv.ErrorGetVendorPropertyCommand
 0001:00040B78       Dbx34Drv.Finalization
 0001:0003D3BC       Dbx34Drv.RaiseDriverVersionFailed
 0001:0003DCF0       Dbx34Drv.TDBXCustomOpenODBCMetaDataReader.CheckMetadata
 0001:0003DDC4       Dbx34Drv.TDBXCustomOpenODBCMetaDataReader.GetProductName
 0001:0003DEB4       Dbx34Drv.TDBXCustomOpenODBCMetaDataReader.GetSqlIdentifierQuoteChar
 0001:0003DE10       Dbx34Drv.TDBXCustomOpenODBCMetaDataReader.GetSqlIdentifierQuotePrefix
 0001:0003DE30       Dbx34Drv.TDBXCustomOpenODBCMetaDataReader.GetSqlIdentifierQuoteSuffix
 0001:0003DED4       Dbx34Drv.TDBXCustomOpenODBCMetaDataReader.GetSqlProcedureQuoteChar
 0001:0003DF44       Dbx34Drv.TDBXCustomOpenODBCMetaDataReader.GetUseAnsiStrings
 0001:0003DC04       Dbx34Drv.TDBXCustomOpenODBCMetaDataReader.InitMetadata
 0001:0003DEA0       Dbx34Drv.TDBXCustomOpenODBCMetaDataReader.IsDescendingIndexColumnsSupported
 0001:0003DE8C       Dbx34Drv.TDBXCustomOpenODBCMetaDataReader.IsDescendingIndexSupported
 0001:0003DE64       Dbx34Drv.TDBXCustomOpenODBCMetaDataReader.IsLowerCaseIdentifiersSupported
 0001:0003DEF4       Dbx34Drv.TDBXCustomOpenODBCMetaDataReader.IsMultipleCommandsSupported
 0001:0003DF1C       Dbx34Drv.TDBXCustomOpenODBCMetaDataReader.IsNestedTransactionsSupported
 0001:0003DE50       Dbx34Drv.TDBXCustomOpenODBCMetaDataReader.IsParameterMetadataSupported
 0001:0003DF30       Dbx34Drv.TDBXCustomOpenODBCMetaDataReader.IsSetRowSizeSupported
 0001:0003DF08       Dbx34Drv.TDBXCustomOpenODBCMetaDataReader.IsTransactionsSupported
 0001:0003DE78       Dbx34Drv.TDBXCustomOpenODBCMetaDataReader.IsUpperCaseIdentifiersSupported
 0001:0003DD98       Dbx34Drv.TDBXCustomOpenODBCMetaDataReader.SetContext
 0001:0003DBE0       Dbx34Drv.TDBXDataExpressProviderContextOpenOdbc.SetConnection
 0001:0003DAAC       Dbx34Drv.TDBXDynalinkConnectionOpenOdbc.Close
 0001:0003DA84       Dbx34Drv.TDBXDynalinkConnectionOpenOdbc.DerivedClose
 0001:0003DAC0       Dbx34Drv.TDBXDynalinkConnectionOpenOdbc.DerivedCreateCommand
 0001:0003D398       Dbx34Drv.TDBXDynalinkConnectionOpenOdbc.DerivedGetCommands
 0001:0003D3AC       Dbx34Drv.TDBXDynalinkConnectionOpenOdbc.DerivedGetCommandTypes
 0001:0003D444       Dbx34Drv.TDBXDynalinkConnectionOpenOdbc.DerivedOpen
 0001:0003D990       Dbx34Drv.TDBXDynalinkConnectionOpenOdbc.DoDerivedOpenAfter
 0001:0003D5C8       Dbx34Drv.TDBXDynalinkConnectionOpenOdbc.DoDerivedOpenBefore
 0001:0003DA90       Dbx34Drv.TDBXDynalinkConnectionOpenOdbc.GetDatabaseMetaData
 0001:0003D354       Dbx34Drv.TDBXDynalinkConnectionOpenOdbc.GetProductName
 0001:0003D334       Dbx34Drv.TDBXDynalinkConnectionOpenOdbc.GetProductVersion
 0001:0003DAEC       Dbx34Drv.TDBXDynalinkConnectionOpenOdbc.GetVendorProperty
 0001:0003D30C       Dbx34Drv.TDBXDynalinkDriverLoaderOpenOdbc.FreeOldLibrary
 0001:0003D04C       Dbx34Drv.TDBXDynalinkDriverLoaderOpenOdbc.LoadDriverLibraryAndMethodTable
 0001:0003DB74       Dbx34Drv.TDBXMorphicCommandOpenOdbc.Create
 0001:0003DBC4       Dbx34Drv.TDBXMorphicCommandOpenOdbc.DerivedExecuteQuery
 0001:0003C618       Dbx34Drv.TDbxOpenOdbcDriver.Create
 0001:0003C6DC       Dbx34Drv.TDbxOpenOdbcDriver.CreateCommandOpenOdbc
 0001:0003C70C       Dbx34Drv.TDbxOpenOdbcDriver.CreateConnection
 0001:0003C80C       Dbx34Drv.TDbxOpenOdbcDriver.GetDriverPropertyNames
 0001:0003C828       Dbx34Drv.TDbxOpenOdbcDriver.GetDriverVersion
 0001:0003C76C       Dbx34Drv.TDbxOpenOdbcDriver.LoadDriverWithConnectionBuilder
 0001:0003DF60       Dbx34Drv.TDBXOpenODBCMetaDataCommand.DerivedExecuteQuery
 0001:0003E1C4       Dbx34Drv.TDBXOpenODBCMetaDataCommandFactory.CreateCommand
 0001:0003E318       Dbx34Drv.TDBXOpenODBCMetaDataCommandFactory.CreateMetaDataReader
 0001:0003E5B0       Dbx34Drv.TDBXOpenODBCMetaDataCommandFactory.CreateMetaDataReader
 0001:0003DFA0       Dbx34Drv.TDBXOpenODBCMetaDataCommandFactory.GetMetaDataReaderClass
 0001:0003E2D4       Dbx34Drv.TDBXOpenODBCMetaDataCommandFactory.GetProductName
 0001:0003DFB8       Dbx34Drv.TDBXOpenODBCMetaDataCommandFactory.InitMetaDataReaderClass
 0001:0003E5D4       Dbx34Drv.TDBXOpenODBCMetaDataCommandFactory.RegisterMetaDataCommandFactory
 0001:0003E5E8       Dbx34Drv.TDBXOpenODBCMetaDataCommandFactory.UnRegisterMetaDataCommandFactory
 0001:0003DF7C       Dbx34Drv.TDBXOpenODBCMetaDataCommandFactoryCustom.CreateMetaDataReader
 0001:0003E5FC       Dbx34Drv.TDBXOpenODBCMetaDataReader.Create
 0001:0003E6B8       Dbx34Drv.TDBXOpenODBCMetaDataReader.FetchCatalogs
 0001:0003F014       Dbx34Drv.TDBXOpenODBCMetaDataReader.FetchColumnConstraints
 0001:0003EECC       Dbx34Drv.TDBXOpenODBCMetaDataReader.FetchColumns
 0001:0003E644       Dbx34Drv.TDBXOpenODBCMetaDataReader.FetchDataTypes
 0001:0003F168       Dbx34Drv.TDBXOpenODBCMetaDataReader.FetchForeignKeyColumns
 0001:0003F2D4       Dbx34Drv.TDBXOpenODBCMetaDataReader.FetchForeignKeys
 0001:0003F41C       Dbx34Drv.TDBXOpenODBCMetaDataReader.FetchIndexColumns
 0001:0003F7D0       Dbx34Drv.TDBXOpenODBCMetaDataReader.FetchIndexes
 0001:0004031C       Dbx34Drv.TDBXOpenODBCMetaDataReader.FetchPackageProcedureParameters
 0001:000401BC       Dbx34Drv.TDBXOpenODBCMetaDataReader.FetchPackageProcedures
 0001:00040078       Dbx34Drv.TDBXOpenODBCMetaDataReader.FetchPackages
 0001:00040498       Dbx34Drv.TDBXOpenODBCMetaDataReader.FetchPackageSources
 0001:0003FF10       Dbx34Drv.TDBXOpenODBCMetaDataReader.FetchProcedureParameters
 0001:0003FB28       Dbx34Drv.TDBXOpenODBCMetaDataReader.FetchProcedures
 0001:0003FC78       Dbx34Drv.TDBXOpenODBCMetaDataReader.FetchProcedureSources
 0001:000407B8       Dbx34Drv.TDBXOpenODBCMetaDataReader.FetchReservedWords
 0001:000406D0       Dbx34Drv.TDBXOpenODBCMetaDataReader.FetchRoles
 0001:0003E748       Dbx34Drv.TDBXOpenODBCMetaDataReader.FetchSchemas
 0001:0003FDCC       Dbx34Drv.TDBXOpenODBCMetaDataReader.FetchSynonyms
 0001:0003E888       Dbx34Drv.TDBXOpenODBCMetaDataReader.FetchTables
 0001:000405E8       Dbx34Drv.TDBXOpenODBCMetaDataReader.FetchUsers
 0001:0003ED84       Dbx34Drv.TDBXOpenODBCMetaDataReader.FetchViews
 0001:000408F4       Dbx34Drv.TDBXOpenODBCMetaDataReader.GetProductName
 0001:00040938       Dbx34Drv.TDBXOpenODBCMetaDataReader.GetReservedWords
 0001:00040958       Dbx34Drv.TDBXOpenODBCMetaDataReader.GetSqlForColumns
 0001:00040974       Dbx34Drv.TDBXOpenODBCMetaDataReader.GetSqlForForeignKeyColumns
 0001:00040990       Dbx34Drv.TDBXOpenODBCMetaDataReader.GetSqlForForeignKeys
 0001:000409AC       Dbx34Drv.TDBXOpenODBCMetaDataReader.GetSqlForIndexColumns
 0001:000409C8       Dbx34Drv.TDBXOpenODBCMetaDataReader.GetSqlForIndexes
 0001:000409E4       Dbx34Drv.TDBXOpenODBCMetaDataReader.GetSqlForPackageProcedureParameters
 0001:00040A00       Dbx34Drv.TDBXOpenODBCMetaDataReader.GetSqlForPackageProcedures
 0001:00040A1C       Dbx34Drv.TDBXOpenODBCMetaDataReader.GetSqlForPackages
 0001:00040A38       Dbx34Drv.TDBXOpenODBCMetaDataReader.GetSqlForPackageSources
 0001:00040A54       Dbx34Drv.TDBXOpenODBCMetaDataReader.GetSqlForProcedureParameters
 0001:00040A70       Dbx34Drv.TDBXOpenODBCMetaDataReader.GetSqlForProcedures
 0001:00040A8C       Dbx34Drv.TDBXOpenODBCMetaDataReader.GetSqlForProcedureSources
 0001:00040AA8       Dbx34Drv.TDBXOpenODBCMetaDataReader.GetSqlForRoles
 0001:00040AC4       Dbx34Drv.TDBXOpenODBCMetaDataReader.GetSqlForSchemas
 0001:00040AE0       Dbx34Drv.TDBXOpenODBCMetaDataReader.GetSqlForSynonyms
 0001:00040AFC       Dbx34Drv.TDBXOpenODBCMetaDataReader.GetSqlForTables
 0001:00040B18       Dbx34Drv.TDBXOpenODBCMetaDataReader.GetSqlForUsers
 0001:00040B34       Dbx34Drv.TDBXOpenODBCMetaDataReader.GetSqlForViews
 0001:00040B50       Dbx34Drv.TDBXOpenODBCMetaDataReader.IsNestedTransactionsSupported
 0001:00040B64       Dbx34Drv.TDBXOpenODBCMetaDataReader.IsSetRowSizeSupported
 0001:0003C874       Dbx34Drv.TDBXOpenOdbcProperties.Create
 0001:0003CC50       Dbx34Drv.TDBXOpenOdbcProperties.GetBlobSize
 0001:0003CA30       Dbx34Drv.TDBXOpenOdbcProperties.GetConnectionString
 0001:0003CFBC       Dbx34Drv.TDBXOpenOdbcProperties.GetCustomString
 0001:0003CAD0       Dbx34Drv.TDBXOpenOdbcProperties.GetDatabase
 0001:0003CE1C       Dbx34Drv.TDBXOpenOdbcProperties.GetDecimalSeparator
 0001:0003CD54       Dbx34Drv.TDBXOpenOdbcProperties.GetOdbcTransIsolation
 0001:0003CBD0       Dbx34Drv.TDBXOpenOdbcProperties.GetPassWord
 0001:0003CEBC       Dbx34Drv.TDBXOpenOdbcProperties.GetTrimChar
 0001:0003CB50       Dbx34Drv.TDBXOpenOdbcProperties.GetUserName
 0001:0003CCD4       Dbx34Drv.TDBXOpenOdbcProperties.SetBlobSize
 0001:0003CA80       Dbx34Drv.TDBXOpenOdbcProperties.SetConnectionString
 0001:0003D004       Dbx34Drv.TDBXOpenOdbcProperties.SetCustomString
 0001:0003CB10       Dbx34Drv.TDBXOpenOdbcProperties.SetDatabase
 0001:0003CE6C       Dbx34Drv.TDBXOpenOdbcProperties.SetDecimalSeparator
 0001:0003CDB8       Dbx34Drv.TDBXOpenOdbcProperties.SetOdbcTransIsolation
 0001:0003CC10       Dbx34Drv.TDBXOpenOdbcProperties.SetPassWord
 0001:0003CF3C       Dbx34Drv.TDBXOpenOdbcProperties.SetTrimChar
 0001:0003CB90       Dbx34Drv.TDBXOpenOdbcProperties.SetUserName
 0004:00000014       Dbx34DrvDbms..52
 0001:000022D8       Dbx34DrvDbms..TDBXOpenODBCMetaDataCommandFactoryDataStorage
 0001:00001D1C       Dbx34DrvDbms..TDBXOpenODBCMetaDataCommandFactoryDB2
 0001:000025C0       Dbx34DrvDbms..TDBXOpenODBCMetaDataCommandFactoryFirebird
 0001:00001FE4       Dbx34DrvDbms..TDBXOpenODBCMetaDataCommandFactoryInformix
 0001:000028B4       Dbx34DrvDbms..TDBXOpenODBCMetaDataCommandFactoryInterbase
 0001:000011BC       Dbx34DrvDbms..TDBXOpenODBCMetaDataCommandFactoryMSSQL
 0001:0000148C       Dbx34DrvDbms..TDBXOpenODBCMetaDataCommandFactoryMySQL
 0001:00000EE4       Dbx34DrvDbms..TDBXOpenODBCMetaDataCommandFactoryOracle
 0001:00002E80       Dbx34DrvDbms..TDBXOpenODBCMetaDataCommandFactoryPostgreSQL
 0001:00002BA8       Dbx34DrvDbms..TDBXOpenODBCMetaDataCommandFactorySQLite
 0001:0000175C       Dbx34DrvDbms..TDBXOpenODBCMetaDataCommandFactorySybaseASA
 0001:00001A3C       Dbx34DrvDbms..TDBXOpenODBCMetaDataCommandFactorySybaseASE
 0001:000023C0       Dbx34DrvDbms..TDBXOpenODBCMetaDataReaderDataStorage
 0001:00001DF4       Dbx34DrvDbms..TDBXOpenODBCMetaDataReaderDB2
 0001:000026A4       Dbx34DrvDbms..TDBXOpenODBCMetaDataReaderFirebird
 0001:000020C8       Dbx34DrvDbms..TDBXOpenODBCMetaDataReaderInformix
 0001:00002998       Dbx34DrvDbms..TDBXOpenODBCMetaDataReaderInterbase
 0001:00001298       Dbx34DrvDbms..TDBXOpenODBCMetaDataReaderMSSQL
 0001:00001568       Dbx34DrvDbms..TDBXOpenODBCMetaDataReaderMySQL
 0001:00000FC4       Dbx34DrvDbms..TDBXOpenODBCMetaDataReaderOracle
 0001:00002F68       Dbx34DrvDbms..TDBXOpenODBCMetaDataReaderPostgreSQL
 0001:00002C88       Dbx34DrvDbms..TDBXOpenODBCMetaDataReaderSQLite
 0001:00001840       Dbx34DrvDbms..TDBXOpenODBCMetaDataReaderSybaseASA
 0001:00001B20       Dbx34DrvDbms..TDBXOpenODBCMetaDataReaderSybaseASE
 0002:000000F0       Dbx34DrvDbms.Dbx34DrvDbms
 0001:00038BA8       Dbx34DrvDbms.Finalization
 0001:0002BEDC       Dbx34DrvDbms.TDBXOpenODBCMetaDataCommandFactoryDataStorage.GetMetaDataReaderClass
 0001:0001E66C       Dbx34DrvDbms.TDBXOpenODBCMetaDataCommandFactoryDB2.GetMetaDataReaderClass
 0001:0002C258       Dbx34DrvDbms.TDBXOpenODBCMetaDataCommandFactoryFirebird.GetMetaDataReaderClass
 0001:000236E0       Dbx34DrvDbms.TDBXOpenODBCMetaDataCommandFactoryInformix.GetMetaDataReaderClass
 0001:000311BC       Dbx34DrvDbms.TDBXOpenODBCMetaDataCommandFactoryInterbase.GetMetaDataReaderClass
 0001:00006050       Dbx34DrvDbms.TDBXOpenODBCMetaDataCommandFactoryMSSQL.GetMetaDataReaderClass
 0001:0000E584       Dbx34DrvDbms.TDBXOpenODBCMetaDataCommandFactoryMySQL.GetMetaDataReaderClass
 0001:00003168       Dbx34DrvDbms.TDBXOpenODBCMetaDataCommandFactoryOracle.GetMetaDataReaderClass
 0001:00036154       Dbx34DrvDbms.TDBXOpenODBCMetaDataCommandFactoryPostgreSQL.GetMetaDataReaderClass
 0001:00036120       Dbx34DrvDbms.TDBXOpenODBCMetaDataCommandFactorySQLite.GetMetaDataReaderClass
 0001:00013064       Dbx34DrvDbms.TDBXOpenODBCMetaDataCommandFactorySybaseASA.GetMetaDataReaderClass
 0001:00018CC4       Dbx34DrvDbms.TDBXOpenODBCMetaDataCommandFactorySybaseASE.GetMetaDataReaderClass
 0001:0002C018       Dbx34DrvDbms.TDBXOpenODBCMetaDataReaderDataStorage.GetSqlForColumns
 0001:0002C184       Dbx34DrvDbms.TDBXOpenODBCMetaDataReaderDataStorage.GetSqlForIndexColumns
 0001:0002C0D4       Dbx34DrvDbms.TDBXOpenODBCMetaDataReaderDataStorage.GetSqlForIndexes
 0001:0002BEF4       Dbx34DrvDbms.TDBXOpenODBCMetaDataReaderDataStorage.GetSqlForTables
 0001:000230E0       Dbx34DrvDbms.TDBXOpenODBCMetaDataReaderDB2.GetDataTypeDescriptions
 0001:0001E684       Dbx34DrvDbms.TDBXOpenODBCMetaDataReaderDB2.GetProductName
 0001:0001F810       Dbx34DrvDbms.TDBXOpenODBCMetaDataReaderDB2.GetReservedWords
 0001:0001EC6C       Dbx34DrvDbms.TDBXOpenODBCMetaDataReaderDB2.GetSqlForColumns
 0001:0001F3A8       Dbx34DrvDbms.TDBXOpenODBCMetaDataReaderDB2.GetSqlForIndexColumns
 0001:0001EFFC       Dbx34DrvDbms.TDBXOpenODBCMetaDataReaderDB2.GetSqlForIndexes
 0001:0001E6B8       Dbx34DrvDbms.TDBXOpenODBCMetaDataReaderDB2.GetSqlForTables
 0001:000230C4       Dbx34DrvDbms.TDBXOpenODBCMetaDataReaderDB2.GetSqlProcedureQuoteChar
 0001:00023080       Dbx34DrvDbms.TDBXOpenODBCMetaDataReaderDB2.GetSystemTableType
 0001:00022FF8       Dbx34DrvDbms.TDBXOpenODBCMetaDataReaderDB2.GetTableType
 0001:0002303C       Dbx34DrvDbms.TDBXOpenODBCMetaDataReaderDB2.GetViewType
 0001:0002C2B0       Dbx34DrvDbms.TDBXOpenODBCMetaDataReaderFirebird.Destroy
 0001:00030AB0       Dbx34DrvDbms.TDBXOpenODBCMetaDataReaderFirebird.GetAllDataTypes
 0001:000310E4       Dbx34DrvDbms.TDBXOpenODBCMetaDataReaderFirebird.GetDataTypeDescriptions
 0001:0002C270       Dbx34DrvDbms.TDBXOpenODBCMetaDataReaderFirebird.GetProductName
 0001:0002D574       Dbx34DrvDbms.TDBXOpenODBCMetaDataReaderFirebird.GetReservedWords
 0001:0002C728       Dbx34DrvDbms.TDBXOpenODBCMetaDataReaderFirebird.GetSqlForColumns
 0001:0002D04C       Dbx34DrvDbms.TDBXOpenODBCMetaDataReaderFirebird.GetSqlForIndexColumns
 0001:0002CBE8       Dbx34DrvDbms.TDBXOpenODBCMetaDataReaderFirebird.GetSqlForIndexes
 0001:0002C2EC       Dbx34DrvDbms.TDBXOpenODBCMetaDataReaderFirebird.GetSqlForTables
 0001:000309E4       Dbx34DrvDbms.TDBXOpenODBCMetaDataReaderFirebird.IsDescendingIndexColumnsSupported
 0001:000309F8       Dbx34DrvDbms.TDBXOpenODBCMetaDataReaderFirebird.SetContext
 0001:00023754       Dbx34DrvDbms.TDBXOpenODBCMetaDataReaderInformix.Destroy
 0001:0002B540       Dbx34DrvDbms.TDBXOpenODBCMetaDataReaderInformix.GetAllDataTypes
 0001:0002BDB0       Dbx34DrvDbms.TDBXOpenODBCMetaDataReaderInformix.GetDataTypeDescriptions
 0001:000236F8       Dbx34DrvDbms.TDBXOpenODBCMetaDataReaderInformix.GetProductName
 0001:00025840       Dbx34DrvDbms.TDBXOpenODBCMetaDataReaderInformix.GetReservedWords
 0001:00023D70       Dbx34DrvDbms.TDBXOpenODBCMetaDataReaderInformix.GetSqlForColumns
 0001:00024664       Dbx34DrvDbms.TDBXOpenODBCMetaDataReaderInformix.GetSqlForIndexColumns
 0001:000241C4       Dbx34DrvDbms.TDBXOpenODBCMetaDataReaderInformix.GetSqlForIndexes
 0001:00023790       Dbx34DrvDbms.TDBXOpenODBCMetaDataReaderInformix.GetSqlForTables
 0001:0002B4E8       Dbx34DrvDbms.TDBXOpenODBCMetaDataReaderInformix.GetSynonymType
 0001:0002B4A4       Dbx34DrvDbms.TDBXOpenODBCMetaDataReaderInformix.GetSystemTableType
 0001:0002B41C       Dbx34DrvDbms.TDBXOpenODBCMetaDataReaderInformix.GetTableType
 0001:0002B460       Dbx34DrvDbms.TDBXOpenODBCMetaDataReaderInformix.GetViewType
 0001:0002B52C       Dbx34DrvDbms.TDBXOpenODBCMetaDataReaderInformix.IsUpperCaseIdentifiersSupported
 0001:00031214       Dbx34DrvDbms.TDBXOpenODBCMetaDataReaderInterbase.Destroy
 0001:00035A14       Dbx34DrvDbms.TDBXOpenODBCMetaDataReaderInterbase.GetAllDataTypes
 0001:00036048       Dbx34DrvDbms.TDBXOpenODBCMetaDataReaderInterbase.GetDataTypeDescriptions
 0001:000311D4       Dbx34DrvDbms.TDBXOpenODBCMetaDataReaderInterbase.GetProductName
 0001:000324D8       Dbx34DrvDbms.TDBXOpenODBCMetaDataReaderInterbase.GetReservedWords
 0001:0003168C       Dbx34DrvDbms.TDBXOpenODBCMetaDataReaderInterbase.GetSqlForColumns
 0001:00031FB0       Dbx34DrvDbms.TDBXOpenODBCMetaDataReaderInterbase.GetSqlForIndexColumns
 0001:00031B4C       Dbx34DrvDbms.TDBXOpenODBCMetaDataReaderInterbase.GetSqlForIndexes
 0001:00031250       Dbx34DrvDbms.TDBXOpenODBCMetaDataReaderInterbase.GetSqlForTables
 0001:00035948       Dbx34DrvDbms.TDBXOpenODBCMetaDataReaderInterbase.IsDescendingIndexColumnsSupported
 0001:0003595C       Dbx34DrvDbms.TDBXOpenODBCMetaDataReaderInterbase.SetContext
 0001:0000D5CC       Dbx34DrvDbms.TDBXOpenODBCMetaDataReaderMSSQL.GetDataTypeDescriptions
 0001:00006068       Dbx34DrvDbms.TDBXOpenODBCMetaDataReaderMSSQL.GetProductName
 0001:00008D4C       Dbx34DrvDbms.TDBXOpenODBCMetaDataReaderMSSQL.GetReservedWords
 0001:000069E0       Dbx34DrvDbms.TDBXOpenODBCMetaDataReaderMSSQL.GetSqlForColumns
 0001:000082C8       Dbx34DrvDbms.TDBXOpenODBCMetaDataReaderMSSQL.GetSqlForIndexColumns
 0001:00007798       Dbx34DrvDbms.TDBXOpenODBCMetaDataReaderMSSQL.GetSqlForIndexes
 0001:000060C0       Dbx34DrvDbms.TDBXOpenODBCMetaDataReaderMSSQL.GetSqlForTables
 0001:0000D414       Dbx34DrvDbms.TDBXOpenODBCMetaDataReaderMSSQL.GetSqlIdentifierQuotePrefix
 0001:0000D444       Dbx34DrvDbms.TDBXOpenODBCMetaDataReaderMSSQL.GetSqlIdentifierQuoteSuffix
 0001:0000D584       Dbx34DrvDbms.TDBXOpenODBCMetaDataReaderMSSQL.GetSynonymType
 0001:0000D4FC       Dbx34DrvDbms.TDBXOpenODBCMetaDataReaderMSSQL.GetSystemTableType
 0001:0000D540       Dbx34DrvDbms.TDBXOpenODBCMetaDataReaderMSSQL.GetSystemViewType
 0001:0000D474       Dbx34DrvDbms.TDBXOpenODBCMetaDataReaderMSSQL.GetTableType
 0001:0000D4B8       Dbx34DrvDbms.TDBXOpenODBCMetaDataReaderMSSQL.GetViewType
 0001:00012300       Dbx34DrvDbms.TDBXOpenODBCMetaDataReaderMySQL.GetDataTypeDescriptions
 0001:0000E59C       Dbx34DrvDbms.TDBXOpenODBCMetaDataReaderMySQL.GetProductName
 0001:0000F754       Dbx34DrvDbms.TDBXOpenODBCMetaDataReaderMySQL.GetReservedWords
 0001:0000E984       Dbx34DrvDbms.TDBXOpenODBCMetaDataReaderMySQL.GetSqlForColumns
 0001:0000F3A8       Dbx34DrvDbms.TDBXOpenODBCMetaDataReaderMySQL.GetSqlForIndexColumns
 0001:0000EFF0       Dbx34DrvDbms.TDBXOpenODBCMetaDataReaderMySQL.GetSqlForIndexes
 0001:0000E5D4       Dbx34DrvDbms.TDBXOpenODBCMetaDataReaderMySQL.GetSqlForTables
 0001:000120D4       Dbx34DrvDbms.TDBXOpenODBCMetaDataReaderMySQL.GetSqlIdentifierQuoteChar
 0001:00012074       Dbx34DrvDbms.TDBXOpenODBCMetaDataReaderMySQL.GetSqlIdentifierQuotePrefix
 0001:000120A4       Dbx34DrvDbms.TDBXOpenODBCMetaDataReaderMySQL.GetSqlIdentifierQuoteSuffix
 0001:00012104       Dbx34DrvDbms.TDBXOpenODBCMetaDataReaderMySQL.GetTableType
 0001:0001215C       Dbx34DrvDbms.TDBXOpenODBCMetaDataReaderMySQL.IsDescendingIndexColumnsSupported
 0001:00012184       Dbx34DrvDbms.TDBXOpenODBCMetaDataReaderMySQL.IsMultipleCommandsSupported
 0001:00012170       Dbx34DrvDbms.TDBXOpenODBCMetaDataReaderMySQL.IsUpperCaseIdentifiersSupported
 0001:00012250       Dbx34DrvDbms.TDBXOpenODBCMetaDataReaderMySQL.PopulateDataTypes
 0001:00012198       Dbx34DrvDbms.TDBXOpenODBCMetaDataReaderMySQL.SetContext
 0001:00005328       Dbx34DrvDbms.TDBXOpenODBCMetaDataReaderOracle.GetDataTypeDescriptions
 0001:00003180       Dbx34DrvDbms.TDBXOpenODBCMetaDataReaderOracle.GetProductName
 0001:0000440C       Dbx34DrvDbms.TDBXOpenODBCMetaDataReaderOracle.GetReservedWords
 0001:00003804       Dbx34DrvDbms.TDBXOpenODBCMetaDataReaderOracle.GetSqlForColumns
 0001:00003F38       Dbx34DrvDbms.TDBXOpenODBCMetaDataReaderOracle.GetSqlForIndexColumns
 0001:00003B30       Dbx34DrvDbms.TDBXOpenODBCMetaDataReaderOracle.GetSqlForIndexes
 0001:000031BC       Dbx34DrvDbms.TDBXOpenODBCMetaDataReaderOracle.GetSqlForSchemas
 0001:000032A4       Dbx34DrvDbms.TDBXOpenODBCMetaDataReaderOracle.GetSqlForTables
 0001:000051CC       Dbx34DrvDbms.TDBXOpenODBCMetaDataReaderOracle.PopulateDataTypes
 0001:00038424       Dbx34DrvDbms.TDBXOpenODBCMetaDataReaderPostgreSQL.GetReservedWords
 0001:0003671C       Dbx34DrvDbms.TDBXOpenODBCMetaDataReaderPostgreSQL.GetSqlForColumns
 0001:00037530       Dbx34DrvDbms.TDBXOpenODBCMetaDataReaderPostgreSQL.GetSqlForIndexColumns
 0001:00036F1C       Dbx34DrvDbms.TDBXOpenODBCMetaDataReaderPostgreSQL.GetSqlForIndexes
 0001:0003616C       Dbx34DrvDbms.TDBXOpenODBCMetaDataReaderPostgreSQL.GetSqlForTables
 0001:00036138       Dbx34DrvDbms.TDBXOpenODBCMetaDataReaderSQLite.GetSqlForTables
 0001:00018108       Dbx34DrvDbms.TDBXOpenODBCMetaDataReaderSybaseASA.GetDataTypeDescriptions
 0001:0001307C       Dbx34DrvDbms.TDBXOpenODBCMetaDataReaderSybaseASA.GetProductName
 0001:00015810       Dbx34DrvDbms.TDBXOpenODBCMetaDataReaderSybaseASA.GetReservedWords
 0001:00013820       Dbx34DrvDbms.TDBXOpenODBCMetaDataReaderSybaseASA.GetSqlForColumns
 0001:00014984       Dbx34DrvDbms.TDBXOpenODBCMetaDataReaderSybaseASA.GetSqlForIndexColumns
 0001:00013D18       Dbx34DrvDbms.TDBXOpenODBCMetaDataReaderSybaseASA.GetSqlForIndexes
 0001:00013248       Dbx34DrvDbms.TDBXOpenODBCMetaDataReaderSybaseASA.GetSqlForTables
 0001:00018070       Dbx34DrvDbms.TDBXOpenODBCMetaDataReaderSybaseASA.GetSystemTableType
 0001:000180BC       Dbx34DrvDbms.TDBXOpenODBCMetaDataReaderSybaseASA.GetSystemViewType
 0001:00017FD8       Dbx34DrvDbms.TDBXOpenODBCMetaDataReaderSybaseASA.GetTableType
 0001:00018024       Dbx34DrvDbms.TDBXOpenODBCMetaDataReaderSybaseASA.GetViewType
 0001:000130DC       Dbx34DrvDbms.TDBXOpenODBCMetaDataReaderSybaseASA.SetContext
 0001:0001DA1C       Dbx34DrvDbms.TDBXOpenODBCMetaDataReaderSybaseASE.GetDataTypeDescriptions
 0001:00018CDC       Dbx34DrvDbms.TDBXOpenODBCMetaDataReaderSybaseASE.GetProductName
 0001:00019ED4       Dbx34DrvDbms.TDBXOpenODBCMetaDataReaderSybaseASE.GetReservedWords
 0001:000190B0       Dbx34DrvDbms.TDBXOpenODBCMetaDataReaderSybaseASE.GetSqlForColumns
 0001:000199E0       Dbx34DrvDbms.TDBXOpenODBCMetaDataReaderSybaseASE.GetSqlForIndexColumns
 0001:00019668       Dbx34DrvDbms.TDBXOpenODBCMetaDataReaderSybaseASE.GetSqlForIndexes
 0001:00018D2C       Dbx34DrvDbms.TDBXOpenODBCMetaDataReaderSybaseASE.GetSqlForTables
 0001:0001D9D8       Dbx34DrvDbms.TDBXOpenODBCMetaDataReaderSybaseASE.GetSystemTableType
 0001:0001D950       Dbx34DrvDbms.TDBXOpenODBCMetaDataReaderSybaseASE.GetTableType
 0001:0001D994       Dbx34DrvDbms.TDBXOpenODBCMetaDataReaderSybaseASE.GetViewType
 0002:00000098       DBXCommon.DBXCommon
 0001:000009F4       DBXCommon.Finalization
 0001:00000914       DBXCommon.TDBXCommand.Close
 0001:000008C4       DBXCommon.TDBXCommand.CloseReader
 0001:00000894       DBXCommon.TDBXCommand.CreateParameter
 0001:0000089C       DBXCommon.TDBXCommand.CreateParameterRow
 0001:000008A4       DBXCommon.TDBXCommand.CreateParameters
 0001:0000090C       DBXCommon.TDBXCommand.DerivedClearParameters
 0001:000008B4       DBXCommon.TDBXCommand.ExecuteQuery
 0001:000008BC       DBXCommon.TDBXCommand.ExecuteUpdate
 0001:000009E4       DBXCommon.TDBXCommand.GetCommandTimeout
 0001:000008CC       DBXCommon.TDBXCommand.GetCommandType
 0001:000008D4       DBXCommon.TDBXCommand.GetErrorEvent
 0001:000008DC       DBXCommon.TDBXCommand.GetNextReader
 0001:000008E4       DBXCommon.TDBXCommand.GetParameters
 0001:000008EC       DBXCommon.TDBXCommand.GetText
 0001:00000904       DBXCommon.TDBXCommand.Open
 0001:000008F4       DBXCommon.TDBXCommand.Prepare
 0001:000009EC       DBXCommon.TDBXCommand.SetCommandTimeout
 0001:000008AC       DBXCommon.TDBXCommand.SetCommandType
 0001:000008FC       DBXCommon.TDBXCommand.SetText
 0001:0000082C       DBXCommon.TDBXConnection.BeginTransaction
 0001:00000824       DBXCommon.TDBXConnection.BeginTransaction
 0001:00000834       DBXCommon.TDBXConnection.CommitFreeAndNil
 0001:000007FC       DBXCommon.TDBXConnection.CreateCommand
 0001:000007F4       DBXCommon.TDBXConnection.CreateMorphCommand
 0001:000007EC       DBXCommon.TDBXConnection.Destroy
 0001:0000084C       DBXCommon.TDBXConnection.GetConnectionProperties
 0001:00000864       DBXCommon.TDBXConnection.GetConnectionProperty
 0001:0000080C       DBXCommon.TDBXConnection.GetDatabaseMetaData
 0001:0000087C       DBXCommon.TDBXConnection.GetDBXFormatter
 0001:00000854       DBXCommon.TDBXConnection.GetErrorEvent
 0001:0000085C       DBXCommon.TDBXConnection.GetIsOpen
 0001:00000814       DBXCommon.TDBXConnection.GetTraceFlags
 0001:0000081C       DBXCommon.TDBXConnection.GetTraceInfoEvent
 0001:00000804       DBXCommon.TDBXConnection.Open
 0001:0000083C       DBXCommon.TDBXConnection.RollbackFreeAndNil
 0001:00000844       DBXCommon.TDBXConnection.RollbackIncompleteFreeAndNil
 0001:00000874       DBXCommon.TDBXConnection.SetConnectionProperties
 0001:00000884       DBXCommon.TDBXConnection.SetDBXFormatter
 0001:0000086C       DBXCommon.TDBXConnection.SetErrorEvent
 0001:0000088C       DBXCommon.TDBXConnection.SetTraceFlags
 0001:000009CC       DBXCommon.TDBXConnectionBuilder.GetConnectionProperties
 0001:000009C4       DBXCommon.TDBXContext.Error
 0001:0000079C       DBXCommon.TDBXDriver.AddCommandFactory
 0001:000007A4       DBXCommon.TDBXDriver.CreateMorphCommand
 0001:000007AC       DBXCommon.TDBXDriver.GetDriverClass
 0001:000007B4       DBXCommon.TDBXDriver.GetDriverName
 0001:000007BC       DBXCommon.TDBXDriver.GetDriverProperties
 0001:000007C4       DBXCommon.TDBXDriver.GetDriverPropertyNames
 0001:000007D4       DBXCommon.TDBXDriver.InitDriverProperties
 0001:000007CC       DBXCommon.TDBXDriver.SetDriverName
 0001:000009D4       DBXCommon.TDBXDriverHelp.GetMetaDataReader
 0001:000009DC       DBXCommon.TDBXDriverHelp.SetMetaDataReader
 0001:000007DC       DBXCommon.TDBXDriverRegistry.RegisterDriverClass
 0001:000007E4       DBXCommon.TDBXDriverRegistry.UnregisterDriverClass
 0001:000009BC       DBXCommon.TDBXMorphicCommand.CloseReader
 0001:0000091C       DBXCommon.TDBXMorphicCommand.Create
 0001:0000094C       DBXCommon.TDBXMorphicCommand.CreateParameterRow
 0001:00000924       DBXCommon.TDBXMorphicCommand.CreateParameters
 0001:0000096C       DBXCommon.TDBXMorphicCommand.DerivedClose
 0001:00000974       DBXCommon.TDBXMorphicCommand.DerivedExecuteQuery
 0001:0000097C       DBXCommon.TDBXMorphicCommand.DerivedExecuteUpdate
 0001:00000984       DBXCommon.TDBXMorphicCommand.DerivedGetNextReader
 0001:0000098C       DBXCommon.TDBXMorphicCommand.DerivedOpen
 0001:00000994       DBXCommon.TDBXMorphicCommand.DerivedPrepare
 0001:0000092C       DBXCommon.TDBXMorphicCommand.Destroy
 0001:00000934       DBXCommon.TDBXMorphicCommand.ExecuteQuery
 0001:0000093C       DBXCommon.TDBXMorphicCommand.ExecuteUpdate
 0001:00000964       DBXCommon.TDBXMorphicCommand.GetNextReader
 0001:00000944       DBXCommon.TDBXMorphicCommand.GetParameters
 0001:00000954       DBXCommon.TDBXMorphicCommand.GetRowsAffected
 0001:0000095C       DBXCommon.TDBXMorphicCommand.Prepare
 0001:000009AC       DBXCommon.TDBXMorphicCommand.SetCommandType
 0001:0000099C       DBXCommon.TDBXMorphicCommand.SetMaxBlobSize
 0001:000009A4       DBXCommon.TDBXMorphicCommand.SetRowSetSize
 0001:000009B4       DBXCommon.TDBXMorphicCommand.SetText
 0001:0000076C       DBXCommon.TDBXProperties.Create
 0001:00000764       DBXCommon.TDBXProperties.Create
 0001:00000774       DBXCommon.TDBXProperties.Destroy
 0001:0000077C       DBXCommon.TDBXProperties.DoOnChange
 0001:00000784       DBXCommon.TDBXProperties.GetLists
 0001:0000078C       DBXCommon.TDBXProperties.GetValue
 0001:00000794       DBXCommon.TDBXProperties.SetValue
 0004:0000001C       DbxDBFix..1
 0004:00000038       DbxDBFix.CustomClientDataSet_DataConvert
 0004:00000034       DbxDBFix.DataSet_DataConvert
 0002:00000184       DbxDBFix.DbxDBFix
 0004:00000030       DbxDBFix.Field_AssignValue
 0001:0003AD3C       DbxDBFix.Finalization
 0001:0003AC00       DbxDBFix.FIX_TCUSTOMCLIENTDATASET_DATACONVERT
 0001:0003AB74       DbxDBFix.FIX_TDATASET_DATACONVERT
 0001:0003AA8C       DbxDBFix.FIX_TFIELD_ASSIGNVALUE
 0001:0003A900       DbxDBFix.FIX_TSTRINGFIELD_GETVALUE
 0001:0003A79C       DbxDBFix.FIX_TSTRINGFIELD_SETASANSISTRING
 0001:0003ACEC       DbxDBFix.INSTALL_FIXES
 0001:0003ACB4       DbxDBFix.INSTALL_FIX_TCUSTOMCLIENTDATASET_DATACONVERT
 0001:0003ABC8       DbxDBFix.INSTALL_FIX_TDATASET_DATACONVERT
 0001:0003AB3C       DbxDBFix.INSTALL_FIX_TFIELD_ASSIGNVALUE
 0001:0003AA4C       DbxDBFix.INSTALL_FIX_TSTRINGFIELD_GETVALUE
 0001:0003A8BC       DbxDBFix.INSTALL_FIX_TSTRINGFIELD_SETASANSISTRING
 0004:00000028       DbxDBFix.StringField_GetValue
 0004:00000020       DbxDBFix.StringField_SetAsAnsiString
 0001:0003A738       DbxDBFix.WStrLCopyLen
 0002:000000E8       DBXDynalink.DBXDynalink
 0001:00000AF4       DBXDynalink.Finalization
 0001:00000ABC       DBXDynalink.TDBXDynalinkConnection.Close
 0001:00000AC4       DBXDynalink.TDBXDynalinkConnection.Commit
 0001:00000ADC       DBXDynalink.TDBXDynalinkConnection.Create
 0001:00000AB4       DBXDynalink.TDBXDynalinkConnection.CreateAndBeginTransaction
 0001:00000AE4       DBXDynalink.TDBXDynalinkConnection.DerivedOpen
 0001:00000AEC       DBXDynalink.TDBXDynalinkConnection.GetVendorProperty
 0001:00000ACC       DBXDynalink.TDBXDynalinkConnection.Rollback
 0001:00000AD4       DBXDynalink.TDBXDynalinkConnection.SetTraceInfoEvent
 0001:00000A7C       DBXDynalink.TDBXDynalinkDriver.CheckResult
 0001:00000A84       DBXDynalink.TDBXDynalinkDriver.Close
 0001:00000A8C       DBXDynalink.TDBXDynalinkDriver.Destroy
 0001:00000A94       DBXDynalink.TDBXDynalinkDriver.GetDriverVersion
 0001:00000A9C       DBXDynalink.TDBXDynalinkDriverCommonLoader.Create
 0001:00000AA4       DBXDynalink.TDBXDynalinkDriverCommonLoader.Load
 0001:00000AAC       DBXDynalink.TDBXDynalinkDriverCommonLoader.LoadDriverLibrary
 0001:00000B04       DBXDynalinkNative.TDBXDynalinkDriverLoader.CreateDynalinkDriver
 0001:00000B0C       DBXDynalinkNative.TDBXDynalinkDriverLoader.CreateMethodTable
 0001:00000AFC       DBXDynalinkNative.TDBXDynalinkDriverNative.Create
 0001:00000E24       DBXMetaDataCommand.TDBXMetaDataCommand.Create
 0001:00000E5C       DBXMetaDataCommand.TDBXMetaDataCommand.DerivedClose
 0001:00000E6C       DBXMetaDataCommand.TDBXMetaDataCommand.DerivedExecuteQuery
 0001:00000E74       DBXMetaDataCommand.TDBXMetaDataCommand.DerivedExecuteUpdate
 0001:00000E4C       DBXMetaDataCommand.TDBXMetaDataCommand.DerivedGetNextReader
 0001:00000E54       DBXMetaDataCommand.TDBXMetaDataCommand.DerivedOpen
 0001:00000E64       DBXMetaDataCommand.TDBXMetaDataCommand.DerivedPrepare
 0001:00000E2C       DBXMetaDataCommand.TDBXMetaDataCommand.Destroy
 0001:00000E44       DBXMetaDataCommand.TDBXMetaDataCommand.GetRowsAffected
 0001:00000E3C       DBXMetaDataCommand.TDBXMetaDataCommand.SetMaxBlobSize
 0001:00000E34       DBXMetaDataCommand.TDBXMetaDataCommand.SetRowSetSize
 0001:00000ECC       DBXMetaDataCommandFactory.TDBXDataExpressProviderContext.Commit
 0001:00000E8C       DBXMetaDataCommandFactory.TDBXDataExpressProviderContext.Create
 0001:00000EB4       DBXMetaDataCommandFactory.TDBXDataExpressProviderContext.CreateRowStorage
 0001:00000EAC       DBXMetaDataCommandFactory.TDBXDataExpressProviderContext.CreateTableStorage
 0001:00000E94       DBXMetaDataCommandFactory.TDBXDataExpressProviderContext.Destroy
 0001:00000EA4       DBXMetaDataCommandFactory.TDBXDataExpressProviderContext.ExecuteQuery
 0001:00000E9C       DBXMetaDataCommandFactory.TDBXDataExpressProviderContext.GetPlatformTypeName
 0001:00000EDC       DBXMetaDataCommandFactory.TDBXDataExpressProviderContext.GetVendorProperty
 0001:00000ED4       DBXMetaDataCommandFactory.TDBXDataExpressProviderContext.Rollback
 0001:00000EC4       DBXMetaDataCommandFactory.TDBXDataExpressProviderContext.StartSerializedTransaction
 0001:00000EBC       DBXMetaDataCommandFactory.TDBXDataExpressProviderContext.StartTransaction
 0001:00000E7C       DBXMetaDataCommandFactory.TDBXMetaDataCommandFactory.RegisterMetaDataCommandFactory
 0001:00000E84       DBXMetaDataCommandFactory.TDBXMetaDataCommandFactory.UnRegisterMetaDataCommandFactory
 0001:00000C2C       DBXMetaDataReader.TDBXBaseMetaDataReader.CompareVersion
 0001:00000BF4       DBXMetaDataReader.TDBXBaseMetaDataReader.Destroy
 0001:00000CAC       DBXMetaDataReader.TDBXBaseMetaDataReader.FetchCatalogs
 0001:00000C8C       DBXMetaDataReader.TDBXBaseMetaDataReader.FetchCollection
 0001:00000C9C       DBXMetaDataReader.TDBXBaseMetaDataReader.FetchCollectionWithStorage
 0001:00000CD4       DBXMetaDataReader.TDBXBaseMetaDataReader.FetchColumnConstraints
 0001:00000CCC       DBXMetaDataReader.TDBXBaseMetaDataReader.FetchColumns
 0001:00000CA4       DBXMetaDataReader.TDBXBaseMetaDataReader.FetchDataTypes
 0001:00000CF4       DBXMetaDataReader.TDBXBaseMetaDataReader.FetchForeignKeyColumns
 0001:00000CEC       DBXMetaDataReader.TDBXBaseMetaDataReader.FetchForeignKeys
 0001:00000CE4       DBXMetaDataReader.TDBXBaseMetaDataReader.FetchIndexColumns
 0001:00000CDC       DBXMetaDataReader.TDBXBaseMetaDataReader.FetchIndexes
 0001:00000D2C       DBXMetaDataReader.TDBXBaseMetaDataReader.FetchPackageProcedureParameters
 0001:00000D24       DBXMetaDataReader.TDBXBaseMetaDataReader.FetchPackageProcedures
 0001:00000D1C       DBXMetaDataReader.TDBXBaseMetaDataReader.FetchPackages
 0001:00000D34       DBXMetaDataReader.TDBXBaseMetaDataReader.FetchPackageSources
 0001:00000D14       DBXMetaDataReader.TDBXBaseMetaDataReader.FetchProcedureParameters
 0001:00000D04       DBXMetaDataReader.TDBXBaseMetaDataReader.FetchProcedures
 0001:00000D0C       DBXMetaDataReader.TDBXBaseMetaDataReader.FetchProcedureSources
 0001:00000D4C       DBXMetaDataReader.TDBXBaseMetaDataReader.FetchReservedWords
 0001:00000D44       DBXMetaDataReader.TDBXBaseMetaDataReader.FetchRoles
 0001:00000CB4       DBXMetaDataReader.TDBXBaseMetaDataReader.FetchSchemas
 0001:00000CFC       DBXMetaDataReader.TDBXBaseMetaDataReader.FetchSynonyms
 0001:00000CBC       DBXMetaDataReader.TDBXBaseMetaDataReader.FetchTables
 0001:00000D3C       DBXMetaDataReader.TDBXBaseMetaDataReader.FetchUsers
 0001:00000CC4       DBXMetaDataReader.TDBXBaseMetaDataReader.FetchViews
 0001:00000C04       DBXMetaDataReader.TDBXBaseMetaDataReader.GetContext
 0001:00000D54       DBXMetaDataReader.TDBXBaseMetaDataReader.GetDataTypeDescriptions
 0001:00000C74       DBXMetaDataReader.TDBXBaseMetaDataReader.GetDataTypeHash
 0001:00000C7C       DBXMetaDataReader.TDBXBaseMetaDataReader.GetDataTypes
 0001:00000C0C       DBXMetaDataReader.TDBXBaseMetaDataReader.GetProductName
 0001:00000D5C       DBXMetaDataReader.TDBXBaseMetaDataReader.GetReservedWords
 0001:00000C24       DBXMetaDataReader.TDBXBaseMetaDataReader.GetSqlDefaultParameterMarker
 0001:00000D6C       DBXMetaDataReader.TDBXBaseMetaDataReader.GetSqlForCatalogs
 0001:00000D94       DBXMetaDataReader.TDBXBaseMetaDataReader.GetSqlForColumnConstraints
 0001:00000D8C       DBXMetaDataReader.TDBXBaseMetaDataReader.GetSqlForColumns
 0001:00000D64       DBXMetaDataReader.TDBXBaseMetaDataReader.GetSqlForDataTypes
 0001:00000DB4       DBXMetaDataReader.TDBXBaseMetaDataReader.GetSqlForForeignKeyColumns
 0001:00000DAC       DBXMetaDataReader.TDBXBaseMetaDataReader.GetSqlForForeignKeys
 0001:00000DA4       DBXMetaDataReader.TDBXBaseMetaDataReader.GetSqlForIndexColumns
 0001:00000D9C       DBXMetaDataReader.TDBXBaseMetaDataReader.GetSqlForIndexes
 0001:00000DEC       DBXMetaDataReader.TDBXBaseMetaDataReader.GetSqlForPackageProcedureParameters
 0001:00000DE4       DBXMetaDataReader.TDBXBaseMetaDataReader.GetSqlForPackageProcedures
 0001:00000DDC       DBXMetaDataReader.TDBXBaseMetaDataReader.GetSqlForPackages
 0001:00000DF4       DBXMetaDataReader.TDBXBaseMetaDataReader.GetSqlForPackageSources
 0001:00000DD4       DBXMetaDataReader.TDBXBaseMetaDataReader.GetSqlForProcedureParameters
 0001:00000DC4       DBXMetaDataReader.TDBXBaseMetaDataReader.GetSqlForProcedures
 0001:00000DCC       DBXMetaDataReader.TDBXBaseMetaDataReader.GetSqlForProcedureSources
 0001:00000E0C       DBXMetaDataReader.TDBXBaseMetaDataReader.GetSqlForReservedWords
 0001:00000E04       DBXMetaDataReader.TDBXBaseMetaDataReader.GetSqlForRoles
 0001:00000D74       DBXMetaDataReader.TDBXBaseMetaDataReader.GetSqlForSchemas
 0001:00000DBC       DBXMetaDataReader.TDBXBaseMetaDataReader.GetSqlForSynonyms
 0001:00000D7C       DBXMetaDataReader.TDBXBaseMetaDataReader.GetSqlForTables
 0001:00000DFC       DBXMetaDataReader.TDBXBaseMetaDataReader.GetSqlForUsers
 0001:00000D84       DBXMetaDataReader.TDBXBaseMetaDataReader.GetSqlForViews
 0001:00000C64       DBXMetaDataReader.TDBXBaseMetaDataReader.GetSynonymType
 0001:00000C54       DBXMetaDataReader.TDBXBaseMetaDataReader.GetSystemTableType
 0001:00000C5C       DBXMetaDataReader.TDBXBaseMetaDataReader.GetSystemViewType
 0001:00000C44       DBXMetaDataReader.TDBXBaseMetaDataReader.GetTableType
 0001:00000C14       DBXMetaDataReader.TDBXBaseMetaDataReader.GetVersion
 0001:00000C4C       DBXMetaDataReader.TDBXBaseMetaDataReader.GetViewType
 0001:00000C34       DBXMetaDataReader.TDBXBaseMetaDataReader.IsQuotedIdentifiersSupported
 0001:00000C3C       DBXMetaDataReader.TDBXBaseMetaDataReader.IsSPReturnCodeSupported
 0001:00000C94       DBXMetaDataReader.TDBXBaseMetaDataReader.MakeStorage
 0001:00000C6C       DBXMetaDataReader.TDBXBaseMetaDataReader.MakeTableTypeString
 0001:00000C84       DBXMetaDataReader.TDBXBaseMetaDataReader.PopulateDataTypes
 0001:00000BFC       DBXMetaDataReader.TDBXBaseMetaDataReader.SetContext
 0001:00000C1C       DBXMetaDataReader.TDBXBaseMetaDataReader.SetVersion
 0001:00000B14       DBXMetaDataReader.TDBXCustomMetaDataTable.Create
 0001:00000B1C       DBXMetaDataReader.TDBXDataTypeCursor.Create
 0001:00000B24       DBXMetaDataReader.TDBXDataTypeDescription.Create
 0001:00000B2C       DBXMetaDataReader.TDBXDataTypeDescription.Create
 0001:00000B34       DBXMetaDataReader.TDBXDataTypeDescription.SetUnicodeOptionSupported
 0001:00000B3C       DBXMetaDataReader.TDBXEmptyTableCursor.Create
 0001:00000B4C       DBXMetaDataReader.TDBXMetaDataCollectionColumns.CreateCatalogsColumns
 0001:00000B7C       DBXMetaDataReader.TDBXMetaDataCollectionColumns.CreateColumnConstraintsColumns
 0001:00000B74       DBXMetaDataReader.TDBXMetaDataCollectionColumns.CreateColumnsColumns
 0001:00000B44       DBXMetaDataReader.TDBXMetaDataCollectionColumns.CreateDataTypesColumns
 0001:00000B9C       DBXMetaDataReader.TDBXMetaDataCollectionColumns.CreateForeignKeyColumnsColumns
 0001:00000B94       DBXMetaDataReader.TDBXMetaDataCollectionColumns.CreateForeignKeysColumns
 0001:00000B8C       DBXMetaDataReader.TDBXMetaDataCollectionColumns.CreateIndexColumnsColumns
 0001:00000B84       DBXMetaDataReader.TDBXMetaDataCollectionColumns.CreateIndexesColumns
 0001:00000BCC       DBXMetaDataReader.TDBXMetaDataCollectionColumns.CreatePackageProcedureParametersColumns
 0001:00000BC4       DBXMetaDataReader.TDBXMetaDataCollectionColumns.CreatePackageProceduresColumns
 0001:00000BBC       DBXMetaDataReader.TDBXMetaDataCollectionColumns.CreatePackagesColumns
 0001:00000BD4       DBXMetaDataReader.TDBXMetaDataCollectionColumns.CreatePackageSourcesColumns
 0001:00000BB4       DBXMetaDataReader.TDBXMetaDataCollectionColumns.CreateProcedureParametersColumns
 0001:00000BA4       DBXMetaDataReader.TDBXMetaDataCollectionColumns.CreateProceduresColumns
 0001:00000BAC       DBXMetaDataReader.TDBXMetaDataCollectionColumns.CreateProcedureSourcesColumns
 0001:00000BEC       DBXMetaDataReader.TDBXMetaDataCollectionColumns.CreateReservedWordsColumns
 0001:00000BE4       DBXMetaDataReader.TDBXMetaDataCollectionColumns.CreateRolesColumns
 0001:00000B54       DBXMetaDataReader.TDBXMetaDataCollectionColumns.CreateSchemasColumns
 0001:00000B6C       DBXMetaDataReader.TDBXMetaDataCollectionColumns.CreateSynonymsColumns
 0001:00000B5C       DBXMetaDataReader.TDBXMetaDataCollectionColumns.CreateTablesColumns
 0001:00000BDC       DBXMetaDataReader.TDBXMetaDataCollectionColumns.CreateUsersColumns
 0001:00000B64       DBXMetaDataReader.TDBXMetaDataCollectionColumns.CreateViewsColumns
 0001:00000E14       DBXMetaDataReader.TDBXReservedWordsCursor.Create
 0001:00000E1C       DBXMetaDataReader.TDBXTableTypeParser.ParseTableTypes
 0004:00000018       DbxOpenOdbcApiHook..2
 0001:00038D80       DbxOpenOdbcApiHook..TIATPatch
 0002:00000174       DbxOpenOdbcApiHook.DbxOpenOdbcApiHook
 0001:0003A728       DbxOpenOdbcApiHook.Finalization
 0001:0003A64C       DbxOpenOdbcApiHook.FindVirtualMethodIndex
 0001:0003A6EC       DbxOpenOdbcApiHook.FxtGetStubAddress
 0001:000394D4       DbxOpenOdbcApiHook.GetNativeAddr
 0001:0003A58C       DbxOpenOdbcApiHook.GetVirtualMethodAddress
 0001:0003A6C4       DbxOpenOdbcApiHook.GetVirtualMethodOffset
 0001:00039264       DbxOpenOdbcApiHook.HookCode
 0001:00039394       DbxOpenOdbcApiHook.HookProc
 0001:000396F4       DbxOpenOdbcApiHook.IsJumpFromCode
 0001:00039518       DbxOpenOdbcApiHook.JumpFromCode
 0003:0000003C       DbxOpenOdbcApiHook.Opcodes1
 0003:0000023C       DbxOpenOdbcApiHook.Opcodes2
 0003:0000043C       DbxOpenOdbcApiHook.Opcodes3
 0001:00039608       DbxOpenOdbcApiHook.RestoreSavedCode
 0001:000391EC       DbxOpenOdbcApiHook.SaveOldFunction
 0001:0003A5B8       DbxOpenOdbcApiHook.SetVirtualMethodAddress
 0001:00038E5C       DbxOpenOdbcApiHook.SizeOfCode
 0001:000391A8       DbxOpenOdbcApiHook.SizeOfProc
 0001:00039BC4       DbxOpenOdbcApiHook.TIATPatch.BuildIATPatchList
 0001:0003A1F8       DbxOpenOdbcApiHook.TIATPatch.Clear
 0001:000397DC       DbxOpenOdbcApiHook.TIATPatch.CompareLibraryNames
 0001:0003A488       DbxOpenOdbcApiHook.TIATPatch.Create
 0001:0003A10C       DbxOpenOdbcApiHook.TIATPatch.Delete
 0001:0003A4F0       DbxOpenOdbcApiHook.TIATPatch.Destroy
 0001:00039994       DbxOpenOdbcApiHook.TIATPatch.EnumIATList
 0001:00039FC8       DbxOpenOdbcApiHook.TIATPatch.Find
 0001:0003A430       DbxOpenOdbcApiHook.TIATPatch.GetCount
 0001:0003A328       DbxOpenOdbcApiHook.TIATPatch.GetPatchRecord
 0001:0003A388       DbxOpenOdbcApiHook.TIATPatch.GetUnpatchOnFree
 0001:00039790       DbxOpenOdbcApiHook.TIATPatch.ListContainsIAT
 0001:00039744       DbxOpenOdbcApiHook.TIATPatch.NextFunctionName
 0001:00039D88       DbxOpenOdbcApiHook.TIATPatch.Patch
 0001:0003A3DC       DbxOpenOdbcApiHook.TIATPatch.SetUnpatchOnFree
 0001:00039C58       DbxOpenOdbcApiHook.TIATPatch.Unpatch
 0001:000398C8       DbxOpenOdbcApiHook.TIATPatch.UpdateEntry
 0001:0003993C       DbxOpenOdbcApiHook.TIATPatch.UpdatePatch
 0001:000393FC       DbxOpenOdbcApiHook.UnhookCode
 0001:00000A14       DBXPlatform.FreeObjectArray
 0001:00000A0C       DBXPlatform.IncrAfter
 0001:00000A1C       DBXPlatform.TDBXObjectStore.SetObjectByName
 0001:00000A2C       DBXPlatform.TDBXPlatform.CopyWideStringBuilder
 0001:00000A24       DBXPlatform.TDBXPlatform.CreateWideStringBuilder
 0001:00000A34       DBXPlatform.TDBXPlatform.FreeAndNilWideStringBuilder
 0004:0000003C       DbxXXDrv..1
 0002:00000198       DbxXXDrv.DbxXXDrv
 0001:0003AD60       DbxXXDrv.Finalization
 0001:0003AD4C       DbxXXDrv.IsDbxDrvFixed
 0002:000000D8       DSIntf.DSIntf
 0001:00000A6C       DSIntf.Finalization
 0001:0000074C       FMTBcd.Finalization
 0002:00000080       FMTBcd.FMTBcd
 0001:00000A44       IniFiles.Finalization
 0002:000000B8       IniFiles.IniFiles
 0001:00000A54       IOUtils.Finalization
 0002:000000C8       IOUtils.IOUtils
 0002:000000C0       IOUtils.TPath.Create@
 0001:00000A4C       IOUtils.TPath.Destroy@
 0001:00000A74       Provider.Finalization
 0002:000000E0       Provider.Provider
 0001:00000A3C       Registry.Finalization
 0002:000000B0       Registry.Registry
 0001:0003A730       SqlExpr.Finalization
 0002:0000017C       SqlExpr.SqlExpr
 0001:00000754       SqlTimSt.Finalization
 0002:00000088       SqlTimSt.SqlTimSt
 0001:0000066C       StrUtils.PosEx
 0001:000009FC       SyncObjs.Finalization
 0002:000000A0       SyncObjs.SyncObjs
 0001:000003B8       SysInit.@InitPkg
 0001:0000041C       SysInit.@PackageLoad
 0001:00000428       SysInit.@PackageUnload
 0001:000002A8       SysInit.AllocTlsBuffer
 0001:00000364       SysInit.ExitProcessTLS
 0001:0000032C       SysInit.ExitThreadTLS
 0001:00000270       SysInit.FreeLibrary
 0001:000002B4       SysInit.GetTlsSize
 0004:00000004       SysInit.HInstance
 0001:00000388       SysInit.InitializeModule
 0001:00000300       SysInit.InitProcessTLS
 0001:000002BC       SysInit.InitThreadTLS
 0001:00000278       SysInit.LocalAlloc
 0001:00000280       SysInit.LocalFree
 0003:00000004       SysInit.Module
 0004:00000000       SysInit.ModuleIsLib
 0004:00000001       SysInit.ModuleIsPackage
 0001:00000288       SysInit.TlsAlloc
 0004:00000008       SysInit.tlsBuffer
 0001:00000290       SysInit.TlsFree
 0001:00000298       SysInit.TlsGetValue
 0003:00000000       SysInit.TlsIndex
 0005:00000000       SysInit.TlsLast
 0003:00000020       SysInit.TlsProc
 0001:000002A0       SysInit.TlsSetValue
 0001:00000394       SysInit.UninitializeModule
 0001:00000220       System.@AddRefRecord
 0001:000000C0       System.@AfterConstruction
 0001:000000C8       System.@BeforeDestruction
 0001:000000B0       System.@ClassCreate
 0001:000000B8       System.@ClassDestroy
 0001:000000F8       System.@DoneExcept
 0001:00000250       System.@DynArrayAddRef
 0001:00000248       System.@DynArrayAsg
 0001:00000240       System.@DynArrayClear
 0001:00000230       System.@DynArrayHigh
 0001:00000228       System.@DynArrayLength
 0001:00000238       System.@DynArraySetLength
 0001:00000130       System.@EnsureAnsiString
 0001:00000128       System.@EnsureUnicodeString
 0001:00000020       System.@FillChar
 0001:00000218       System.@FinalizeArray
 0001:00000210       System.@FinalizeRecord
 0001:00000010       System.@FreeMem
 0001:00000008       System.@GetMem
 0001:000000D0       System.@HandleAnyException
 0001:000000E0       System.@HandleFinally
 0001:000000D8       System.@HandleOnException
 0001:00000070       System.@IsClass
 0001:00000150       System.@LStrAddRef
 0001:00000120       System.@LStrArrayClr
 0001:00000118       System.@LStrClr
 0001:00000138       System.@LStrFromPChar
 0001:00000140       System.@LStrFromPWChar
 0001:000001C0       System.@LStrFromUStr
 0001:00000148       System.@LStrLen
 0001:00000160       System.@LStrSetLength
 0001:00000158       System.@LStrToPChar
 0001:00000100       System.@PackageLoad
 0001:00000108       System.@PackageUnload
 0001:000000F0       System.@RaiseAgain
 0001:000000E8       System.@RaiseExcept
 0001:00000110       System.@RunError
 0001:00000178       System.@UStrAddRef
 0001:00000188       System.@UStrArrayClr
 0001:00000190       System.@UStrAsg
 0001:000001E0       System.@UStrCat3
 0001:000001E8       System.@UStrCatN
 0001:00000180       System.@UStrClr
 0001:000001F0       System.@UStrCmp
 0001:00000200       System.@UStrCopy
 0001:000001F8       System.@UStrEqual
 0001:000001B8       System.@UStrFromLStr
 0001:000001A8       System.@UStrFromPWChar
 0001:000001B0       System.@UStrFromWArray
 0001:000001C8       System.@UStrFromWStr
 0001:00000198       System.@UStrLAsg
 0001:000001D0       System.@UStrLen
 0001:000001D8       System.@UStrSetLength
 0001:000001A0       System.@UStrToPWChar
 0001:00000168       System.@WStrClr
 0001:00000170       System.@WStrFromPWChar
 0001:00000000       System.AllocMem
 0001:00000268       System.Finalization
 0001:00000018       System.Move
 0001:00000208       System.Pos
 0001:00000258       System.RegisterModule
 0002:00000000       System.System
 0001:00000098       System.TObject.AfterConstruction
 0001:000000A0       System.TObject.BeforeDestruction
 0001:00000030       System.TObject.ClassName
 0001:00000028       System.TObject.ClassType
 0001:00000048       System.TObject.Create
 0001:00000090       System.TObject.DefaultHandler
 0001:00000050       System.TObject.Destroy
 0001:000000A8       System.TObject.Dispatch
 0001:00000060       System.TObject.Equals
 0001:00000058       System.TObject.Free
 0001:00000040       System.TObject.FreeInstance
 0001:00000068       System.TObject.GetHashCode
 0001:00000078       System.TObject.InheritsFrom
 0001:00000038       System.TObject.NewInstance
 0001:00000080       System.TObject.SafeCallException
 0001:00000088       System.TObject.ToString
 0001:00000260       System.UnregisterModule
 0001:00000614       SysUtils.Abort
 0001:000005C4       SysUtils.BoolToStr
 0001:000005D4       SysUtils.ChangeFileExt
 0001:00000594       SysUtils.CompareText
 0001:0000061C       SysUtils.Exception.Create
 0002:00000030       SysUtils.Exception.Create@
 0001:00000624       SysUtils.Exception.Destroy
 0001:00000644       SysUtils.Exception.Destroy@
 0001:0000062C       SysUtils.Exception.GetBaseException
 0001:00000634       SysUtils.Exception.RaisingException
 0001:0000063C       SysUtils.Exception.ToString
 0001:000005E4       SysUtils.ExtractFileName
 0001:000005DC       SysUtils.ExtractFilePath
 0001:000005CC       SysUtils.FileExists
 0001:00000664       SysUtils.Finalization
 0001:0000064C       SysUtils.FreeAndNil
 0001:000005AC       SysUtils.IntToStr
 0001:0000059C       SysUtils.SameText
 0001:000005F4       SysUtils.StrEnd
 0001:0000060C       SysUtils.StrIComp
 0001:000005FC       SysUtils.StrLCopy
 0001:000005EC       SysUtils.StrLen
 0001:00000604       SysUtils.StrPLCopy
 0001:000005BC       SysUtils.StrToBoolDef
 0001:000005B4       SysUtils.StrToIntDef
 0002:00000038       SysUtils.SysUtils
 0002:00000028       SysUtils.TEncoding.Create@
 0001:0000065C       SysUtils.TEncoding.Destroy@
 0002:00000020       SysUtils.TLanguages.Create@
 0001:00000654       SysUtils.TLanguages.Destroy@
 0001:000005A4       SysUtils.Trim
 0001:0000058C       SysUtils.UpperCase
 0002:000000A8       TimeSpan.TTimeSpan.Create@
 0001:00000A04       TimeSpan.TTimeSpan.Destroy@
 0001:000006BC       TypInfo.Finalization
 0002:00000050       TypInfo.TypInfo
 0001:000006C4       Variants.Finalization
 0002:00000058       Variants.Variants
 0001:000006CC       VarUtils.Finalization
 0002:00000060       VarUtils.VarUtils
 0001:0000073C       WideStrings.Finalization
 0002:00000078       WideStrings.WideStrings
 0001:00000744       WideStrUtils.WStrLCopy
 0004:0000000C       Windows..2
 0001:00000528       Windows.CopyMemory
 0001:00000434       Windows.DeleteCriticalSection
 0001:0000043C       Windows.EnterCriticalSection
 0001:0000056C       Windows.Finalization
 0001:00000444       Windows.FlushInstructionCache
 0001:0000044C       Windows.FreeLibrary
 0001:00000454       Windows.GetCurrentProcess
 0001:0000045C       Windows.GetEnvironmentVariableA
 0001:00000464       Windows.GetEnvironmentVariableW
 0001:0000046C       Windows.GetModuleHandle
 0001:00000474       Windows.GetProcAddress
 0001:0000047C       Windows.GetProcAddress
 0001:000004F0       Windows.GetVersion
 0001:000004F8       Windows.GetVersionEx
 0004:00000010       Windows.HtmlHelpModule
 0001:00000500       Windows.InitializeCriticalSection
 0001:00000530       Windows.InitVersionInfo
 0001:00000508       Windows.LeaveCriticalSection
 0001:00000510       Windows.LoadLibrary
 0001:00000520       Windows.VirtualProtect
 0001:00000518       Windows.VirtualProtect
 0003:00000030       Windows.Win32MajorVersion
 0003:00000034       Windows.Win32MinorVersion
 0003:00000038       Windows.Win32Platform
 0002:00000008       Windows.Windows


  Address             Publics by Value

 0001:00000000       System.AllocMem
 0001:00000008       System.@GetMem
 0001:00000010       System.@FreeMem
 0001:00000018       System.Move
 0001:00000020       System.@FillChar
 0001:00000028       System.TObject.ClassType
 0001:00000030       System.TObject.ClassName
 0001:00000038       System.TObject.NewInstance
 0001:00000040       System.TObject.FreeInstance
 0001:00000048       System.TObject.Create
 0001:00000050       System.TObject.Destroy
 0001:00000058       System.TObject.Free
 0001:00000060       System.TObject.Equals
 0001:00000068       System.TObject.GetHashCode
 0001:00000070       System.@IsClass
 0001:00000078       System.TObject.InheritsFrom
 0001:00000080       System.TObject.SafeCallException
 0001:00000088       System.TObject.ToString
 0001:00000090       System.TObject.DefaultHandler
 0001:00000098       System.TObject.AfterConstruction
 0001:000000A0       System.TObject.BeforeDestruction
 0001:000000A8       System.TObject.Dispatch
 0001:000000B0       System.@ClassCreate
 0001:000000B8       System.@ClassDestroy
 0001:000000C0       System.@AfterConstruction
 0001:000000C8       System.@BeforeDestruction
 0001:000000D0       System.@HandleAnyException
 0001:000000D8       System.@HandleOnException
 0001:000000E0       System.@HandleFinally
 0001:000000E8       System.@RaiseExcept
 0001:000000F0       System.@RaiseAgain
 0001:000000F8       System.@DoneExcept
 0001:00000100       System.@PackageLoad
 0001:00000108       System.@PackageUnload
 0001:00000110       System.@RunError
 0001:00000118       System.@LStrClr
 0001:00000120       System.@LStrArrayClr
 0001:00000128       System.@EnsureUnicodeString
 0001:00000130       System.@EnsureAnsiString
 0001:00000138       System.@LStrFromPChar
 0001:00000140       System.@LStrFromPWChar
 0001:00000148       System.@LStrLen
 0001:00000150       System.@LStrAddRef
 0001:00000158       System.@LStrToPChar
 0001:00000160       System.@LStrSetLength
 0001:00000168       System.@WStrClr
 0001:00000170       System.@WStrFromPWChar
 0001:00000178       System.@UStrAddRef
 0001:00000180       System.@UStrClr
 0001:00000188       System.@UStrArrayClr
 0001:00000190       System.@UStrAsg
 0001:00000198       System.@UStrLAsg
 0001:000001A0       System.@UStrToPWChar
 0001:000001A8       System.@UStrFromPWChar
 0001:000001B0       System.@UStrFromWArray
 0001:000001B8       System.@UStrFromLStr
 0001:000001C0       System.@LStrFromUStr
 0001:000001C8       System.@UStrFromWStr
 0001:000001D0       System.@UStrLen
 0001:000001D8       System.@UStrSetLength
 0001:000001E0       System.@UStrCat3
 0001:000001E8       System.@UStrCatN
 0001:000001F0       System.@UStrCmp
 0001:000001F8       System.@UStrEqual
 0001:00000200       System.@UStrCopy
 0001:00000208       System.Pos
 0001:00000210       System.@FinalizeRecord
 0001:00000218       System.@FinalizeArray
 0001:00000220       System.@AddRefRecord
 0001:00000228       System.@DynArrayLength
 0001:00000230       System.@DynArrayHigh
 0001:00000238       System.@DynArraySetLength
 0001:00000240       System.@DynArrayClear
 0001:00000248       System.@DynArrayAsg
 0001:00000250       System.@DynArrayAddRef
 0001:00000258       System.RegisterModule
 0001:00000260       System.UnregisterModule
 0001:00000268       System.Finalization
 0001:00000270       SysInit.FreeLibrary
 0001:00000278       SysInit.LocalAlloc
 0001:00000280       SysInit.LocalFree
 0001:00000288       SysInit.TlsAlloc
 0001:00000290       SysInit.TlsFree
 0001:00000298       SysInit.TlsGetValue
 0001:000002A0       SysInit.TlsSetValue
 0001:000002A8       SysInit.AllocTlsBuffer
 0001:000002B4       SysInit.GetTlsSize
 0001:000002BC       SysInit.InitThreadTLS
 0001:00000300       SysInit.InitProcessTLS
 0001:0000032C       SysInit.ExitThreadTLS
 0001:00000364       SysInit.ExitProcessTLS
 0001:00000388       SysInit.InitializeModule
 0001:00000394       SysInit.UninitializeModule
 0001:000003B8       SysInit.@InitPkg
 0001:0000041C       SysInit.@PackageLoad
 0001:00000428       SysInit.@PackageUnload
 0001:00000434       Windows.DeleteCriticalSection
 0001:0000043C       Windows.EnterCriticalSection
 0001:00000444       Windows.FlushInstructionCache
 0001:0000044C       Windows.FreeLibrary
 0001:00000454       Windows.GetCurrentProcess
 0001:0000045C       Windows.GetEnvironmentVariableA
 0001:00000464       Windows.GetEnvironmentVariableW
 0001:0000046C       Windows.GetModuleHandle
 0001:00000474       Windows.GetProcAddress
 0001:0000047C       Windows.GetProcAddress
 0001:000004F0       Windows.GetVersion
 0001:000004F8       Windows.GetVersionEx
 0001:00000500       Windows.InitializeCriticalSection
 0001:00000508       Windows.LeaveCriticalSection
 0001:00000510       Windows.LoadLibrary
 0001:00000518       Windows.VirtualProtect
 0001:00000520       Windows.VirtualProtect
 0001:00000528       Windows.CopyMemory
 0001:00000530       Windows.InitVersionInfo
 0001:0000056C       Windows.Finalization
 0001:0000058C       SysUtils.UpperCase
 0001:00000594       SysUtils.CompareText
 0001:0000059C       SysUtils.SameText
 0001:000005A4       SysUtils.Trim
 0001:000005AC       SysUtils.IntToStr
 0001:000005B4       SysUtils.StrToIntDef
 0001:000005BC       SysUtils.StrToBoolDef
 0001:000005C4       SysUtils.BoolToStr
 0001:000005CC       SysUtils.FileExists
 0001:000005D4       SysUtils.ChangeFileExt
 0001:000005DC       SysUtils.ExtractFilePath
 0001:000005E4       SysUtils.ExtractFileName
 0001:000005EC       SysUtils.StrLen
 0001:000005F4       SysUtils.StrEnd
 0001:000005FC       SysUtils.StrLCopy
 0001:00000604       SysUtils.StrPLCopy
 0001:0000060C       SysUtils.StrIComp
 0001:00000614       SysUtils.Abort
 0001:0000061C       SysUtils.Exception.Create
 0001:00000624       SysUtils.Exception.Destroy
 0001:0000062C       SysUtils.Exception.GetBaseException
 0001:00000634       SysUtils.Exception.RaisingException
 0001:0000063C       SysUtils.Exception.ToString
 0001:00000644       SysUtils.Exception.Destroy@
 0001:0000064C       SysUtils.FreeAndNil
 0001:00000654       SysUtils.TLanguages.Destroy@
 0001:0000065C       SysUtils.TEncoding.Destroy@
 0001:00000664       SysUtils.Finalization
 0001:0000066C       StrUtils.PosEx
 0001:00000674       Classes.TList.Add
 0001:0000067C       Classes.TList.Delete
 0001:00000684       Classes.TList.Get
 0001:0000068C       Classes.TList.Remove
 0001:00000694       Classes.TPersistent.Assign
 0001:0000069C       Classes.TPersistent.AssignTo
 0001:000006A4       Classes.TPersistent.DefineProperties
 0001:000006AC       Classes.TThread.Destroy@
 0001:000006B4       Classes.Finalization
 0001:000006BC       TypInfo.Finalization
 0001:000006C4       Variants.Finalization
 0001:000006CC       VarUtils.Finalization
 0001:000006D4       ClassRegistry.TClassRegistry.CreateInstance
 0001:000006DC       ClassRegistry.TClassRegistry.GetClassRegistry
 0001:000006E4       ClassRegistry.TClassRegistry.HasClass
 0001:000006EC       ClassRegistry.TClassRegistry.RegisterRegistryClass
 0001:000006F4       ClassRegistry.TClassRegistry.UnregisterClass
 0001:000006FC       ClassRegistry.Finalization
 0001:00000704       DB.TField.AssignValue
 0001:0000070C       DB.TField.GetData
 0001:00000714       DB.TField.SetData
 0001:0000071C       DB.TStringField.GetValue
 0001:00000724       DB.TStringField.SetAsAnsiString
 0001:0000072C       DB.TDataSet.DataConvert
 0001:00000734       DB.Finalization
 0001:0000073C       WideStrings.Finalization
 0001:00000744       WideStrUtils.WStrLCopy
 0001:0000074C       FMTBcd.Finalization
 0001:00000754       SqlTimSt.Finalization
 0001:0000075C       ComObj.Finalization
 0001:00000764       DBXCommon.TDBXProperties.Create
 0001:0000076C       DBXCommon.TDBXProperties.Create
 0001:00000774       DBXCommon.TDBXProperties.Destroy
 0001:0000077C       DBXCommon.TDBXProperties.DoOnChange
 0001:00000784       DBXCommon.TDBXProperties.GetLists
 0001:0000078C       DBXCommon.TDBXProperties.GetValue
 0001:00000794       DBXCommon.TDBXProperties.SetValue
 0001:0000079C       DBXCommon.TDBXDriver.AddCommandFactory
 0001:000007A4       DBXCommon.TDBXDriver.CreateMorphCommand
 0001:000007AC       DBXCommon.TDBXDriver.GetDriverClass
 0001:000007B4       DBXCommon.TDBXDriver.GetDriverName
 0001:000007BC       DBXCommon.TDBXDriver.GetDriverProperties
 0001:000007C4       DBXCommon.TDBXDriver.GetDriverPropertyNames
 0001:000007CC       DBXCommon.TDBXDriver.SetDriverName
 0001:000007D4       DBXCommon.TDBXDriver.InitDriverProperties
 0001:000007DC       DBXCommon.TDBXDriverRegistry.RegisterDriverClass
 0001:000007E4       DBXCommon.TDBXDriverRegistry.UnregisterDriverClass
 0001:000007EC       DBXCommon.TDBXConnection.Destroy
 0001:000007F4       DBXCommon.TDBXConnection.CreateMorphCommand
 0001:000007FC       DBXCommon.TDBXConnection.CreateCommand
 0001:00000804       DBXCommon.TDBXConnection.Open
 0001:0000080C       DBXCommon.TDBXConnection.GetDatabaseMetaData
 0001:00000814       DBXCommon.TDBXConnection.GetTraceFlags
 0001:0000081C       DBXCommon.TDBXConnection.GetTraceInfoEvent
 0001:00000824       DBXCommon.TDBXConnection.BeginTransaction
 0001:0000082C       DBXCommon.TDBXConnection.BeginTransaction
 0001:00000834       DBXCommon.TDBXConnection.CommitFreeAndNil
 0001:0000083C       DBXCommon.TDBXConnection.RollbackFreeAndNil
 0001:00000844       DBXCommon.TDBXConnection.RollbackIncompleteFreeAndNil
 0001:0000084C       DBXCommon.TDBXConnection.GetConnectionProperties
 0001:00000854       DBXCommon.TDBXConnection.GetErrorEvent
 0001:0000085C       DBXCommon.TDBXConnection.GetIsOpen
 0001:00000864       DBXCommon.TDBXConnection.GetConnectionProperty
 0001:0000086C       DBXCommon.TDBXConnection.SetErrorEvent
 0001:00000874       DBXCommon.TDBXConnection.SetConnectionProperties
 0001:0000087C       DBXCommon.TDBXConnection.GetDBXFormatter
 0001:00000884       DBXCommon.TDBXConnection.SetDBXFormatter
 0001:0000088C       DBXCommon.TDBXConnection.SetTraceFlags
 0001:00000894       DBXCommon.TDBXCommand.CreateParameter
 0001:0000089C       DBXCommon.TDBXCommand.CreateParameterRow
 0001:000008A4       DBXCommon.TDBXCommand.CreateParameters
 0001:000008AC       DBXCommon.TDBXCommand.SetCommandType
 0001:000008B4       DBXCommon.TDBXCommand.ExecuteQuery
 0001:000008BC       DBXCommon.TDBXCommand.ExecuteUpdate
 0001:000008C4       DBXCommon.TDBXCommand.CloseReader
 0001:000008CC       DBXCommon.TDBXCommand.GetCommandType
 0001:000008D4       DBXCommon.TDBXCommand.GetErrorEvent
 0001:000008DC       DBXCommon.TDBXCommand.GetNextReader
 0001:000008E4       DBXCommon.TDBXCommand.GetParameters
 0001:000008EC       DBXCommon.TDBXCommand.GetText
 0001:000008F4       DBXCommon.TDBXCommand.Prepare
 0001:000008FC       DBXCommon.TDBXCommand.SetText
 0001:00000904       DBXCommon.TDBXCommand.Open
 0001:0000090C       DBXCommon.TDBXCommand.DerivedClearParameters
 0001:00000914       DBXCommon.TDBXCommand.Close
 0001:0000091C       DBXCommon.TDBXMorphicCommand.Create
 0001:00000924       DBXCommon.TDBXMorphicCommand.CreateParameters
 0001:0000092C       DBXCommon.TDBXMorphicCommand.Destroy
 0001:00000934       DBXCommon.TDBXMorphicCommand.ExecuteQuery
 0001:0000093C       DBXCommon.TDBXMorphicCommand.ExecuteUpdate
 0001:00000944       DBXCommon.TDBXMorphicCommand.GetParameters
 0001:0000094C       DBXCommon.TDBXMorphicCommand.CreateParameterRow
 0001:00000954       DBXCommon.TDBXMorphicCommand.GetRowsAffected
 0001:0000095C       DBXCommon.TDBXMorphicCommand.Prepare
 0001:00000964       DBXCommon.TDBXMorphicCommand.GetNextReader
 0001:0000096C       DBXCommon.TDBXMorphicCommand.DerivedClose
 0001:00000974       DBXCommon.TDBXMorphicCommand.DerivedExecuteQuery
 0001:0000097C       DBXCommon.TDBXMorphicCommand.DerivedExecuteUpdate
 0001:00000984       DBXCommon.TDBXMorphicCommand.DerivedGetNextReader
 0001:0000098C       DBXCommon.TDBXMorphicCommand.DerivedOpen
 0001:00000994       DBXCommon.TDBXMorphicCommand.DerivedPrepare
 0001:0000099C       DBXCommon.TDBXMorphicCommand.SetMaxBlobSize
 0001:000009A4       DBXCommon.TDBXMorphicCommand.SetRowSetSize
 0001:000009AC       DBXCommon.TDBXMorphicCommand.SetCommandType
 0001:000009B4       DBXCommon.TDBXMorphicCommand.SetText
 0001:000009BC       DBXCommon.TDBXMorphicCommand.CloseReader
 0001:000009C4       DBXCommon.TDBXContext.Error
 0001:000009CC       DBXCommon.TDBXConnectionBuilder.GetConnectionProperties
 0001:000009D4       DBXCommon.TDBXDriverHelp.GetMetaDataReader
 0001:000009DC       DBXCommon.TDBXDriverHelp.SetMetaDataReader
 0001:000009E4       DBXCommon.TDBXCommand.GetCommandTimeout
 0001:000009EC       DBXCommon.TDBXCommand.SetCommandTimeout
 0001:000009F4       DBXCommon.Finalization
 0001:000009FC       SyncObjs.Finalization
 0001:00000A04       TimeSpan.TTimeSpan.Destroy@
 0001:00000A0C       DBXPlatform.IncrAfter
 0001:00000A14       DBXPlatform.FreeObjectArray
 0001:00000A1C       DBXPlatform.TDBXObjectStore.SetObjectByName
 0001:00000A24       DBXPlatform.TDBXPlatform.CreateWideStringBuilder
 0001:00000A2C       DBXPlatform.TDBXPlatform.CopyWideStringBuilder
 0001:00000A34       DBXPlatform.TDBXPlatform.FreeAndNilWideStringBuilder
 0001:00000A3C       Registry.Finalization
 0001:00000A44       IniFiles.Finalization
 0001:00000A4C       IOUtils.TPath.Destroy@
 0001:00000A54       IOUtils.Finalization
 0001:00000A5C       DBClient.TCustomClientDataSet.DataConvert
 0001:00000A64       DBClient.Finalization
 0001:00000A6C       DSIntf.Finalization
 0001:00000A74       Provider.Finalization
 0001:00000A7C       DBXDynalink.TDBXDynalinkDriver.CheckResult
 0001:00000A84       DBXDynalink.TDBXDynalinkDriver.Close
 0001:00000A8C       DBXDynalink.TDBXDynalinkDriver.Destroy
 0001:00000A94       DBXDynalink.TDBXDynalinkDriver.GetDriverVersion
 0001:00000A9C       DBXDynalink.TDBXDynalinkDriverCommonLoader.Create
 0001:00000AA4       DBXDynalink.TDBXDynalinkDriverCommonLoader.Load
 0001:00000AAC       DBXDynalink.TDBXDynalinkDriverCommonLoader.LoadDriverLibrary
 0001:00000AB4       DBXDynalink.TDBXDynalinkConnection.CreateAndBeginTransaction
 0001:00000ABC       DBXDynalink.TDBXDynalinkConnection.Close
 0001:00000AC4       DBXDynalink.TDBXDynalinkConnection.Commit
 0001:00000ACC       DBXDynalink.TDBXDynalinkConnection.Rollback
 0001:00000AD4       DBXDynalink.TDBXDynalinkConnection.SetTraceInfoEvent
 0001:00000ADC       DBXDynalink.TDBXDynalinkConnection.Create
 0001:00000AE4       DBXDynalink.TDBXDynalinkConnection.DerivedOpen
 0001:00000AEC       DBXDynalink.TDBXDynalinkConnection.GetVendorProperty
 0001:00000AF4       DBXDynalink.Finalization
 0001:00000AFC       DBXDynalinkNative.TDBXDynalinkDriverNative.Create
 0001:00000B04       DBXDynalinkNative.TDBXDynalinkDriverLoader.CreateDynalinkDriver
 0001:00000B0C       DBXDynalinkNative.TDBXDynalinkDriverLoader.CreateMethodTable
 0001:00000B14       DBXMetaDataReader.TDBXCustomMetaDataTable.Create
 0001:00000B1C       DBXMetaDataReader.TDBXDataTypeCursor.Create
 0001:00000B24       DBXMetaDataReader.TDBXDataTypeDescription.Create
 0001:00000B2C       DBXMetaDataReader.TDBXDataTypeDescription.Create
 0001:00000B34       DBXMetaDataReader.TDBXDataTypeDescription.SetUnicodeOptionSupported
 0001:00000B3C       DBXMetaDataReader.TDBXEmptyTableCursor.Create
 0001:00000B44       DBXMetaDataReader.TDBXMetaDataCollectionColumns.CreateDataTypesColumns
 0001:00000B4C       DBXMetaDataReader.TDBXMetaDataCollectionColumns.CreateCatalogsColumns
 0001:00000B54       DBXMetaDataReader.TDBXMetaDataCollectionColumns.CreateSchemasColumns
 0001:00000B5C       DBXMetaDataReader.TDBXMetaDataCollectionColumns.CreateTablesColumns
 0001:00000B64       DBXMetaDataReader.TDBXMetaDataCollectionColumns.CreateViewsColumns
 0001:00000B6C       DBXMetaDataReader.TDBXMetaDataCollectionColumns.CreateSynonymsColumns
 0001:00000B74       DBXMetaDataReader.TDBXMetaDataCollectionColumns.CreateColumnsColumns
 0001:00000B7C       DBXMetaDataReader.TDBXMetaDataCollectionColumns.CreateColumnConstraintsColumns
 0001:00000B84       DBXMetaDataReader.TDBXMetaDataCollectionColumns.CreateIndexesColumns
 0001:00000B8C       DBXMetaDataReader.TDBXMetaDataCollectionColumns.CreateIndexColumnsColumns
 0001:00000B94       DBXMetaDataReader.TDBXMetaDataCollectionColumns.CreateForeignKeysColumns
 0001:00000B9C       DBXMetaDataReader.TDBXMetaDataCollectionColumns.CreateForeignKeyColumnsColumns
 0001:00000BA4       DBXMetaDataReader.TDBXMetaDataCollectionColumns.CreateProceduresColumns
 0001:00000BAC       DBXMetaDataReader.TDBXMetaDataCollectionColumns.CreateProcedureSourcesColumns
 0001:00000BB4       DBXMetaDataReader.TDBXMetaDataCollectionColumns.CreateProcedureParametersColumns
 0001:00000BBC       DBXMetaDataReader.TDBXMetaDataCollectionColumns.CreatePackagesColumns
 0001:00000BC4       DBXMetaDataReader.TDBXMetaDataCollectionColumns.CreatePackageProceduresColumns
 0001:00000BCC       DBXMetaDataReader.TDBXMetaDataCollectionColumns.CreatePackageProcedureParametersColumns
 0001:00000BD4       DBXMetaDataReader.TDBXMetaDataCollectionColumns.CreatePackageSourcesColumns
 0001:00000BDC       DBXMetaDataReader.TDBXMetaDataCollectionColumns.CreateUsersColumns
 0001:00000BE4       DBXMetaDataReader.TDBXMetaDataCollectionColumns.CreateRolesColumns
 0001:00000BEC       DBXMetaDataReader.TDBXMetaDataCollectionColumns.CreateReservedWordsColumns
 0001:00000BF4       DBXMetaDataReader.TDBXBaseMetaDataReader.Destroy
 0001:00000BFC       DBXMetaDataReader.TDBXBaseMetaDataReader.SetContext
 0001:00000C04       DBXMetaDataReader.TDBXBaseMetaDataReader.GetContext
 0001:00000C0C       DBXMetaDataReader.TDBXBaseMetaDataReader.GetProductName
 0001:00000C14       DBXMetaDataReader.TDBXBaseMetaDataReader.GetVersion
 0001:00000C1C       DBXMetaDataReader.TDBXBaseMetaDataReader.SetVersion
 0001:00000C24       DBXMetaDataReader.TDBXBaseMetaDataReader.GetSqlDefaultParameterMarker
 0001:00000C2C       DBXMetaDataReader.TDBXBaseMetaDataReader.CompareVersion
 0001:00000C34       DBXMetaDataReader.TDBXBaseMetaDataReader.IsQuotedIdentifiersSupported
 0001:00000C3C       DBXMetaDataReader.TDBXBaseMetaDataReader.IsSPReturnCodeSupported
 0001:00000C44       DBXMetaDataReader.TDBXBaseMetaDataReader.GetTableType
 0001:00000C4C       DBXMetaDataReader.TDBXBaseMetaDataReader.GetViewType
 0001:00000C54       DBXMetaDataReader.TDBXBaseMetaDataReader.GetSystemTableType
 0001:00000C5C       DBXMetaDataReader.TDBXBaseMetaDataReader.GetSystemViewType
 0001:00000C64       DBXMetaDataReader.TDBXBaseMetaDataReader.GetSynonymType
 0001:00000C6C       DBXMetaDataReader.TDBXBaseMetaDataReader.MakeTableTypeString
 0001:00000C74       DBXMetaDataReader.TDBXBaseMetaDataReader.GetDataTypeHash
 0001:00000C7C       DBXMetaDataReader.TDBXBaseMetaDataReader.GetDataTypes
 0001:00000C84       DBXMetaDataReader.TDBXBaseMetaDataReader.PopulateDataTypes
 0001:00000C8C       DBXMetaDataReader.TDBXBaseMetaDataReader.FetchCollection
 0001:00000C94       DBXMetaDataReader.TDBXBaseMetaDataReader.MakeStorage
 0001:00000C9C       DBXMetaDataReader.TDBXBaseMetaDataReader.FetchCollectionWithStorage
 0001:00000CA4       DBXMetaDataReader.TDBXBaseMetaDataReader.FetchDataTypes
 0001:00000CAC       DBXMetaDataReader.TDBXBaseMetaDataReader.FetchCatalogs
[...]
   466 0001:0003A8D8   468 0001:0003A8EC   469 0001:0003A8F9   651 0001:0003A900
   654 0001:0003A933   655 0001:0003A941   657 0001:0003A94A   658 0001:0003A958
   659 0001:0003A963   660 0001:0003A973   662 0001:0003A979   663 0001:0003A98B
   664 0001:0003A996   665 0001:0003A9A3   670 0001:0003A9B0   671 0001:0003A9B9
   673 0001:0003A9C9   674 0001:0003A9CF   676 0001:0003A9E1   678 0001:0003A9E7
   679 0001:0003AA01   680 0001:0003AA17   684 0001:0003AA27   686 0001:0003AA4C
   687 0001:0003AA53   688 0001:0003AA59   691 0001:0003AA75   693 0001:0003AA89
   702 0001:0003AA8C   705 0001:0003AAAA   707 0001:0003AABA   710 0001:0003AAE2
   721 0001:0003AAFF   724 0001:0003AB0B   726 0001:0003AB3C   727 0001:0003AB43
   728 0001:0003AB49   730 0001:0003AB65   731 0001:0003AB6F   814 0001:0003AB74
   815 0001:0003AB83   827 0001:0003AB91   831 0001:0003ABAB   832 0001:0003ABC2
   835 0001:0003ABC8   836 0001:0003ABCF   837 0001:0003ABD5   839 0001:0003ABF1
   840 0001:0003ABFB   852 0001:0003AC00   853 0001:0003AC0F   855 0001:0003AC18
   868 0001:0003AC1E   869 0001:0003AC3C   885 0001:0003AC4A   886 0001:0003AC55
   887 0001:0003AC65   889 0001:0003AC73   890 0001:0003AC87   894 0001:0003AC96
   895 0001:0003ACAD   898 0001:0003ACB4   899 0001:0003ACBB   900 0001:0003ACC1
   902 0001:0003ACDD   903 0001:0003ACE7   911 0001:0003ACEC   913 0001:0003ACF3
   916 0001:0003ACF9   917 0001:0003AD04   929 0001:0003AD0F   944 0001:0003AD17
   948 0001:0003AD1F   968 0001:0003AD27   972 0001:0003AD2F   975 0001:0003AD37
   980 0001:0003AD3C   982 0001:0003AD4B

Line numbers for DbxDBFix(DbxDBFix.pas) segment .itext

   977 0002:00000184   978 0002:0000018D   979 0002:00000194

Line numbers for DbxXXDrv(DbxXXDrv.pas) segment .text

   129 0001:0003AD4C   134 0001:0003AD50   140 0001:0003AD5A

Line numbers for DbxXXDrv(DbxXXDrv.pas) segment .itext

   143 0002:00000198

Line numbers for Dbx34Drv(Dbx34Drv.pas) segment .text

   516 0001:0003BE68   517 0001:0003BE9B   518 0001:0003BEA5   519 0001:0003BEB0
   520 0001:0003BEBD   521 0001:0003BEC8   523 0001:0003BEDA   524 0001:0003BEEB
   525 0001:0003BEFC   526 0001:0003BF06   529 0001:0003BF2E   521 0001:0003BF31
   530 0001:0003BF36   536 0001:0003BF7C   537 0001:0003BFB2   538 0001:0003BFBC
   539 0001:0003BFC7   540 0001:0003BFD4   541 0001:0003BFDF   543 0001:0003BFF1
   544 0001:0003C002   545 0001:0003C013   546 0001:0003C01D   549 0001:0003C048
   541 0001:0003C04B   550 0001:0003C050   551 0001:0003C05B   611 0001:0003C0DC
   612 0001:0003C115   614 0001:0003C14E   615 0001:0003C162   618 0001:0003C228
   619 0001:0003C255   620 0001:0003C266   621 0001:0003C278   634 0001:0003C2C8
   635 0001:0003C2F6   636 0001:0003C2FA   637 0001:0003C30A   639 0001:0003C323
   640 0001:0003C33A   642 0001:0003C344   644 0001:0003C35D   646 0001:0003C367
   647 0001:0003C374   648 0001:0003C39C   649 0001:0003C3A2   653 0001:0003C3AF
   654 0001:0003C3BF   655 0001:0003C3CE   656 0001:0003C3F8   658 0001:0003C3FE
   659 0001:0003C40B   670 0001:0003C416   672 0001:0003C422   673 0001:0003C445
   674 0001:0003C462   676 0001:0003C466   681 0001:0003C4BC   682 0001:0003C4DB
   683 0001:0003C4DF   685 0001:0003C4E7   686 0001:0003C4F4   688 0001:0003C4FA
   689 0001:0003C508   691 0001:0003C516   692 0001:0003C52E   696 0001:0003C532
   699 0001:0003C55C   700 0001:0003C565   702 0001:0003C56D   703 0001:0003C57A
   706 0001:0003C580   707 0001:0003C58B   710 0001:0003C5BC   711 0001:0003C5C5
   713 0001:0003C5CD   714 0001:0003C5DA   717 0001:0003C5E0   718 0001:0003C5EB
   725 0001:0003C618   727 0001:0003C656   728 0001:0003C669   730 0001:0003C682
   735 0001:0003C695   743 0001:0003C6DC   744 0001:0003C6EB   745 0001:0003C701
   751 0001:0003C70C   752 0001:0003C718   753 0001:0003C723   754 0001:0003C73D
   755 0001:0003C748   756 0001:0003C765   761 0001:0003C76C   762 0001:0003C778
   764 0001:0003C785   766 0001:0003C792   767 0001:0003C7A0   769 0001:0003C7B8
   770 0001:0003C7C4   771 0001:0003C7CC   777 0001:0003C7D8   780 0001:0003C7ED
   788 0001:0003C7F8   791 0001:0003C808   794 0001:0003C80C   795 0001:0003C818
   797 0001:0003C823   800 0001:0003C828   801 0001:0003C847   803 0001:0003C852
   812 0001:0003C874   813 0001:0003C8A3   817 0001:0003C8B0   818 0001:0003C8C2
   832 0001:0003C8D4   861 0001:0003C8F1   864 0001:0003CA30   865 0001:0003CA3C
   866 0001:0003CA4C   869 0001:0003CA80   870 0001:0003CA8C   871 0001:0003CA9C
   874 0001:0003CAD0   875 0001:0003CADC   876 0001:0003CAEC   879 0001:0003CB10
   880 0001:0003CB1C   881 0001:0003CB2C   884 0001:0003CB50   885 0001:0003CB5C
   886 0001:0003CB6C   889 0001:0003CB90   890 0001:0003CB9C   891 0001:0003CBAC
   894 0001:0003CBD0   895 0001:0003CBDC   896 0001:0003CBEC   899 0001:0003CC10
   900 0001:0003CC1C   901 0001:0003CC2C   904 0001:0003CC50   905 0001:0003CC6C
   906 0001:0003CC8A   909 0001:0003CCD4   910 0001:0003CCF3   911 0001:0003CD0E
   914 0001:0003CD54   915 0001:0003CD60   916 0001:0003CD70   919 0001:0003CDB8
   920 0001:0003CDC4   921 0001:0003CDD4   924 0001:0003CE1C   925 0001:0003CE28
   926 0001:0003CE38   929 0001:0003CE6C   930 0001:0003CE78   931 0001:0003CE88
   934 0001:0003CEBC   935 0001:0003CED8   936 0001:0003CEF5   939 0001:0003CF3C
   940 0001:0003CF5B   941 0001:0003CF78   944 0001:0003CFBC   945 0001:0003CFC8
   946 0001:0003CFD8   949 0001:0003D004   950 0001:0003D010   951 0001:0003D020
   970 0001:0003D04C   971 0001:0003D083   972 0001:0003D093   973 0001:0003D09F
   979 0001:0003D0AF   982 0001:0003D0C9   983 0001:0003D0D9   986 0001:0003D0FB
   987 0001:0003D108   990 0001:0003D118   991 0001:0003D126   992 0001:0003D134
   993 0001:0003D142   995 0001:0003D168   997 0001:0003D16B   998 0001:0003D177
  1001 0001:0003D181  1002 0001:0003D18F  1004 0001:0003D19D  1005 0001:0003D1AA
  1006 0001:0003D1B8  1009 0001:0003D1DB  1011 0001:0003D1E1  1013 0001:0003D1EC
  1016 0001:0003D207  1019 0001:0003D217  1022 0001:0003D30C  1023 0001:0003D313
  1025 0001:0003D31C  1026 0001:0003D328  1028 0001:0003D330  1089 0001:0003D334
  1090 0001:0003D340  1091 0001:0003D34E  1094 0001:0003D354  1095 0001:0003D360
  1096 0001:0003D36D  1099 0001:0003D398  1101 0001:0003D3A7  1104 0001:0003D3AC
  1106 0001:0003D3B8  1114 0001:0003D3BC  1115 0001:0003D3BF  1116 0001:0003D3D5
  1118 0001:0003D444  1119 0001:0003D461  1120 0001:0003D474  1121 0001:0003D485
  1123 0001:0003D48C  1124 0001:0003D49F  1125 0001:0003D4AF  1126 0001:0003D4B5
  1127 0001:0003D4CA  1128 0001:0003D4D9  1130 0001:0003D4E0  1131 0001:0003D4E8
  1132 0001:0003D4F0  1133 0001:0003D4F8  1139 0001:0003D5C8  1143 0001:0003D5E9
  1144 0001:0003D5F9  1145 0001:0003D605  1147 0001:0003D61A  1148 0001:0003D62A
  1151 0001:0003D64C  1152 0001:0003D659  1155 0001:0003D66E  1156 0001:0003D686
  1157 0001:0003D69E  1158 0001:0003D6AB  1159 0001:0003D6B6  1160 0001:0003D6C6
  1162 0001:0003D6D4  1163 0001:0003D6F2  1167 0001:0003D717  1168 0001:0003D727
  1170 0001:0003D731  1171 0001:0003D749  1172 0001:0003D761  1173 0001:0003D76E
  1174 0001:0003D779  1175 0001:0003D797  1181 0001:0003D7BC  1184 0001:0003D990
  1186 0001:0003D9AB  1187 0001:0003D9CC  1188 0001:0003D9ED  1192 0001:0003DA84
  1194 0001:0003DA8B  1198 0001:0003DA90  1199 0001:0003DA99  1208 0001:0003DAA4
  1211 0001:0003DAAC  1212 0001:0003DAB3  1214 0001:0003DABB  1217 0001:0003DAC0
  1219 0001:0003DAC9  1223 0001:0003DAE2  1226 0001:0003DAEC  1227 0001:0003DAFB
  1228 0001:0003DB0A  1230 0001:0003DB1A  1231 0001:0003DB27  1236 0001:0003DB74
  1237 0001:0003DB8F  1238 0001:0003DBA0  1241 0001:0003DBC4  1242 0001:0003DBCD
  1243 0001:0003DBD8  1304 0001:0003DBE0  1305 0001:0003DBEC  1306 0001:0003DBF5
  1307 0001:0003DBFE  1314 0001:0003DC04  1315 0001:0003DC27  1316 0001:0003DC2E
  1320 0001:0003DC34  1340 0001:0003DC64  1342 0001:0003DC74  1347 0001:0003DCF0
  1348 0001:0003DCF9  1350 0001:0003DD06  1351 0001:0003DD0B  1354 0001:0003DD43
  1356 0001:0003DD4E  1358 0001:0003DD6A  1359 0001:0003DD7D  1363 0001:0003DD86
  1364 0001:0003DD91  1367 0001:0003DD98  1368 0001:0003DDA4  1369 0001:0003DDAF
  1370 0001:0003DDB6  1371 0001:0003DDBE  1381 0001:0003DDC4  1382 0001:0003DDD0
  1383 0001:0003DDDB  1384 0001:0003DDE8  1392 0001:0003DE10  1393 0001:0003DE1C
  1394 0001:0003DE2A  1397 0001:0003DE30  1398 0001:0003DE3C  1399 0001:0003DE4A
  1407 0001:0003DE50  1408 0001:0003DE59  1409 0001:0003DE5D  1412 0001:0003DE64
  1413 0001:0003DE6D  1414 0001:0003DE71  1417 0001:0003DE78  1418 0001:0003DE81
  1419 0001:0003DE85  1422 0001:0003DE8C  1423 0001:0003DE95  1424 0001:0003DE99
  1427 0001:0003DEA0  1428 0001:0003DEA9  1429 0001:0003DEAD  1432 0001:0003DEB4
  1433 0001:0003DEC0  1434 0001:0003DECE  1437 0001:0003DED4  1438 0001:0003DEE0
  1439 0001:0003DEEE  1442 0001:0003DEF4  1443 0001:0003DEFD  1444 0001:0003DF01
  1447 0001:0003DF08  1448 0001:0003DF11  1449 0001:0003DF15  1452 0001:0003DF1C
  1453 0001:0003DF25  1454 0001:0003DF29  1457 0001:0003DF30  1458 0001:0003DF39
  1459 0001:0003DF3D  1462 0001:0003DF44  1463 0001:0003DF4D  1464 0001:0003DF58
  1469 0001:0003DF60  1479 0001:0003DF69  1480 0001:0003DF74  1485 0001:0003DF7C
  1486 0001:0003DF85  1487 0001:0003DF98  1492 0001:0003DFA0  1493 0001:0003DFA9
  1494 0001:0003DFB1  1503 0001:0003DFB8  1504 0001:0003DFE6  1506 0001:0003DFFD
  1507 0001:0003E01D  1509 0001:0003E047  1510 0001:0003E057  1511 0001:0003E05D
  1512 0001:0003E088  1519 0001:0003E0B2  1520 0001:0003E0BF  1522 0001:0003E0CE
  1523 0001:0003E0DC  1524 0001:0003E0EA  1525 0001:0003E0F5  1527 0001:0003E10D
  1530 0001:0003E126  1536 0001:0003E136  1537 0001:0003E13F  1539 0001:0003E14B
  1557 0001:0003E1C4  1558 0001:0003E1E7  1559 0001:0003E1F6  1560 0001:0003E201
  1561 0001:0003E20A  1564 0001:0003E213  1569 0001:0003E21E  1571 0001:0003E224
  1572 0001:0003E232  1573 0001:0003E238  1574 0001:0003E247  1575 0001:0003E252
  1576 0001:0003E260  1577 0001:0003E267  1579 0001:0003E272  1580 0001:0003E288
  1586 0001:0003E293  1587 0001:0003E2AD  1590 0001:0003E2D4  1592 0001:0003E2E0
  1593 0001:0003E2ED  1598 0001:0003E318  1599 0001:0003E338  1600 0001:0003E341
  1602 0001:0003E354  1604 0001:0003E367  1606 0001:0003E37E  1607 0001:0003E3A4
  1609 0001:0003E3B0  1611 0001:0003E3BA  1612 0001:0003E3C6  1613 0001:0003E3EC
  1614 0001:0003E3F3  1615 0001:0003E419  1617 0001:0003E420  1618 0001:0003E435
  1620 0001:0003E43B  1621 0001:0003E44C  1622 0001:0003E458  1623 0001:0003E469
  1626 0001:0003E473  1628 0001:0003E47B  1629 0001:0003E484  1630 0001:0003E48B
  1631 0001:0003E497  1632 0001:0003E4A0  1633 0001:0003E4AC  1636 0001:0003E5B0
  1637 0001:0003E5B9  1638 0001:0003E5CA  1641 0001:0003E5D4  1642 0001:0003E5DB
  1643 0001:0003E5E3  1646 0001:0003E5E8  1648 0001:0003E5EF  1652 0001:0003E5F7
  1657 0001:0003E5FC  1658 0001:0003E614  1659 0001:0003E61B  1660 0001:0003E625
  1682 0001:0003E644  1683 0001:0003E660  1684 0001:0003E667  1685 0001:0003E66F
  1686 0001:0003E68E  1695 0001:0003E6B8  1696 0001:0003E6D4  1708 0001:0003E6DB
  1709 0001:0003E6E3  1711 0001:0003E6FB  1723 0001:0003E748  1724 0001:0003E770
  1726 0001:0003E786  1727 0001:0003E791  1728 0001:0003E7A0  1729 0001:0003E7AA
  1730 0001:0003E7B1  1731 0001:0003E7C5  1732 0001:0003E7D3  1733 0001:0003E7E1
  1735 0001:0003E7F8  1756 0001:0003E7FD  1759 0001:0003E805  1762 0001:0003E81D
  1780 0001:0003E888  1781 0001:0003E8B6  1783 0001:0003E8D0  1784 0001:0003E8D7
  1785 0001:0003E8E2  1786 0001:0003E8F1  1787 0001:0003E8FB  1788 0001:0003E90F
  1789 0001:0003E91D  1790 0001:0003E936  1792 0001:0003E950  1796 0001:0003E955
  1797 0001:0003E96F  1798 0001:0003E97D  1799 0001:0003E984  1800 0001:0003E98F
  1801 0001:0003E9A3  1802 0001:0003E9B7  1803 0001:0003E9CB  1804 0001:0003E9DF
  1805 0001:0003E9F3  1806 0001:0003EA0B  1807 0001:0003EA18  1808 0001:0003EA28
  1809 0001:0003EA38  1810 0001:0003EA48  1811 0001:0003EA58  1812 0001:0003EA68
  1813 0001:0003EA78  1814 0001:0003EA88  1815 0001:0003EAA0  1816 0001:0003EAAB
  1817 0001:0003EAB9  1818 0001:0003EAC7  1819 0001:0003EAD5  1820 0001:0003EAE3
  1821 0001:0003EAF1  1822 0001:0003EAFF  1824 0001:0003EB0D  1826 0001:0003EB2B
  1827 0001:0003EB42  1828 0001:0003EB4A  1830 0001:0003EB70  1832 0001:0003EB87
  1837 0001:0003EB8C  1840 0001:0003EB94  1843 0001:0003EBAC  1856 0001:0003ED84
  1857 0001:0003EDAF  1859 0001:0003EDC5  1860 0001:0003EDCC  1861 0001:0003EDD7
  1862 0001:0003EDE6  1863 0001:0003EDF0  1864 0001:0003EE04  1865 0001:0003EE12
  1866 0001:0003EE27  1868 0001:0003EE3E  1893 0001:0003EE43  1901 0001:0003EE4B
  1904 0001:0003EE63  1917 0001:0003EECC  1918 0001:0003EEF7  1920 0001:0003EF00
  1921 0001:0003EF07  1922 0001:0003EF12  1923 0001:0003EF21  1924 0001:0003EF2B
  1925 0001:0003EF3F  1926 0001:0003EF4D  1927 0001:0003EF62  1929 0001:0003EF79
  1931 0001:0003EF7E  1955 0001:0003EF86  1959 0001:0003EF8E  1962 0001:0003EFA6
  1974 0001:0003F014  1975 0001:0003F03F  1977 0001:0003F048  1978 0001:0003F04F
  1979 0001:0003F05A  1980 0001:0003F069  1981 0001:0003F073  1982 0001:0003F087
  1983 0001:0003F095  1984 0001:0003F0AA  1986 0001:0003F0C1  2011 0001:0003F0C6
  2014 0001:0003F0CE  2017 0001:0003F0E6  2030 0001:0003F168  2031 0001:0003F193
  2033 0001:0003F1A0  2034 0001:0003F1A7  2035 0001:0003F1B2  2036 0001:0003F1C1
  2037 0001:0003F1CB  2038 0001:0003F1DF  2039 0001:0003F1ED  2041 0001:0003F216
  2043 0001:0003F22D  2078 0001:0003F232  2081 0001:0003F23A  2084 0001:0003F252
  2096 0001:0003F2D4  2097 0001:0003F2FF  2099 0001:0003F308  2100 0001:0003F30F
  2101 0001:0003F31A  2102 0001:0003F329  2103 0001:0003F333  2104 0001:0003F347
  2105 0001:0003F355  2106 0001:0003F36A  2108 0001:0003F381  2133 0001:0003F386
  2136 0001:0003F38E  2139 0001:0003F3A6  2151 0001:0003F41C  2153 0001:0003F44A
  2155 0001:0003F457  2156 0001:0003F45E  2157 0001:0003F469  2158 0001:0003F478
  2159 0001:0003F482  2160 0001:0003F496  2161 0001:0003F4A4  2162 0001:0003F4BD
  2164 0001:0003F4D7  2168 0001:0003F4DC  2169 0001:0003F4E9  2170 0001:0003F4F7
  2171 0001:0003F4FE  2172 0001:0003F516  2173 0001:0003F523  2174 0001:0003F533
  2175 0001:0003F543  2176 0001:0003F553  2177 0001:0003F56B  2178 0001:0003F576
  2179 0001:0003F584  2180 0001:0003F592  2182 0001:0003F5A0  2184 0001:0003F5BE
  2185 0001:0003F5D5  2186 0001:0003F5DD  2187 0001:0003F5F4  2189 0001:0003F61A
  2191 0001:0003F631  2196 0001:0003F636  2197 0001:0003F63E  2200 0001:0003F655
  2203 0001:0003F66D  2215 0001:0003F7D0  2216 0001:0003F7FE  2218 0001:0003F80B
  2219 0001:0003F812  2220 0001:0003F81D  2221 0001:0003F82C  2222 0001:0003F836
  2223 0001:0003F84A  2224 0001:0003F858  2225 0001:0003F86D  2227 0001:0003F887
  2231 0001:0003F88C  2232 0001:0003F899  2233 0001:0003F8A7  2234 0001:0003F8AE
  2235 0001:0003F8C6  2236 0001:0003F8D3  2237 0001:0003F8E3  2238 0001:0003F8F3
  2239 0001:0003F90B  2240 0001:0003F916  2241 0001:0003F924  2243 0001:0003F932
  2245 0001:0003F950  2246 0001:0003F967  2247 0001:0003F96F  2248 0001:0003F986
  2250 0001:0003F9AC  2252 0001:0003F9C3  2257 0001:0003F9C8  2258 0001:0003F9D0
  2261 0001:0003F9E7  2264 0001:0003F9FF  2277 0001:0003FB28  2278 0001:0003FB53
  2280 0001:0003FB60  2281 0001:0003FB67  2282 0001:0003FB72  2283 0001:0003FB81
  2284 0001:0003FB8B  2285 0001:0003FB9F  2286 0001:0003FBAD  2287 0001:0003FBC6
  2289 0001:0003FBDD  2316 0001:0003FBE2  2319 0001:0003FBEA  2322 0001:0003FC02
  2336 0001:0003FC78  2337 0001:0003FCA3  2339 0001:0003FCAC  2340 0001:0003FCB3
  2341 0001:0003FCBE  2342 0001:0003FCCD  2343 0001:0003FCD7  2344 0001:0003FCEB
  2345 0001:0003FCF9  2346 0001:0003FD0E  2348 0001:0003FD25  2373 0001:0003FD2A
  2381 0001:0003FD32  2384 0001:0003FD4A  2396 0001:0003FDCC  2397 0001:0003FDF7
  2399 0001:0003FE00  2400 0001:0003FE07  2401 0001:0003FE12  2402 0001:0003FE21
  2403 0001:0003FE2B  2404 0001:0003FE3F  2405 0001:0003FE4D  2406 0001:0003FE62
  2408 0001:0003FE79  2432 0001:0003FE7E  2435 0001:0003FE86  2438 0001:0003FE9E
  2451 0001:0003FF10  2452 0001:0003FF3B  2454 0001:0003FF48  2455 0001:0003FF4F
  2456 0001:0003FF5A  2457 0001:0003FF69  2458 0001:0003FF73  2459 0001:0003FF87
  2460 0001:0003FF95  2461 0001:0003FFAE  2463 0001:0003FFC5  2465 0001:0003FFCA
  2490 0001:0003FFD2  2494 0001:0003FFDA  2497 0001:0003FFF2  2510 0001:00040078
  2511 0001:000400A3  2513 0001:000400AC  2514 0001:000400B3  2515 0001:000400BE
  2516 0001:000400CD  2517 0001:000400D7  2518 0001:000400EB  2519 0001:000400F9
  2520 0001:0004010E  2522 0001:00040125  2547 0001:0004012A  2550 0001:00040132
  2553 0001:0004014A  2566 0001:000401BC  2567 0001:000401E7  2569 0001:000401F4
  2570 0001:000401FB  2571 0001:00040206  2572 0001:00040215  2573 0001:0004021F
  2574 0001:00040233  2575 0001:00040241  2576 0001:0004025E  2578 0001:00040275
  2607 0001:0004027A  2610 0001:00040282  2613 0001:0004029A  2626 0001:0004031C
  2627 0001:00040347  2629 0001:00040354  2630 0001:0004035B  2631 0001:00040366
  2632 0001:00040375  2633 0001:0004037F  2634 0001:00040393  2635 0001:000403A1
  2636 0001:000403BE  2638 0001:000403D5  2640 0001:000403DA  2668 0001:000403E2
  2672 0001:000403EA  2675 0001:00040402  2687 0001:00040498  2688 0001:000404C3
  2690 0001:000404CC  2691 0001:000404D3  2692 0001:000404DE  2693 0001:000404ED
  2694 0001:000404F7  2695 0001:0004050B  2696 0001:00040519  2697 0001:0004052E
  2699 0001:00040545  2724 0001:0004054A  2727 0001:00040552  2730 0001:0004056A
  2739 0001:000405E8  2740 0001:0004060A  2742 0001:00040613  2743 0001:0004061A
  2744 0001:0004062E  2745 0001:0004063C  2746 0001:00040647  2748 0001:0004065E
  2765 0001:00040663  2768 0001:0004066B  2771 0001:00040683  2780 0001:000406D0
  2781 0001:000406F2  2783 0001:000406FB  2784 0001:00040702  2785 0001:00040716
  2786 0001:00040724  2787 0001:0004072F  2789 0001:00040746  2806 0001:0004074B
  2809 0001:00040753  2812 0001:0004076B  2822 0001:000407B8  2823 0001:000407D6
  2825 0001:000407DF  2826 0001:000407E6  2827 0001:000407FA  2828 0001:00040808
  2829 0001:00040813  2831 0001:0004082A  2846 0001:0004082F  2847 0001:0004083D
  2849 0001:00040845  2854 0001:0004084B  2858 0001:00040865  2860 0001:00040886
  2863 0001:000408F4  2864 0001:00040900  2865 0001:0004090D  2868 0001:00040938
  2869 0001:00040944  2872 0001:00040952  2875 0001:00040958  2876 0001:00040964
  2877 0001:0004096E  2880 0001:00040974  2881 0001:00040980  2882 0001:0004098A
  2885 0001:00040990  2886 0001:0004099C  2887 0001:000409A6  2890 0001:000409AC
  2891 0001:000409B8  2892 0001:000409C2  2895 0001:000409C8  2896 0001:000409D4
  2897 0001:000409DE  2900 0001:000409E4  2901 0001:000409F0  2902 0001:000409FA
  2905 0001:00040A00  2906 0001:00040A0C  2907 0001:00040A16  2910 0001:00040A1C
  2911 0001:00040A28  2912 0001:00040A32  2915 0001:00040A38  2916 0001:00040A44
  2917 0001:00040A4E  2920 0001:00040A54  2921 0001:00040A60  2922 0001:00040A6A
  2925 0001:00040A70  2926 0001:00040A7C  2927 0001:00040A86  2930 0001:00040A8C
  2931 0001:00040A98  2932 0001:00040AA2  2935 0001:00040AA8  2936 0001:00040AB4
  2937 0001:00040ABE  2940 0001:00040AC4  2941 0001:00040AD0  2942 0001:00040ADA
  2945 0001:00040AE0  2946 0001:00040AEC  2947 0001:00040AF6  2950 0001:00040AFC
  2951 0001:00040B08  2952 0001:00040B12  2955 0001:00040B18  2956 0001:00040B24
  2957 0001:00040B2E  2960 0001:00040B34  2961 0001:00040B40  2962 0001:00040B4A
  2965 0001:00040B50  2966 0001:00040B59  2967 0001:00040B5D  2970 0001:00040B64
  2971 0001:00040B6D  2972 0001:00040B71  2995 0001:00040B78  2997 0001:00040B9D
  2999 0001:00040BA7  3003 0001:00040BC8

Line numbers for Dbx34Drv(Dbx34Drv.pas) segment .itext

  2983 0002:000001A0  2985 0002:000001BC  2987 0002:000001CC  2988 0002:000001D3
  2990 0002:000001DD  2993 0002:00000204

Line numbers for .dbxoodbc(.\..\..\..\source\packages\pkg\dbxoodbc.dpk) segment .itext

    77 0002:00000248

Bound resource files

dbxoodbc_man_icn.res
dbxoodbc_ver.res
C:\TEMP\dtfF45.tmp


Program entry point at 0002:00000248
