
 Start         Length     Name                   Class
 0001:00000000 00096F44H .text                   CODE
 0002:00000000 00001818H .data                   DATA
 0002:00001818 00000FA4H .bss                    BSS


Detailed map of segments

 0001:00000000 00009C73 C=CODE     S=.text    G=(none)   M=System   ACBP=A9
 0001:00009C74 000005B2 C=CODE     S=.text    G=(none)   M=SysInit  ACBP=A9
 0001:0000A228 00000094 C=CODE     S=.text    G=(none)   M=ShareExcept ACBP=A9
 0001:0000A2BC 00000056 C=CODE     S=.text    G=(none)   M=Types    ACBP=A9
 0001:0000A314 00000056 C=CODE     S=.text    G=(none)   M=KernelDefs ACBP=A9
 0001:0000A36C 00000056 C=CODE     S=.text    G=(none)   M=KernelIoctl ACBP=A9
 0001:0000A3C4 0000015E C=CODE     S=.text    G=(none)   M=Libc     ACBP=A9
 0001:0000A524 00000056 C=CODE     S=.text    G=(none)   M=SysConst ACBP=A9
 0001:0000A57C 000086E8 C=CODE     S=.text    G=(none)   M=SysUtils ACBP=A9
 0001:00012C64 00003DE5 C=CODE     S=.text    G=(none)   M=VarUtils ACBP=A9
 0001:00016A4C 0000BD00 C=CODE     S=.text    G=(none)   M=Variants ACBP=A9
 0001:0002274C 00000056 C=CODE     S=.text    G=(none)   M=RTLConsts ACBP=A9
 0001:000227A4 00001B2E C=CODE     S=.text    G=(none)   M=TypInfo  ACBP=A9
 0001:000242D4 00003F45 C=CODE     S=.text    G=(none)   M=Classes  ACBP=A9
 0001:0002821C 00000086 C=CODE     S=.text    G=(none)   M=Math     ACBP=A9
 0001:000282A4 000003E2 C=CODE     S=.text    G=(none)   M=DateUtils ACBP=A9
 0001:00028688 00000056 C=CODE     S=.text    G=(none)   M=DBConsts ACBP=A9
 0001:000286E0 0000134B C=CODE     S=.text    G=(none)   M=SqlTimSt ACBP=A9
 0001:00029A2C 00003E23 C=CODE     S=.text    G=(none)   M=FMTBcd   ACBP=A9
 0001:0002D850 00000056 C=CODE     S=.text    G=(none)   M=MaskUtils ACBP=A9
 0001:0002D8A8 0000045C C=CODE     S=.text    G=(none)   M=DB       ACBP=A9
 0001:0002DD04 00000056 C=CODE     S=.text    G=(none)   M=DBCommon ACBP=A9
 0001:0002DD5C 00000056 C=CODE     S=.text    G=(none)   M=MidConst ACBP=A9
 0001:0002DDB4 000000AB C=CODE     S=.text    G=(none)   M=DSIntf   ACBP=A9
 0001:0002DE60 00000056 C=CODE     S=.text    G=(none)   M=DbxOpenOdbcTypes ACBP=A9
 0001:0002DEB8 00000A1E C=CODE     S=.text    G=(none)   M=DbxOpenOdbcInterface ACBP=A9
 0001:0002E8D8 000001E6 C=CODE     S=.text    G=(none)   M=SyncObjs ACBP=A9
 0001:0002EAC0 000008D6 C=CODE     S=.text    G=(none)   M=DbxOpenOdbcFuncs ACBP=A9
 0001:0002F398 0000B598 C=CODE     S=.text    G=(none)   M=OdbcApi  ACBP=A9
 0001:0003A930 00000076 C=CODE     S=.text    G=(none)   M=DbxOpenOdbcDbx3Types ACBP=A9
 0001:0003A9A8 00000056 C=CODE     S=.text    G=(none)   M=StrUtils ACBP=A9
 0001:0003AA00 00000056 C=CODE     S=.text    G=(none)   M=DBXpress ACBP=A9
 0001:0003AA58 000024D5 C=CODE     S=.text    G=(none)   M=DbxOpenOdbcTrace ACBP=A9
 0001:0003CF30 00001A0B C=CODE     S=.text    G=(none)   M=DbxOpenOdbcUtils ACBP=A9
 0001:0003E93C 00000116 C=CODE     S=.text    G=(none)   M=SqlConst ACBP=A9
 0001:0003EA54 00000086 C=CODE     S=.text    G=(none)   M=IniFiles ACBP=A9
 0001:0003EADC 00000056 C=CODE     S=.text    G=(none)   M=DBConnAdmin ACBP=A9
 0001:0003EB34 00000056 C=CODE     S=.text    G=(none)   M=SqlExpr  ACBP=A9
 0001:0003EB8C 0000037E C=CODE     S=.text    G=(none)   M=DbxOpenOdbcCallback ACBP=A9
 0001:0003EF0C 000056CA C=CODE     S=.text    G=(none)   M=RegExpr  ACBP=A9
 0001:000445D8 000011DA C=CODE     S=.text    G=(none)   M=DbxObjectParser ACBP=A9
 0001:000457B4 0000899D C=CODE     S=.text    G=(none)   M=DbxOpenOdbc3 ACBP=A9
 0001:0004E154 0004492D C=CODE     S=.text    G=(none)   M=DbxOpenOdbc ACBP=A9
 0001:00092A84 000001EC C=CODE     S=.text    G=(none)   M=dbxoodbc ACBP=A9
 0002:00000000 000000FC C=DATA     S=.data    G=DGROUP   M=System   ACBP=A9
 0002:000000FC 00000034 C=DATA     S=.data    G=DGROUP   M=SysInit  ACBP=A9
 0002:00000130 00000338 C=DATA     S=.data    G=DGROUP   M=SysConst ACBP=A9
 0002:00000468 000005D0 C=DATA     S=.data    G=DGROUP   M=SysUtils ACBP=A9
 0002:00000A38 00000124 C=DATA     S=.data    G=DGROUP   M=VarUtils ACBP=A9
 0002:00000B5C 000001BA C=DATA     S=.data    G=DGROUP   M=Variants ACBP=A9
 0002:00000D18 00000090 C=DATA     S=.data    G=DGROUP   M=RTLConsts ACBP=A9
 0002:00000DA8 0000000C C=DATA     S=.data    G=DGROUP   M=TypInfo  ACBP=A9
 0002:00000DB4 00000004 C=DATA     S=.data    G=DGROUP   M=Classes  ACBP=A9
 0002:00000DB8 00000020 C=DATA     S=.data    G=DGROUP   M=DBConsts ACBP=A9
 0002:00000DD8 0000003C C=DATA     S=.data    G=DGROUP   M=SqlTimSt ACBP=A9
 0002:00000E14 0000005E C=DATA     S=.data    G=DGROUP   M=FMTBcd   ACBP=A9
 0002:00000E74 00000098 C=DATA     S=.data    G=DGROUP   M=DB       ACBP=A9
 0002:00000F0C 00000004 C=DATA     S=.data    G=DGROUP   M=DSIntf   ACBP=A9
 0002:00000F10 0000017C C=DATA     S=.data    G=DGROUP   M=DbxOpenOdbcInterface ACBP=A9
 0002:0000108C 00000014 C=DATA     S=.data    G=DGROUP   M=DbxOpenOdbcFuncs ACBP=A9
 0002:000010A0 00000009 C=DATA     S=.data    G=DGROUP   M=OdbcApi  ACBP=A9
 0002:000010AC 00000274 C=DATA     S=.data    G=DGROUP   M=DbxOpenOdbcTrace ACBP=A9
 0002:00001320 00000004 C=DATA     S=.data    G=DGROUP   M=DbxOpenOdbcUtils ACBP=A9
 0002:00001324 000000E8 C=DATA     S=.data    G=DGROUP   M=SqlConst ACBP=A9
 0002:0000140C 00000008 C=DATA     S=.data    G=DGROUP   M=IniFiles ACBP=A9
 0002:00001414 0000003D C=DATA     S=.data    G=DGROUP   M=RegExpr  ACBP=A9
 0002:00001454 0000022C C=DATA     S=.data    G=DGROUP   M=DbxObjectParser ACBP=A9
 0002:00001680 00000196 C=DATA     S=.data    G=DGROUP   M=DbxOpenOdbc ACBP=A9
 0002:0000A574 00000AE0 C=BSS      S=.bss     G=DGROUP   M=System   ACBP=A9
 0002:0000B054 00000018 C=BSS      S=.bss     G=DGROUP   M=SysInit  ACBP=A9
 0002:0000B06C 00000018 C=BSS      S=.bss     G=DGROUP   M=ShareExcept ACBP=A9
 0002:0000B084 00000004 C=BSS      S=.bss     G=DGROUP   M=Types    ACBP=A9
 0002:0000B088 00000004 C=BSS      S=.bss     G=DGROUP   M=KernelDefs ACBP=A9
 0002:0000B08C 00000004 C=BSS      S=.bss     G=DGROUP   M=KernelIoctl ACBP=A9
 0002:0000B090 00000004 C=BSS      S=.bss     G=DGROUP   M=Libc     ACBP=A9
 0002:0000B094 00000004 C=BSS      S=.bss     G=DGROUP   M=SysConst ACBP=A9
 0002:0000B098 0000017C C=BSS      S=.bss     G=DGROUP   M=SysUtils ACBP=A9
 0002:0000B214 0000005C C=BSS      S=.bss     G=DGROUP   M=VarUtils ACBP=A9
 0002:0000B270 00000198 C=BSS      S=.bss     G=DGROUP   M=Variants ACBP=A9
 0002:0000B408 00000004 C=BSS      S=.bss     G=DGROUP   M=RTLConsts ACBP=A9
 0002:0000B40C 00000004 C=BSS      S=.bss     G=DGROUP   M=TypInfo  ACBP=A9
 0002:0000B410 00000038 C=BSS      S=.bss     G=DGROUP   M=Classes  ACBP=A9
 0002:0000B448 00000004 C=BSS      S=.bss     G=DGROUP   M=Math     ACBP=A9
 0002:0000B44C 00000004 C=BSS      S=.bss     G=DGROUP   M=DateUtils ACBP=A9
 0002:0000B450 00000004 C=BSS      S=.bss     G=DGROUP   M=DBConsts ACBP=A9
 0002:0000B454 00000004 C=BSS      S=.bss     G=DGROUP   M=SqlTimSt ACBP=A9
 0002:0000B458 00000004 C=BSS      S=.bss     G=DGROUP   M=FMTBcd   ACBP=A9
 0002:0000B45C 00000004 C=BSS      S=.bss     G=DGROUP   M=MaskUtils ACBP=A9
 0002:0000B460 0000000C C=BSS      S=.bss     G=DGROUP   M=DB       ACBP=A9
 0002:0000B46C 00000004 C=BSS      S=.bss     G=DGROUP   M=DBCommon ACBP=A9
 0002:0000B470 00000004 C=BSS      S=.bss     G=DGROUP   M=MidConst ACBP=A9
 0002:0000B474 0000001C C=BSS      S=.bss     G=DGROUP   M=DSIntf   ACBP=A9
 0002:0000B490 00000004 C=BSS      S=.bss     G=DGROUP   M=DbxOpenOdbcTypes ACBP=A9
 0002:0000B494 00000014 C=BSS      S=.bss     G=DGROUP   M=DbxOpenOdbcInterface ACBP=A9
 0002:0000B4A8 00000004 C=BSS      S=.bss     G=DGROUP   M=SyncObjs ACBP=A9
 0002:0000B4AC 00000004 C=BSS      S=.bss     G=DGROUP   M=DbxOpenOdbcFuncs ACBP=A9
 0002:0000B4B0 00000008 C=BSS      S=.bss     G=DGROUP   M=OdbcApi  ACBP=A9
 0002:0000B4B8 00000004 C=BSS      S=.bss     G=DGROUP   M=DbxOpenOdbcDbx3Types ACBP=A9
 0002:0000B4BC 00000004 C=BSS      S=.bss     G=DGROUP   M=StrUtils ACBP=A9
 0002:0000B4C0 00000004 C=BSS      S=.bss     G=DGROUP   M=DBXpress ACBP=A9
 0002:0000B4C4 00000004 C=BSS      S=.bss     G=DGROUP   M=DbxOpenOdbcTrace ACBP=A9
 0002:0000B4C8 00000004 C=BSS      S=.bss     G=DGROUP   M=DbxOpenOdbcUtils ACBP=A9
 0002:0000B4CC 00000004 C=BSS      S=.bss     G=DGROUP   M=SqlConst ACBP=A9
 0002:0000B4D0 00000004 C=BSS      S=.bss     G=DGROUP   M=IniFiles ACBP=A9
 0002:0000B4D4 00000004 C=BSS      S=.bss     G=DGROUP   M=DBConnAdmin ACBP=A9
 0002:0000B4D8 00000004 C=BSS      S=.bss     G=DGROUP   M=SqlExpr  ACBP=A9
 0002:0000B4DC 00000004 C=BSS      S=.bss     G=DGROUP   M=DbxOpenOdbcCallback ACBP=A9
 0002:0000B4E0 00000004 C=BSS      S=.bss     G=DGROUP   M=RegExpr  ACBP=A9
 0002:0000B4E4 00000004 C=BSS      S=.bss     G=DGROUP   M=DbxObjectParser ACBP=A9
 0002:0000B4E8 0000002C C=BSS      S=.bss     G=DGROUP   M=DbxOpenOdbc3 ACBP=A9
 0002:0000B514 00000004 C=BSS      S=.bss     G=DGROUP   M=DbxOpenOdbc ACBP=A9


  Address         Publics by Name

 0001:000068D8       .
 0002:00000090       .
 0001:00006B58       .
 0002:00001AE0       .
 0002:000000E0       .
 0002:0000AC0C       .
 0001:00007054       .
 0002:00001B24       .
 0002:000000F0       .
 0002:0000B010       .
 0001:00008C20       .
 0002:00002054       .
 0002:000000F8       .
 0002:0000B014       .
 0001:000068D8       ..
 0002:00000090       ..
 0001:00006B58       ..
 0002:00001AE0       ..
 0002:000000E0       ..
 0002:0000AC0C       ..
 0001:00007054       ..
 0002:00001B24       ..
 0002:000000F0       ..
 0002:0000B010       ..
 0001:00008C20       ..
 0002:00002054       ..
 0002:000000F8       ..
 0002:0000B014       ..
 0002:0000B4D8       .01
 0002:0000B064       .1
 0002:0000B06C       .1
 0002:0000B084       .1
 0002:0000B08C       .1
 0002:0000B094       .1
 0002:0000B408       .1
 0002:0000B44C       .1
 0002:0000B450       .1
 0002:0000B454       .1
 0002:0000B470       .1
 0002:0000B490       .1
 0002:0000B494       .1
 0002:0000B4AC       .1
 0002:0000B4B8       .1
 0002:0000B4BC       .1
 0002:0000B4C0       .1
 0002:0000B4C8       .1
 0002:0000B4DC       .1
 0002:0000B088       .2
 0002:0000B448       .2
 0002:0000B45C       .2
 0002:0000B474       .2
 0002:0000B4CC       .2
 0002:0000B4D4       .2
 0002:0000B4E4       .2
 0002:0000B514       .23
 0002:0000B090       .3
 0002:0000B458       .3
 0002:0000B46C       .3
 0002:0000B4E0       .3
 0002:0000B468       .36
 0002:0000B41C       .45
 0002:0000AB24       .5
 0002:0000B26C       .5
 0002:0000B4B0       .5
 0002:0000B40C       .6
 0002:0000B4A8       .6
 0002:0000B510       .71
 0002:0000B204       .74
 0002:0000B4D0       .8
 0002:0000B290       .81
 0002:0000B4C4       .9
 0001:000099B4       ._BorUnwind_AddressIsInPCMap
 0001:00008558       ._BorUnwind_BCBLookup
 0001:00008C54       ._BorUnwind_ClearForeignUnwindHook
 0001:00008A88       ._BorUnwind_DumpUnwindInfo
 0001:00009A5C       ._BorUnwind_GetFuncUnwindInfo
 0001:000094A0       ._BorUnwind_Resume
 0001:00007F78       ._BorUnwind_SetCPPHandler
 0001:00008C24       ._BorUnwind_SetForeignUnwindHook
 0001:00009AA0       ._BorUnwind_SetUnhandledExceptionFilter
 0002:0000B020       ._BorUnwind_UEFOuterProc
 0002:0000B024       ._BorUnwind_UnhandledExceptionFilter
 0002:000000E0       ._dbfp
 0002:0000B00C       ._dbinits
 0002:000000F0       ._debug_class.24
 0002:000000F4       ._debug_class.25
 0001:0000698C       .Arith_WrSigned
 0001:000068D8       .Arith_WrUnsigned
 0001:00008064       .BCBPersonalityFn
 0001:00007480       .BitCount
 0001:00008EFC       .CheckAlternatives
 0002:000000EC       .class_count.8
 0001:00007F9C       .CopyArg
 0002:0000B010       .CPPhandler
 0002:000000E4       .current_class
 0001:00006E0C       .debug_file
 0001:00006F14       .debug_shutdown
 0001:00007058       .DecodeFrameInfo
 0001:000071A8       .DecodeReversedFrameInfo
 0001:00007358       .DecodeTo
 0001:00007B74       .DelphiPersonalityFn
 0002:0000AC0C       .enabled_classes.7
 0001:00009180       .FindPersonality
 0001:0000721C       .FindRange
 0001:00007298       .FindRangeCPP
 0002:0000B014       .ForeignUnwindHooks
 0001:000068D8       .gcc2_compiled.
 0001:00006B58       .gcc2_compiled.
 0001:00007054       .gcc2_compiled.
 0001:00008C20       .gcc2_compiled.
 0001:000092CC       .GetContext
 0001:000094A8       .GetFSChain
 0001:00006D94       .getSTDOUT
 0001:00006B58       .glob_match
 0001:00007308       .InitDelphiDecoder
 0002:000000F8       .initialized.9
 0001:00009478       .InstallAndResume
 0002:00000090       .lenTab
 0002:0000B01C       .LookList
 0001:00008010       .PushArg
 0002:0000B028       .RunningCodeSizeTotal
 0002:0000B03C       .RunningExcProcTotal
 0002:0000B02C       .RunningExcSizeTotal
 0002:0000B040       .RunningFramedProcTotal
 0002:0000B048       .RunningNonFramedProcUSize
 0002:0000B044       .RunningPotentialSavings
 0002:0000B038       .RunningProcCountTotal
 0002:0000B034       .RunningRangeSizeTotal
 0002:0000B04C       .RunningSmallProcCount
 0002:0000B050       .RunningSmallProcRanges
 0002:0000B030       .RunningUnwindSizeTotal
 0002:000000D0       .shiftTab
 0002:000000E8       .state.6
 0001:000074BC       .UnwindDelphiFrame
 0001:000015B8       @_CLenToPasStr
 0001:FFFFF910       @_close
 0001:00001594       @_CToPasStr
 0001:FFFFF9E0       @_errno_location
 0001:FFFFF980       @_free
 0001:FFFFF940       @_getcwd
 0001:FFFFF950       @_getenv
 0001:000008D4       @_IOTest
 0001:00004794       @_lldiv
 0001:0000488C       @_llmod
 0001:00004760       @_llmul
 0001:0000498C       @_llshl
 0001:00004828       @_lludiv
 0001:00004924       @_llumod
 0001:000049B4       @_llushr
 0001:FFFFF970       @_malloc
 0001:FFFFF900       @_open
 0001:FFFFFA60       @_raise
 0001:FFFFF920       @_read
 0001:FFFFF990       @_realloc
 0001:FFFFF930       @_write
 0001:FFFFFA70       @_xstat
 0001:00000B5C       @AbstractError
 0001:00001EB4       @AfterConstruction
 0001:00002AE0       @Assert
 0001:0000128C       @AStrCmp
 0001:00001EE0       @BeforeDestruction
 0001:000094B8       @BorUnwind_ClosestDelphiHandler
 0001:00008974       @BorUnwind_DelphiForeignUnwindHook
 0001:00008728       @BorUnwind_DelphiLookup
 0001:00008E50       @BorUnwind_FindGOT
 0001:00009310       @BorUnwind_GetGR
 0001:000092EC       @BorUnwind_GetIP
 0001:00009ACC       @BorUnwind_GetUEFOuterProc
 0001:00009AF0       @BorUnwind_GetUnhandledExceptionFilter
 0001:00009680       @BorUnwind_RaiseException
 0001:00008C78       @BorUnwind_RegisterIPLookup
 0001:000093B0       @BorUnwind_SetGR
 0001:000092FC       @BorUnwind_SetIP
 0001:00008DA0       @BorUnwind_UnregisterIPLookup
 0001:00001960       @BoundErr
 0001:00001D68       @CallDynaInst
 0001:00001E68       @ClassCreate
 0001:00001E8C       @ClassDestroy
 0001:00002284       @ClassHandleException
 0001:000011AC       @Close
 0001:00000930       @Copy
 0001:000041A0       @CopyArray
 0001:00004058       @CopyRecord
 0001:00001F70       @DbgEvalEnd
 0001:00001F58       @DbgEvalExcept
 0001:00001F88       @DbgEvalFrame
 0001:00001F40       @DbgEvalMarker
 0001:00001F00       @DbgExcNotify
 0001:00002344       @DestroyException
 0001:00004750       @DispCallByIDError
 0001:000042D8       @Dispose
 0001:000023C8       @DoneExcept
 0001:00005048       @DynArrayAsg
 0001:00005004       @DynArrayClear
 0001:00004E98       @DynArrayCopy
 0001:00004EE0       @DynArrayCopyRange
 0001:00004C8C       @DynArrayHigh
 0001:00004C7C       @DynArrayLength
 0001:00004E84       @DynArraySetLength
 0001:0000A184       @ExitLib
 0001:00001310       @FillChar
 0001:00004048       @Finalize
 0001:00003F38       @FinalizeArray
 0001:00003EF4       @FinalizeRecord
 0001:0000118C       @Flush
 0001:00001948       @FpuInit
 0001:00000208       @FreeMem
 0001:FFFFF9C0       @ftruncate
 0001:0000A1AC       @GetCallerEIP
 0001:000001B4       @GetMem
 0001:00009F18       @GetTls
 0001:00002A2C       @Halt
 0001:0000285C       @Halt0
 0001:000020E0       @HandleAnyException
 0001:000021FC       @HandleFinally
 0001:000021B0       @HandleOnExceptionPIC
 0001:00003EE4       @Initialize
 0001:00003E30       @InitializeArray
 0001:00003DF0       @InitializeRecord
 0001:000026B0       @InitImports
 0001:0000A094       @InitLib
 0001:00002680       @InitResStringImports
 0001:00002650       @InitResStrings
 0001:00000AE8       @INT
 0001:00005BB8       @IntfAddRef
 0001:00005B70       @IntfCast
 0001:00005B0C       @IntfClear
 0001:00005B2C       @IntfCopy
 0001:00001CDC       @IsClass
 0001:00000980       @LGetDir
 0001:FFFFF9B0       @lseek
 0001:000035E0       @LStrAddRef
 0001:00002B50       @LStrArrayClr
 0001:00002B8C       @LStrAsg
 0001:0000338C       @LStrCat
 0001:000033E4       @LStrCat3
 0001:00003478       @LStrCatN
 0001:00002B24       @LStrClr
 0001:00003524       @LStrCmp
 0001:000036A0       @LStrCopy
 0001:000036EC       @LStrDelete
 0001:0000330C       @LStrFromArray
 0001:00003250       @LStrFromChar
 0001:00003280       @LStrFromPChar
 0001:00002C4C       @LStrFromPCharLen
 0001:000032B8       @LStrFromPWChar
 0001:00003188       @LStrFromPWCharLen
 0001:000032FC       @LStrFromString
 0001:00003268       @LStrFromWChar
 0001:00003338       @LStrFromWStr
 0001:00003748       @LStrInsert
 0001:00002BE0       @LStrLAsg
 0001:0000337C       @LStrLen
 0001:00003898       @LStrOfChar
 0001:000037BC       @LStrPos
 0001:00003820       @LStrSetLength
 0001:00003618       @LStrToPChar
 0001:00003350       @LStrToString
 0001:000042B8       @New
 0001:00002C10       @NewAnsiString
 0001:00003904       @NewWideString
 0001:00001648       @Pow10
 0001:00001268       @PStrCpy
 0001:00001228       @PStrNCat
 0001:000022B8       @RaiseAgain
 0001:00002248       @RaiseAtExcept
 0001:00002274       @RaiseExcept
 0001:FFFFFA90       @readlink
 0001:0000025C       @ReallocMem
 0001:00000C1C       @RewritText
 0001:00000B14       @ROUND
 0001:00002A54       @Run0Error
 0001:00002A64       @RunError
 0001:000015E8       @SetElem
 0001:FFFFFBD0       @setlocale
 0001:00001628       @SetSub
 0001:00001618       @SetUnion
 0001:0000256C       @StartLib
 0001:FFFFFA80       @strlen
 0001:00000B2C       @TRUNC
 0001:00002A88       @UnhandledException
 0001:00003688       @UniqueStringA
 0001:00003694       @UniqueStringW
 0001:000049DC       @ValInt64
 0001:00001338       @ValLong
 0001:00004410       @VarClear
 0001:0000473C       @VarClr
 0001:00004430       @VarCopy
 0001:000045F4       @VarFromBool
 0001:00004638       @VarFromCurr
 0001:000046DC       @VarFromDisp
 0001:000045A8       @VarFromInt
 0001:000045D0       @VarFromInt64
 0001:000046BC       @VarFromIntf
 0001:0000467C       @VarFromLStr
 0001:0000465C       @VarFromPStr
 0001:00004614       @VarFromReal
 0001:0000469C       @VarFromWStr
 0001:000046FC       @VarNeg
 0001:0000471C       @VarNot
 0001:000044A8       @VarToBool
 0001:000044F8       @VarToCurr
 0001:00004588       @VarToDisp
 0001:00004450       @VarToInt
 0001:00004470       @VarToInt64
 0001:00004568       @VarToIntf
 0001:00004528       @VarToLStr
 0001:000044C8       @VarToReal
 0001:00004548       @VarToWStr
 0001:00001490       @WriteBytes
 0001:000038D4       @WriteLString
 0001:00001508       @WriteSpaces
 0001:00003DE4       @WStrAddRef
 0001:0000394C       @WStrArrayClr
 0001:00003958       @WStrAsg
 0001:00003B60       @WStrCat
 0001:00003BF4       @WStrCatN
 0001:00003940       @WStrClr
 0001:00003C58       @WStrCmp
 0001:00003CF4       @WStrCopy
 0001:00003AA0       @WStrFromChar
 0001:00003B28       @WStrFromLStr
 0001:00003970       @WStrFromPCharLen
 0001:00003AB8       @WStrFromPWChar
 0001:00003A34       @WStrFromPWCharLen
 0001:00003AFC       @WStrFromWArray
 0001:00003964       @WStrLAsg
 0001:00003B50       @WStrLen
 0001:00003D64       @WStrSetLength
 0001:00003B3C       @WStrToPWChar
 0001:FFFFFD80       __close
 0001:FFFFFE40       __ctype_get_mb_cur_max
 0001:FFFFFD90       __lseek
 0001:FFFFFDA0       __read
 0001:FFFFFCD0       __time
 0001:FFFFFDB0       __write
 0001:FFFFFCB0       _BorUnwind_ClosestDelphiHandler
 0001:FFFFFC90       _BorUnwind_DelphiLookup
 0001:FFFFFCA0       _BorUnwind_RaiseException
 0001:FFFFFC70       _BorUnwind_RegisterIPLookup
 0001:FFFFFC80       _BorUnwind_UnregisterIPLookup
 0001:0002BF98       _CopyBytes
 0001:0002BFB0       _CopyOddFractions
 0001:0002BFE0       _CopyRestBlank
 0001:00017530       _DispInvoke
 0001:000170D4       _DispInvokeError
 0001:0002BE28       _Divide
 0001:0002BF68       _GetRemainder
 0001:0002BF80       _GetSubRemainder
 0002:0000A2F4       _GLOBAL_OFFSET_TABLE_
 0001:0002BC90       _LongDivide
 0001:0002B314       _LongMultiply
 0001:0002B6AC       _Multiply
 0001:0001CA60       _OleVarFromInt
 0001:0001CF64       _OleVarFromLStr
 0001:0001CFC4       _OleVarFromPStr
 0001:0001D0CC       _OleVarFromVar
 0002:0000B498       _RegisterDbXpressLibs
 0001:0002B03C       _ShortMultiply
 0001:0001FA04       _VarAddRef
 0001:00020438       _VarArrayGet
 0001:00020578       _VarArrayPut
 0001:00020194       _VarArrayRedim
 0001:00018274       _VarCast
 0001:000184FC       _VarCastOle
 0001:00017504       _VarClear
 0001:0001EF4C       _VarCmp
 0001:00017B24       _VarCopy
 0001:00017E70       _VarCopyNoInd
 0001:0001CD0C       _VarFromBool
 0001:0001CAA0       _VarFromByte
 0001:0001CD8C       _VarFromCurr
 0001:0001CC94       _VarFromCurrency
 0001:0001CCD0       _VarFromDate
 0001:0001CEFC       _VarFromDisp
 0001:0001CC58       _VarFromDouble
 0001:0001CF48       _VarFromDynArray
 0001:0001C9BC       _VarFromInt
 0001:0001CBE8       _VarFromInt64
 0001:0001CA20       _VarFromInteger
 0001:0001CEB0       _VarFromIntf
 0001:0001CB24       _VarFromLongWord
 0001:0001CDA8       _VarFromLStr
 0001:0001CDF4       _VarFromPStr
 0001:0001CD54       _VarFromReal
 0001:0001CB64       _VarFromShortInt
 0001:0001CC24       _VarFromSingle
 0001:0001CBA8       _VarFromSmallInt
 0001:0001CD70       _VarFromTDateTime
 0001:0001CAE4       _VarFromWord
 0001:0001CE54       _VarFromWStr
 0001:0001F168       _VarNeg
 0001:0001F74C       _VarNot
 0001:00017138       _VarNull
 0001:0001E2AC       _VarOp
 0001:00017E9C       _VarStringToOleStr
 0001:00019BB4       _VarToBool
 0001:00019F28       _VarToBoolWithFix
 0001:00018CE4       _VarToByte
 0001:0001B1D0       _VarToCurrency
 0001:0001AB00       _VarToDate
 0001:0001C8D4       _VarToDisp
 0001:0001A1F4       _VarToDouble
 0001:0001C9A8       _VarToDynArray
 0001:0001A59C       _VarToExtended
 0001:0001948C       _VarToInt64
 0001:0001882C       _VarToInteger
 0001:0001C7E0       _VarToIntf
 0001:00018FE4       _VarToLongWord
 0001:0001B9A8       _VarToLStr
 0001:0001BF08       _VarToPStr
 0001:00018C04       _VarToShortInt
 0001:0001A5D4       _VarToSingle
 0001:00018DBC       _VarToSmallInt
 0001:00018EE0       _VarToWord
 0001:0001C1CC       _VarToWStr
 0001:00020010       _Write0Variant
 0001:0001FF94       _WriteVariant
 0002:0000A598       AbstractErrorProc
 0001:000007A8       AcquireExceptionObject
 0001:0002AB8C       AddChars
 0001:0002D2E8       AddDigit
 0001:000058CC       AddModuleUnloadProc
 0001:0000590C       AddModuleUnloadProc
 0001:0002C520       AddNormalizedFractions
 0001:0002D2C0       AddOneChar
 0001:0002AC80       AddStrings
 0002:00000DF4       AdjustAmt
 0002:00000DFC       AdjustAmt
 0002:00000E04       AdjustAmt
 0002:00000E0C       AdjustAmt
 0001:0002B824       AdjustDecimalPosition
 0001:0002C998       AdjustNibbles
 0001:00050D70       AllocateDbxHStmtNodes
 0001:00000730       AllocateException
 0001:0000A6CC       AllocMem
 0001:00009C74       AllocTlsBuffer
 0001:00009D28       AllocTlsIndex
 0001:0000A9DC       AnsiCompareStr
 0001:0000AA44       AnsiCompareText
 0001:0000A96C       AnsiLowerCase
 0001:0001101C       AnsiPos
 0001:0003E7D4       AnsiPos
 0001:0000AAC0       AnsiSameText
 0001:0000AB00       AnsiStrComp
 0001:00011088       AnsiStrPos
 0001:0001117C       AnsiStrRScan
 0001:000111D0       AnsiStrScan
 0001:0000613C       AnsiToUtf8
 0001:0000A8FC       AnsiUpperCase
 0001:0001D6D8       AnyOp
 0001:0001C744       AnyToIntf
 0001:0000D850       AppendChars
 0001:0000DBC4       AppendFormat
 0001:0000D8DC       AppendNumber
 0001:0000D8B0       AppendString
 0001:00000668       AreOSExceptionsBlocked
 0002:0000A5B4       ArgCount
 0001:0003E77C       ArgStrNull
 0002:0000A5B8       ArgValues
 0001:00006AE8       Arith_RdSigned
 0001:00006A70       Arith_RdUnsigned
 0001:0003BE14       ArrayToStr
 0001:0002EFAC       ArrScanByte
 0001:0002EFD4       ArrScanWord
 0001:000101C0       AssertErrorHandler
 0002:0000A590       AssertErrorProc
 0001:00023914       AssignLongStr
 0001:00024120       AssignVariant
 0001:0001528C       BackupVarBoolFromStr
 0001:00015418       BackupVarBStrFromBool
 0001:00015318       BackupVarBStrFromCy
 0001:00015398       BackupVarBStrFromDate
 0001:00015214       BackupVarCyFromStr
 0001:0001519C       BackupVarDateFromStr
 0001:00015034       BackupVarI4FromStr
 0001:00014F90       BackupVariantChangeTypeEx
 0001:000150AC       BackupVarR4FromStr
 0001:00015124       BackupVarR8FromStr
 0002:00000B74       BaseTypeMap
 0001:0003D1A8       BCD2Str
 0001:0002D0B8       BcdAdd
 0001:0002CB84       BcdCompare
 0001:0002CEBC       BcdDivide
 0001:0002D03C       BcdDivide
 0001:00029AA8       BcdError
 0001:00029A2C       BcdErrorFmt
 0001:0002CD3C       BcdMultiply
 0001:0002CE40       BcdMultiply
 0001:0002D644       BcdScale
 0001:0002CCD8       BcdSubtract
 0001:0002D72C       BCDToCurr
 0001:0002A6B8       BcdToDouble
 0001:0002D4E0       BcdToStr
 0001:00014FFC       BiUnimplemented
 0001:0002B648       BlankArgument
 0001:0000062C       BlockOSExceptions
 0002:00000DA8       BooleanIdents
 0002:00000B70       BooleanToStringRule
 0001:0000B45C       BoolToStr
 0001:0003BDA8       BoolToStr
 0001:0001B688       BoolToWStrViaOS
 0001:00002DCC       BufConvert
 0001:0003D8AC       BufConvert
 0001:0003D820       BufConvert0
 0001:0008B64C       BuildTableIndexKey
 0001:00010C00       ByteType
 0001:00010B68       ByteTypeTest
 0001:0008B728       CacheTableIndex
 0001:0007ABF8       CalculateBlobFixSize
 0001:FFFFFE50       calloc
 0001:00002400       CallProc
 0001:0002B5C4       CanUseShort
 0002:000016D0       cBindMapDateTimeOdbc2
 0002:000016DC       cBindMapDateTimeOdbc3
 0002:00001310       cBoolean
 0002:00001318       cBoolean
 0002:00000C20       CBooleanToRelationship
 0002:00001814       cBoolOptionSwitches
 0002:00000B48       cCheckAll
 0002:00001680       cConnectionOptionsDefault
 0002:0000B4E8       cConnectionOptionsDefault3
 0002:00000FD0       cConnectionOptionsDescs
 0002:00000F10       cConnectionOptionsNames
 0002:000016A8       cConnectionOptionsRestrictions
 0002:00000FA8       cConnectionOptionsTypes
 0002:00001298       cDbmsType
 0002:0000180C       cDbxDriverVersionString
 0002:00001810       cDbxProductVersionString
 0002:000016E8       cDecimalSeparatorDefault
 0002:00001094       CEnvVars
 0002:000016F4       cGetOptionExceptionInfos
 0002:0000B288       ChangeAnyProc
 0001:00002CCC       CharacterSizeLocaleChar
 0001:0003DA24       CharacterSizeLocaleChar
 0001:00002CAC       CharacterSizeWideChar
 0001:00002F7C       CharFromWChar
 0001:00010D1C       CharLength
 0001:0003F02C       CharLower
 0001:0003EF7C       CharUpper
 0001:00077B64       CheckAutoIncSubType
 0001:000122D8       CheckLocale
 0001:00050C70       CheckMaxLines
 0001:00029898       CheckSqlTimeStamp
 0001:0008B7D8       CheckTableIndexColumn
 0001:0001D698       CheckType
 0001:0006C7C4       ChkDbxSQLParamDelim
 0001:0006C7F4       ChkDbxSQLParamDelim
 0002:00000B8C       CInvalidCustomVariantType
 0001:00028174       Classes
 0002:0000B284       ClearAnyProc
 0001:00043F28       ClearMatchs
 0001:00052654       ClearNewErrors
 0001:000212F4       ClearVariantTypeList
 0002:000010A4       cLibsSeparator
 0002:00000B54       cLockResult
 0002:00000C2C       CmpTypeMap
 0001:00015018       CmpUnimplemented
 0002:0000108C       cNullAnsiCharBuf
 0002:00001090       cNullWideCharBuf
 0002:00001224       cOdbcDriverType
 0002:0009CF64       CodeSegSize
 0001:0002C8C8       CompactBcd
 0001:00059CEC       CompactNullConn
 0001:0005A194       CompactNullConn
 0001:0002A8F8       CompareDigits
 0001:0000A83C       CompareMem
 0001:0002C5EC       CompareNormalizedFractions
 0001:0000A800       CompareStr
 0001:0000A86C       CompareText
 0001:0000B350       CompareWith
 0001:0000DA6C       ConvertEraString
 0001:0000A658       ConvertError
 0001:0000A684       ConvertErrorFmt
 0001:0000DAC4       ConvertYearString
 0002:00001068       cOptionSwitchesNames
 0001:00004C98       CopyArray
 0001:0000A1B8       Copyright
 0002:00000014       CoreDumpEnabled
 0001:0001551C       CountElements
 0002:00000B90       CRangeToType
 0001:000100E8       CreateAssertException
 0001:0000FFC4       CreateInOutError
 0002:0000167C       cRegExprSpesialSymbols
 0002:00000D04       CRelationshipToBoolean
 0002:00000B40       CResult
 0002:00000B4C       cResults
 0002:000004EC       cSimpleBoolStrs
 0002:000010A8       cSqlAttrOdbcVerSeparator
 0002:000011B8       cSQLCommandOption
 0002:000010C4       cSQLConnectionOption
 0002:00001218       cSQLCursorOption
 0002:000010AC       cSQLDriverOption
 0002:00001170       cSQLMetaDataOption
 0002:00001204       cSTMTParamType
 0002:00000CAC       CText
 0001:FFFFFB70       ctime
 0002:00000CA8       CTruth
 0001:0001E720       CurrCompare
 0002:0000B0A4       CurrencyDecimals
 0002:0000B0A0       CurrencyFormat
 0002:00000A1C       CurrencyFormats
 0002:0000B09C       CurrencyString
 0001:0000067C       CurrentException
 0001:000006AC       CurrentPrivateException
 0001:0000D7D0       CurrentYear
 0001:0001DDBC       CurrOp
 0001:0002D68C       CurrToBCD
 0001:0000CE38       CurrToStr
 0001:0001B5D8       CurrToWStrViaOS
 0002:00000A38       CVarTypeToElementInfo
 0002:00000510       CWNear
 0002:00000E70       CWNear
 0002:0000107C       cXSQLCommandOptionStringTypes
 0002:00001074       cXSQLConnectionOptionStringTypes
 0002:00001080       cXSQLMetaDataOptionStringTypes
 0001:0001E6D8       DateCompare
 0001:0001D850       DateOp
 0002:0000B0A5       DateSeparator
 0001:00029788       DateTimeToSQLTimeStamp
 0001:0000E574       DateTimeToStr
 0001:0000E41C       DateTimeToString
 0001:0000D168       DateTimeToTimeStamp
 0001:0001B630       DateToWStrViaOS
 0001:00028668       DateUtils
 0001:0000D794       DayOfWeek
 0001:000282A4       DaysInAMonth
 0001:0002DC68       DB
 0002:0000B464       DBApplication
 0002:00000F0C       DbClientHandle
 0001:0002DD3C       DBCommon
 0001:0003EB14       DBConnAdmin
 0001:000286C0       DBConsts
 0002:00001604       DbmsObjectNameTemplateInfo
 0002:0000B460       DBScreen
 0002:000013BC       DbxError
 0001:00045794       DbxObjectParser
 0001:00092C20       dbxoodbc
 0001:00092A5C       DbxOpenOdbc
 0001:0004E0E8       DbxOpenOdbc3
 0001:0003EEEC       DbxOpenOdbcCallback
 0001:0003A988       DbxOpenOdbcDbx3Types
 0001:0002F378       DbxOpenOdbcFuncs
 0001:0002E8B8       DbxOpenOdbcInterface
 0001:0003CE80       DbxOpenOdbcTrace
 0001:0002DE98       DbxOpenOdbcTypes
 0001:0003E8B4       DbxOpenOdbcUtils
 0001:0003AA38       DBXpress
 0002:0000050C       DCon10
 0001:00006C40       debug_class_enabled
 0001:00006FFC       debug_continue
 0001:00006E34       debug_init
 0001:00006F74       debug_print
 0002:0000B0A3       DecimalSeparator
 0001:00020920       DecIndices
 0001:0000D758       DecodeDate
 0001:0000D5E0       DecodeDateFully
 0001:0000D3A4       DecodeTime
 0002:00000010       Default8087CW
 0002:00001454       DefaultMathesIndexes
 0002:0000147C       DefaultObjectNameTemplateInfo
 0002:00000018       DefaultTextLineBreakStyle
 0002:0000B098       DeferUserInterrupts
 0002:0000059C       DefLongDayNames
 0002:00000550       DefLongMonthNames
 0002:00000580       DefShortDayNames
 0002:00000520       DefShortMonthNames
 0001:00005510       DelayLoadResourceModule
 0001:FFFFFF90       DeleteCriticalSection
 0002:00000070       dig
 0001:00092418       DisableLinker
 0002:0000A574       DispCallByIDProc
 0001:00050D14       DisposeDbxConStmt
 0001:0000A614       DivMod
 0001:FFFFFAA0       dladdr
 0001:FFFFFC20       dladdr
 0001:FFFFFF20       dladdr
 0001:FFFFFAC0       dlclose
 0001:FFFFFC10       dlclose
 0001:FFFFFF10       dlclose
 0001:FFFFFAE0       dlerror
 0001:FFFFFEF0       dlerror
 0002:0000B05C       DllProc
 0001:FFFFFAB0       dlopen
 0001:FFFFFC00       dlopen
 0001:FFFFFEE0       dlopen
 0001:FFFFFAD0       dlsym
 0001:FFFFFF00       dlsym
 0001:0006CBFC       DoFetchColumns
 0001:0006CF50       DoFetchIndexColumns
 0001:0006CD98       DoFetchIndexes
 0001:0006C828       DoFetchTables
 0001:0004FA44       DoFormatParameter
 0001:0002F8C0       DoGetProcAddress
 0001:0002F8FC       DoGetProcAddressEx
 0001:00092488       DoInitialzeUnit
 0001:0006D268       DoMetadataQuery
 0001:0006D14C       DoMetadataQueryExecute
 0001:00010AB4       DoneExceptions
 0001:00027F70       DoneThreadSynchronization
 0001:0006BB7C       DoPrepareNow
 0001:0006B6F4       DoReBindParams
 0001:000923E8       DoRegisterDbXpressLibA
 0001:00092400       DoRegisterDbXpressLibAW
 0001:0004E068       DoRegisterDbXpressLibW
 0001:0004E08C       DoRegisterDbXpressLibWA
 0001:000584F0       DoRelaseDbxConStmt
 0001:00046EA0       DoSetCustomString
 0001:00046CA0       DoSetVendoLib
 0001:00033C94       DoSQLFreeHandle
 0002:00000DB0       DotSep
 0001:00025334       DoWrite
 0001:0002DE34       DSIntf
 0001:FFFFFBC0       dup
 0001:0002088C       DynArrayBounds
 0001:00004CB8       DynArrayClear
 0001:000207A4       DynArrayDim
 0001:00020770       DynArrayElTypeInfo
 0001:00020F50       DynArrayFromVariant
 0001:00020730       DynArrayIndex
 0001:00004CC4       DynArraySetLength
 0001:000207D8       DynArraySize
 0001:00020B90       DynArrayToVariant
 0001:00020A98       DynArrayVariantBounds
 0001:00020B2C       DynArrayVarType
 0001:0000FFA0       EHeapException.FreeInstance
 0001:00006268       ElfHashLowercase
 0001:00040EEC       EmitComplexBraces
 0001:00041654       EmitExactly
 0001:00041734       EmitRange
 0001:00041878       EmitRangeC
 0001:00041808       EmitRangeCPrim
 0001:00041ACC       EmitRangeStr
 0001:00040FFC       EmitSimpleBraces
 0001:00041AA0       EmitSimpleRangeC
 0001:0001E498       EmptyCompare
 0001:0001DD14       EmptyOp
 0002:0000B270       EmptyParam
 0002:00000468       EmptyStr
 0002:0000046C       EmptyWideStr
 0001:0000D580       EncodeDate
 0001:00028308       EncodeDateTime
 0001:0000D350       EncodeTime
 0001:FFFFFF70       EnterCriticalSection
 0002:0000B1F8       EraCount
 0002:0000B16C       EraNames
 0002:0000B1A4       EraRanges
 0001:0000EA8C       EraToYear
 0002:0000B1DC       EraYearFormats
 0002:0000B188       EraYearOffsets
 0001:000008C0       Error
 0002:00000008       ErrorAddr
 0001:0000083C       ErrorAt
 0001:00010060       ErrorHandler
 0002:000005B8       ErrorMap
 0002:0000A57C       ErrorProc
 0002:0000A958       ErrOutput
 0001:FFFFFDC0       euidaccess
 0001:000007EC       ExceptAddr
 0001:000104EC       ExceptHandler
 0001:0000FD44       Exception.Create
 0001:0000FDB0       Exception.CreateFmt
 0001:0000FE68       Exception.CreateRes
 0001:0000FED4       Exception.CreateResFmt
 0002:0000A588       ExceptionClass
 0001:0000FAE0       ExceptionErrorMessage
 0002:000005F0       ExceptMap
 0001:000007C4       ExceptObject
 0002:0000A578       ExceptProc
 0001:00010FC4       ExcludeTrailingPathDelimiter
 0002:00000000       ExcNotificationProc
 0002:00000004       ExitCode
 0001:00002778       ExitDll
 0002:0000A5A8       ExitProc
 0001:FFFFF9A0       ExitProcess
 0002:0000A594       ExitProcessProc
 0001:0000BAD8       ExpandFileName
 0001:0000B9BC       ExpandTilde
 0002:0000A580       ExternalExceptProc
 0001:0004E9AC       ExtractCatalog
 0001:0000B958       ExtractFileName
 0001:0000B8F4       ExtractFilePath
 0001:0002F7DC       ExtractNextLibName
 0002:0000B200       FalseBoolStrs
 0001:FFFFFB80       fclose
 0001:FFFFFD60       fcntl
 0002:00000500       FCon1E18
 0002:00000E6C       FConst10
 0001:FFFFFB50       fdopen
 0001:FFFFFBB0       fflush
 0002:00000E74       FieldTypeNames
 0002:0000A5B0       FileAccessRights
 0001:0000B7D8       FileClose
 0001:0000B62C       FileCreate
 0001:0000B814       FileExists
 0002:0000000C       FileMode
 0001:00000CC8       FileNOPProc
 0001:0000B4D0       FileOpen
 0001:0000B694       FileRead
 0001:0000B73C       FileSeek
 0001:0000B790       FileSeek
 0001:0000B6E8       FileWrite
 0001:00009B18       Finalization
 0001:0000A1D0       Finalization
 0001:0000A228       Finalization
 0001:0000A2BC       Finalization
 0001:0000A314       Finalization
 0001:0000A36C       Finalization
 0001:0000A4CC       Finalization
 0001:0000A524       Finalization
 0001:000129F4       Finalization
 0001:000169EC       Finalization
 0001:00022460       Finalization
 0001:0002274C       Finalization
 0001:00024258       Finalization
 0001:000280AC       Finalization
 0001:0002824C       Finalization
 0001:00028630       Finalization
 0001:00028688       Finalization
 0001:000299B4       Finalization
 0001:0002D7D8       Finalization
 0001:0002D850       Finalization
 0001:0002DC00       Finalization
 0001:0002DD04       Finalization
 0001:0002DD5C       Finalization
 0001:0002DDB4       Finalization
 0001:0002DE60       Finalization
 0001:0002E83C       Finalization
 0001:0002EA68       Finalization
 0001:0002F328       Finalization
 0001:0003A8A8       Finalization
 0001:0003A950       Finalization
 0001:0003A9A8       Finalization
 0001:0003AA00       Finalization
 0001:0003CCF0       Finalization
 0001:0003E854       Finalization
 0001:0003E93C       Finalization
 0001:0003EA6C       Finalization
 0001:0003EADC       Finalization
 0001:0003EB34       Finalization
 0001:0003EEB4       Finalization
 0001:00044548       Finalization
 0001:000456F8       Finalization
 0001:0004E0B0       Finalization
 0001:000929AC       Finalization
 0001:00092A84       Finalization
 0001:00004CAC       FinalizeArray
 0001:00002414       FinalizeUnits
 0001:00022340       FindCustomVariantType
 0001:0000DA0C       FindEra
 0002:0000B428       FindGlobalComponentProcs
 0001:00005080       FindHInstance
 0001:00002144       FindOnExceptionDescEntry
 0001:0000643C       FindResource
 0001:0000558C       FindResourceHInstance
 0001:0001FD44       FindVarData
 0001:0000CEF4       FloatToCurr
 0001:0000E4F4       FloatToDateTime
 0001:0000CA98       FloatToDecimal
 0001:0000CDF4       FloatToStr
 0001:0000C7AC       FloatToText
 0001:0000116C       Flush
 0002:00000514       FMSecsPerDay
 0001:0002D81C       FMTBcd
 0002:00000E38       FMTBcdVariantType
 0001:0000C668       FmtStr
 0002:0000B4B4       fOdbcApiCache
 0001:FFFFFB40       fopen
 0001:0000C640       Format
 0002:0000051C       Format
 0001:0000C1A4       FormatBuf
 0001:0000C17C       FormatClearStr
 0001:0004F58C       FormatDbxSubType
 0001:0004EF78       FormatDbxType
 0001:0000C0C4       FormatError
 0002:000004F8       FormatErrorStrs
 0001:00050960       FormatParameter
 0001:00050B60       FormatParameters
 0001:0000C148       FormatVarToStr
 0001:0000163C       FPower10
 0001:FFFFFB90       fprintf
 0001:0002D37C       FractionToStr
 0001:FFFFF980       free
 0001:FFFFFBF0       free
 0001:FFFFFE60       free
 0001:00012254       FreeAndNil
 0001:000006D0       FreeException
 0001:00028008       FreeIntConstList
 0001:FFFFFAC0       FreeLibrary
 0001:FFFFFC10       FreeLibrary
 0001:00011DF0       FreeLibrary
 0001:0003CF30       FreeMemAndNil
 0001:00012038       FreeTerminateProcs
 0001:00009CE4       FreeTLSBuffer
 0001:FFFFFDD0       ftruncate
 0001:00000AD8       Get8087CW
 0001:0002F2C8       GetCompilerVersion
 0001:000525AC       GetConnection
 0001:000643C0       GetConnectionCustomOptions
 0001:0000D93C       GetCount
 0001:0000619C       GetCPUType
 0001:0000BD70       GetCurrentDir
 0001:FFFFFAF0       GetCurrentThreadID
 0001:FFFFFD50       GetCurrentThreadID
 0001:0003BB68       GetCurThreadInfoStr
 0001:00064660       GetDatabaseNameOption
 0001:0000D974       GetDate
 0001:0000E920       GetDateOrder
 0001:0004490C       GetDbmsObjectNameTemplateInfo
 0001:00001D28       GetDynaMethod
 0001:00022FBC       GetEnumName
 0001:000230CC       GetEnumNameValue
 0001:00023414       GetEnumProp
 0001:00023128       GetEnumValue
 0001:FFFFF950       getenv
 0001:FFFFFE70       getenv
 0001:0000EA04       GetEraYearOffset
 0001:0003C83C       GetExceptionInfoStr
 0001:000103BC       GetExceptionObject
 0001:00010948       GetExternalException
 0001:00011840       GetFirstCharacter
 0001:00023D68       GetFloatProp
 0001:000118E4       GetFormatSettings
 0001:00000000       GetGOT
 0001:0000A634       GetGOT
 0001:0002D668       GetGot
 0001:000241EC       GetInt64Prop
 0001:00000024       GetLastError
 0001:0000F470       GetLocaleStr
 0001:00023948       GetLongStrProp
 0001:0000513C       GetModuleFileName
 0001:0000F4DC       GetMonthDayNames
 0001:0002EB90       GetOptionValue
 0001:00023328       GetOrdProp
 0001:FFFFFDE0       getpid
 0001:00011E34       GetProcAddress
 0001:00022824       GetPropInfo
 0001:00022874       GetPropInfo
 0001:00023248       GetPropInfo
 0001:000232CC       GetPropInfo
 0001:000228C4       GetPropValue
 0001:000062D8       GetResourceCache
 0001:0007F310       GetRowStatus
 0001:0000A5F0       GetSafeCallExceptionAddr
 0001:0000A5BC       GetSafeCallExceptionMsg
 0001:000234DC       GetSetProp
 0001:000237C4       GetShortStrProp
 0001:0002386C       GetShortStrPropAsLongStr
 0001:0004E154       getSQLDriverODBC
 0001:0004E300       getSQLDriverODBCAW
 0001:000457B4       getSQLDriverODBCW
 0001:00045A88       getSQLDriverODBCWA
 0001:00051A9C       GetStringOptions
 0001:00023AB8       GetStrProp
 0001:00009FA0       GetTextEnd
 0001:00009F8C       GetTextStart
 0001:00009D9C       GetThisModuleHandle
 0001:0000D9BC       GetTime
 0001:00009E5C       GetTlsSize
 0001:0003EB8C       GetTraceFlagName
 0001:0003CAFC       GetTransactionDescStr
 0001:00064E74       GetTransactionTypeName
 0001:00022FAC       GetTypeData
 0001:0002A9BC       GetValueAndMultiplyOrder
 0001:00067274       GetValueAsAnsiStr
 0001:00020230       GetVarArray
 0001:0002003C       GetVarDataArrayInfo
 0001:000043A8       GetVariantManager
 0001:00024154       GetVariantProp
 0001:000648D8       GetVendorProperty
 0001:00023B64       GetWideStrProp
 0001:000239E0       GetWideStrPropAsLongStr
 0002:0000B42C       GlobalFixupList
 0002:0000B410       GlobalNameSpace
 0001:FFFFFF60       gnu_get_libc_version
 0002:0000B340       GOldVariantManager
 0002:0000B294       GVariantManager
 0001:00017028       HandleConversionException
 0001:000416DC       HexDig
 0002:000004E8       HexDisplayPrefix
 0001:0005A910       HidePassword
 0002:0000B058       HInstance
 0001:00010908       HookOSExceptions
 0002:000004C4       HookOSExceptionsProc
 0001:000106EC       HookSignal
 0001:FFFFFA10       iconv
 0001:FFFFFFE0       iconv
 0001:FFFFFA20       iconv_close
 0001:FFFFFFD0       iconv_close
 0001:FFFFFA00       iconv_open
 0001:FFFFFFC0       iconv_open
 0002:00001320       IconvContext
 0002:00000518       IMSecsPerDay
 0001:00017164       InBounds
 0001:00017674       InBounds
 0001:00010F64       IncludeTrailingPathDelimiter
 0001:000171A4       Increment
 0001:000176B4       Increment
 0002:00000DE8       IncrementAmount
 0002:00001568       InformixMathesIndexes
 0002:00001584       InformixObjectNameTemplateInfo
 0001:0003EABC       IniFiles
 0002:0000AB3C       InitContext
 0001:0000F60C       InitEras
 0001:00010A04       InitExceptions
 0001:0000A3FC       InitializeCriticalSection
 0001:00009FB0       InitializeModule
 0001:0001689C       InitializeVarUtils
 0002:0000B068       InitOnceSemaphore
 0001:00011234       InitSysLocale
 0001:00027F1C       InitThreadSynchronization
 0001:00009E68       InitThreadTLS
 0001:000024BC       InitUnits
 0001:000002C4       InitUnwinder
 0001:0000436C       InitVariantManager
 0001:0000A13C       InnerExitLib
 0002:0000A5C0       Input
 0001:00010644       InquireSignal
 0001:0001E638       Int64Compare
 0001:0001DA20       Int64Op
 0001:0001E5FC       IntCompare
 0002:0000B420       IntConstList
 0001:000000B8       InterlockedDecrement
 0001:000000A4       InterlockedIncrement
 0001:00000D54       InternalClose
 0001:00001104       InternalFlush
 0001:0000362C       InternalUniqueString
 0001:0001D8F0       IntOp
 0001:0000AFE4       IntToHex
 0001:0000B04C       IntToHex
 0001:0000AF4C       IntToStr
 0001:0000AF9C       IntToStr
 0001:000000CC       InvalidateModuleCache
 0001:0002C13C       InvalidBcdString
 0001:00028458       InvalidDateTimeError
 0002:0000B210       InvalidPointer
 0001:00001B94       InvokeImplGetter
 0001:000009F0       IOResult
 0001:00052624       IsConnection
 0002:0000A5AC       IsConsole
 0002:000016EC       IsDriverEmbedded
 0001:000207E8       IsDynArrayRectangular
 0001:0008B5FC       IsFilteredIndex
 0001:00057A28       IsFreeDbxConStmt
 0001:0000D418       IsLeapYear
 0002:0000A5A4       IsLibrary
 0002:0000A5AD       IsMultiThread
 0001:00010F04       IsPathDelimiter
 0001:0004E424       IsRestrictedConnectionOptionValue
 0001:000286E0       IsSQLTimeStampBlank
 0001:00029628       IsSqlTimeStampValid
 0001:0000A34C       KernelDefs
 0001:0000A3A4       KernelIoctl
 0001:FFFFFCF0       kill
 0001:0000B868       LastDelimiter
 0001:00072038       LDo_PostgreSQL_Make_Buffer
 0001:0004534C       LDoCalculateTemplate
 0001:000571A0       LDoClearResult
 0001:00052748       LDoMakeResult
 0002:000004C8       LeadBytes
 0001:FFFFFF80       LeaveCriticalSection
 0001:0002A898       LeftTrim
 0001:00064860       LGetISQLConnection2x
 0001:00046C2C       LGetISQLConnection30
 0001:0000A504       Libc
 0002:0000001C       LibModuleList
 0002:0000B208       libuuidHandle
 0001:0000209C       LinkException
 0002:0000B16A       ListSeparator
 0002:00000D00       LNextVarType
 0002:0000B478       Loading
 0001:00011DA8       LoadLibrary
 0001:0002F9E4       LoadOdbcDriverManager
 0001:00006634       LoadResource
 0001:000055E0       LoadResourceModule
 0001:00006678       LoadResString
 0001:FFFFFEA0       localeconv
 0001:00002C8C       LocaleConversionError
 0001:FFFFFCC0       localtime_r
 0001:0003C41C       LogEnterProc
 0001:0003C510       LogEnterProc
 0001:0003C984       LogExceptProc
 0001:0003C6B0       LogExitProc
 0001:0003C7B8       LogExitProc
 0001:0003C594       LogInfoProc
 0001:0003C634       LogInfoProc
 0002:0000B0AC       LongDateFormat
 0002:0000B140       LongDayNames
 0002:0000B0F4       LongMonthNames
 0002:0000B0C0       LongTimeFormat
 0001:0000A784       LowerCase
 0001:000679BC       lValue2Str
 0002:0000B3EC       LVarTypes
 0002:0000B3F0       LVarTypeSync
 0002:0000A59C       MainInstance
 0002:0000A5A0       MainThreadID
 0001:000026E4       MakeErrorMessage
 0001:00070D7C       MakeStoredProcParams
 0001:000517B8       MakeStringExceptionFromInfo
 0001:000868D4       MakeTableTypeString
 0001:FFFFF970       malloc
 0001:FFFFFBE0       malloc
 0001:000102A0       MapFault
 0001:0001025C       MapFPE
 0001:000101F0       MapFPUStatus
 0001:00010314       MapSignal
 0001:0002D888       MaskUtils
 0001:00028284       Math
 0001:0002821C       Max
 0001:0002EAF0       max
 0002:000016F0       MaxCount
 0002:0000047C       MaxCurrency
 0002:000004BC       MaxDateTime
 0001:0003D068       MaxSet
 0001:0003D0A0       MaxSet
 0001:0003D0F4       MaxSet
 0001:0003D12C       MaxSet
 0001:0003D170       MaxSet
 0001:0000208C       MaybeCooptException
 0001:0000A3C4       MB_CUR_MAX
 0001:FFFFFA30       mblen
 0001:FFFFFE80       mblen
 0001:FFFFFFF0       mblen
 0001:FFFFF960       memcpy
 0002:00000028       MemoryManager
 0001:FFFFFB00       memset
 0001:0005AA2C       MergeAndSetConnOptions
 0002:00001444       META
 0001:0002DD94       MidConst
 0001:0002EAC0       min
 0002:00000474       MinCurrency
 0002:000004B4       MinDateTime
 0001:FFFFFA40       mmap
 0002:00000104       Module
 0002:00000024       ModuleCacheVersion
 0002:0000B056       ModuleIsCpp
 0002:0000B054       ModuleIsLib
 0002:0000B055       ModuleIsPackage
 0001:0002808C       ModuleUnload
 0002:00000020       ModuleUnloadList
 0002:00000484       MonthDays
 0001:00000A28       Move
 0001:0002C6BC       MoveNibbles
 0001:0000D270       MSecsToTimeStamp
 0001:FFFFFA50       munmap
 0001:00006204       NameToId
 0001:0001F0D8       NegateAny
 0001:0001EF5C       NegateAsDouble
 0001:0001F034       NegateByte
 0001:0001F114       NegateCustom
 0001:0001F088       NegateLongWord
 0001:0001EFE0       NegateVariant
 0001:0001EF8C       NegateViaOS
 0001:0001F060       NegateWord
 0002:0000B0A1       NegCurrFormat
 0002:00000A20       NegCurrFormats
 0001:00050CB8       NewDbxConStmt
 0001:00010E10       NextCharIndex
 0001:0002B750       NextDigit
 0001:00023628       NextWord
 0001:FFFFF9F0       nl_langinfo
 0001:FFFFFEB0       nl_langinfo
 0001:FFFFFFB0       nl_langinfo
 0001:0002C734       NormalizeBcd
 0001:0002CA30       NormalizeBcdPair
 0001:0002BFF4       NormalizeFractions
 0001:0001F6BC       NotAny
 0001:0001F588       NotAsOrdinal
 0001:0001F490       NotAsString
 0001:0001F6F8       NotCustom
 0001:00002010       NotifyExcept
 0001:00002068       NotifyExceptFinally
 0001:000059DC       NotifyModuleUnload
 0001:00002040       NotifyOnExcept
 0001:00001FE8       NotifyReRaise
 0001:0001F668       NotVariant
 0001:0001F614       NotViaOS
 0002:00000088       Null
 0001:00022440       Null
 0002:00000B68       NullAsStringValue
 0002:00000E14       NullBcd
 0001:0001E4C4       NullCompare
 0002:00000B5C       NullEqualityRule
 0002:00000B60       NullMagnitudeRule
 0001:0001DC4C       NullOp
 0002:00000DD8       NullSQLTimeStamp
 0002:00000B64       NullStrictConvert
 0001:0002C894       NumberOfDigits
 0001:0003A8F8       OdbcApi
 0001:0004EA90       OdbcDataTypeToDbxType
 0001:000772C0       OdbcSqlCTypeToStr
 0001:000767E0       OdbcSqlTypeToStr
 0001:0001D024       OleVarFromAny
 0001:0001D0AC       OleVarFromVarArrayProc
 0001:FFFFFD70       open
 0001:00000B98       OpenText
 0001:0007AA5C       OptimizeNextChunkSize
 0002:00000BA4       OpTypeMap
 0002:00001518       OracleMathesIndexes
 0002:00001534       OracleObjectNameTemplateInfo
 0002:0000B20C       OutOfMemory
 0002:0000A78C       Output
 0001:0003BC74       OutputDebugString
 0001:00029ADC       OverflowError
 0002:00000B6C       PackVarCreation
 0001:0003E5E8       PAnsiCharParam
 0001:0003E624       PAnsiCharParam
 0001:00000A78       ParamStr
 0001:0005AB40       ParseConnectionOptions
 0001:00040E74       parsenum
 0001:00021D04       ParseParam
 0001:000035F4       PICEmptyString
 0001:0003E704       PIntToStr
 0001:FFFFFDF0       pipe
 0002:0000008C       PNull
 0001:000243DC       PointerInModule
 0001:0002EF58       PointerOffset
 0001:0002EB20       Pos
 0001:0002F000       PosChar
 0001:0002F050       PosChar
 0001:0002F0A0       PosCharEx
 0001:0002F114       PosCharEx
 0002:00000E5C       Power10
 0001:FFFFFB10       printf
 0001:00071DF0       ProcessVarDataLength
 0001:000124E4       PropagateSignals
 0001:000227D0       PropertyNotFound
 0001:00049ED8       PropValue2Str
 0001:000755CC       PropValue2Str
 0001:00027520       PropValueError
 0001:FFFFFC40       pthread_key_create
 0001:FFFFFD10       pthread_mutex_init
 0001:FFFFFD20       pthread_mutexattr_destroy
 0001:FFFFFD30       pthread_mutexattr_init
 0001:FFFFFD40       pthread_mutexattr_settype
 0001:FFFFFC30       pthread_once
 0002:00000100       PtrToNil
 0001:00006810       PUCS4Chars
 0001:0000C748       PutExponent
 0001:000101AC       RaiseAssertException
 0001:00026D90       RaiseException
 0001:00011F88       RaiseLastOSError
 0001:00010514       RaiseSignalException
 0001:00022B58       RangedValue
 0001:000274EC       ReadError
 0001:0001E690       RealCompare
 0001:0001D78C       RealOp
 0002:0000B28C       RefAnyProc
 0001:000445B8       RegExpr
 0002:00001438       RegExprInvertCaseFunction
 0002:00001434       RegExprLinePairedSeparator
 0002:00001430       RegExprLineSeparators
 0002:00001440       RegExprMetaSet
 0002:00001420       RegExprModifierG
 0002:00001414       RegExprModifierI
 0002:00001424       RegExprModifierM
 0002:00001418       RegExprModifierR
 0002:0000141C       RegExprModifierS
 0002:00001428       RegExprSpaceChars
 0002:0000142C       RegExprWordChars
 0002:0000B424       RegGroups
 0001:0002E808       RegisterDbXpressLibProc
 0001:00005A5C       RegisterModule
 0001:0000A02C       RegisterPCMap
 0001:00043F78       RegMatch
 0001:00000710       ReleaseDelphiException
 0001:000067BC       ReleaseZeroPage
 0002:00000034       reMap
 0001:00027394       RemoveFixupReferences
 0001:00027450       RemoveFixups
 0001:000058EC       RemoveModuleUnloadProc
 0001:0000594C       RemoveModuleUnloadProc
 0001:00006718       ReserveZeroPage
 0001:000469E0       Result2Str
 0001:00064F74       Result2Str
 0001:0008FBF4       RetrieveProcedureSchemaForSysNaming
 0001:000248D4       ReturnAddr
 0001:000254E8       ReturnAddr
 0001:00044418       ReturnAddr
 0001:0002C698       ReverseNegative
 0001:0002A720       RoundAt
 0001:00022784       RTLConsts
 0002:00000080       RTLInitFailed
 0002:00000050       runErrMsg
 0001:00000814       RunErrorAt
 0001:000163F8       SafeArrayAccessData
 0001:00015C80       SafeArrayAllocData
 0001:00015C00       SafeArrayAllocDescriptor
 0001:000159D8       SafeArrayAllocMem
 0001:000154F0       SafeArrayCalculateElementAddress
 0001:000156F8       SafeArrayClearDataSpace
 0001:000160E4       SafeArrayCopy
 0001:00015834       SafeArrayCopyDataSpace
 0001:00015AD4       SafeArrayCreate
 0001:00015D00       SafeArrayDestroy
 0001:00015DCC       SafeArrayDestroyData
 0001:00015D60       SafeArrayDestroyDescriptor
 0001:000156A8       SafeArrayElementStyle
 0001:00015658       SafeArrayElementTotal
 0001:00015A18       SafeArrayFreeMem
 0001:000164E0       SafeArrayGetElement
 0001:00016348       SafeArrayGetLBound
 0001:0001639C       SafeArrayGetUBound
 0001:0001646C       SafeArrayLock
 0001:00016868       SafeArrayPtrOfIndex
 0001:000166A4       SafeArrayPutElement
 0001:00015A54       SafeArrayReallocMem
 0001:00015E54       SafeArrayRedim
 0001:00016438       SafeArrayUnaccessData
 0001:000164A4       SafeArrayUnlock
 0001:0001549C       SafeArrayValidate
 0001:0001555C       SafeArrayValidateAndCalculateAddress
 0001:00012568       SafeCallError
 0002:0000A58C       SafeCallErrorProc
 0001:00050A54       SafeFormatParameter
 0001:0001227C       SafeLoadLibrary
 0001:0000A8D0       SameText
 0001:0000E598       ScanBlanks
 0001:0000E8B8       ScanChar
 0001:0000EAA8       ScanDate
 0001:0000E654       ScanNumber
 0001:0000E700       ScanString
 0001:0000EED0       ScanTime
 0001:0000E99C       ScanToNumber
 0001:0000E79C       SearchString
 0001:0001FF70       SetClearVarToEmptyParam
 0001:00067318       SetConnectionCustomOptions
 0001:0004E4F4       SetConnectionOption
 0001:0002345C       SetEnumProp
 0001:00023EC8       SetFloatProp
 0001:00000904       SetInOutRes
 0001:00024218       SetInt64Prop
 0001:00000060       SetLastError
 0001:FFFFFE90       setlocale
 0001:00023994       SetLongStrProp
 0001:000233A8       SetOrdProp
 0001:00022BD4       SetPropValue
 0001:0000A588       SetSafeCallExceptionMsg
 0001:0002377C       SetSetProp
 0001:0002380C       SetShortStrProp
 0001:000238B8       SetShortStrPropAsLongStr
 0001:00023B14       SetStrProp
 0001:00023520       SetToString
 0001:0001FF38       SetVarAsError
 0001:00071EBC       SetVarData
 0001:000043DC       SetVariantManager
 0001:000241A0       SetVariantProp
 0001:00023C6C       SetWideStrProp
 0001:00023A4C       SetWideStrPropAsLongStr
 0002:0000B070       SharedUnwinder
 0001:0000A260       ShareExcept
 0002:000004F4       ShareMode
 0002:0000B0A8       ShortDateFormat
 0002:0000B124       ShortDayNames
 0002:0000B0C4       ShortMonthNames
 0002:0000B0BC       ShortTimeFormat
 0001:0000FCB4       ShowException
 0001:FFFFFCE0       sigaction
 0001:FFFFFD00       sigaddset
 0002:0000B099       SIGINTIssued
 0001:00010558       SignalConverter
 0001:00010584       SignalDispatcher
 0002:000006B0       Signals
 0001:0002C408       SignificantIntDigits
 0002:0000B09A       SIGQUITIssued
 0001:0001DF68       SimpleVarOp
 0001:000279C0       SkipBinary
 0001:00027A04       SkipCollection
 0001:00027988       SkipList
 0001:0000E5E8       SkipNextBlank
 0001:0000E838       SkipNextNumber
 0002:00000E3C       spaceChars
 0001:0003EA28       SqlConst
 0001:0003EB6C       SqlExpr
 0001:0003A930       SQLExpr_RegisterDbXpressLib
 0001:000527BC       SQLGetDiagRecLevel2
 0002:000014B0       SQLServerMathesIndexes
 0002:000014E4       SQLServerObjectNameTemplateInfo
 0001:000297E4       SQLTimeStampToDateTime
 0001:000295C4       SQLTimeStampToStr
 0002:00000DF0       SQLTimeStampVariantType
 0001:000299F8       SqlTimSt
 0001:0003D4FC       Str2BCD
 0001:0000C03C       StrAlloc
 0001:0003E658       StrAnsiStringParam
 0001:0003E6A0       StrAnsiStringParam
 0001:0003DD9C       StrBuffCopy
 0001:0003DE38       StrBuffCopy
 0001:00010C48       StrByteType
 0001:FFFFF9D0       strcasecmp
 0001:00010C80       StrCharLength
 0001:0003DEDC       StrClone
 0001:0003DF98       StrClone
 0001:0003E014       StrClone
 0001:0003E074       StrClone
 0001:0003E10C       StrClone
 0001:FFFFFE00       strcoll
 0001:0000BE64       StrComp
 0001:0000BDE8       StrCopy
 0001:00040840       strcspn
 0001:FFFFFB30       strdup
 0001:FFFFFE10       strerror_r
 0001:0000BE94       StrIComp
 0001:0002F1A0       StringCharModify
 0001:0002F22C       StringCharModify
 0001:0001E76C       StringCompare
 0001:00026B48       StringListCompareStrings
 0001:0002B24C       StringMultiplyByByte
 0001:00011C58       StringReplace
 0001:0003DC18       StringsToWStr
 0001:000042F0       StringToOleStr
 0001:00023688       StringToSet
 0001:0003DB3C       StringToWideChar
 0001:0003DBA4       StringToWStr
 0001:0003E51C       StrISameText
 0001:0003E578       StrISameText
 0001:0003E5B0       StrISameText
 0001:0003E16C       StrIsEmpty
 0001:0003E1A8       StrIsEmpty
 0001:0003E200       StrIsEmpty
 0001:0000BEE0       StrLComp
 0001:0000BE20       StrLCopy
 0001:0000BD94       StrLen
 0001:0003DCA0       StrLenNil
 0001:0000C5E0       StrLFmt
 0001:0000BF18       StrLIComp
 0001:0000BDB0       StrMove
 0001:FFFFFE20       strncmp
 0001:0000C06C       StrNew
 0001:00010CF0       StrNextChar
 0001:0003E258       StrNotEmpty
 0001:0003E2B0       StrNotEmpty
 0001:0000C008       StrPas
 0001:0000BFA0       StrPos
 0001:0003E308       StrPtrToString
 0001:0003E384       StrPtrToString
 0001:0003E3CC       StrPtrToString
 0001:0003E44C       StrSameText
 0001:0003E4A8       StrSameText
 0001:0003E4E0       StrSameText
 0001:0000BF6C       StrScan
 0001:0002A650       StrToBcd
 0001:0000B2FC       StrToBool
 0001:0000D0C8       StrToCurr
 0001:0000F2E8       StrToDateTime
 0001:0000CF88       StrToFloat
 0001:0002C0DC       StrToFraction
 0001:0000B0A0       StrToInt
 0001:0000B188       StrToInt64
 0001:0000B100       StrToIntDef
 0001:FFFFFB20       strtok
 0001:0002970C       StrToSQLTimeStamp
 0001:0003A9E0       StrUtils
 0001:FFFFFE30       strverscmp
 0001:0002AC1C       SubtractChars
 0001:0002C454       SubtractNormalizedFractions
 0001:0002AE08       SubtractStrings
 0002:0000B414       SyncEvent
 0002:00000DB4       SyncList
 0001:0002EAA0       SyncObjs
 0001:0008B528       SyncPKSortOrder
 0001:0000A55C       SysConst
 0001:0000F3FC       SysErrorMessage
 0001:0000012C       SysFreeMem
 0001:000000F0       SysGetMem
 0001:0000A208       SysInit
 0002:0000B15C       SysLocale
 0002:000010A0       sysodbclib
 0001:000005D0       SysRaiseCPPException
 0001:00000574       SysRaiseException
 0001:00000168       SysReallocMem
 0001:000004D0       SysRegisterIPLookup
 0001:00009B78       System
 0001:00000538       SysUnregisterIPLookup
 0001:00012BBC       SysUtils
 0001:00092090       TBlobChunkCollection.AddFragment
 0001:00092118       TBlobChunkCollection.Clear
 0001:00092188       TBlobChunkCollection.Destroy
 0001:000921E8       TBlobChunkCollection.GetSize
 0001:00092220       TBlobChunkCollection.Read
 0001:000922EC       TBlobChunkCollection.ReadBlobToStream
 0001:00092290       TBlobChunkCollection.ReadBlobToVariant
 0001:0002E9E8       TCriticalSection.Acquire
 0001:0002E908       TCriticalSection.Create
 0001:0002E978       TCriticalSection.Destroy
 0001:0002EA28       TCriticalSection.Release
 0001:00021C00       TCustomVariantType._AddRef
 0001:00021C1C       TCustomVariantType._Release
 0001:00021394       TCustomVariantType.BinaryOp
 0001:000213B0       TCustomVariantType.Cast
 0001:00021418       TCustomVariantType.CastTo
 0001:000214EC       TCustomVariantType.CastToOle
 0001:00021478       TCustomVariantType.Compare
 0001:00021494       TCustomVariantType.CompareOp
 0001:0002155C       TCustomVariantType.Create
 0001:000215D0       TCustomVariantType.Create
 0001:000218E0       TCustomVariantType.Destroy
 0001:00021B9C       TCustomVariantType.DispInvoke
 0001:000219A4       TCustomVariantType.IsClear
 0001:000219C0       TCustomVariantType.LeftPromotion
 0001:000219F0       TCustomVariantType.OlePromotion
 0001:00021C38       TCustomVariantType.QueryInterface
 0001:00021A1C       TCustomVariantType.RaiseCastError
 0001:00021A5C       TCustomVariantType.RaiseDispError
 0001:00021A3C       TCustomVariantType.RaiseInvalidOp
 0001:00021A7C       TCustomVariantType.RightPromotion
 0001:00021AAC       TCustomVariantType.UnaryOp
 0001:00021B4C       TCustomVariantType.VarDataCastTo
 0001:00021B08       TCustomVariantType.VarDataClear
 0001:00021B28       TCustomVariantType.VarDataCopyNoInd
 0001:00021BDC       TCustomVariantType.VarDataFromOleStr
 0001:00021BB8       TCustomVariantType.VarDataFromStr
 0001:00021ACC       TCustomVariantType.VarDataInit
 0001:00021B70       TCustomVariantType.VarDataIsByRef
 0001:00021C70       TCustomVariantType.VarDataIsStr
 0001:00021C9C       TCustomVariantType.VarDataToStr
 0001:0004C378       TDbxCommandParser.Create
 0001:0004C700       TDbxCommandParser.GetParam
 0001:0004C264       TDbxCommandParser.IsDbxCommand
 0001:0004C2FC       TDbxCommandParser.IsDbxCommand
 0001:0002DB48       TDefaultDBScreenApplication.GetCursor
 0001:0002DB64       TDefaultDBScreenApplication.GetTitle
 0001:0002DB98       TDefaultDBScreenApplication.ProcessMessages
 0001:0002DBB0       TDefaultDBScreenApplication.SetCursor
 0001:0002DBCC       TDefaultDBScreenApplication.SetTitle
 0001:00051C3C       TDOSQLObject.SelfObj
 0002:00000A34       TerminateProcList
 0002:0000A5BC       Test8086
 0001:00000D9C       TextClose
 0001:00000C40       TextIn
 0002:000015B8       TextMathesIndexes
 0002:000015D0       TextObjectNameTemplateInfo
 0001:00000E0C       TextOpen
 0001:00000DD8       TextOpenCleanup
 0001:00000CE4       TextOut
 0002:00014280       TextStartAdj
 0001:0000CCD0       TextToFloat
 0001:00027148       TFileStream.Create
 0001:000271C0       TFileStream.Create
 0001:00027340       TFileStream.Destroy
 0001:00029C78       TFMTBcdData.Compare
 0001:00029F98       TFMTBcdData.Create
 0001:0002A014       TFMTBcdData.Create
 0001:0002A110       TFMTBcdData.Create
 0001:0002A1F0       TFMTBcdData.Create
 0001:00029B10       TFMTBcdData.DoAdd
 0001:00029B58       TFMTBcdData.DoAdd
 0001:00029C2C       TFMTBcdData.DoDivide
 0001:00029BE0       TFMTBcdData.DoMultiply
 0001:00029B78       TFMTBcdData.DoSubtract
 0001:00029BC0       TFMTBcdData.DoSubtract
 0001:00029DD8       TFMTBcdData.GetAsCurrency
 0001:00029CEC       TFMTBcdData.GetAsDouble
 0001:00029D54       TFMTBcdData.GetAsInteger
 0001:00029DB0       TFMTBcdData.GetAsSmallInt
 0001:00029CB8       TFMTBcdData.GetAsString
 0001:00029F68       TFMTBcdData.SetAsCurrency
 0001:00029E54       TFMTBcdData.SetAsDouble
 0001:00029ED4       TFMTBcdData.SetAsInteger
 0001:00029F48       TFMTBcdData.SetAsSmallInt
 0001:00029E08       TFMTBcdData.SetAsString
 0001:0002A588       TFMTBcdVariantType.BinaryOp
 0001:0002A284       TFMTBcdVariantType.Cast
 0001:0002A3D8       TFMTBcdVariantType.CastTo
 0001:0002A25C       TFMTBcdVariantType.Clear
 0001:0002A618       TFMTBcdVariantType.Compare
 0001:0002A51C       TFMTBcdVariantType.Copy
 0001:0002A5F0       TFMTBcdVariantType.GetInstance
 0001:00026F70       THandleStream.Create
 0001:00026FE0       THandleStream.Read
 0001:00027040       THandleStream.Seek
 0001:00027080       THandleStream.SetSize
 0001:000270B4       THandleStream.SetSize
 0001:00027010       THandleStream.Write
 0002:0000B0A2       ThousandSeparator
 0002:0000B430       ThreadLock
 0001:FFFFFB60       time
 0002:0000B0B4       TimeAMString
 0002:0000B0B8       TimePMString
 0002:0000B0B0       TimeSeparator
 0001:0000D218       TimeStampToDateTime
 0001:0000D298       TimeStampToMSecs
 0001:0000E548       TimeToStr
 0001:00005C9C       TInterfacedObject._AddRef
 0001:00005CC0       TInterfacedObject._Release
 0001:00005BF8       TInterfacedObject.AfterConstruction
 0001:00005C18       TInterfacedObject.BeforeDestruction
 0001:00005C40       TInterfacedObject.NewInstance
 0001:00005C64       TInterfacedObject.QueryInterface
 0001:0002201C       TInvokeableVariantType.DispInvoke
 0001:00022310       TInvokeableVariantType.DoFunction
 0001:00022328       TInvokeableVariantType.DoProcedure
 0001:00021CD0       TInvokeableVariantType.FixupIdent
 0001:000222E0       TInvokeableVariantType.GetProperty
 0001:000222F8       TInvokeableVariantType.SetProperty
 0001:000247B8       TList.Add
 0001:00024818       TList.Clear
 0001:0002484C       TList.Delete
 0001:00024774       TList.Destroy
 0001:000248E0       TList.Error
 0001:00024948       TList.Error
 0001:000249B4       TList.Get
 0001:00024A08       TList.Grow
 0001:00024A5C       TList.IndexOf
 0001:00024C70       TList.Notify
 0001:00024A98       TList.Put
 0001:00024B2C       TList.Remove
 0001:00024B6C       TList.SetCapacity
 0001:00024BC8       TList.SetCount
 0001:FFFFFC50       TlsGetValue
 0001:FFFFFFA0       TlsGetValue
 0002:000000FC       TlsIndex
 0002:FFE5B074       TlsLast
 0001:FFFFFC60       TlsSetValue
 0001:00085494       TMetaColumn.Create
 0001:000856E8       TMetaColumn.Destroy
 0001:000857F0       TMetaIndexColumn.Create
 0001:00085A6C       TMetaIndexColumn.Destroy
 0001:00085B7C       TMetaProcedure.Create
 0001:00085DD0       TMetaProcedure.Destroy
 0001:00085EDC       TMetaProcedureParam.Create
 0001:00086070       TMetaProcedureParam.Destroy
 0001:00084A30       TMetaTable.Create
 0001:00084EA4       TMetaTable.CreateW
 0001:00085380       TMetaTable.Destroy
 0001:00001E00       TObject.AfterConstruction
 0001:00001E18       TObject.BeforeDestruction
 0001:00001DA8       TObject.ClassInfo
 0001:00001994       TObject.ClassName
 0001:000019B4       TObject.ClassParent
 0001:00001970       TObject.ClassType
 0001:00001B64       TObject.CleanupInstance
 0001:00001A4C       TObject.Create
 0001:00001DE8       TObject.DefaultHandler
 0001:00001A9C       TObject.Destroy
 0001:00001E30       TObject.Dispatch
 0001:00001AC4       TObject.Free
 0001:000019FC       TObject.FreeInstance
 0001:00001BC8       TObject.GetInterface
 0001:00001C88       TObject.GetInterfaceEntry
 0001:00001D90       TObject.InheritsFrom
 0001:00001AF4       TObject.InitInstance
 0001:00001A2C       TObject.InstanceSize
 0001:000019C4       TObject.NewInstance
 0001:00001DC8       TObject.SafeCallException
 0001:00044970       TObjectNameParser.Create
 0001:00044FB4       TObjectNameParser.DecodeObjectFullName
 0001:00044F2C       TObjectNameParser.Destroy
 0001:00045370       TObjectNameParser.EncodeObjectFullName
 0001:00038678       TOdbcApiIntfImpl.CheckAvailableProxy
 0001:000386E8       TOdbcApiIntfImpl.FireVSDebugEvent
 0001:00038724       TOdbcApiIntfImpl.ODBCGetTryWaitValue
 0001:00038760       TOdbcApiIntfImpl.ODBCSetTryWaitValue
 0001:000387A0       TOdbcApiIntfImpl.SQL_ADD_RECORD
 0001:000387EC       TOdbcApiIntfImpl.SQL_DELETE_RECORD
 0001:00038838       TOdbcApiIntfImpl.SQL_FUNC_EXISTS
 0001:00038884       TOdbcApiIntfImpl.SQL_LEN_BINARY_ATTR
 0001:000388C8       TOdbcApiIntfImpl.SQL_LEN_DATA_AT_EXEC
 0001:0003890C       TOdbcApiIntfImpl.SQL_LOCK_RECORD
 0001:00038960       TOdbcApiIntfImpl.SQL_POSITION_TO
 0001:000389AC       TOdbcApiIntfImpl.SQL_REFRESH_RECORD
 0001:00038A00       TOdbcApiIntfImpl.SQL_UPDATE_RECORD
 0001:00038A4C       TOdbcApiIntfImpl.SQLAllocConnect
 0001:00038A94       TOdbcApiIntfImpl.SQLAllocEnv
 0001:00038AD8       TOdbcApiIntfImpl.SQLAllocHandle
 0001:00038B28       TOdbcApiIntfImpl.SQLAllocHandleStd
 0001:00038B78       TOdbcApiIntfImpl.SQLAllocStmt
 0001:00038BC0       TOdbcApiIntfImpl.SQLBindCol
 0001:00038C20       TOdbcApiIntfImpl.SQLBindParam
 0001:00038C88       TOdbcApiIntfImpl.SQLBindParameter
 0001:00038CF8       TOdbcApiIntfImpl.SQLBrowseConnect
 0001:00038D54       TOdbcApiIntfImpl.SQLBulkOperations
 0001:00038DA0       TOdbcApiIntfImpl.SQLCancel
 0001:00038DE4       TOdbcApiIntfImpl.SQLCloseCursor
 0001:00038E28       TOdbcApiIntfImpl.SQLColAttribute
 0001:00038E8C       TOdbcApiIntfImpl.SQLColAttributeInt
 0001:00038EF0       TOdbcApiIntfImpl.SQLColAttributes
 0001:00038F54       TOdbcApiIntfImpl.SQLColAttributeString
 0001:00038FB8       TOdbcApiIntfImpl.SQLColumnPrivileges
 0001:00039024       TOdbcApiIntfImpl.SQLColumns
 0001:00039090       TOdbcApiIntfImpl.SQLConnect
 0001:000390F4       TOdbcApiIntfImpl.SQLCopyDesc
 0001:0003913C       TOdbcApiIntfImpl.SQLDataSources
 0001:000391A4       TOdbcApiIntfImpl.SQLDescribeCol
 0001:00039210       TOdbcApiIntfImpl.SQLDescribeParam
 0001:0003926C       TOdbcApiIntfImpl.SQLDisconnect
 0001:000392B0       TOdbcApiIntfImpl.SQLDriverConnect
 0001:00039318       TOdbcApiIntfImpl.SQLDrivers
 0001:00039380       TOdbcApiIntfImpl.SQLEndTran
 0001:000393D4       TOdbcApiIntfImpl.SQLError
 0001:00039438       TOdbcApiIntfImpl.SQLExecDirect
 0001:00039488       TOdbcApiIntfImpl.SQLExecute
 0001:000394CC       TOdbcApiIntfImpl.SQLExtendedFetch
 0001:00039524       TOdbcApiIntfImpl.SQLFetch
 0001:00039568       TOdbcApiIntfImpl.SQLFetchScroll
 0001:000395B8       TOdbcApiIntfImpl.SQLForeignKeys
 0001:00039634       TOdbcApiIntfImpl.SQLFreeConnect
 0001:00039678       TOdbcApiIntfImpl.SQLFreeEnv
 0001:000396BC       TOdbcApiIntfImpl.SQLFreeHandle
 0001:00039708       TOdbcApiIntfImpl.SQLFreeStmt
 0001:00039754       TOdbcApiIntfImpl.SQLFunctionSupported
 0001:0003979C       TOdbcApiIntfImpl.SQLGetConnectAttr
 0001:000397F4       TOdbcApiIntfImpl.SQLGetConnectOption
 0001:00039844       TOdbcApiIntfImpl.SQLGetCursorName
 0001:00039898       TOdbcApiIntfImpl.SQLGetData
 0001:000398F8       TOdbcApiIntfImpl.SQLGetDescField
 0001:00039958       TOdbcApiIntfImpl.SQLGetDescRec
 0001:000399CC       TOdbcApiIntfImpl.SQLGetDiagField
 0001:00039A30       TOdbcApiIntfImpl.SQLGetDiagRec
 0001:00039A98       TOdbcApiIntfImpl.SQLGetEnvAttr
 0001:00039AF0       TOdbcApiIntfImpl.SQLGetFunctions
 0001:00039B40       TOdbcApiIntfImpl.SQLGetInfo
 0001:00039B9C       TOdbcApiIntfImpl.SQLGetInfoInt
 0001:00039BF8       TOdbcApiIntfImpl.SQLGetInfoSmallint
 0001:00039C54       TOdbcApiIntfImpl.SQLGetInfoString
 0001:00039CB0       TOdbcApiIntfImpl.SQLGetStmtAttr
 0001:00039D08       TOdbcApiIntfImpl.SQLGetStmtOption
 0001:00039D58       TOdbcApiIntfImpl.SQLGetTypeInfo
 0001:00039DA4       TOdbcApiIntfImpl.SQLMoreResults
 0001:00039DE8       TOdbcApiIntfImpl.SQLNativeSql
 0001:00039E44       TOdbcApiIntfImpl.SQLNumParams
 0001:00039E8C       TOdbcApiIntfImpl.SQLNumResultCols
 0001:00039ED4       TOdbcApiIntfImpl.SQLParamData
 0001:00039F1C       TOdbcApiIntfImpl.SQLParamOptions
 0001:00039F6C       TOdbcApiIntfImpl.SQLPrepare
 0001:00039FBC       TOdbcApiIntfImpl.SQLPrimaryKeys
 0001:0003A020       TOdbcApiIntfImpl.SQLProcedureColumns
 0001:0003A08C       TOdbcApiIntfImpl.SQLProcedures
 0001:0003A0F0       TOdbcApiIntfImpl.SQLPutData
 0001:0003A140       TOdbcApiIntfImpl.SQLRowCount
 0001:0003A188       TOdbcApiIntfImpl.SQLSetConnectAttr
 0001:0003A1DC       TOdbcApiIntfImpl.SQLSetConnectOption
 0001:0003A22C       TOdbcApiIntfImpl.SQLSetCursorName
 0001:0003A27C       TOdbcApiIntfImpl.SQLSetDescField
 0001:0003A2D8       TOdbcApiIntfImpl.SQLSetDescRec
 0001:0003A348       TOdbcApiIntfImpl.SQLSetEnvAttr
 0001:0003A39C       TOdbcApiIntfImpl.SQLSetParam
 0001:0003A404       TOdbcApiIntfImpl.SQLSetPos
 0001:0003A45C       TOdbcApiIntfImpl.SQLSetScrollOptions
 0001:0003A4B4       TOdbcApiIntfImpl.SQLSetStmtAttr
 0001:0003A508       TOdbcApiIntfImpl.SQLSetStmtOption
 0001:0003A558       TOdbcApiIntfImpl.SQLSpecialColumns
 0001:0003A5CC       TOdbcApiIntfImpl.SQLStatistics
 0001:0003A638       TOdbcApiIntfImpl.SQLTablePrivileges
 0001:0003A69C       TOdbcApiIntfImpl.SQLTables
 0001:0003A708       TOdbcApiIntfImpl.SQLTransact
 0001:0003A758       TOdbcApiIntfImpl.TraceCloseLogFile
 0001:0003A794       TOdbcApiIntfImpl.TraceOpenLogFile
 0001:0003A7E4       TOdbcApiIntfImpl.TraceReturn
 0001:0003A828       TOdbcApiIntfImpl.TraceVersion
 0001:0003A864       TOdbcApiIntfImpl.TraceVSControl
 0001:00031554       TOdbcApiProxy.BeginLock
 0001:00031370       TOdbcApiProxy.Destroy
 0001:0003157C       TOdbcApiProxy.EndLock
 0001:0003813C       TOdbcApiProxy.FireVSDebugEvent
 0001:00038604       TOdbcApiProxy.GetOdbcApiIntf
 0001:00031418       TOdbcApiProxy.NotImplemented
 0001:000381C0       TOdbcApiProxy.ODBCGetTryWaitValue
 0001:00038248       TOdbcApiProxy.ODBCSetTryWaitValue
 0001:00038544       TOdbcApiProxy.SetOdbcDriverLevel
 0001:000382DC       TOdbcApiProxy.SQL_ADD_RECORD
 0001:00038320       TOdbcApiProxy.SQL_DELETE_RECORD
 0001:00038364       TOdbcApiProxy.SQL_FUNC_EXISTS
 0001:000383C4       TOdbcApiProxy.SQL_LEN_BINARY_ATTR
 0001:000383F8       TOdbcApiProxy.SQL_LEN_DATA_AT_EXEC
 0001:0003842C       TOdbcApiProxy.SQL_LOCK_RECORD
 0001:00038474       TOdbcApiProxy.SQL_POSITION_TO
 0001:000384B8       TOdbcApiProxy.SQL_REFRESH_RECORD
 0001:00038500       TOdbcApiProxy.SQL_UPDATE_RECORD
 0001:000315A4       TOdbcApiProxy.SQLAllocConnect
 0001:00031614       TOdbcApiProxy.SQLAllocEnv
 0001:00031720       TOdbcApiProxy.SQLAllocHandle
 0001:00031684       TOdbcApiProxy.SQLAllocHandleStd
 0001:0003185C       TOdbcApiProxy.SQLAllocStmt
 0001:000318CC       TOdbcApiProxy.SQLBindCol
 0001:00031968       TOdbcApiProxy.SQLBindParam
 0001:00031A10       TOdbcApiProxy.SQLBindParameter
 0001:00031ACC       TOdbcApiProxy.SQLBrowseConnect
 0001:00031CA4       TOdbcApiProxy.SQLBulkOperations
 0001:00031D3C       TOdbcApiProxy.SQLCancel
 0001:00031DBC       TOdbcApiProxy.SQLCloseCursor
 0001:00031E60       TOdbcApiProxy.SQLColAttribute
 0001:000320B4       TOdbcApiProxy.SQLColAttributeInt
 0001:00032164       TOdbcApiProxy.SQLColAttributes
 0001:0003210C       TOdbcApiProxy.SQLColAttributeString
 0001:00032350       TOdbcApiProxy.SQLColumnPrivileges
 0001:00032518       TOdbcApiProxy.SQLColumns
 0001:00032724       TOdbcApiProxy.SQLConnect
 0001:000328EC       TOdbcApiProxy.SQLCopyDesc
 0001:00032974       TOdbcApiProxy.SQLDataSources
 0001:00032B90       TOdbcApiProxy.SQLDescribeCol
 0001:00032D64       TOdbcApiProxy.SQLDescribeParam
 0001:00032E0C       TOdbcApiProxy.SQLDisconnect
 0001:00032E90       TOdbcApiProxy.SQLDriverConnect
 0001:000330B4       TOdbcApiProxy.SQLDrivers
 0001:00033330       TOdbcApiProxy.SQLEndTran
 0001:0003341C       TOdbcApiProxy.SQLError
 0001:0003361C       TOdbcApiProxy.SQLExecDirect
 0001:0003373C       TOdbcApiProxy.SQLExecute
 0001:000337BC       TOdbcApiProxy.SQLExtendedFetch
 0001:00033860       TOdbcApiProxy.SQLFetch
 0001:000338E4       TOdbcApiProxy.SQLFetchScroll
 0001:00033968       TOdbcApiProxy.SQLForeignKeys
 0001:00033B88       TOdbcApiProxy.SQLFreeConnect
 0001:00033C10       TOdbcApiProxy.SQLFreeEnv
 0001:00033D88       TOdbcApiProxy.SQLFreeHandle
 0001:00033E20       TOdbcApiProxy.SQLFreeStmt
 0001:00034CC8       TOdbcApiProxy.SQLFunctionSupported
 0001:00033EB0       TOdbcApiProxy.SQLGetConnectAttr
 0001:00034134       TOdbcApiProxy.SQLGetConnectOption
 0001:00034288       TOdbcApiProxy.SQLGetCursorName
 0001:0003442C       TOdbcApiProxy.SQLGetData
 0001:000344CC       TOdbcApiProxy.SQLGetDescField
 0001:0003469C       TOdbcApiProxy.SQLGetDescRec
 0001:0003486C       TOdbcApiProxy.SQLGetDiagField
 0001:00034A18       TOdbcApiProxy.SQLGetDiagRec
 0001:00034C28       TOdbcApiProxy.SQLGetEnvAttr
 0001:00034D1C       TOdbcApiProxy.SQLGetFunctions
 0001:000359AC       TOdbcApiProxy.SQLGetInfo
 0001:00035BA0       TOdbcApiProxy.SQLGetInfoInt
 0001:00035BEC       TOdbcApiProxy.SQLGetInfoSmallint
 0001:00035C38       TOdbcApiProxy.SQLGetInfoString
 0001:00035C88       TOdbcApiProxy.SQLGetStmtAttr
 0001:00035E6C       TOdbcApiProxy.SQLGetStmtOption
 0001:00035F08       TOdbcApiProxy.SQLGetTypeInfo
 0001:00035FD0       TOdbcApiProxy.SQLMoreResults
 0001:00036030       TOdbcApiProxy.SQLNativeSql
 0001:000361F0       TOdbcApiProxy.SQLNumParams
 0001:00036280       TOdbcApiProxy.SQLNumResultCols
 0001:00036314       TOdbcApiProxy.SQLParamData
 0001:000363A4       TOdbcApiProxy.SQLParamOptions
 0001:0003643C       TOdbcApiProxy.SQLPrepare
 0001:0003655C       TOdbcApiProxy.SQLPrimaryKeys
 0001:00036718       TOdbcApiProxy.SQLProcedureColumns
 0001:00036910       TOdbcApiProxy.SQLProcedures
 0001:00036ACC       TOdbcApiProxy.SQLPutData
 0001:00036B60       TOdbcApiProxy.SQLRowCount
 0001:00036BEC       TOdbcApiProxy.SQLSetConnectAttr
 0001:00036D80       TOdbcApiProxy.SQLSetConnectOption
 0001:00036E58       TOdbcApiProxy.SQLSetCursorName
 0001:00036F90       TOdbcApiProxy.SQLSetDescField
 0001:000370D4       TOdbcApiProxy.SQLSetDescRec
 0001:0003718C       TOdbcApiProxy.SQLSetEnvAttr
 0001:00037228       TOdbcApiProxy.SQLSetParam
 0001:000372D4       TOdbcApiProxy.SQLSetPos
 0001:00037370       TOdbcApiProxy.SQLSetScrollOptions
 0001:00037410       TOdbcApiProxy.SQLSetStmtAttr
 0001:0003759C       TOdbcApiProxy.SQLSetStmtOption
 0001:00037638       TOdbcApiProxy.SQLSpecialColumns
 0001:00037818       TOdbcApiProxy.SQLStatistics
 0001:00037A10       TOdbcApiProxy.SQLTablePrivileges
 0001:00037BC8       TOdbcApiProxy.SQLTables
 0001:00037DF0       TOdbcApiProxy.SQLTransact
 0001:00037E84       TOdbcApiProxy.TraceCloseLogFile
 0001:00037F0C       TOdbcApiProxy.TraceOpenLogFile
 0001:00037FA8       TOdbcApiProxy.TraceReturn
 0001:0003802C       TOdbcApiProxy.TraceVersion
 0001:000380B0       TOdbcApiProxy.TraceVSControl
 0001:00084558       TOdbcBindCol.Create
 0001:00084698       TOdbcBindCol.Destroy
 0001:000847D4       TOdbcBindParam.Create
 0001:00084918       TOdbcBindParam.Destroy
 0001:FFFFFF40       towlower
 0001:FFFFFF30       towupper
 0001:00024E80       TPersistent.Assign
 0001:00024EAC       TPersistent.AssignError
 0001:00024F90       TPersistent.AssignTo
 0001:00024FB0       TPersistent.DefineProperties
 0001:00024E30       TPersistent.Destroy
 0001:00024FC8       TPersistent.GetNamePath
 0001:00025090       TPersistent.GetOwner
 0001:00022EE0       TPublishableVariantType.GetProperty
 0001:00022F64       TPublishableVariantType.SetProperty
 0001:000283EC       Translate
 0001:000112FC       TranslateFormat
 0001:00016D3C       TranslateResult
 0001:00027544       TReader.CheckValue
 0001:00027588       TReader.EndOfList
 0001:000275B8       TReader.NextValue
 0001:000275E4       TReader.Read
 0001:00027644       TReader.ReadBuffer
 0001:000276A0       TReader.ReadListBegin
 0001:000276C0       TReader.ReadListEnd
 0001:000276E0       TReader.ReadStr
 0001:00027740       TReader.ReadString
 0001:00027900       TReader.ReadValue
 0001:0002780C       TReader.ReadWideString
 0001:00027C78       TReader.SkipBytes
 0001:00027C20       TReader.SkipProperty
 0001:00027930       TReader.SkipSetBody
 0001:00027A70       TReader.SkipValue
[...]
 22230 0001:0008BE53 22231 0001:0008BE62 22233 0001:0008BE8F 22234 0001:0008BE96
 22239 0001:0008BEC8 22240 0001:0008BEE0 22245 0001:0008BF11 22247 0001:0008BF1B
 22248 0001:0008BF27 22249 0001:0008BF3D 22251 0001:0008BF4B 22252 0001:0008BF57
 22253 0001:0008BF63 22255 0001:0008BF74 22257 0001:0008BF7F 22258 0001:0008BF88
 22259 0001:0008BF8F 22261 0001:0008BF9C 22263 0001:0008BFD1 22176 0001:0008BFE6
 22266 0001:0008BFF1 22267 0001:0008C006 22268 0001:0008C00D 22269 0001:0008C01F
 22270 0001:0008C038 22271 0001:0008C03F 22278 0001:0008C051 22285 0001:0008C0B0
 22286 0001:0008C0B7 22291 0001:0008C0E4 22293 0001:0008C0EF 22294 0001:0008C0FE
 22295 0001:0008C116 22296 0001:0008C12E 22297 0001:0008C146 22298 0001:0008C15B
 22299 0001:0008C170 22302 0001:0008C188 22304 0001:0008C1A3 22305 0001:0008C1BB
 22307 0001:0008C1E0 22308 0001:0008C1E7 22309 0001:0008C1F9 22311 0001:0008C20E
 22312 0001:0008C223 22314 0001:0008C22E 22315 0001:0008C235 22317 0001:0008C247
 22319 0001:0008C255 22326 0001:0008C2AB 22328 0001:0008C2BD 22334 0001:0008C39E
 22336 0001:0008C3BA 22338 0001:0008C3EB 22339 0001:0008C3F7 22340 0001:0008C40D
 22341 0001:0008C41B 22343 0001:0008C42C 22345 0001:0008C437 22346 0001:0008C440
 22348 0001:0008C458 22351 0001:0008C485 22352 0001:0008C491 22354 0001:0008C4AA
 22355 0001:0008C4B5 22358 0001:0008C50D 22361 0001:0008C518 22364 0001:0008C521
 22365 0001:0008C52D 22367 0001:0008C536 22369 0001:0008C53D 22370 0001:0008C543
 22373 0001:0008C55D 22377 0001:0008C570 22379 0001:0008C581 22381 0001:0008C591
 22383 0001:0008C59B 22385 0001:0008C5A1 22389 0001:0008C5C1 22395 0001:0008C5CB
 22399 0001:0008C618 22400 0001:0008C626 22402 0001:0008C637 22404 0001:0008C654
 22405 0001:0008C665 22407 0001:0008C674 22408 0001:0008C67A 22410 0001:0008C694
 22411 0001:0008C699 22413 0001:0008C6A9 22415 0001:0008C6E8 22416 0001:0008C6F8
 22417 0001:0008C6FE 22420 0001:0008C70F 22381 0001:0008C714 22427 0001:0008C71E
 22312 0001:0008C733 22430 0001:0008C73E 22431 0001:0008C753 22432 0001:0008C75A
 22433 0001:0008C76C 22434 0001:0008C785 22435 0001:0008C78C 22437 0001:0008C79E
 22127 0001:0008C7A4 22441 0001:0008C7B0 22443 0001:0008C7D3 22445 0001:0008C7EA
 22446 0001:0008C804 22447 0001:0008C81E 22448 0001:0008C838 22441 0001:0008C83E
 22449 0001:0008C846 22451 0001:0008C869 22453 0001:0008C87D 22454 0001:0008C894
 22456 0001:0008C8AE 22457 0001:0008C8C5 22459 0001:0008C8DF 22460 0001:0008C8F6
 22462 0001:0008C910 22463 0001:0008C927 22464 0001:0008C93E 22465 0001:0008C94F
 22449 0001:0008C955 22469 0001:0008C961 22471 0001:0008C96E 22472 0001:0008C97C
 22473 0001:0008C988 22474 0001:0008C996 22475 0001:0008C9A2 22476 0001:0008C9B0
 22477 0001:0008C9BC 22478 0001:0008C9CA 22479 0001:0008C9D6 22480 0001:0008C9E4
 22481 0001:0008C9F0 22482 0001:0008C9FE 22483 0001:0008CA0A 22484 0001:0008CA18
 22485 0001:0008CA24 22486 0001:0008CA32 22488 0001:0008CA3E 22489 0001:0008CA60
 22490 0001:0008CA82 22491 0001:0008CAA4 22492 0001:0008CAC6 22493 0001:0008CAE8
 22494 0001:0008CB0A 22497 0001:0008CB2C 22500 0001:0008CB56 22501 0001:0008CB5E
 22507 0001:0008CB66 22508 0001:0008CB6E 22509 0001:0008CB76 22510 0001:0008CB7E
 22511 0001:0008CB86 22512 0001:0008CB8E 22513 0001:0008CB96 22514 0001:0008CB9E
 22515 0001:0008CBA6 22516 0001:0008CBAE 22517 0001:0008CBB6 22519 0001:0008CBBE
 22522 0001:0008CBC7 22523 0001:0008CBDE 22526 0001:0008CBF7 22530 0001:0008CC24
 22531 0001:0008CC56 22533 0001:0008CC9E 22539 0001:0008CF3C 22540 0001:0008CF5E
 22541 0001:0008CF68 22543 0001:0008CF75 22546 0001:0008CFB9 22549 0001:0008CFF8
 22551 0001:0008D002 22552 0001:0008D014 22554 0001:0008D02A 22559 0001:0008D043
 22562 0001:0008D073 22564 0001:0008D07D 22565 0001:0008D08F 22567 0001:0008D0A5
 22572 0001:0008D0BE 22573 0001:0008D0D0 22575 0001:0008D0E6 22578 0001:0008D0FF
 22581 0001:0008D115 22586 0001:0008D145 22590 0001:0008D15E 22592 0001:0008D171
 22594 0001:0008D184 22597 0001:0008D195 22598 0001:0008D1DC 22604 0001:0008D1F8
 22605 0001:0008D21A 22606 0001:0008D224 22608 0001:0008D231 22611 0001:0008D275
 22614 0001:0008D2B4 22616 0001:0008D2BE 22617 0001:0008D2D0 22619 0001:0008D2E6
 22624 0001:0008D2FF 22627 0001:0008D32F 22629 0001:0008D339 22630 0001:0008D34B
 22632 0001:0008D361 22637 0001:0008D37A 22638 0001:0008D38C 22640 0001:0008D3A2
 22643 0001:0008D3BB 22646 0001:0008D3D1 22651 0001:0008D401 22655 0001:0008D41A
 22657 0001:0008D42D 22659 0001:0008D440 22662 0001:0008D451 22663 0001:0008D498
 22666 0001:0008D4B4 22667 0001:0008D4D0 22668 0001:0008D500 22670 0001:0008D506
 22671 0001:0008D50D 22674 0001:0008D517 22676 0001:0008D533 22677 0001:0008D538
 22680 0001:0008D542 22681 0001:0008D54D 22684 0001:0008D559 22690 0001:0008D590
 22692 0001:0008D5AD 22695 0001:0008D5B0 22696 0001:0008D5B7 22697 0001:0008D5C0
 22698 0001:0008D5D1 22699 0001:0008D5D8 22703 0001:0008D60E 22704 0001:0008D63A
 22706 0001:0008D6AB 22710 0001:0008D804 22711 0001:0008D820 22712 0001:0008D850
 22714 0001:0008D856 22715 0001:0008D85D 22718 0001:0008D867 22720 0001:0008D88F
 22721 0001:0008D894 22724 0001:0008D8A3 22725 0001:0008D8B3 22729 0001:0008D8BF
 22730 0001:0008D8CF 22733 0001:0008D8DB 22739 0001:0008D912 22741 0001:0008D92F
 22744 0001:0008D932 22745 0001:0008D93B 22746 0001:0008D943 22747 0001:0008D954
 22748 0001:0008D95B 22752 0001:0008D991 22753 0001:0008D9BD 22755 0001:0008DA2F
 22758 0001:0008DB8C 22759 0001:0008DBA0 22760 0001:0008DBB2 22761 0001:0008DBB8
 22763 0001:0008DBD2 22764 0001:0008DBEA 22767 0001:0008DBF1 22769 0001:0008DC0B
 22770 0001:0008DC37 22772 0001:0008DC4F 22819 0001:0008DCC8 22820 0001:0008DCF4
 22821 0001:0008DD01 22823 0001:0008DD12 22824 0001:0008DD1B 22826 0001:0008DD23
 22830 0001:0008DD29 22831 0001:0008DD33 22832 0001:0008DD53 22833 0001:0008DD73
 22835 0001:0008DD93 22836 0001:0008DDB7 22837 0001:0008DDD3 22839 0001:0008DDF0
 22840 0001:0008DE17 22841 0001:0008DE38 22843 0001:0008DE58 22844 0001:0008DE7F
 22845 0001:0008DEA0 22847 0001:0008DEC0 22848 0001:0008DEE7 22849 0001:0008DF08
 22851 0001:0008DF28 22852 0001:0008DF4F 22853 0001:0008DF6E 22855 0001:0008DF8E
 22856 0001:0008DFB5 22857 0001:0008DFD4 22859 0001:0008DFF4 22860 0001:0008E01B
 22861 0001:0008E03A 22866 0001:0008E06D 22867 0001:0008E099 22869 0001:0008E0CC
 22874 0001:0008E1F0 22875 0001:0008E20F 22876 0001:0008E21C 22878 0001:0008E225
 22880 0001:0008E237 22881 0001:0008E24A 22882 0001:0008E25A 22878 0001:0008E25D
 22883 0001:0008E263 22885 0001:0008E26E 22887 0001:0008E28F 22888 0001:0008E2BB
 22890 0001:0008E2DE 22912 0001:0008E360 22913 0001:0008E39A 22914 0001:0008E3DB
 22915 0001:0008E3E0 22916 0001:0008E3E5 22917 0001:0008E3EA 22918 0001:0008E3EF
 22919 0001:0008E3F7 22922 0001:0008E3FC 22923 0001:0008E408 22927 0001:0008E44F
 22932 0001:0008E45B 22933 0001:0008E460 22934 0001:0008E465 22936 0001:0008E472
 22937 0001:0008E480 22938 0001:0008E48C 22941 0001:0008E491 22952 0001:0008E4A7
 22956 0001:0008E4CB 22957 0001:0008E4DF 22960 0001:0008E4E6 22965 0001:0008E520
 22966 0001:0008E527 22968 0001:0008E539 22969 0001:0008E53E 22970 0001:0008E54D
 22971 0001:0008E562 22972 0001:0008E577 22973 0001:0008E58C 22975 0001:0008E5A1
 22976 0001:0008E5A6 22977 0001:0008E5AB 22979 0001:0008E5B0 22980 0001:0008E5C3
 22982 0001:0008E5D5 22983 0001:0008E5DC 22984 0001:0008E5E3 22986 0001:0008E5EA
 22989 0001:0008E5F5 22990 0001:0008E5FC 22992 0001:0008E60E 22993 0001:0008E62E
 22995 0001:0008E63C 22996 0001:0008E658 22997 0001:0008E674 22999 0001:0008E690
 22986 0001:0008E6A2 23004 0001:0008E6AD 23006 0001:0008E6B6 23007 0001:0008E6C1
 23008 0001:0008E6CA 23009 0001:0008E6D5 23010 0001:0008E6DE 23011 0001:0008E6E9
 23013 0001:0008E6F2 23014 0001:0008E711 23015 0001:0008E730 23017 0001:0008E757
 23018 0001:0008E75F 23019 0001:0008E767 23021 0001:0008E76F 23024 0001:0008E778
 23025 0001:0008E78C 23028 0001:0008E7A5 23032 0001:0008E7CC 23034 0001:0008E7F8
 23036 0001:0008E82D 23039 0001:0008E964 23040 0001:0008E978 23041 0001:0008E97D
 23043 0001:0008E9A8 23045 0001:0008E9B7 23047 0001:0008E9BD 23050 0001:0008E9CF
 23051 0001:0008E9DA 23056 0001:0008E9E6 23057 0001:0008E9EF 23061 0001:0008E9FB
 23062 0001:0008EA04 23070 0001:0008EA10 23073 0001:0008EA1E 23075 0001:0008EA3B
 23078 0001:0008EA3E 23079 0001:0008EA45 23080 0001:0008EA56 23081 0001:0008EA5D
 23085 0001:0008EA93 23086 0001:0008EABF 23088 0001:0008EB13 23091 0001:0008EC00
 23092 0001:0008EC14 23093 0001:0008EC19 23095 0001:0008EC44 23097 0001:0008EC53
 23099 0001:0008EC59 23102 0001:0008EC6A 23103 0001:0008EC72 23107 0001:0008EC7E
 23108 0001:0008EC86 23112 0001:0008EC92 23113 0001:0008EC9A 23122 0001:0008ECA8
 23126 0001:0008ECB6 23128 0001:0008ECD3 23131 0001:0008ECD6 23132 0001:0008ECDD
 23133 0001:0008ECEE 23134 0001:0008ECF5 23138 0001:0008ED2B 23139 0001:0008ED57
 23141 0001:0008EDAC 23146 0001:0008EE9C 23147 0001:0008EEBE 23148 0001:0008EEC8
 23150 0001:0008EED1 23152 0001:0008EEE6 23154 0001:0008EEF9 23156 0001:0008EF0C
 23159 0001:0008EF1D 23160 0001:0008EF64 23165 0001:0008EF80 23166 0001:0008EFA2
 23167 0001:0008EFAC 23169 0001:0008EFB5 23171 0001:0008EFCA 23173 0001:0008EFDD
 23175 0001:0008EFF0 23178 0001:0008F001 23179 0001:0008F048 23182 0001:0008F064
 23183 0001:0008F078 23184 0001:0008F08A 23185 0001:0008F090 23187 0001:0008F0AA
 23188 0001:0008F0C2 23191 0001:0008F0C9 23193 0001:0008F0E3 23194 0001:0008F10F
 23196 0001:0008F127 23350 0001:0008F1A4 23351 0001:0008F1D0 23352 0001:0008F1DD
 23354 0001:0008F1EE 23355 0001:0008F1F7 23357 0001:0008F1FF 23361 0001:0008F205
 23362 0001:0008F20F 23363 0001:0008F22F 23364 0001:0008F24F 23366 0001:0008F26F
 23367 0001:0008F293 23368 0001:0008F2AF 23370 0001:0008F2CC 23371 0001:0008F2F3
 23372 0001:0008F314 23374 0001:0008F334 23375 0001:0008F35B 23376 0001:0008F37C
 23378 0001:0008F39C 23379 0001:0008F3C3 23380 0001:0008F3E4 23382 0001:0008F404
 23383 0001:0008F42B 23384 0001:0008F44C 23386 0001:0008F46C 23387 0001:0008F493
 23388 0001:0008F4B2 23390 0001:0008F4D2 23391 0001:0008F4F9 23392 0001:0008F518
 23394 0001:0008F538 23395 0001:0008F55F 23396 0001:0008F57E 23398 0001:0008F59E
 23399 0001:0008F5C5 23400 0001:0008F5E6 23402 0001:0008F606 23403 0001:0008F62D
 23404 0001:0008F64C 23406 0001:0008F66C 23407 0001:0008F693 23408 0001:0008F6B2
 23410 0001:0008F6D2 23411 0001:0008F6F9 23412 0001:0008F718 23414 0001:0008F738
 23415 0001:0008F75F 23416 0001:0008F77E 23418 0001:0008F79E 23419 0001:0008F7C5
 23420 0001:0008F7E4 23425 0001:0008F817 23426 0001:0008F843 23428 0001:0008F876
 23433 0001:0008FA30 23434 0001:0008FA4F 23435 0001:0008FA5C 23437 0001:0008FA65
 23439 0001:0008FA77 23440 0001:0008FA8A 23441 0001:0008FA9A 23437 0001:0008FA9D
 23442 0001:0008FAA3 23444 0001:0008FAAE 23446 0001:0008FAB7 23448 0001:0008FAC9
 23449 0001:0008FADC 23450 0001:0008FAEC 23446 0001:0008FAEF 23451 0001:0008FAF5
 23453 0001:0008FB00 23455 0001:0008FB21 23456 0001:0008FB4D 23458 0001:0008FB70
 23530 0001:0008FBF4 23531 0001:0008FC0E 23532 0001:0008FC22 23534 0001:0008FC38
 23535 0001:0008FC6B 23537 0001:0008FC7F 23538 0001:0008FC86 23539 0001:0008FCA7
 23541 0001:0008FCB1 23542 0001:0008FCC0 23543 0001:0008FCE5 23544 0001:0008FD08
 23545 0001:0008FD26 23547 0001:0008FD2C 23548 0001:0008FD59 23549 0001:0008FD5F
 23551 0001:0008FD72 23555 0001:0008FD7C 23558 0001:0008FD9C 23560 0001:0008FDB8
 23561 0001:0008FDE3 23565 0001:0008FE85 23566 0001:0008FE8A 23567 0001:0008FE8F
 23568 0001:0008FE94 23569 0001:0008FE99 23570 0001:0008FE9E 23571 0001:0008FEA6
 23574 0001:0008FEAE 23575 0001:0008FEBE 23580 0001:0008FF61 23585 0001:0008FF70
 23586 0001:0008FF78 23587 0001:0008FF80 23589 0001:0008FF8D 23590 0001:0008FF9E
 23591 0001:0008FFAA 23594 0001:0008FFB2 23596 0001:0008FFCB 23597 0001:0008FFCF
 23600 0001:0008FFDC 23603 0001:0008FFE0 23605 0001:0008FFEA 23607 0001:0008FFF8
 23608 0001:00090014 23610 0001:0009001F 23612 0001:0009002D 23613 0001:00090049
 23615 0001:00090054 23617 0001:0009006A 23618 0001:00090086 23620 0001:00090098
 23623 0001:000900DD 23624 0001:000900F8 23625 0001:00090106 23628 0001:00090111
 23630 0001:0009011C 23632 0001:0009012A 23633 0001:00090146 23637 0001:00090151
 23638 0001:00090157 23639 0001:0009015F 23641 0001:00090164 23642 0001:00090173
 23644 0001:00090178 23645 0001:0009018A 23648 0001:00090194 23649 0001:000901A4
 23654 0001:0009024D 23659 0001:00090295 23660 0001:0009029C 23662 0001:000902AE
 23663 0001:000902BD 23664 0001:000902D2 23665 0001:000902DF 23666 0001:000902F4
 23667 0001:00090309 23668 0001:0009031E 23669 0001:00090336 23670 0001:0009034E
 23672 0001:00090363 23673 0001:00090378 23674 0001:0009038D 23675 0001:000903A2
 23681 0001:000903B7 23682 0001:000903BD 23683 0001:000903C3 23684 0001:000903C8
 23687 0001:000903CD 23689 0001:000903E2 23690 0001:000903FA 23692 0001:00090405
 23693 0001:0009040C 23696 0001:0009041C 23697 0001:0009042F 23699 0001:00090442
 23705 0001:00090457 23708 0001:00090462 23709 0001:00090469 23717 0001:0009047B
 23718 0001:00090481 23720 0001:0009049A 23721 0001:000904A2 23724 0001:000904D9
 23729 0001:000904EE 23733 0001:000904F3 23735 0001:000904FE 23736 0001:0009051E
 23737 0001:0009052F 23738 0001:00090545 23740 0001:00090556 23741 0001:00090565
 23743 0001:00090591 23745 0001:0009059E 23747 0001:000905AD 23749 0001:000905BC
 23751 0001:000905CB 23756 0001:000905D8 23757 0001:000905DE 23759 0001:000905ED
 23761 0001:000905F9 23762 0001:000905FF 23764 0001:0009060D 23766 0001:0009061B
 23767 0001:00090621 23770 0001:00090630 23771 0001:0009063D 23773 0001:00090657
 23775 0001:00090663 23778 0001:00090690 23779 0001:0009069A 23781 0001:000906D8
 23782 0001:000906E9 23783 0001:000906FA 23785 0001:0009070D 23786 0001:00090714
 23788 0001:00090722 23789 0001:0009072E 23790 0001:00090734 23791 0001:00090737
 23795 0001:0009075A 23796 0001:00090760 23797 0001:00090766 23799 0001:0009076B
 23802 0001:00090770 23705 0001:00090785 23813 0001:00090790 23819 0001:0009081B
 23824 0001:00090823 23828 0001:0009087D 23830 0001:00090887 23832 0001:00090894
 23833 0001:000908A3 23842 0001:000908C1 23844 0001:000908CD 23846 0001:00090904
 23849 0001:00090917 23850 0001:0009092A 23852 0001:00090958 23854 0001:00090978
 23855 0001:0009097E 23856 0001:00090981 23857 0001:000909C6 23858 0001:000909D7
 23859 0001:000909E6 23861 0001:00090A17 23863 0001:00090A26 23865 0001:00090A35
 23867 0001:00090A44 23869 0001:00090A53 23872 0001:00090A60 23873 0001:00090A8A
 23874 0001:00090AB4 23875 0001:00090AC9 23876 0001:00090ADB 23877 0001:00090AEF
 23878 0001:00090AFB 23879 0001:00090B0C 23882 0001:00090BA4 23883 0001:00090BB0
 23885 0001:00090BC6 23888 0001:00090BDC 23891 0001:00090BF2 23893 0001:00090C08
 23895 0001:00090C1E 23897 0001:00090C34 23899 0001:00090C4A 23901 0001:00090C60
 23903 0001:00090C76 23905 0001:00090CD6 23907 0001:00090CEC 23909 0001:00090D49
 23911 0001:00090D5F 23913 0001:00090D75 23915 0001:00090D8B 23917 0001:00090DA1
 23919 0001:00090DB7 23921 0001:00090DCD 23923 0001:00090DE3 23925 0001:00090DF9
 23927 0001:00090E0C 23929 0001:00090E1F 23931 0001:00090E32 23933 0001:00090E45
 23936 0001:00090E58 23938 0001:00090E6B 23941 0001:00090E7C 23942 0001:00090E92
 23943 0001:00090EB5 23850 0001:00090EBB 23951 0001:00090EC7 23952 0001:00090ED3
 23958 0001:00090F08 23959 0001:00090F12 23960 0001:00090F1C 23961 0001:00090F26
 23962 0001:00090F30 23963 0001:00090F3A 23965 0001:00090F59 23966 0001:00090F70
 23967 0001:00090F84 23968 0001:00090F98 23969 0001:00090FAC 23963 0001:00090FB2
 23970 0001:00090FBA 23972 0001:00090FD9 23973 0001:00090FF0 23974 0001:00091004
 23975 0001:00091018 23970 0001:0009101E 23979 0001:00091026 23981 0001:00091033
 23982 0001:00091041 23983 0001:0009104D 23984 0001:0009105B 23985 0001:00091067
 23986 0001:00091075 23987 0001:00091081 23988 0001:0009108F 23989 0001:0009109B
 23990 0001:000910A9 23992 0001:000910B5 23993 0001:000910D7 23994 0001:000910F9
 23995 0001:0009111B 23996 0001:0009113D 23998 0001:00091167 23999 0001:0009116F
 24000 0001:00091177 24001 0001:0009117F 24002 0001:00091187 24004 0001:0009118F
 24007 0001:00091198 24008 0001:000911AF 24011 0001:000911C8 24015 0001:000911F2
 24016 0001:00091224 24018 0001:000912B8 24021 0001:00091688 24022 0001:0009169C
 24023 0001:000916A1 24025 0001:000916CC 24027 0001:000916DF 24029 0001:000916E5
 24032 0001:000916FD 24033 0001:00091708 24037 0001:00091714 24038 0001:00091722
 24042 0001:0009172E 24043 0001:0009173C 24047 0001:00091748 24048 0001:0009174F
 24057 0001:0009175D 24061 0001:0009176B 24063 0001:00091788 24066 0001:0009178B
 24067 0001:00091792 24068 0001:0009179B 24069 0001:000917AC 24070 0001:000917B3
 24074 0001:000917E9 24075 0001:00091815 24077 0001:00091869 24081 0001:0009195C
 24082 0001:00091970 24083 0001:00091975 24085 0001:000919A0 24087 0001:000919B3
 24089 0001:000919BD 24092 0001:000919FD 24093 0001:00091A0D 24097 0001:00091A19
 24098 0001:00091A29 24102 0001:00091A35 24103 0001:00091A45 24107 0001:00091A51
 24108 0001:00091A61 24112 0001:00091A6D 24113 0001:00091A7D 24117 0001:00091A89
 24118 0001:00091A99 24122 0001:00091AA5 24123 0001:00091AAD 24132 0001:00091ABB
 24136 0001:00091AC9 24138 0001:00091AE6 24141 0001:00091AE9 24142 0001:00091AF1
 24143 0001:00091AFA 24144 0001:00091B0B 24145 0001:00091B12 24149 0001:00091B48
 24150 0001:00091B74 24152 0001:00091BC9 24157 0001:00091CBC 24158 0001:00091CDE
 24159 0001:00091CE8 24160 0001:00091D05 24162 0001:00091D0E 24164 0001:00091D4A
 24166 0001:00091D5D 24168 0001:00091D70 24170 0001:00091D83 24172 0001:00091D93
 24175 0001:00091DA1 24176 0001:00091DE8 24181 0001:00091E04 24182 0001:00091E26
 24183 0001:00091E30 24184 0001:00091E4D 24186 0001:00091E56 24188 0001:00091E92
 24190 0001:00091EA5 24192 0001:00091EB8 24194 0001:00091ECB 24196 0001:00091EDB
 24199 0001:00091EE9 24200 0001:00091F30 24203 0001:00091F4C 24204 0001:00091F60
 24205 0001:00091F72 24206 0001:00091F78 24208 0001:00091F92 24209 0001:00091FAA
 24212 0001:00091FB1 24214 0001:00091FCB 24215 0001:00091FF7 24217 0001:0009200F
 24224 0001:00092090 24225 0001:000920AB 24227 0001:000920B8 24228 0001:000920C0
 24229 0001:000920C9 24231 0001:000920D1 24232 0001:000920DA 24234 0001:000920E8
 24235 0001:000920F1 24236 0001:000920FA 24238 0001:00092107 24240 0001:0009210D
 24245 0001:00092118 24248 0001:0009212A 24249 0001:00092133 24250 0001:00092142
 24251 0001:0009214C 24253 0001:00092159 24246 0001:0009215F 24257 0001:00092168
 24259 0001:00092170 24260 0001:00092178 24263 0001:00092188 24264 0001:000921B0
 24265 0001:000921C0 24266 0001:000921DC 24269 0001:000921E8 24270 0001:000921FA
 24271 0001:0009220F 24277 0001:00092220 24278 0001:00092232 24280 0001:0009223A
 24281 0001:00092242 24282 0001:0009224B 24285 0001:00092251 24287 0001:00092264
 24289 0001:00092270 24282 0001:00092279 24291 0001:0009227F 24296 0001:00092290
 24297 0001:000922B9 24298 0001:000922C7 24317 0001:000922DC 24324 0001:000922EC
 24325 0001:00092306 24327 0001:0009231F 24331 0001:0009232F 24332 0001:0009233D
 24333 0001:00092346 24335 0001:0009234C 24336 0001:00092351 24337 0001:00092380
 24339 0001:00092386 24340 0001:00092390 24342 0001:0009239B 24333 0001:000923A4
 24345 0001:000923C8 24348 0001:000923E8 24354 0001:000923F4 24357 0001:00092400
 24363 0001:0009240C 24369 0001:00092418 24370 0001:0009242D 24371 0001:00092432
 24377 0001:00092438 24378 0001:00092445 24382 0001:0009246F 24388 0001:00092488
 24389 0001:000924A5 24390 0001:000924AE 24391 0001:000924B7 24392 0001:000924DE
 24393 0001:00092505 24395 0001:0009252C 24396 0001:00092553 24397 0001:0009257A
 24398 0001:000925A1 24401 0001:000925C8 24402 0001:000925F4 24413 0001:00092602
 24415 0001:00092637 24416 0001:0009265E 24417 0001:00092685 24418 0001:000926AC
 24420 0001:000926D3 24421 0001:000926E0 24424 0001:000926ED 24434 0001:00092717
 24440 0001:000929AC 24445 0001:00092A19 24436 0001:00092A5C 24437 0001:00092A71
 24439 0001:00092A76

Line numbers for dbxoodbc(./../../../source/driver/dbxoodbc.dpr) segment .text

   139 0001:00092C20   140 0001:00092C4E   141 0001:00092C57

Bound resource files

UxKOkb


Program entry point at 0001:00092C20
